Freq[Hz]     dBSPL  Phase[Deg]
5.00000     37.480  -111.783
5.07273     37.620  -115.093
5.14651     37.769  -118.603
5.22137     37.899  -121.631
5.29732     38.047  -124.622
5.37437     38.196  -127.437
5.45254     38.357  -130.133
5.53185     38.514  -132.661
5.61231     38.683  -135.014
5.69394     38.891  -137.308
5.77676     39.060  -139.147
5.86079     39.285  -141.116
5.94604     39.523  -142.867
6.03252     39.773  -144.514
6.12027     40.033  -146.055
6.20929     40.314  -147.606
6.29961     40.613  -149.053
6.39124     40.898  -150.461
6.48420     41.210  -151.888
6.57851     41.534  -153.346
6.67420     41.861  -154.851
6.77128     42.166  -156.213
6.86977     42.519  -157.796
6.96969     42.818  -159.230
7.07107     43.152  -160.845
7.17392     43.482  -162.378
7.27827     43.788  -163.859
7.38413     44.062  -165.253
7.49154     44.369  -166.777
7.60050     44.652  -168.177
7.71105     44.932  -169.628
7.82321     45.227  -171.003
7.93701     45.498  -172.333
8.05245     45.758  -173.603
8.16958     46.022  -174.840
8.28841     46.276  -176.091
8.40896     46.527  -177.237
8.53128     46.779  -178.458
8.65537     47.057  -179.681
8.78126     47.284   179.189
8.90899     47.545   178.035
9.03857     47.777   176.865
9.17004     47.994   175.741
9.30342     48.229   174.599
9.43874     48.411   173.565
9.57603     48.646   172.516
9.71532     48.833   171.524
9.85663     49.021   170.587
10.0000     49.183   169.742
10.1455     49.370   168.954
10.2930     49.567   168.246
10.4427     49.718   167.661
10.5946     49.922   167.104
10.7487     50.081   166.654
10.9051     50.299   166.185
11.0637     50.507   165.751
11.2246     50.707   165.323
11.3879     50.926   164.909
11.5535     51.172   164.398
11.7216     51.386   163.875
11.8921     51.632   163.254
12.0650     51.859   162.618
12.2405     52.086   161.906
12.4186     52.292   161.135
12.5992     52.509   160.308
12.7825     52.712   159.443
12.9684     52.896   158.605
13.1570     53.064   157.699
13.3484     53.237   156.809
13.5426     53.375   155.937
13.7395     53.500   155.109
13.9394     53.608   154.313
14.1421     53.722   153.526
14.3478     53.819   152.782
14.5565     53.884   152.179
14.7683     53.943   151.637
14.9831     54.007   151.165
15.2010     54.055   150.791
15.4221     54.108   150.501
15.6464     54.149   150.325
15.8740     54.212   150.163
16.1049     54.239   150.160
16.3392     54.286   150.126
16.5768     54.310   150.134
16.8179     54.321   150.162
17.0626     54.351   150.094
17.3107     54.336   150.224
17.5625     54.280   150.469
17.8180     54.197   150.876
18.0771     54.090   151.571
18.3401     53.957   152.649
18.6068     53.833   154.051
18.8775     53.711   155.915
19.1521     53.608   158.385
19.4306     53.556   161.053
19.7133     53.562   164.274
20.0000     53.633   167.815
20.2909     53.790   171.532
20.5860     54.016   174.977
20.8855     54.300   178.062
21.1893     54.589  -178.688
21.4975     54.900  -175.328
21.8102     55.249  -171.928
22.1274     55.614  -168.190
22.4492     56.071  -164.326
22.7758     56.581  -160.544
23.1071     57.171  -156.864
23.4432     57.858  -153.111
23.7841     58.643  -149.464
24.1301     59.490  -146.554
24.4811     60.414  -144.066
24.8372     61.396  -142.215
25.1984     62.428  -140.887
25.5649     63.442  -140.448
25.9368     64.487  -140.668
26.3141     65.482  -141.696
26.6968     66.443  -143.451
27.0851     67.283  -145.844
27.4791     67.982  -148.586
27.8788     68.557  -151.301
28.2843     69.025  -153.388
28.6957     69.416  -154.650
29.1131     69.874  -154.926
29.5365     70.447  -154.613
29.9661     71.186  -154.347
30.4020     72.027  -154.733
30.8442     72.947  -156.119
31.2929     73.859  -158.462
31.7480     74.688  -161.532
32.2098     75.522  -165.566
32.6783     76.279  -170.031
33.1536     76.936  -174.500
33.6359     77.513  -179.012
34.1251     77.966   176.873
34.6215     78.345   172.970
35.1250     78.675   169.184
35.6359     78.992   165.210
36.1543     79.277   161.349
36.6802     79.541   157.537
37.2137     79.758   153.773
37.7550     79.924   150.195
38.3041     80.052   146.784
38.8613     80.148   143.517
39.4265     80.222   140.530
40.0000     80.280   137.736
40.5818     80.337   135.208
41.1721     80.398   132.798
41.7710     80.466   130.528
42.3785     80.538   128.353
42.9949     80.614   126.239
43.6203     80.690   124.197
44.2548     80.773   122.230
44.8985     80.850   120.306
45.5515     80.938   118.395
46.2141     81.014   116.512
46.8863     81.098   114.613
47.5683     81.169   112.764
48.2602     81.237   110.967
48.9621     81.300   109.228
49.6743     81.363   107.555
50.3968     81.437   105.897
51.1299     81.504   104.222
51.8736     81.559   102.580
52.6281     81.616   100.980
53.3936     81.672    99.437
54.1702     81.721    97.923
54.9581     81.776    96.444
55.7575     81.824    94.999
56.5685     81.863    93.606
57.3914     81.906    92.274
58.2261     81.956    91.008
59.0730     82.014    89.720
59.9323     82.069    88.453
60.8040     82.122    87.143
61.6884     82.171    85.808
62.5857     82.217    84.522
63.4960     82.252    83.325
64.4196     82.293    82.176
65.3566     82.333    81.062
66.3073     82.381    79.959
67.2717     82.434    78.861
68.2502     82.483    77.778
69.2429     82.545    76.715
70.2501     82.605    75.634
71.2719     82.662    74.531
72.3086     82.723    73.404
73.3603     82.775    72.269
74.4274     82.822    71.128
75.5099     82.864    69.990
76.6083     82.908    68.862
77.7226     82.937    67.767
78.8531     82.969    66.726
80.0000     82.997    65.719
81.1636     83.031    64.759
82.3442     83.067    63.822
83.5419     83.103    62.911
84.7570     83.143    61.988
85.9899     83.183    61.077
87.2406     83.227    60.183
88.5096     83.273    59.301
89.7970     83.326    58.410
91.1031     83.384    57.494
92.4282     83.440    56.504
93.7726     83.497    55.454
95.1366     83.541    54.378
96.5204     83.573    53.249
97.9243     83.588    52.161
99.3486     83.597    51.182
100.794     83.599    50.280
102.260     83.617    49.422
103.747     83.635    48.602
105.256     83.665    47.774
106.787     83.690    46.892
108.340     83.705    45.982
109.916     83.720    45.113
111.515     83.725    44.288
113.137     83.728    43.527
114.783     83.731    42.869
116.452     83.747    42.310
118.146     83.775    41.771
119.865     83.834    41.205
121.608     83.898    40.542
123.377     83.974    39.747
125.171     84.032    38.822
126.992     84.086    37.849
128.839     84.118    36.861
130.713     84.151    35.886
132.615     84.171    34.930
134.543     84.189    33.959
136.500     84.191    33.000
138.486     84.196    32.125
140.500     84.198    31.272
142.544     84.203    30.504
144.617     84.208    29.795
146.721     84.243    29.027
148.855     84.280    28.105
151.020     84.302    27.014
153.217     84.287    25.815
155.445     84.228    24.715
157.706     84.141    23.959
160.000     84.078    23.632
162.327     84.067    23.489
164.688     84.114    23.166
167.084     84.170    22.539
169.514     84.209    21.700
171.980     84.220    20.731
174.481     84.209    19.833
177.019     84.186    19.069
179.594     84.171    18.354
182.206     84.154    17.671
184.856     84.133    16.993
187.545     84.112    16.383
190.273     84.087    15.824
193.041     84.075    15.296
195.849     84.070    14.800
198.697     84.071    14.333
201.587     84.080    13.840
204.520     84.104    13.228
207.494     84.123    12.450
210.512     84.118    11.641
213.574     84.093    10.911
216.681     84.046    10.281
219.833     84.007     9.900
223.030     84.003     9.643
226.274     84.039     9.241
229.565     84.073     8.630
232.905     84.087     7.990
236.292     84.108     7.100
239.729     84.068     6.140
243.216     83.989     5.508
246.754     83.941     5.178
250.343     83.886     4.926
253.984     83.866     4.947
257.678     83.901     4.825
261.426     83.930     4.614
265.229     83.976     4.379
269.087     84.044     3.956
273.001     84.129     3.472
276.972     84.201     2.765
281.000     84.254     1.889
285.088     84.301     0.870
289.234     84.313    -0.369
293.441     84.259    -1.512
297.709     84.175    -2.381
302.040     84.070    -2.997
306.433     84.026    -3.094
310.890     84.048    -3.083
315.412     84.099    -3.442
320.000     84.136    -4.030
324.655     84.163    -4.703
329.377     84.176    -5.413
334.168     84.183    -6.115
339.028     84.181    -6.860
343.959     84.149    -7.697
348.962     84.061    -8.520
354.038     83.966    -8.496
359.188     84.028    -8.059
364.412     84.175    -8.168
369.713     84.352    -8.924
375.090     84.456   -10.106
380.546     84.491   -11.241
386.081     84.510   -12.111
391.697     84.589   -12.943
397.394     84.646   -14.337
403.175     84.661   -15.740
409.039     84.602   -17.121
414.989     84.478   -18.061
421.025     84.368   -18.066
427.149     84.410   -17.750
433.362     84.549   -18.034
439.665     84.695   -18.714
446.060     84.805   -19.990
452.548     84.864   -21.407
459.131     84.886   -22.881
465.809     84.870   -24.116
472.584     84.865   -25.189
479.458     84.861   -26.516
486.432     84.797   -27.777
493.507     84.761   -28.821
500.686     84.705   -29.866
507.968     84.647   -30.794
515.357     84.616   -31.645
522.853     84.567   -32.613
530.458     84.513   -33.594
538.174     84.455   -34.552
546.002     84.380   -35.473
553.943     84.311   -36.349
562.001     84.216   -37.150
570.175     84.144   -37.873
578.469     84.067   -38.546
586.883     83.993   -39.225
595.419     83.918   -39.847
604.080     83.844   -40.493
612.866     83.771   -41.083
621.780     83.700   -41.707
630.824     83.639   -42.238
640.000     83.572   -42.875
649.309     83.514   -43.483
658.753     83.447   -44.145
668.335     83.375   -44.766
678.056     83.305   -45.402
687.919     83.228   -46.007
697.925     83.166   -46.615
708.077     83.087   -47.202
718.376     83.013   -47.832
728.825     82.932   -48.399
739.426     82.855   -48.971
750.181     82.773   -49.484
761.093     82.697   -50.009
772.163     82.617   -50.450
783.394     82.544   -50.915
794.789     82.482   -51.271
806.349     82.416   -51.688
818.078     82.353   -52.047
829.977     82.299   -52.440
842.050     82.259   -52.751
854.298     82.218   -53.166
866.724     82.191   -53.507
879.330     82.161   -53.955
892.120     82.144   -54.371
905.097     82.124   -54.886
918.262     82.126   -55.406
931.618     82.108   -56.057
945.169     82.097   -56.690
958.917     82.074   -57.402
972.864     82.054   -58.106
987.015     82.003   -58.849
1001.37     81.956   -59.467
1015.94     81.899   -60.081
1030.71     81.861   -60.500
1045.71     81.841   -60.972
1060.92     81.842   -61.448
1076.35     81.823   -61.980
1092.00     81.822   -62.395
1107.89     81.851   -62.831
1124.00     81.888   -63.352
1140.35     81.940   -64.019
1156.94     82.004   -64.690
1173.77     82.044   -65.425
1190.84     82.100   -66.257
1208.16     82.164   -67.086
1225.73     82.238   -68.023
1243.56     82.333   -69.020
1261.65     82.423   -70.193
1280.00     82.528   -71.542
1298.62     82.617   -73.104
1317.51     82.672   -74.614
1336.67     82.727   -76.253
1356.11     82.770   -77.967
1375.84     82.805   -79.731
1395.85     82.829   -81.340
1416.15     82.838   -82.951
1436.75     82.850   -84.562
1457.65     82.875   -86.235
1478.85     82.901   -87.817
1500.36     82.934   -89.347
1522.19     82.993   -90.922
1544.33     83.066   -92.601
1566.79     83.153   -94.321
1589.58     83.250   -96.335
1612.70     83.359   -98.471
1636.16     83.463  -100.830
1659.95     83.559  -103.340
1684.10     83.625  -106.143
1708.60     83.673  -108.997
1733.45     83.682  -111.767
1758.66     83.688  -114.612
1784.24     83.662  -117.564
1810.19     83.626  -120.382
1836.52     83.574  -123.105
1863.24     83.523  -125.693
1890.34     83.477  -128.203
1917.83     83.455  -130.763
1945.73     83.434  -133.407
1974.03     83.405  -136.096
2002.74     83.366  -138.946
2031.87     83.318  -141.770
2061.43     83.252  -144.543
2091.41     83.175  -147.264
2121.83     83.088  -149.870
2152.69     83.013  -152.282
2184.01     82.954  -154.588
2215.77     82.924  -156.819
2248.00     82.909  -159.129
2280.70     82.913  -161.577
2313.87     82.916  -164.137
2347.53     82.919  -166.748
2381.68     82.913  -169.374
2416.32     82.899  -171.927
2451.46     82.885  -174.443
2487.12     82.889  -176.950
2523.30     82.905  -179.481
2560.00     82.936   177.915
2597.24     82.961   175.198
2635.01     82.973   172.424
2673.34     82.958   169.538
2712.23     82.928   166.779
2751.68     82.895   164.198
2791.70     82.880   161.772
2832.31     82.885   159.359
2873.50     82.902   156.803
2915.30     82.912   154.019
2957.70     82.894   151.147
3000.72     82.834   148.351
3044.37     82.741   145.753
3088.65     82.641   143.482
3133.58     82.557   141.417
3179.16     82.504   139.382
3225.40     82.465   137.323
3272.31     82.411   135.220
3319.91     82.329   133.220
3368.20     82.255   131.537
3417.19     82.226   130.044
3466.89     82.248   128.448
3517.32     82.273   126.404
3568.48     82.249   124.098
3620.39     82.151   121.913
3673.05     82.016   120.213
3726.47     81.917   119.023
3780.67     81.894   117.901
3835.67     81.910   116.410
3891.46     81.884   114.524
3948.06     81.767   112.713
4005.49     81.621   111.494
4063.75     81.548   110.743
4122.86     81.560   109.766
4182.82     81.552   108.134
4243.66     81.421   106.304
4305.39     81.178   105.246
4368.01     80.972   105.376
4431.55     80.932   106.015
4496.01     81.027   106.129
4561.40     81.123   105.492
4627.75     81.161   104.658
4695.06     81.175   103.966
4763.35     81.218   103.311
4832.64     81.257   102.474
4902.93     81.273   101.617
4974.24     81.298   100.817
5046.60     81.330    99.798
5120.00     81.320    98.487
5194.47     81.208    97.277
5270.03     81.031    96.728
5346.68     80.898    96.963
5424.45     80.892    97.476
5503.35     80.970    97.595
5583.40     81.043    97.198
5664.61     81.077    96.629
5747.01     81.086    96.172
5830.60     81.107    95.852
5915.41     81.164    95.451
6001.45     81.222    94.798
6088.74     81.251    93.929
6177.30     81.253    92.860
6267.15     81.174    91.572
6358.31     80.970    90.653
6450.80     80.713    90.912
6544.62     80.600    92.171
6639.82     80.665    93.199
6736.40     80.745    93.334
6834.38     80.753    93.306
6933.79     80.764    93.652
7034.64     80.821    93.949
7136.96     80.918    93.980
7240.77     81.032    93.606
7346.09     81.072    92.631
7452.94     80.976    91.987
7561.35     80.925    92.326
7671.33     81.004    92.060
7782.91     80.969    90.754
7896.12     80.744    89.873
8010.97     80.405    89.916
8127.49     80.054    91.924
8245.71     80.103    95.433
8365.65     80.474    96.588
8487.33     80.643    95.863
8610.78     80.635    95.624
8736.03     80.588    96.072
8863.09     80.672    97.184
8992.01     80.933    97.164
9122.80     81.035    95.670
9255.50     80.928    94.444
9390.12     80.743    94.032
9526.70     80.502    94.385
9665.27     80.327    96.139
9805.86     80.436    98.102
9948.49     80.681    98.671
10093.2     80.857    97.453
10240.0     80.633    96.364
10388.9     80.554    97.550
10540.1     80.546    96.927
10693.4     80.262    97.294
10848.9     80.026    98.959
11006.7     80.113   102.390
11166.8     80.481   102.391
11329.2     80.474   102.582
11494.0     80.638   102.709
11661.2     80.720   102.184
11830.8     80.662   100.641
12002.9     80.356   101.192
12177.5     80.328   102.240
12354.6     80.310   103.062
12534.3     80.394   103.351
12716.6     80.393   102.515
12901.6     80.131   101.767
13089.2     79.896   103.259
13279.6     79.927   103.996
13472.8     79.761   104.411
13668.8     79.690   105.962
13867.6     79.873   106.488
14069.3     79.692   104.917
14273.9     79.399   106.042
14481.5     79.288   108.080
14692.2     79.373   108.553
14905.9     79.343   109.016
15122.7     79.116   109.553
15342.7     79.167   110.365
15565.8     79.058   110.772
15792.2     78.851   111.824
16021.9     78.921   112.393
16255.0     78.739   112.813
16491.4     78.580   114.543
16731.3     78.632   115.364
16974.7     78.589   115.909
17221.6     78.432   117.007
17472.1     78.399   118.738
17726.2     78.548   120.156
17984.0     78.720   120.748
18245.6     78.869   120.277
18511.0     78.960   119.550
18780.2     79.019   118.889
19053.4     79.050   118.363
19330.5     79.201   116.586
19611.7     79.033   114.216
19897.0     79.070   112.551
20186.4     78.916   108.976
20480.0     78.646   106.054
20777.9     78.075   101.465
21080.1     76.957   100.145
21386.7     76.087   103.490
21697.8     76.205   107.855
22013.4     76.289   105.069
22333.6     75.733   102.585
22658.4     74.823   106.449
22988.0     75.104   110.400
23322.4     75.389   111.902
23661.6     75.595   111.573
24005.8     76.322   116.292
24355.0     77.781   112.303
24709.2     79.051   107.225
25068.6     80.764    96.278
25433.2     82.134    76.603
25803.2     82.314    50.357
26178.5     80.833    23.581
26559.3     78.270     4.443
26945.6     76.042   -12.083
27337.5     72.832   -29.955
27735.2     69.328   -39.153
28138.6     66.806   -42.905
28547.9     66.095   -53.574
28963.1     66.035   -75.666
29384.4     66.711  -104.172
29811.8     68.255  -135.154
30245.4     70.362  -165.451
30685.3     72.301   163.949
31131.7     72.948   130.689
31584.5     72.167   106.193
32043.9     70.800    86.046
32510.0     68.490    78.181
32982.8     67.625    86.903
33462.6     71.524    77.442
33949.3     70.423    46.278
34443.1     67.960    23.853
34944.1     63.634    22.441
35452.4     61.005    26.279
35968.0     59.055    40.234
36491.2     60.645    53.859
37022.0     61.216    39.274
37560.5     60.266    22.814
38106.8     52.842    19.385
38661.1     52.750    69.371
39223.4     57.377    65.607
39793.9     58.267    43.434
