Freq[Hz]     dBSPL  Phase[Deg]
5.00000     37.480  -111.783
5.07273     37.620  -115.093
5.14651     37.769  -118.603
5.22137     37.899  -121.631
5.29732     38.047  -124.622
5.37437     38.196  -127.437
5.45254     38.357  -130.133
5.53185     38.514  -132.661
5.61231     38.683  -135.014
5.69394     38.891  -137.308
5.77676     39.060  -139.147
5.86079     39.285  -141.116
5.94604     39.523  -142.867
6.03252     39.773  -144.514
6.12027     40.033  -146.055
6.20929     40.314  -147.606
6.29961     40.613  -149.053
6.39124     40.898  -150.461
6.48420     41.210  -151.888
6.57851     41.534  -153.346
6.67420     41.861  -154.851
6.77128     42.166  -156.213
6.86977     42.519  -157.796
6.96969     42.818  -159.230
7.07107     43.152  -160.845
7.17392     43.482  -162.378
7.27827     43.788  -163.859
7.38413     44.062  -165.253
7.49154     44.369  -166.777
7.60050     44.652  -168.177
7.71105     44.932  -169.628
7.82321     45.227  -171.003
7.93701     45.498  -172.333
8.05245     45.758  -173.603
8.16958     46.022  -174.840
8.28841     46.276  -176.091
8.40896     46.527  -177.237
8.53128     46.779  -178.458
8.65537     47.057  -179.681
8.78126     47.284   179.189
8.90899     47.545   178.035
9.03857     47.777   176.865
9.17004     47.994   175.741
9.30342     48.229   174.599
9.43874     48.411   173.565
9.57603     48.646   172.516
9.71532     48.833   171.524
9.85663     49.021   170.587
10.0000     49.183   169.742
10.1455     49.370   168.954
10.2930     49.567   168.246
10.4427     49.718   167.661
10.5946     49.922   167.104
10.7487     50.081   166.654
10.9051     50.299   166.185
11.0637     50.507   165.751
11.2246     50.707   165.323
11.3879     50.926   164.909
11.5535     51.172   164.398
11.7216     51.386   163.875
11.8921     51.632   163.254
12.0650     51.859   162.618
12.2405     52.086   161.906
12.4186     52.292   161.135
12.5992     52.509   160.308
12.7825     52.712   159.443
12.9684     52.896   158.605
13.1570     53.064   157.699
13.3484     53.237   156.809
13.5426     53.375   155.937
13.7395     53.500   155.109
13.9394     53.608   154.313
14.1421     53.722   153.526
14.3478     53.819   152.782
14.5565     53.884   152.179
14.7683     53.943   151.637
14.9831     54.007   151.165
15.2010     54.055   150.791
15.4221     54.108   150.501
15.6464     54.149   150.325
15.8740     54.212   150.163
16.1049     54.239   150.160
16.3392     54.286   150.126
16.5768     54.310   150.134
16.8179     54.321   150.162
17.0626     54.351   150.094
17.3107     54.336   150.224
17.5625     54.280   150.469
17.8180     54.197   150.876
18.0771     54.090   151.571
18.3401     53.957   152.649
18.6068     53.833   154.051
18.8775     53.711   155.915
19.1521     53.608   158.385
19.4306     53.556   161.053
19.7133     53.562   164.274
20.0000     53.633   167.815
20.2909     53.790   171.532
20.5860     54.016   174.977
20.8855     54.300   178.062
21.1893     54.589  -178.688
21.4975     54.900  -175.328
21.8102     55.249  -171.928
22.1274     55.614  -168.190
22.4492     56.071  -164.326
22.7758     56.581  -160.544
23.1071     57.171  -156.864
23.4432     57.858  -153.111
23.7841     58.643  -149.464
24.1301     59.490  -146.554
24.4811     60.414  -144.066
24.8372     61.396  -142.215
25.1984     62.428  -140.887
25.5649     63.442  -140.448
25.9368     64.487  -140.668
26.3141     65.482  -141.696
26.6968     66.443  -143.451
27.0851     67.283  -145.844
27.4791     67.982  -148.586
27.8788     68.557  -151.301
28.2843     69.025  -153.388
28.6957     69.416  -154.650
29.1131     69.874  -154.926
29.5365     70.447  -154.613
29.9661     71.186  -154.347
30.4020     72.027  -154.733
30.8442     72.947  -156.119
31.2929     73.859  -158.462
31.7480     74.688  -161.532
32.2098     75.522  -165.566
32.6783     76.279  -170.031
33.1536     76.936  -174.500
33.6359     77.513  -179.012
34.1251     77.966   176.873
34.6215     78.345   172.970
35.1250     78.675   169.184
35.6359     78.992   165.210
36.1543     79.277   161.349
36.6802     79.541   157.537
37.2137     79.757   153.773
37.7550     79.923   150.195
38.3041     80.049   146.784
38.8613     80.144   143.517
39.4265     80.216   140.528
40.0000     80.273   137.734
40.5818     80.328   135.204
41.1721     80.386   132.794
41.7710     80.452   130.521
42.3785     80.521   128.344
42.9949     80.595   126.227
43.6203     80.667   124.182
44.2548     80.746   122.211
44.8985     80.819   120.283
45.5515     80.903   118.368
46.2141     80.975   116.479
46.8863     81.055   114.574
47.5683     81.121   112.718
48.2602     81.184   110.913
48.9621     81.242   109.166
49.6743     81.299   107.483
50.3968     81.367   105.815
51.1299     81.429   104.129
51.8736     81.477   102.475
52.6281     81.529   100.862
53.3936     81.578    99.305
54.1702     81.620    97.776
54.9581     81.668    96.281
55.7575     81.708    94.818
56.5685     81.740    93.406
57.3914     81.775    92.054
58.2261     81.818    90.767
59.0730     81.867    89.457
59.9323     81.914    88.166
60.8040     81.958    86.831
61.6884     81.998    85.469
62.5857     82.035    84.154
63.4960     82.061    82.928
64.4196     82.093    81.747
65.3566     82.123    80.600
66.3073     82.162    79.461
67.2717     82.204    78.327
68.2502     82.244    77.206
69.2429     82.295    76.102
70.2501     82.344    74.980
71.2719     82.390    73.832
72.3086     82.441    72.658
73.3603     82.481    71.476
74.4274     82.517    70.284
75.5099     82.547    69.093
76.6083     82.579    67.910
77.7226     82.597    66.759
78.8531     82.617    65.658
80.0000     82.632    64.589
81.1636     82.653    63.565
82.3442     82.677    62.561
83.5419     82.701    61.580
84.7570     82.727    60.586
85.9899     82.754    59.600
87.2406     82.784    58.628
88.5096     82.817    57.665
89.7970     82.856    56.691
91.1031     82.900    55.689
92.4282     82.942    54.608
93.7726     82.984    53.466
95.1366     83.014    52.294
96.5204     83.030    51.067
97.9243     83.030    49.875
99.3486     83.024    48.790
100.794     83.011    47.779
102.260     83.013    46.807
103.747     83.016    45.871
105.256     83.029    44.921
106.787     83.039    43.914
108.340     83.037    42.877
109.916     83.035    41.875
111.515     83.023    40.912
113.137     83.009    40.011
114.783     82.995    39.208
116.452     82.993    38.499
118.146     83.003    37.806
119.865     83.044    37.081
121.608     83.090    36.255
123.377     83.147    35.290
125.171     83.186    34.192
126.992     83.221    33.041
128.839     83.234    31.871
130.713     83.247    30.706
132.615     83.246    29.557
134.543     83.244    28.386
136.500     83.225    27.222
138.486     83.209    26.137
140.500     83.190    25.067
142.544     83.172    24.077
144.617     83.155    23.140
146.721     83.167    22.137
148.855     83.182    20.975
151.020     83.180    19.637
153.217     83.141    18.185
155.445     83.057    16.826
157.706     82.945    15.803
160.000     82.856    15.203
162.327     82.820    14.781
164.688     82.839    14.171
167.084     82.869    13.251
169.514     82.879    12.111
171.980     82.861    10.833
174.481     82.820     9.619
177.019     82.767     8.534
179.594     82.721     7.489
182.206     82.672     6.469
184.856     82.617     5.446
187.545     82.562     4.484
190.273     82.504     3.565
193.041     82.456     2.672
195.849     82.412     1.801
198.697     82.374     0.952
201.587     82.343     0.070
204.520     82.328    -0.938
207.494     82.304    -2.118
210.512     82.255    -3.338
213.574     82.185    -4.486
216.681     82.091    -5.537
219.833     82.003    -6.348
223.030     81.948    -7.039
226.274     81.933    -7.881
229.565     81.912    -8.938
232.905     81.869   -10.028
236.292     81.831   -11.373
239.729     81.731   -12.789
243.216     81.589   -13.881
246.754     81.474   -14.673
250.343     81.352   -15.387
253.984     81.262   -15.830
257.678     81.223   -16.415
261.426     81.177   -17.087
265.229     81.146   -17.778
269.087     81.133   -18.657
273.001     81.132   -19.588
276.972     81.119   -20.736
281.000     81.083   -22.047
285.088     81.038   -23.489
289.234     80.956   -25.143
293.441     80.805   -26.688
297.709     80.622   -27.944
302.040     80.415   -28.934
306.433     80.269   -29.389
310.890     80.185   -29.717
315.412     80.130   -30.397
320.000     80.060   -31.287
324.655     79.977   -32.242
329.377     79.880   -33.214
334.168     79.778   -34.156
339.028     79.666   -35.123
343.959     79.523   -36.166
348.962     79.321   -37.181
354.038     79.117   -37.330
359.188     79.069   -37.047
364.412     79.107   -37.288
369.713     79.177   -38.158
375.090     79.176   -39.438
380.546     79.107   -40.653
386.081     79.023   -41.585
391.697     79.003   -42.459
397.394     78.962   -43.879
403.175     78.880   -45.291
409.039     78.728   -46.663
414.989     78.512   -47.576
421.025     78.310   -47.531
427.149     78.261   -47.144
433.362     78.309   -47.337
439.665     78.365   -47.901
446.060     78.385   -49.033
452.548     78.355   -50.276
459.131     78.284   -51.539
465.809     78.176   -52.520
472.584     78.078   -53.289
479.458     77.981   -54.261
486.432     77.824   -55.108
493.507     77.694   -55.671
500.686     77.546   -56.162
507.968     77.400   -56.453
515.357     77.287   -56.580
522.853     77.164   -56.730
530.458     77.049   -56.803
538.174     76.945   -56.762
546.002     76.843   -56.605
553.943     76.768   -56.341
562.001     76.695   -55.965
570.175     76.671   -55.494
578.469     76.674   -54.998
586.883     76.709   -54.563
595.419     76.773   -54.169
604.080     76.867   -53.928
612.866     76.984   -53.799
621.780     77.126   -53.895
630.824     77.290   -54.106
640.000     77.459   -54.650
649.309     77.644   -55.393
658.753     77.820   -56.422
668.335     77.984   -57.636
678.056     78.142   -59.093
687.919     78.282   -60.724
697.925     78.421   -62.558
708.077     78.522   -64.556
718.376     78.605   -66.769
728.825     78.657   -69.068
739.426     78.682   -71.508
750.181     78.674   -74.002
761.093     78.637   -76.600
772.163     78.562   -79.179
783.394     78.456   -81.821
794.789     78.322   -84.362
806.349     78.145   -86.936
818.078     77.931   -89.383
829.977     77.687   -91.755
842.050     77.418   -93.889
854.298     77.115   -95.920
866.724     76.796   -97.629
879.330     76.454   -99.148
892.120     76.111  -100.303
905.097     75.764  -101.206
918.262     75.452  -101.758
931.618     75.147  -102.118
945.169     74.891  -102.185
958.917     74.671  -102.149
972.864     74.511  -102.025
987.015     74.377  -101.980
1001.37     74.298  -101.959
1015.94     74.248  -102.176
1030.71     74.247  -102.495
1045.71     74.274  -103.200
1060.92     74.318  -104.240
1076.35     74.326  -105.670
1092.00     74.323  -107.241
1107.89     74.315  -108.888
1124.00     74.272  -110.841
1140.35     74.189  -113.093
1156.94     74.084  -115.162
1173.77     73.920  -117.165
1190.84     73.718  -119.182
1208.16     73.501  -120.932
1225.73     73.282  -122.505
1243.56     73.086  -123.852
1261.65     72.896  -125.120
1280.00     72.725  -126.338
1298.62     72.570  -127.614
1317.51     72.431  -128.788
1336.67     72.309  -130.068
1356.11     72.190  -131.468
1375.84     72.084  -133.037
1395.85     71.985  -134.585
1416.15     71.873  -136.248
1436.75     71.746  -138.011
1457.65     71.607  -139.910
1478.85     71.453  -141.725
1500.36     71.302  -143.426
1522.19     71.146  -145.081
1544.33     70.996  -146.689
1566.79     70.857  -148.152
1589.58     70.718  -149.670
1612.70     70.608  -151.081
1636.16     70.520  -152.501
1659.95     70.463  -153.899
1684.10     70.419  -155.392
1708.60     70.417  -156.905
1733.45     70.445  -158.498
1758.66     70.529  -160.318
1784.24     70.645  -162.593
1810.19     70.785  -165.287
1836.52     70.913  -168.502
1863.24     71.012  -172.170
1890.34     71.057  -176.226
1917.83     71.041   179.282
1945.73     70.929   174.651
1974.03     70.716   170.170
2002.74     70.409   165.891
2031.87     70.052   162.274
2061.43     69.690   159.388
2091.41     69.367   157.128
2121.83     69.140   155.206
2152.69     69.025   153.235
2184.01     68.979   150.796
2215.77     68.946   147.764
2248.00     68.846   144.128
2280.70     68.635   140.194
2313.87     68.303   136.568
2347.53     67.899   133.750
2381.68     67.496   131.939
2416.32     67.189   131.047
2451.46     67.031   130.548
2487.12     67.035   129.693
2523.30     67.121   127.961
2560.00     67.195   125.375
2597.24     67.196   122.305
2635.01     67.116   119.164
2673.34     66.966   116.074
2712.23     66.801   113.211
2751.68     66.635   110.414
2791.70     66.451   107.557
2832.31     66.208   104.683
2873.50     65.868   102.064
2915.30     65.450   100.166
2957.70     65.036    99.332
3000.72     64.727    99.457
3044.37     64.569   100.037
3088.65     64.549   100.379
3133.58     64.600   100.254
3179.16     64.677    99.756
3225.40     64.773    99.028
3272.31     64.895    98.102
3319.91     65.034    96.791
3368.20     65.163    95.056
3417.19     65.249    93.033
3466.89     65.281    90.981
3517.32     65.261    89.007
3568.48     65.231    87.292
3620.39     65.218    85.699
3673.05     65.226    84.033
3726.47     65.228    82.122
3780.67     65.184    79.962
3835.67     65.071    77.703
3891.46     64.855    75.651
3948.06     64.550    74.336
4005.49     64.270    74.208
4063.75     64.179    74.853
4122.86     64.308    75.008
4182.82     64.505    73.710
4243.66     64.557    71.254
4305.39     64.383    68.868
4368.01     64.093    67.637
4431.55     63.867    67.561
4496.01     63.784    67.722
4561.40     63.766    67.407
4627.75     63.728    66.836
4695.06     63.677    66.367
4763.35     63.669    65.875
4832.64     63.654    64.998
4902.93     63.553    63.856
4974.24     63.332    63.056
5046.60     63.040    63.314
5120.00     62.842    64.871
5194.47     62.875    66.954
5270.03     63.147    68.181
5346.68     63.488    67.709
5424.45     63.735    65.826
5503.35     63.760    63.370
5583.40     63.604    61.179
5664.61     63.345    59.565
5747.01     63.015    58.572
5830.60     62.642    58.471
5915.41     62.314    59.655
6001.45     62.185    62.064
6088.74     62.363    64.336
6177.30     62.704    64.753
6267.15     62.886    63.354
6358.31     62.771    61.593
6450.80     62.486    60.835
6544.62     62.267    61.195
6639.82     62.243    61.425
6736.40     62.221    60.317
6834.38     61.987    59.229
6933.79     61.717    59.630
7034.64     61.582    60.117
7136.96     61.361    59.704
7240.77     60.982    60.105
7346.09     60.686    61.782
7452.94     60.577    63.788
7561.35     60.618    65.803
7671.33     60.807    66.997
7782.91     60.940    66.766
7896.12     60.873    66.483
8010.97     60.766    66.896
8127.49     60.760    67.386
8245.71     60.915    66.989
8365.65     60.995    64.049
8487.33     60.556    60.566
8610.78     59.712    60.488
8736.03     58.918    64.831
8863.09     58.757    71.852
8992.01     59.304    75.924
9122.80     59.894    75.328
9255.50     60.148    71.631
9390.12     59.760    67.635
9526.70     58.865    67.162
9665.27     58.120    71.632
9805.86     58.072    77.671
9948.49     58.498    81.462
10093.2     58.987    81.986
10240.0     59.185    80.980
10388.9     59.412    79.247
10540.1     59.364    74.588
10693.4     58.705    70.810
10848.9     57.685    70.795
11006.7     57.114    76.961
11166.8     57.342    79.165
11329.2     57.142    80.089
11494.0     57.201    79.703
11661.2     56.851    77.462
11830.8     56.142    75.083
12002.9     54.879    78.288
12177.5     54.650    85.152
12354.6     54.575    89.252
12534.3     54.887    91.982
12716.6     54.661    88.948
12901.6     53.737    88.890
13089.2     53.107    93.148
13279.6     52.932    97.976
13472.8     52.874   102.627
13668.8     53.282   105.076
13867.6     53.550   103.502
14069.3     53.087   100.256
14273.9     52.058    99.782
14481.5     50.769   103.814
14692.2     50.304   111.946
14905.9     50.644   116.531
15122.7     50.072   116.714
15342.7     49.523   120.899
15565.8     48.750   127.546
15792.2     48.688   137.602
16021.9     49.620   142.886
16255.0     49.951   142.661
16491.4     49.571   144.755
16731.3     49.101   149.591
16974.7     49.336   156.382
17221.6     49.849   156.880
17472.1     49.772   157.616
17726.2     49.314   163.319
17984.0     49.504   171.759
18245.6     50.625   175.493
18511.0     51.469   174.979
18780.2     51.820   173.902
19053.4     52.088   175.154
19330.5     52.530   175.160
19611.7     52.809   174.648
19897.0     53.324   172.521
20186.4     53.168   167.735
20480.0     52.575   165.153
20777.9     52.092   164.499
21080.1     51.197   165.089
21386.7     51.059   172.323
21697.8     51.864   172.779
22013.4     51.188   167.286
22333.6     50.416   171.828
22658.4     50.831  -179.512
22988.0     51.830  -179.166
23322.4     52.416  -178.861
23661.6     54.005   176.981
24005.8     53.484   166.657
24355.0     53.153   165.785
24709.2     53.388   166.789
25068.6     54.292   163.045
25433.2     55.369   154.515
25803.2     55.379   137.838
26178.5     54.043   124.782
26559.3     52.526   116.459
26945.6     50.906   111.188
27337.5     49.228   114.801
27735.2     49.152   114.343
28138.6     48.486   110.480
28547.9     47.533   104.297
28963.1     45.988   100.505
29384.4     43.972    99.688
29811.8     42.289   105.760
30245.4     41.571   114.613
30685.3     41.516   123.656
31131.7     42.814   130.296
31584.5     43.305   126.069
32043.9     43.650   119.441
32510.0     42.205   111.222
32982.8     40.000   114.411
33462.6     41.840   126.840
33949.3     42.678   108.898
34443.1     42.469    87.795
34944.1     39.653    72.014
35452.4     36.796    60.860
35968.0     33.387    50.864
36491.2     30.358    58.697
37022.0     28.959    33.620
37560.5     27.334     9.594
38106.8     26.658   -25.677
38661.1     29.160   -35.079
39223.4     30.383   -55.572
39793.9     30.755   -73.259
