Freq[Hz]     dBSPL  Phase[Deg]
5.00000     37.846  -111.351
5.07273     37.986  -114.656
5.14651     38.135  -118.160
5.22137     38.265  -121.181
5.29732     38.413  -124.165
5.37437     38.561  -126.974
5.45254     38.722  -129.663
5.53185     38.880  -132.184
5.61231     39.048  -134.530
5.69394     39.257  -136.817
5.77676     39.425  -138.649
5.86079     39.650  -140.610
5.94604     39.888  -142.354
6.03252     40.138  -143.993
6.12027     40.398  -145.527
6.20929     40.679  -147.071
6.29961     40.978  -148.510
6.39124     41.263  -149.909
6.48420     41.576  -151.328
6.57851     41.899  -152.779
6.67420     42.226  -154.275
6.77128     42.531  -155.629
6.86977     42.885  -157.203
6.96969     43.183  -158.629
7.07107     43.517  -160.235
7.17392     43.847  -161.759
7.27827     44.153  -163.231
7.38413     44.427  -164.616
7.49154     44.734  -166.131
7.60050     45.017  -167.521
7.71105     45.298  -168.963
7.82321     45.592  -170.328
7.93701     45.863  -171.649
8.05245     46.123  -172.908
8.16958     46.388  -174.135
8.28841     46.641  -175.376
8.40896     46.892  -176.511
8.53128     47.145  -177.722
8.65537     47.422  -178.934
8.78126     47.649   179.947
8.90899     47.910   178.803
9.03857     48.142   177.645
9.17004     48.359   176.532
9.30342     48.594   175.401
9.43874     48.777   174.379
9.57603     49.011   173.342
9.71532     49.198   172.362
9.85663     49.386   171.438
10.0000     49.548   170.605
10.1455     49.735   169.829
10.2930     49.932   169.134
10.4427     50.084   168.561
10.5946     50.287   168.018
10.7487     50.446   167.581
10.9051     50.664   167.126
11.0637     50.873   166.705
11.2246     51.072   166.291
11.3879     51.291   165.891
11.5535     51.538   165.395
11.7216     51.751   164.886
11.8921     51.998   164.280
12.0650     52.225   163.659
12.2405     52.451   162.962
12.4186     52.657   162.206
12.5992     52.874   161.395
12.7825     53.077   160.545
12.9684     53.261   159.724
13.1570     53.429   158.834
13.3484     53.602   157.961
13.5426     53.740   157.106
13.7395     53.865   156.294
13.9394     53.973   155.515
14.1421     54.087   154.746
14.3478     54.185   154.020
14.5565     54.249   153.435
14.7683     54.308   152.912
14.9831     54.372   152.458
15.2010     54.420   152.102
15.4221     54.474   151.832
15.6464     54.514   151.675
15.8740     54.577   151.532
16.1049     54.604   151.549
16.3392     54.651   151.535
16.5768     54.675   151.564
16.8179     54.686   151.613
17.0626     54.716   151.566
17.3107     54.701   151.718
17.5625     54.646   151.984
17.8180     54.563   152.413
18.0771     54.456   153.130
18.3401     54.322   154.231
18.6068     54.198   155.657
18.8775     54.076   157.544
19.1521     53.973   160.037
19.4306     53.921   162.729
19.7133     53.927   165.975
20.0000     53.999   169.541
20.2909     54.155   173.283
20.5860     54.381   176.753
20.8855     54.665   179.864
21.1893     54.954  -176.860
21.4975     55.266  -173.473
21.8102     55.614  -170.046
22.1274     55.979  -166.281
22.4492     56.436  -162.389
22.7758     56.946  -158.579
23.1071     57.537  -154.870
23.4432     58.223  -151.088
23.7841     59.008  -147.412
24.1301     59.855  -144.472
24.4811     60.779  -141.954
24.8372     61.762  -140.072
25.1984     62.793  -138.713
25.5649     63.807  -138.242
25.9368     64.853  -138.430
26.3141     65.847  -139.426
26.6968     66.808  -141.147
27.0851     67.648  -143.508
27.4791     68.347  -146.215
27.8788     68.922  -148.895
28.2843     69.390  -150.948
28.6957     69.781  -152.175
29.1131     70.239  -152.415
29.5365     70.813  -152.065
29.9661     71.552  -151.761
30.4020     72.392  -152.110
30.8442     73.312  -153.458
31.2929     74.224  -155.762
31.7480     75.053  -158.793
32.2098     75.887  -162.788
32.6783     76.645  -167.212
33.1536     77.301  -171.640
33.6359     77.878  -176.110
34.1251     78.331   179.817
34.6215     78.710   175.957
35.1250     79.041   172.215
35.6359     79.357   168.284
36.1543     79.643   164.468
36.6802     79.906   160.702
37.2137     80.122   156.983
37.7550     80.288   153.451
38.3041     80.415   150.087
38.8613     80.509   146.867
39.4265     80.582   143.927
40.0000     80.638   141.181
40.5818     80.694   138.701
41.1721     80.752   136.339
41.7710     80.819   134.118
42.3785     80.888   131.992
42.9949     80.962   129.927
43.6203     81.034   127.934
44.2548     81.113   126.017
44.8985     81.187   124.145
45.5515     81.272   122.283
46.2141     81.344   120.450
46.8863     81.424   118.604
47.5683     81.491   116.804
48.2602     81.555   115.059
48.9621     81.612   113.371
49.6743     81.671   111.749
50.3968     81.740   110.143
51.1299     81.802   108.520
51.8736     81.850   106.929
52.6281     81.902   105.380
53.3936     81.953   103.889
54.1702     81.995   102.427
54.9581     82.044   101.001
55.7575     82.085    99.608
56.5685     82.118    98.267
57.3914     82.154    96.986
58.2261     82.197    95.772
59.0730     82.246    94.536
59.9323     82.295    93.320
60.8040     82.339    92.062
61.6884     82.381    90.778
62.5857     82.419    89.543
63.4960     82.446    88.398
64.4196     82.478    87.300
65.3566     82.510    86.236
66.3073     82.549    85.184
67.2717     82.592    84.135
68.2502     82.633    83.104
69.2429     82.685    82.089
70.2501     82.736    81.058
71.2719     82.783    80.004
72.3086     82.835    78.925
73.3603     82.877    77.838
74.4274     82.913    76.745
75.5099     82.946    75.655
76.6083     82.978    74.574
77.7226     82.997    73.526
78.8531     83.018    72.530
80.0000     83.035    71.569
81.1636     83.058    70.654
82.3442     83.082    69.760
83.5419     83.107    68.893
84.7570     83.135    68.013
85.9899     83.163    67.145
87.2406     83.195    66.292
88.5096     83.230    65.451
89.7970     83.270    64.600
91.1031     83.315    63.723
92.4282     83.358    62.770
93.7726     83.401    61.759
95.1366     83.433    60.720
96.5204     83.452    59.627
97.9243     83.452    58.573
99.3486     83.448    57.627
100.794     83.438    56.758
102.260     83.441    55.932
103.747     83.444    55.143
105.256     83.460    54.344
106.787     83.470    53.490
108.340     83.471    52.606
109.916     83.471    51.763
111.515     83.460    50.962
113.137     83.447    50.224
114.783     83.435    49.588
116.452     83.435    49.049
118.146     83.447    48.529
119.865     83.490    47.978
121.608     83.536    47.331
123.377     83.596    46.550
125.171     83.637    45.637
126.992     83.673    44.674
128.839     83.687    43.695
130.713     83.703    42.726
132.615     83.704    41.777
134.543     83.704    40.808
136.500     83.686    39.850
138.486     83.673    38.975
140.500     83.654    38.120
142.544     83.639    37.347
144.617     83.624    36.631
146.721     83.639    35.854
148.855     83.655    34.921
151.020     83.655    33.817
153.217     83.617    32.604
155.445     83.537    31.485
157.706     83.426    30.709
160.000     83.340    30.360
162.327     83.305    30.193
164.688     83.328    29.844
167.084     83.359    29.188
169.514     83.372    28.317
171.980     83.357    27.314
174.481     83.319    26.380
177.019     83.268    25.579
179.594     83.224    24.822
182.206     83.179    24.096
184.856     83.128    23.373
187.545     83.075    22.717
190.273     83.019    22.108
193.041     82.975    21.531
195.849     82.935    20.982
198.697     82.900    20.460
201.587     82.873    19.912
204.520     82.861    19.243
207.494     82.842    18.407
210.512     82.798    17.539
213.574     82.733    16.748
216.681     82.644    16.059
219.833     82.561    15.617
223.030     82.512    15.302
226.274     82.502    14.841
229.565     82.486    14.172
232.905     82.451    13.477
236.292     82.420    12.532
239.729     82.327    11.522
243.216     82.193    10.843
246.754     82.088    10.470
250.343     81.974    10.181
253.984     81.894    10.169
257.678     81.864    10.022
261.426     81.829     9.793
265.229     81.809     9.549
269.087     81.807     9.125
273.001     81.820     8.653
276.972     81.820     7.970
281.000     81.799     7.128
285.088     81.767     6.159
289.234     81.700     4.985
293.441     81.565     3.922
297.709     81.400     3.152
302.040     81.211     2.650
306.433     81.082     2.689
310.890     81.017     2.855
315.412     80.981     2.672
320.000     80.930     2.283
324.655     80.868     1.831
329.377     80.792     1.364
334.168     80.710     0.928
339.028     80.617     0.470
343.959     80.497    -0.058
348.962     80.317    -0.555
354.038     80.133    -0.183
359.188     80.105     0.627
364.412     80.165     0.914
369.713     80.254     0.580
375.090     80.273    -0.160
380.546     80.224    -0.828
386.081     80.159    -1.206
391.697     80.157    -1.520
397.394     80.135    -2.371
403.175     80.071    -3.206
409.039     79.938    -3.989
414.989     79.739    -4.306
421.025     79.556    -3.656
427.149     79.527    -2.653
433.362     79.595    -2.214
439.665     79.673    -2.137
446.060     79.716    -2.617
452.548     79.712    -3.198
459.131     79.672    -3.795
465.809     79.595    -4.107
472.584     79.533    -4.208
479.458     79.476    -4.515
486.432     79.364    -4.709
493.507     79.283    -4.632
500.686     79.189    -4.509
507.968     79.100    -4.217
515.357     79.047    -3.798
522.853     78.988    -3.455
530.458     78.938    -3.092
538.174     78.896    -2.678
546.002     78.853    -2.218
553.943     78.832    -1.715
562.001     78.803    -1.165
570.175     78.816    -0.571
578.469     78.838     0.010
586.883     78.880     0.503
595.419     78.934     0.958
604.080     79.002     1.268
612.866     79.078     1.513
621.780     79.166     1.579
630.824     79.264     1.610
640.000     79.358     1.366
649.309     79.460     1.019
658.753     79.547     0.442
668.335     79.620    -0.225
678.056     79.681    -1.076
687.919     79.723    -2.016
697.925     79.761    -3.106
708.077     79.761    -4.287
718.376     79.740    -5.632
728.825     79.688    -6.994
739.426     79.608    -8.443
750.181     79.494    -9.883
761.093     79.348   -11.364
772.163     79.163   -12.763
783.394     78.946   -14.155
794.789     78.702   -15.372
806.349     78.411   -16.540
818.078     78.084   -17.499
829.977     77.727   -18.284
842.050     77.351   -18.734
854.298     76.943   -18.962
866.724     76.530   -18.765
879.330     76.101   -18.255
892.120     75.692   -17.290
905.097     75.296   -15.996
918.262     74.961   -14.320
931.618     74.654   -12.455
945.169     74.419   -10.372
958.917     74.235    -8.283
972.864     74.120    -6.254
987.015     74.025    -4.430
1001.37     73.976    -2.756
1015.94     73.938    -1.379
1030.71     73.927    -0.145
1045.71     73.922     0.748
1060.92     73.915     1.368
1076.35     73.853     1.734
1092.00     73.767     2.087
1107.89     73.677     2.491
1124.00     73.541     2.792
1140.35     73.363     3.022
1156.94     73.180     3.537
1173.77     72.947     4.290
1190.84     72.694     5.241
1208.16     72.449     6.576
1225.73     72.229     8.150
1243.56     72.059     9.980
1261.65     71.919    11.863
1280.00     71.824    13.828
1298.62     71.760    15.659
1317.51     71.716    17.438
1336.67     71.702    19.115
1356.11     71.703    20.694
1375.84     71.721    22.047
1395.85     71.752    23.340
1416.15     71.775    24.478
1436.75     71.801    25.485
1457.65     71.829    26.263
1478.85     71.842    27.004
1500.36     71.848    27.704
1522.19     71.848    28.321
1544.33     71.837    28.891
1566.79     71.821    29.551
1589.58     71.789    30.158
1612.70     71.773    30.871
1636.16     71.774    31.599
1659.95     71.810    32.347
1684.10     71.858    32.960
1708.60     71.952    33.396
1733.45     72.064    33.591
1758.66     72.205    33.355
1784.24     72.334    32.560
1810.19     72.438    31.335
1836.52     72.483    29.731
1863.24     72.468    27.901
1890.34     72.387    25.999
1917.83     72.249    24.037
1945.73     72.056    22.212
1974.03     71.832    20.654
2002.74     71.596    19.267
2031.87     71.394    18.054
2061.43     71.235    16.769
2091.41     71.124    15.141
2121.83     71.033    12.936
2152.69     70.938    10.105
2184.01     70.801     6.660
2215.77     70.602     2.740
2248.00     70.316    -1.628
2280.70     69.946    -6.245
2313.87     69.512   -10.880
2347.53     69.057   -15.452
2381.68     68.613   -20.086
2416.32     68.214   -24.913
2451.46     67.870   -30.231
2487.12     67.587   -36.249
2523.30     67.337   -43.051
2560.00     67.099   -50.509
2597.24     66.863   -58.430
2635.01     66.630   -66.490
2673.34     66.417   -74.611
2712.23     66.260   -82.316
2751.68     66.189   -89.521
2791.70     66.214   -96.227
2832.31     66.328  -102.574
2873.50     66.523  -108.629
2915.30     66.779  -114.437
2957.70     67.084  -120.040
3000.72     67.433  -125.534
3044.37     67.810  -131.134
3088.65     68.174  -137.014
3133.58     68.480  -143.255
3179.16     68.669  -149.781
3225.40     68.715  -156.100
3272.31     68.606  -161.931
3319.91     68.379  -166.874
3368.20     68.136  -170.673
3417.19     67.965  -173.671
3466.89     67.889  -176.482
3517.32     67.849  -179.629
3568.48     67.791   176.813
3620.39     67.682   173.157
3673.05     67.559   169.687
3726.47     67.478   166.264
3780.67     67.443   162.400
3835.67     67.396   157.865
3891.46     67.267   152.914
3948.06     67.051   148.168
4005.49     66.870   144.028
4063.75     66.852   139.952
4122.86     66.981   134.919
4182.82     67.116   128.406
4243.66     67.111   120.882
4305.39     66.932   113.382
4368.01     66.685   106.671
4431.55     66.494   100.715
4496.01     66.409    94.943
4561.40     66.385    88.915
4627.75     66.359    82.779
4695.06     66.327    76.850
4763.35     66.337    71.224
4832.64     66.390    65.673
4902.93     66.475    59.968
4974.24     66.559    53.913
5046.60     66.560    47.449
5120.00     66.408    41.040
5194.47     66.086    35.508
5270.03     65.714    31.535
5346.68     65.496    28.822
5424.45     65.534    26.070
5503.35     65.752    22.448
5583.40     66.058    17.263
5664.61     66.325    10.074
5747.01     66.362     1.273
5830.60     66.051    -7.630
5915.41     65.532   -14.944
6001.45     65.089   -20.569
6088.74     64.862   -26.073
6177.30     64.761   -32.609
6267.15     64.638   -40.013
6358.31     64.442   -47.661
6450.80     64.219   -54.793
6544.62     64.083   -61.168
6639.82     64.073   -67.463
6736.40     64.113   -74.374
6834.38     64.202   -82.078
6933.79     64.239   -90.706
7034.64     64.086   -99.808
7136.96     63.753  -107.991
7240.77     63.449  -114.686
7346.09     63.242  -121.229
7452.94     62.994  -127.486
7561.35     62.875  -132.357
7671.33     63.088  -137.972
7782.91     63.315  -145.655
7896.12     63.448  -154.098
8010.97     63.537  -163.737
8127.49     63.402  -173.798
8245.71     63.236   177.195
8365.65     63.116   166.926
8487.33     62.613   155.743
8610.78     61.796   147.681
8736.03     61.269   143.772
8863.09     61.526   140.018
8992.01     62.124   131.559
9122.80     62.368   119.828
9255.50     62.245   107.867
9390.12     61.896    97.098
9526.70     61.503    88.128
9665.27     61.263    80.762
9805.86     61.399    73.716
9948.49     61.807    64.563
10093.2     62.166    53.177
10240.0     62.277    41.127
10388.9     62.534    28.625
10540.1     62.562    12.470
10693.4     61.866    -3.130
10848.9     60.753   -15.413
11006.7     59.831   -21.457
11166.8     59.894   -28.629
11329.2     60.049   -38.740
11494.0     60.309   -51.741
11661.2     60.088   -66.738
11830.8     59.312   -81.651
12002.9     58.204   -91.917
12177.5     57.873  -100.124
12354.6     57.812  -110.161
12534.3     57.858  -121.940
12716.6     57.738  -136.494
12901.6     57.131  -150.871
13089.2     56.360  -161.922
13279.6     55.823  -171.537
13472.8     55.613   179.751
13668.8     55.996   168.288
13867.6     56.289   152.241
14069.3     55.737   133.148
14273.9     54.577   119.127
14481.5     53.547   109.515
14692.2     53.196   100.324
14905.9     53.318    89.402
15122.7     53.106    73.981
15342.7     52.627    60.880
15565.8     51.781    50.789
15792.2     51.623    45.520
16021.9     52.879    34.118
16255.0     53.296    15.938
16491.4     52.794    -1.489
16731.3     52.419   -13.945
16974.7     52.723   -25.194
17221.6     53.154   -39.778
17472.1     53.387   -57.950
17726.2     53.036   -73.540
17984.0     53.315   -86.203
18245.6     54.237  -101.413
18511.0     55.038  -122.298
18780.2     55.340  -143.506
19053.4     55.479  -163.036
19330.5     56.082   176.480
19611.7     56.402   153.528
19897.0     56.948   129.705
20186.4     56.828   102.582
20480.0     56.351    77.696
20777.9     56.119    52.443
21080.1     55.160    27.808
21386.7     54.210    10.581
21697.8     54.861    -9.661
22013.4     54.362   -36.575
22333.6     53.542   -58.858
22658.4     53.384   -73.019
22988.0     54.572   -94.652
23322.4     55.275  -122.110
23661.6     55.477  -149.031
24005.8     56.076  -178.330
24355.0     56.108   154.124
24709.2     56.855   127.264
25068.6     58.037    95.303
25433.2     59.028    56.732
25803.2     59.078    12.643
26178.5     57.930   -29.894
26559.3     56.212   -66.859
26945.6     54.502  -100.670
27337.5     52.844  -126.458
27735.2     52.715  -156.034
28138.6     52.084   170.104
28547.9     51.119   133.905
28963.1     49.618    99.358
29384.4     47.632    68.370
29811.8     45.835    43.380
30245.4     44.915    21.844
30685.3     45.177    -3.108
31131.7     46.297   -34.016
31584.5     46.623   -72.123
32043.9     47.002  -113.589
32510.0     45.853  -157.218
32982.8     43.801   167.105
33462.6     45.355   147.361
33949.3     46.679    90.924
34443.1     46.341    33.423
34944.1     43.673   -19.955
35452.4     41.079   -71.206
35968.0     38.254  -119.618
36491.2     35.781  -161.868
37022.0     36.149   141.407
37560.5     35.374    77.190
38106.8     32.220     6.542
38661.1     31.970   -33.216
39223.4     33.260  -101.611
39793.9     32.474  -175.962
