Freq[Hz]     dBSPL  Phase[Deg]
5.00000     37.480  -111.783
5.07273     37.620  -115.093
5.14651     37.769  -118.603
5.22137     37.899  -121.631
5.29732     38.047  -124.622
5.37437     38.196  -127.437
5.45254     38.357  -130.133
5.53185     38.514  -132.661
5.61231     38.683  -135.014
5.69394     38.891  -137.308
5.77676     39.060  -139.147
5.86079     39.285  -141.116
5.94604     39.523  -142.867
6.03252     39.773  -144.514
6.12027     40.033  -146.055
6.20929     40.314  -147.606
6.29961     40.613  -149.053
6.39124     40.898  -150.461
6.48420     41.210  -151.888
6.57851     41.534  -153.346
6.67420     41.861  -154.851
6.77128     42.166  -156.213
6.86977     42.519  -157.796
6.96969     42.818  -159.230
7.07107     43.152  -160.845
7.17392     43.482  -162.378
7.27827     43.788  -163.859
7.38413     44.062  -165.253
7.49154     44.369  -166.777
7.60050     44.652  -168.177
7.71105     44.932  -169.628
7.82321     45.227  -171.003
7.93701     45.498  -172.333
8.05245     45.758  -173.603
8.16958     46.022  -174.840
8.28841     46.276  -176.091
8.40896     46.527  -177.237
8.53128     46.779  -178.458
8.65537     47.057  -179.681
8.78126     47.284   179.189
8.90899     47.545   178.035
9.03857     47.777   176.865
9.17004     47.994   175.741
9.30342     48.229   174.599
9.43874     48.411   173.565
9.57603     48.646   172.516
9.71532     48.833   171.524
9.85663     49.021   170.587
10.0000     49.183   169.742
10.1455     49.370   168.954
10.2930     49.567   168.246
10.4427     49.718   167.661
10.5946     49.922   167.104
10.7487     50.081   166.654
10.9051     50.299   166.185
11.0637     50.507   165.751
11.2246     50.707   165.323
11.3879     50.926   164.909
11.5535     51.172   164.398
11.7216     51.386   163.875
11.8921     51.632   163.254
12.0650     51.859   162.618
12.2405     52.086   161.906
12.4186     52.292   161.135
12.5992     52.509   160.308
12.7825     52.712   159.443
12.9684     52.896   158.605
13.1570     53.064   157.699
13.3484     53.237   156.809
13.5426     53.375   155.937
13.7395     53.500   155.109
13.9394     53.608   154.313
14.1421     53.722   153.526
14.3478     53.819   152.782
14.5565     53.884   152.179
14.7683     53.943   151.637
14.9831     54.007   151.165
15.2010     54.055   150.791
15.4221     54.108   150.501
15.6464     54.149   150.325
15.8740     54.212   150.163
16.1049     54.239   150.160
16.3392     54.286   150.126
16.5768     54.310   150.134
16.8179     54.321   150.162
17.0626     54.351   150.094
17.3107     54.336   150.224
17.5625     54.280   150.469
17.8180     54.197   150.876
18.0771     54.090   151.571
18.3401     53.957   152.649
18.6068     53.833   154.051
18.8775     53.711   155.915
19.1521     53.608   158.385
19.4306     53.556   161.053
19.7133     53.562   164.274
20.0000     53.633   167.815
20.2909     53.790   171.532
20.5860     54.016   174.977
20.8855     54.300   178.062
21.1893     54.589  -178.688
21.4975     54.900  -175.328
21.8102     55.249  -171.928
22.1274     55.614  -168.190
22.4492     56.071  -164.326
22.7758     56.581  -160.544
23.1071     57.171  -156.864
23.4432     57.858  -153.111
23.7841     58.643  -149.464
24.1301     59.490  -146.554
24.4811     60.414  -144.066
24.8372     61.396  -142.215
25.1984     62.428  -140.887
25.5649     63.442  -140.448
25.9368     64.487  -140.668
26.3141     65.482  -141.696
26.6968     66.443  -143.451
27.0851     67.283  -145.844
27.4791     67.982  -148.586
27.8788     68.557  -151.301
28.2843     69.025  -153.388
28.6957     69.416  -154.650
29.1131     69.874  -154.926
29.5365     70.447  -154.613
29.9661     71.186  -154.347
30.4020     72.027  -154.733
30.8442     72.947  -156.119
31.2929     73.859  -158.462
31.7480     74.688  -161.532
32.2098     75.522  -165.566
32.6783     76.279  -170.031
33.1536     76.936  -174.500
33.6359     77.513  -179.012
34.1251     77.966   176.873
34.6215     78.345   172.970
35.1250     78.675   169.184
35.6359     78.992   165.210
36.1543     79.277   161.349
36.6802     79.541   157.537
37.2137     79.757   153.773
37.7550     79.923   150.194
38.3041     80.050   146.782
38.8613     80.144   143.514
39.4265     80.217   140.525
40.0000     80.273   137.730
40.5818     80.329   135.199
41.1721     80.387   132.787
41.7710     80.454   130.513
42.3785     80.523   128.335
42.9949     80.597   126.216
43.6203     80.669   124.170
44.2548     80.749   122.198
44.8985     80.822   120.269
45.5515     80.907   118.352
46.2141     80.979   116.461
46.8863     81.059   114.556
47.5683     81.126   112.698
48.2602     81.190   110.893
48.9621     81.248   109.144
49.6743     81.306   107.461
50.3968     81.375   105.792
51.1299     81.437   104.106
51.8736     81.486   102.451
52.6281     81.538   100.837
53.3936     81.588    99.280
54.1702     81.631    97.751
54.9581     81.680    96.257
55.7575     81.721    94.794
56.5685     81.754    93.383
57.3914     81.790    92.032
58.2261     81.833    90.745
59.0730     81.883    89.437
59.9323     81.932    88.147
60.8040     81.976    86.814
61.6884     82.018    85.454
62.5857     82.056    84.142
63.4960     82.083    82.918
64.4196     82.115    81.741
65.3566     82.147    80.596
66.3073     82.186    79.462
67.2717     82.230    78.331
68.2502     82.271    77.215
69.2429     82.323    76.116
70.2501     82.374    74.998
71.2719     82.421    73.856
72.3086     82.473    72.689
73.3603     82.515    71.512
74.4274     82.552    70.327
75.5099     82.584    69.144
76.6083     82.617    67.969
77.7226     82.636    66.826
78.8531     82.657    65.733
80.0000     82.674    64.674
81.1636     82.697    63.659
82.3442     82.722    62.665
83.5419     82.747    61.696
84.7570     82.775    60.712
85.9899     82.803    59.739
87.2406     82.835    58.779
88.5096     82.870    57.830
89.7970     82.910    56.869
91.1031     82.956    55.881
92.4282     82.999    54.816
93.7726     83.043    53.690
95.1366     83.074    52.535
96.5204     83.093    51.324
97.9243     83.094    50.151
99.3486     83.090    49.084
100.794     83.079    48.092
102.260     83.083    47.141
103.747     83.087    46.226
105.256     83.102    45.299
106.787     83.113    44.315
108.340     83.114    43.300
109.916     83.114    42.323
111.515     83.104    41.387
113.137     83.091    40.511
114.783     83.078    39.736
116.452     83.079    39.056
118.146     83.091    38.392
119.865     83.134    37.697
121.608     83.181    36.903
123.377     83.241    35.972
125.171     83.282    34.908
126.992     83.318    33.791
128.839     83.333    32.657
130.713     83.348    31.530
132.615     83.350    30.420
134.543     83.350    29.289
136.500     83.332    28.167
138.486     83.319    27.124
140.500     83.301    26.099
142.544     83.286    25.155
144.617     83.271    24.265
146.721     83.286    23.311
148.855     83.303    22.199
151.020     83.303    20.913
153.217     83.266    19.516
155.445     83.185    18.210
157.706     83.075    17.245
160.000     82.989    16.704
162.327     82.955    16.342
164.688     82.978    15.795
167.084     83.009    14.939
169.514     83.022    13.865
171.980     83.007    12.656
174.481     82.970    11.513
177.019     82.919    10.500
179.594     82.876     9.529
182.206     82.830     8.584
184.856     82.780     7.640
187.545     82.728     6.760
190.273     82.672     5.924
193.041     82.629     5.117
195.849     82.589     4.334
198.697     82.555     3.576
201.587     82.528     2.786
204.520     82.517     1.874
207.494     82.498     0.791
210.512     82.454    -0.328
213.574     82.389    -1.373
216.681     82.301    -2.320
219.833     82.219    -3.023
223.030     82.170    -3.604
226.274     82.161    -4.334
229.565     82.147    -5.276
232.905     82.112    -6.248
236.292     82.082    -7.473
239.729     81.990    -8.768
243.216     81.856    -9.736
246.754     81.752   -10.403
250.343     81.639   -10.989
253.984     81.560   -11.303
257.678     81.531   -11.757
261.426     81.497   -12.296
265.229     81.479   -12.856
269.087     81.478   -13.600
273.001     81.493   -14.397
276.972     81.494   -15.410
281.000     81.474   -16.587
285.088     81.443   -17.897
289.234     81.379   -19.416
293.441     81.246   -20.829
297.709     81.082   -21.955
302.040     80.895   -22.818
306.433     80.768   -23.147
310.890     80.705   -23.354
315.412     80.670   -23.915
320.000     80.621   -24.688
324.655     80.562   -25.531
329.377     80.487   -26.394
334.168     80.407   -27.232
339.028     80.316   -28.099
343.959     80.198   -29.042
348.962     80.020   -29.958
354.038     79.838   -30.013
359.188     79.812   -29.635
364.412     79.875   -29.788
369.713     79.965   -30.568
375.090     79.986   -31.759
380.546     79.938   -32.885
386.081     79.875   -33.727
391.697     79.875   -34.511
397.394     79.854   -35.838
403.175     79.791   -37.154
409.039     79.659   -38.424
414.989     79.462   -39.231
421.025     79.281   -39.077
427.149     79.254   -38.576
433.362     79.325   -38.648
439.665     79.405   -39.088
446.060     79.450   -40.090
452.548     79.450   -41.199
459.131     79.413   -42.328
465.809     79.340   -43.178
472.584     79.283   -43.822
479.458     79.231   -44.679
486.432     79.125   -45.426
493.507     79.052   -45.913
500.686     78.967   -46.357
507.968     78.889   -46.644
515.357     78.849   -46.817
522.853     78.804   -47.079
530.458     78.770   -47.334
538.174     78.746   -47.557
546.002     78.723   -47.753
553.943     78.723   -47.930
562.001     78.717   -48.082
570.175     78.751   -48.221
578.469     78.797   -48.401
586.883     78.862   -48.693
595.419     78.939   -49.057
604.080     79.029   -49.587
612.866     79.126   -50.217
621.780     79.232   -51.044
630.824     79.346   -51.943
640.000     79.453   -53.122
649.309     79.565   -54.436
658.753     79.660   -55.970
668.335     79.738   -57.623
678.056     79.802   -59.446
687.919     79.846   -61.378
697.925     79.884   -63.447
708.077     79.883   -65.617
718.376     79.863   -67.941
728.825     79.809   -70.293
739.426     79.730   -72.729
750.181     79.617   -75.162
761.093     79.475   -77.643
772.163     79.294   -80.050
783.394     79.085   -82.459
794.789     78.849   -84.707
806.349     78.570   -86.923
818.078     78.257   -88.945
829.977     77.916   -90.818
842.050     77.559   -92.376
854.298     77.174   -93.757
866.724     76.783   -94.740
879.330     76.382   -95.466
892.120     75.998   -95.777
905.097     75.629   -95.816
918.262     75.315   -95.515
931.618     75.028   -95.078
945.169     74.806   -94.447
958.917     74.631   -93.841
972.864     74.519   -93.291
987.015     74.426   -92.953
1001.37     74.375   -92.742
1015.94     74.337   -92.828
1030.71     74.327   -93.033
1045.71     74.329   -93.591
1060.92     74.333   -94.420
1076.35     74.288   -95.533
1092.00     74.226   -96.677
1107.89     74.163   -97.833
1124.00     74.063   -99.133
1140.35     73.927  -100.558
1156.94     73.787  -101.775
1173.77     73.601  -102.861
1190.84     73.397  -103.831
1208.16     73.199  -104.528
1225.73     73.019  -105.079
1243.56     72.881  -105.472
1261.65     72.763  -105.875
1280.00     72.679  -106.269
1298.62     72.614  -106.828
1317.51     72.559  -107.422
1336.67     72.523  -108.131
1356.11     72.499  -108.957
1375.84     72.487  -109.984
1395.85     72.482  -111.058
1416.15     72.468  -112.296
1436.75     72.456  -113.675
1457.65     72.447  -115.289
1478.85     72.423  -116.974
1500.36     72.387  -118.710
1522.19     72.341  -120.557
1544.33     72.278  -122.483
1566.79     72.200  -124.337
1589.58     72.096  -126.284
1612.70     71.992  -128.067
1636.16     71.892  -129.762
1659.95     71.811  -131.321
1684.10     71.738  -132.891
1708.60     71.709  -134.432
1733.45     71.709  -136.058
1758.66     71.755  -137.937
1784.24     71.809  -140.277
1810.19     71.859  -142.960
1836.52     71.868  -145.989
1863.24     71.829  -149.182
1890.34     71.732  -152.401
1917.83     71.587  -155.577
1945.73     71.396  -158.496
1974.03     71.184  -160.983
2002.74     70.983  -163.111
2031.87     70.843  -164.872
2061.43     70.780  -166.549
2091.41     70.790  -168.448
2121.83     70.840  -170.806
2152.69     70.895  -173.626
2184.01     70.915  -176.817
2215.77     70.883   179.846
2248.00     70.786   176.475
2280.70     70.645   173.295
2313.87     70.497   170.468
2347.53     70.385   167.929
2381.68     70.321   165.429
2416.32     70.296   162.760
2451.46     70.275   159.704
2487.12     70.225   156.219
2523.30     70.112   152.526
2560.00     69.927   148.887
2597.24     69.678   145.499
2635.01     69.384   142.527
2673.34     69.034   139.920
2712.23     68.682   137.839
2751.68     68.344   136.309
2791.70     68.041   135.358
2832.31     67.807   134.913
2873.50     67.671   134.803
2915.30     67.654   134.628
2957.70     67.729   133.954
3000.72     67.830   132.622
3044.37     67.898   130.788
3088.65     67.905   128.755
3133.58     67.867   126.732
3179.16     67.813   124.744
3225.40     67.758   122.662
3272.31     67.651   120.306
3319.91     67.432   117.826
3368.20     67.088   115.834
3417.19     66.680   114.853
3466.89     66.307   115.091
3517.32     66.047   116.245
3568.48     65.957   117.548
3620.39     65.982   118.511
3673.05     66.070   119.225
3726.47     66.223   119.739
3780.67     66.441   119.759
3835.67     66.678   118.972
3891.46     66.837   117.478
3948.06     66.851   115.926
4005.49     66.802   115.112
4063.75     66.848   114.954
4122.86     67.041   114.367
4182.82     67.245   112.410
4243.66     67.251   109.391
4305.39     66.971   106.744
4368.01     66.545   105.834
4431.55     66.219   106.761
4496.01     66.135   108.195
4561.40     66.191   108.865
4627.75     66.236   108.866
4695.06     66.241   108.734
4763.35     66.263   108.572
4832.64     66.285   108.187
4902.93     66.289   107.621
4974.24     66.278   106.847
5046.60     66.206   105.680
5120.00     65.994   104.436
5194.47     65.615   104.066
5270.03     65.213   105.399
5346.68     65.013   108.025
5424.45     65.074   110.455
5503.35     65.253   111.861
5583.40     65.441   112.465
5664.61     65.639   112.271
5747.01     65.758   110.930
5830.60     65.625   109.011
5915.41     65.234   108.164
6001.45     64.816   109.375
6088.74     64.610   111.718
6177.30     64.625   113.527
6267.15     64.669   114.345
6358.31     64.624   114.757
6450.80     64.520   115.445
6544.62     64.432   116.441
6639.82     64.345   117.448
6736.40     64.230   118.669
6834.38     64.206   120.031
6933.79     64.265   120.535
7034.64     64.182   119.765
7136.96     63.838   119.522
7240.77     63.472   120.941
7346.09     63.184   122.710
7452.94     62.833   125.201
7561.35     62.673   129.509
7671.33     62.905   132.849
7782.91     63.139   134.086
7896.12     63.303   135.021
8010.97     63.482   134.982
8127.49     63.431   134.249
8245.71     63.273   134.548
8365.65     63.141   134.009
8487.33     62.643   132.763
8610.78     61.808   134.859
8736.03     61.281   141.702
8863.09     61.611   148.883
8992.01     62.257   150.798
9122.80     62.448   149.243
9255.50     62.242   148.096
9390.12     61.879   148.889
9526.70     61.529   151.686
9665.27     61.327   155.857
9805.86     61.473   160.196
9948.49     61.874   162.494
10093.2     62.196   162.992
10240.0     62.340   163.292
10388.9     62.628   162.847
10540.1     62.640   158.717
10693.4     61.889   155.425
10848.9     60.727   156.107
11006.7     59.806   163.381
11166.8     59.913   169.500
11329.2     60.101   172.607
11494.0     60.366   173.149
11661.2     60.133   171.911
11830.8     59.357   171.092
12002.9     58.314   175.038
12177.5     58.016  -178.849
12354.6     57.948  -174.625
12534.3     57.948  -171.834
12716.6     57.803  -171.344
12901.6     57.155  -170.243
13089.2     56.357  -165.654
13279.6     55.778  -159.570
13472.8     55.581  -152.030
13668.8     55.947  -147.489
13867.6     56.197  -147.160
14069.3     55.625  -149.815
14273.9     54.417  -146.818
14481.5     53.433  -138.752
14692.2     53.166  -130.613
14905.9     53.335  -124.222
15122.7     53.142  -122.138
15342.7     52.698  -117.211
15565.8     51.853  -109.043
15792.2     51.641   -95.733
16021.9     52.850   -88.630
16255.0     53.241   -87.553
16491.4     52.737   -85.238
16731.3     52.400   -77.746
16974.7     52.682   -69.295
17221.6     53.114   -63.829
17472.1     53.318   -61.869
17726.2     52.922   -56.498
17984.0     53.298   -47.111
18245.6     54.211   -40.828
18511.0     55.014   -39.796
18780.2     55.330   -38.564
19053.4     55.474   -35.631
19330.5     56.061   -33.342
19611.7     56.406   -33.074
19897.0     56.977   -33.373
20186.4     56.829   -36.652
20480.0     56.368   -37.429
20777.9     56.155   -38.153
21080.1     55.150   -38.292
21386.7     54.146   -30.420
21697.8     54.808   -24.836
22013.4     54.258   -25.918
22333.6     53.511   -21.375
22658.4     53.320    -8.885
22988.0     54.502    -3.416
23322.4     55.178    -3.413
23661.6     55.390    -1.837
24005.8     56.100    -2.481
24355.0     56.085    -1.629
24709.2     56.822     0.465
25068.6     57.959    -2.177
25433.2     58.930   -10.715
25803.2     58.999   -24.201
26178.5     57.873   -35.666
26559.3     56.147   -41.344
26945.6     54.470   -43.048
27337.5     52.793   -36.617
27735.2     52.651   -33.442
28138.6     51.998   -34.256
28547.9     51.034   -36.608
28963.1     49.497   -37.148
29384.4     47.493   -33.671
29811.8     45.594   -24.076
30245.4     44.651    -9.655
30685.3     45.041     2.249
31131.7     46.162     8.177
31584.5     46.486     7.595
32043.9     46.911     4.435
32510.0     45.756    -0.678
32982.8     43.704     2.828
33462.6     45.245    22.564
33949.3     46.620     6.750
34443.1     46.255   -10.092
34944.1     43.538   -22.424
35452.4     40.982   -31.354
35968.0     38.242   -36.434
36491.2     35.746   -35.805
37022.0     36.152   -48.322
37560.5     35.314   -68.536
38106.8     32.127   -94.305
38661.1     31.912   -87.727
39223.4     33.134  -110.332
39793.9     32.231  -138.507
