Freq[Hz]     dBSPL  Phase[Deg]
5.00000     37.204  -112.122
5.07273     37.344  -115.437
5.14651     37.493  -118.952
5.22137     37.623  -121.985
5.29732     37.771  -124.981
5.37437     37.919  -127.801
5.45254     38.080  -130.503
5.53185     38.238  -133.036
5.61231     38.406  -135.395
5.69394     38.615  -137.694
5.77676     38.784  -139.539
5.86079     39.008  -141.513
5.94604     39.246  -143.270
6.03252     39.496  -144.923
6.12027     39.756  -146.469
6.20929     40.037  -148.027
6.29961     40.336  -149.480
6.39124     40.621  -150.894
6.48420     40.934  -152.327
6.57851     41.257  -153.792
6.67420     41.585  -155.303
6.77128     41.889  -156.672
6.86977     42.243  -158.261
6.96969     42.542  -159.703
7.07107     42.875  -161.324
7.17392     43.205  -162.864
7.27827     43.511  -164.352
7.38413     43.785  -165.754
7.49154     44.092  -167.285
7.60050     44.376  -168.692
7.71105     44.656  -170.151
7.82321     44.950  -171.533
7.93701     45.222  -172.871
8.05245     45.481  -174.149
8.16958     45.746  -175.394
8.28841     45.999  -176.652
8.40896     46.250  -177.807
8.53128     46.503  -179.036
8.65537     46.781   179.733
8.78126     47.007   178.594
8.90899     47.268   177.431
9.03857     47.500   176.253
9.17004     47.717   175.119
9.30342     47.953   173.968
9.43874     48.135   172.925
9.57603     48.369   171.867
9.71532     48.556   170.865
9.85663     48.745   169.919
10.0000     48.906   169.064
10.1455     49.094   168.266
10.2930     49.290   167.549
10.4427     49.442   166.953
10.5946     49.645   166.386
10.7487     49.804   165.926
10.9051     50.022   165.446
11.0637     50.231   165.001
11.2246     50.430   164.562
11.3879     50.649   164.137
11.5535     50.896   163.615
11.7216     51.109   163.081
11.8921     51.356   162.448
12.0650     51.583   161.800
12.2405     51.809   161.076
12.4186     52.015   160.293
12.5992     52.233   159.454
12.7825     52.436   158.576
12.9684     52.619   157.726
13.1570     52.788   156.807
13.3484     52.960   155.904
13.5426     53.099   155.019
13.7395     53.223   154.178
13.9394     53.331   153.368
14.1421     53.445   152.568
14.3478     53.543   151.810
14.5565     53.607   151.192
14.7683     53.666   150.636
14.9831     53.730   150.149
15.2010     53.778   149.760
15.4221     53.832   149.456
15.6464     53.872   149.264
15.8740     53.936   149.087
16.1049     53.962   149.068
16.3392     54.009   149.018
16.5768     54.033   149.010
16.8179     54.044   149.022
17.0626     54.074   148.937
17.3107     54.059   149.051
17.5625     54.004   149.279
17.8180     53.921   149.668
18.0771     53.814   150.345
18.3401     53.681   151.406
18.6068     53.556   152.790
18.8775     53.434   154.636
19.1521     53.331   157.087
19.4306     53.279   159.736
19.7133     53.285   162.938
20.0000     53.357   166.460
20.2909     53.514   170.157
20.5860     53.739   173.582
20.8855     54.023   176.646
21.1893     54.312   179.875
21.4975     54.624  -176.785
21.8102     54.972  -173.406
22.1274     55.338  -169.690
22.4492     55.794  -165.848
22.7758     56.304  -162.088
23.1071     56.895  -158.430
23.4432     57.582  -154.700
23.7841     58.367  -151.076
24.1301     59.213  -148.190
24.4811     60.137  -145.726
24.8372     61.120  -143.899
25.1984     62.152  -142.595
25.5649     63.165  -142.181
25.9368     64.211  -142.426
26.3141     65.205  -143.480
26.6968     66.166  -145.260
27.0851     67.006  -147.680
27.4791     67.705  -150.449
27.8788     68.281  -153.190
28.2843     68.748  -155.305
28.6957     69.139  -156.595
29.1131     69.597  -156.900
29.5365     70.171  -156.615
29.9661     70.910  -156.378
30.4020     71.750  -156.793
30.8442     72.671  -158.210
31.2929     73.582  -160.583
31.7480     74.411  -163.684
32.2098     75.245  -167.750
32.6783     76.003  -172.246
33.1536     76.659  -176.747
33.6359     77.236   178.708
34.1251     77.689   174.560
34.6215     78.069   170.624
35.1250     78.399   166.803
35.6359     78.715   162.794
36.1543     79.001   158.899
36.6802     79.264   155.051
37.2137     79.482   151.250
37.7550     79.648   147.635
38.3041     79.775   144.186
38.8613     79.870   140.881
39.4265     79.944   137.854
40.0000     80.002   135.020
40.5818     80.059   132.451
41.1721     80.119   130.000
41.7710     80.188   127.689
42.3785     80.259   125.470
42.9949     80.335   123.313
43.6203     80.410   121.227
44.2548     80.492   119.215
44.8985     80.569   117.246
45.5515     80.656   115.288
46.2141     80.732   113.357
46.8863     80.815   111.412
47.5683     80.887   109.514
48.2602     80.954   107.667
48.9621     81.015   105.878
49.6743     81.078   104.154
50.3968     81.152   102.444
51.1299     81.218   100.718
51.8736     81.271    99.021
52.6281     81.328    97.366
53.3936     81.383    95.769
54.1702     81.431    94.199
54.9581     81.485    92.664
55.7575     81.532    91.161
56.5685     81.571    89.710
57.3914     81.613    88.318
58.2261     81.662    86.992
59.0730     81.718    85.643
59.9323     81.773    84.313
60.8040     81.824    82.941
61.6884     81.872    81.542
62.5857     81.917    80.191
63.4960     81.951    78.929
64.4196     81.990    77.712
65.3566     82.029    76.531
66.3073     82.077    75.359
67.2717     82.128    74.190
68.2502     82.177    73.037
69.2429     82.236    71.902
70.2501     82.295    70.748
71.2719     82.351    69.571
72.3086     82.411    68.368
73.3603     82.461    67.157
74.4274     82.507    65.939
75.5099     82.548    64.722
76.6083     82.589    63.514
77.7226     82.617    62.338
78.8531     82.648    61.214
80.0000     82.675    60.125
81.1636     82.707    59.080
82.3442     82.741    58.056
83.5419     82.777    57.058
84.7570     82.815    56.047
85.9899     82.854    55.046
87.2406     82.895    54.061
88.5096     82.941    53.086
89.7970     82.992    52.101
91.1031     83.048    51.090
92.4282     83.102    50.002
93.7726     83.157    48.855
95.1366     83.199    47.679
96.5204     83.230    46.449
97.9243     83.242    45.257
99.3486     83.250    44.173
100.794     83.251    43.165
102.260     83.267    42.201
103.747     83.283    41.271
105.256     83.311    40.333
106.787     83.334    39.338
108.340     83.348    38.313
109.916     83.360    37.328
111.515     83.363    36.385
113.137     83.364    35.506
114.783     83.365    34.726
116.452     83.379    34.044
118.146     83.405    33.379
119.865     83.463    32.685
121.608     83.524    31.894
123.377     83.598    30.967
125.171     83.654    29.910
126.992     83.705    28.801
128.839     83.735    27.676
130.713     83.767    26.562
132.615     83.784    25.465
134.543     83.800    24.351
136.500     83.799    23.246
138.486     83.802    22.222
140.500     83.801    21.219
142.544     83.803    20.299
144.617     83.806    19.435
146.721     83.838    18.510
148.855     83.874    17.428
151.020     83.892    16.176
153.217     83.874    14.812
155.445     83.813    13.544
157.706     83.723    12.619
160.000     83.657    12.119
162.327     83.644    11.801
164.688     83.688    11.301
167.084     83.741    10.494
169.514     83.777     9.471
171.980     83.784     8.317
174.481     83.770     7.230
177.019     83.743     6.275
179.594     83.725     5.365
182.206     83.706     4.484
184.856     83.680     3.606
187.545     83.655     2.792
190.273     83.627     2.027
193.041     83.612     1.291
195.849     83.602     0.582
198.697     83.598    -0.101
201.587     83.602    -0.813
204.520     83.623    -1.647
207.494     83.637    -2.651
210.512     83.628    -3.687
213.574     83.599    -4.651
216.681     83.547    -5.514
219.833     83.503    -6.134
223.030     83.493    -6.632
226.274     83.524    -7.279
229.565     83.552    -8.138
232.905     83.560    -9.029
236.292     83.575   -10.175
239.729     83.529   -11.391
243.216     83.443   -12.284
246.754     83.388   -12.879
250.343     83.327   -13.397
253.984     83.300   -13.646
257.678     83.327   -14.043
261.426     83.349   -14.529
265.229     83.388   -15.042
269.087     83.448   -15.749
273.001     83.523   -16.516
276.972     83.588   -17.511
281.000     83.633   -18.677
285.088     83.669   -19.987
289.234     83.673   -21.521
293.441     83.609   -22.962
297.709     83.517   -24.129
302.040     83.402   -25.047
306.433     83.348   -25.448
310.890     83.360   -25.741
315.412     83.402   -26.408
320.000     83.429   -27.305
324.655     83.445   -28.288
329.377     83.449   -29.312
334.168     83.447   -30.328
339.028     83.435   -31.392
343.959     83.394   -32.547
348.962     83.294   -33.691
354.038     83.191   -33.991
359.188     83.243   -33.879
364.412     83.383   -34.316
369.713     83.550   -35.403
375.090     83.648   -36.921
380.546     83.675   -38.395
386.081     83.685   -39.606
391.697     83.758   -40.783
397.394     83.809   -42.528
403.175     83.818   -44.287
409.039     83.755   -46.027
414.989     83.626   -47.332
421.025     83.512   -47.705
427.149     83.551   -47.763
433.362     83.686   -48.431
439.665     83.831   -49.502
446.060     83.939   -51.178
452.548     83.998   -53.007
459.131     84.019   -54.900
465.809     84.002   -56.565
472.584     83.996   -58.078
479.458     83.992   -59.857
486.432     83.928   -61.580
493.507     83.891   -63.099
500.686     83.834   -64.630
507.968     83.775   -66.057
515.357     83.742   -67.419
522.853     83.690   -68.914
530.458     83.633   -70.431
538.174     83.570   -71.942
546.002     83.488   -73.422
553.943     83.411   -74.873
562.001     83.306   -76.256
570.175     83.222   -77.575
578.469     83.132   -78.845
586.883     83.040   -80.134
595.419     82.946   -81.360
604.080     82.852   -82.619
612.866     82.754   -83.814
621.780     82.658   -85.049
630.824     82.568   -86.176
640.000     82.470   -87.413
649.309     82.381   -88.610
658.753     82.277   -89.854
668.335     82.169   -91.043
678.056     82.057   -92.233
687.919     81.940   -93.375
697.925     81.835   -94.496
708.077     81.712   -95.580
718.376     81.592   -96.665
728.825     81.468   -97.668
739.426     81.346   -98.633
750.181     81.225   -99.522
761.093     81.110  -100.377
772.163     80.999  -101.139
783.394     80.900  -101.894
794.789     80.819  -102.548
806.349     80.742  -103.248
818.078     80.674  -103.917
829.977     80.621  -104.635
842.050     80.590  -105.324
854.298     80.561  -106.141
866.724     80.550  -106.960
879.330     80.537  -107.923
892.120     80.536  -108.927
905.097     80.527  -110.077
918.262     80.537  -111.297
931.618     80.520  -112.675
945.169     80.503  -114.080
958.917     80.466  -115.577
972.864     80.424  -117.090
987.015     80.343  -118.633
1001.37     80.258  -120.060
1015.94     80.156  -121.460
1030.71     80.069  -122.669
1045.71     79.993  -123.902
1060.92     79.934  -125.140
1076.35     79.852  -126.405
1092.00     79.787  -127.567
1107.89     79.749  -128.758
1124.00     79.716  -130.043
1140.35     79.695  -131.499
1156.94     79.681  -133.010
1173.77     79.636  -134.599
1190.84     79.597  -136.334
1208.16     79.555  -138.093
1225.73     79.512  -140.000
1243.56     79.479  -141.982
1261.65     79.426  -144.174
1280.00     79.374  -146.551
1298.62     79.289  -149.161
1317.51     79.163  -151.754
1336.67     79.019  -154.496
1356.11     78.841  -157.317
1375.84     78.640  -160.229
1395.85     78.418  -163.017
1416.15     78.160  -165.835
1436.75     77.882  -168.656
1457.65     77.595  -171.537
1478.85     77.290  -174.313
1500.36     76.988  -177.078
1522.19     76.708  -179.862
1544.33     76.445   177.204
1566.79     76.210   174.125
1589.58     75.996   170.615
1612.70     75.826   166.658
1636.16     75.675   162.066
1659.95     75.538   156.891
1684.10     75.387   150.852
1708.60     75.249   144.228
1733.45     75.075   137.166
1758.66     74.947   129.508
1784.24     74.824   121.277
1810.19     74.744   112.893
1836.52     74.702   104.408
1863.24     74.739    96.148
1890.34     74.854    88.107
1917.83     75.082    80.372
1945.73     75.383    72.907
1974.03     75.732    65.860
2002.74     76.129    59.057
2031.87     76.544    52.758
2061.43     76.958    46.904
2091.41     77.355    41.468
2121.83     77.732    36.511
2152.69     78.096    32.149
2184.01     78.454    28.262
2215.77     78.815    24.832
2248.00     79.166    21.613
2280.70     79.510    18.566
2313.87     79.829    15.678
2347.53     80.122    13.026
2381.68     80.386    10.625
2416.32     80.626     8.544
2451.46     80.855     6.703
2487.12     81.095     5.029
2523.30     81.337     3.393
2560.00     81.573     1.698
2597.24     81.771    -0.087
2635.01     81.913    -1.859
2673.34     81.981    -3.586
2712.23     81.990    -4.933
2751.68     81.969    -5.784
2791.70     81.950    -6.170
2832.31     81.948    -6.270
2873.50     81.958    -6.266
2915.30     81.963    -6.260
2957.70     81.949    -6.139
3000.72     81.918    -5.754
3044.37     81.891    -5.092
3088.65     81.891    -4.275
3133.58     81.915    -3.565
3179.16     81.930    -3.145
3225.40     81.896    -2.828
3272.31     81.784    -2.425
3319.91     81.605    -1.665
3368.20     81.416    -0.370
3417.19     81.253     1.266
3466.89     81.111     2.959
3517.32     80.935     4.499
3568.48     80.702     6.142
3620.39     80.412     8.156
3673.05     80.081    10.679
3726.47     79.722    13.741
3780.67     79.329    17.422
3835.67     78.931    22.104
3891.46     78.602    28.073
3948.06     78.468    34.957
4005.49     78.576    41.733
4063.75     78.825    47.673
4122.86     79.106    52.983
4182.82     79.426    58.006
4243.66     79.829    62.525
4305.39     80.254    65.977
4368.01     80.592    68.386
4431.55     80.772    70.297
4496.01     80.793    72.406
4561.40     80.712    75.146
4627.75     80.598    78.650
4695.06     80.508    82.745
4763.35     80.472    87.079
4832.64     80.444    91.401
4902.93     80.401    95.879
4974.24     80.383   100.617
5046.60     80.398   105.262
5120.00     80.392   109.631
5194.47     80.291   114.136
5270.03     80.140   119.362
5346.68     80.046   125.328
5424.45     80.063   131.536
5503.35     80.150   137.537
5583.40     80.259   143.283
5664.61     80.392   148.729
5747.01     80.506   153.616
5830.60     80.507   158.134
5915.41     80.376   163.119
6001.45     80.221   169.158
6088.74     80.178   175.817
6177.30     80.186  -177.829
6267.15     80.204  -171.880
6358.31     80.112  -166.150
6450.80     79.921  -159.702
6544.62     79.783  -152.232
6639.82     79.752  -144.593
6736.40     79.730  -137.044
6834.38     79.754  -129.236
6933.79     79.853  -121.623
7034.64     79.932  -114.486
7136.96     79.969  -107.256
7240.77     80.027   -99.979
7346.09     80.031   -93.247
7452.94     79.876   -86.199
7561.35     79.731   -77.795
7671.33     79.738   -69.492
7782.91     79.679   -61.848
7896.12     79.504   -53.517
8010.97     79.295   -44.433
8127.49     79.087   -33.906
8245.71     79.225   -22.155
8365.65     79.645   -12.676
8487.33     79.843    -5.009
8610.78     79.846     3.238
8736.03     79.784    12.176
8863.09     79.794    21.948
8992.01     79.936    31.066
9122.80     79.908    39.343
9255.50     79.727    48.503
9390.12     79.550    58.578
9526.70     79.351    69.324
9665.27     79.257    81.466
9805.86     79.480    93.431
9948.49     79.754   103.456
10093.2     79.802   112.059
10240.0     79.417   122.057
10388.9     79.339   135.271
10540.1     79.494   146.263
10693.4     79.388   157.468
10848.9     79.283   169.345
11006.7     79.384  -177.514
11166.8     79.626  -167.493
11329.2     79.392  -156.745
11494.0     79.267  -144.858
11661.2     79.137  -132.523
11830.8     78.971  -120.755
12002.9     78.686  -106.634
12177.5     78.765   -92.788
12354.6     78.752   -79.978
12534.3     78.682   -67.656
12716.6     78.446   -55.235
12901.6     78.034   -41.572
13089.2     77.780   -25.245
13279.6     77.898   -10.380
13472.8     77.744     3.331
13668.8     77.538    18.209
13867.6     77.483    33.293
14069.3     77.180    47.310
14273.9     76.874    63.825
14481.5     76.702    80.638
14692.2     76.596    96.253
14905.9     76.372   112.911
15122.7     76.104   130.127
15342.7     76.116   146.680
15565.8     75.765   163.136
15792.2     75.311  -177.936
16021.9     75.377  -158.854
16255.0     75.240  -140.741
16491.4     75.058  -122.093
16731.3     74.834  -104.572
16974.7     74.446   -84.677
17221.6     74.293   -62.692
17472.1     74.476   -41.593
17726.2     74.607   -22.966
17984.0     74.400    -3.633
18245.6     74.317    18.156
18511.0     74.679    40.372
18780.2     75.006    58.946
19053.4     74.755    77.150
19330.5     74.598    98.111
19611.7     74.489   119.908
19897.0     74.760   141.414
20186.4     74.710   158.792
20480.0     74.205   177.783
20777.9     73.525  -161.890
21080.1     72.477  -137.776
21386.7     71.813  -105.678
21697.8     73.033   -75.388
22013.4     73.115   -58.013
22333.6     72.534   -32.998
22658.4     72.269    -2.329
22988.0     72.906    23.365
23322.4     73.207    48.115
23661.6     73.727    76.741
24005.8     75.109   101.919
24355.0     76.023   120.959
24709.2     77.046   142.901
25068.6     78.409   159.148
25433.2     79.157   166.813
25803.2     78.594   170.592
26178.5     76.374   176.659
26559.3     73.221  -167.353
26945.6     69.955  -150.799
27337.5     64.821   -87.338
27735.2     63.284     1.070
28138.6     63.684    29.489
28547.9     63.889    58.236
28963.1     63.841    96.331
29384.4     65.113   140.066
29811.8     68.209   176.845
30245.4     71.432  -158.296
30685.3     73.876  -140.154
31131.7     75.010  -128.098
31584.5     74.526  -111.937
32043.9     73.585   -91.346
32510.0     71.846   -62.792
32982.8     70.841   -23.679
33462.6     73.250     8.001
33949.3     72.689    21.174
34443.1     70.796    43.313
34944.1     68.270    78.793
35452.4     66.238   112.920
35968.0     64.621   154.608
36491.2     64.849  -162.651
37022.0     64.985  -136.493
37560.5     63.568  -115.953
38106.8     56.783   -77.115
38661.1     55.550    -8.034
39223.4     58.472    38.833
39793.9     60.121    62.600
