Freq[Hz]     dBSPL  Phase[Deg]
5.00000     37.480  -111.783
5.07273     37.620  -115.093
5.14651     37.769  -118.603
5.22137     37.899  -121.631
5.29732     38.047  -124.622
5.37437     38.196  -127.437
5.45254     38.357  -130.133
5.53185     38.514  -132.661
5.61231     38.683  -135.014
5.69394     38.891  -137.308
5.77676     39.060  -139.147
5.86079     39.285  -141.116
5.94604     39.523  -142.867
6.03252     39.773  -144.514
6.12027     40.033  -146.055
6.20929     40.314  -147.606
6.29961     40.613  -149.053
6.39124     40.898  -150.461
6.48420     41.210  -151.888
6.57851     41.534  -153.346
6.67420     41.861  -154.851
6.77128     42.166  -156.213
6.86977     42.519  -157.796
6.96969     42.818  -159.230
7.07107     43.152  -160.845
7.17392     43.482  -162.378
7.27827     43.788  -163.859
7.38413     44.062  -165.253
7.49154     44.369  -166.777
7.60050     44.652  -168.177
7.71105     44.932  -169.628
7.82321     45.227  -171.003
7.93701     45.498  -172.333
8.05245     45.758  -173.603
8.16958     46.022  -174.840
8.28841     46.276  -176.091
8.40896     46.527  -177.237
8.53128     46.779  -178.458
8.65537     47.057  -179.681
8.78126     47.284   179.189
8.90899     47.545   178.035
9.03857     47.777   176.865
9.17004     47.994   175.741
9.30342     48.229   174.599
9.43874     48.411   173.565
9.57603     48.646   172.516
9.71532     48.833   171.524
9.85663     49.021   170.587
10.0000     49.183   169.742
10.1455     49.370   168.954
10.2930     49.567   168.246
10.4427     49.718   167.661
10.5946     49.922   167.104
10.7487     50.081   166.654
10.9051     50.299   166.185
11.0637     50.507   165.751
11.2246     50.707   165.323
11.3879     50.926   164.909
11.5535     51.172   164.398
11.7216     51.386   163.875
11.8921     51.632   163.254
12.0650     51.859   162.618
12.2405     52.086   161.906
12.4186     52.292   161.135
12.5992     52.509   160.308
12.7825     52.712   159.443
12.9684     52.896   158.605
13.1570     53.064   157.699
13.3484     53.237   156.809
13.5426     53.375   155.937
13.7395     53.500   155.109
13.9394     53.608   154.313
14.1421     53.722   153.526
14.3478     53.819   152.782
14.5565     53.884   152.179
14.7683     53.943   151.637
14.9831     54.007   151.165
15.2010     54.055   150.791
15.4221     54.108   150.501
15.6464     54.149   150.325
15.8740     54.212   150.163
16.1049     54.239   150.160
16.3392     54.286   150.126
16.5768     54.310   150.134
16.8179     54.321   150.162
17.0626     54.351   150.094
17.3107     54.336   150.224
17.5625     54.280   150.469
17.8180     54.197   150.876
18.0771     54.090   151.571
18.3401     53.957   152.649
18.6068     53.833   154.051
18.8775     53.711   155.915
19.1521     53.608   158.385
19.4306     53.556   161.053
19.7133     53.562   164.274
20.0000     53.633   167.815
20.2909     53.790   171.532
20.5860     54.016   174.977
20.8855     54.300   178.062
21.1893     54.589  -178.688
21.4975     54.900  -175.328
21.8102     55.249  -171.928
22.1274     55.614  -168.190
22.4492     56.071  -164.326
22.7758     56.581  -160.544
23.1071     57.171  -156.864
23.4432     57.858  -153.111
23.7841     58.643  -149.464
24.1301     59.490  -146.554
24.4811     60.414  -144.066
24.8372     61.396  -142.215
25.1984     62.428  -140.887
25.5649     63.442  -140.448
25.9368     64.487  -140.668
26.3141     65.482  -141.696
26.6968     66.443  -143.451
27.0851     67.283  -145.844
27.4791     67.982  -148.586
27.8788     68.557  -151.301
28.2843     69.025  -153.388
28.6957     69.416  -154.650
29.1131     69.874  -154.926
29.5365     70.447  -154.613
29.9661     71.186  -154.347
30.4020     72.027  -154.733
30.8442     72.947  -156.119
31.2929     73.859  -158.462
31.7480     74.688  -161.532
32.2098     75.522  -165.566
32.6783     76.279  -170.031
33.1536     76.936  -174.500
33.6359     77.513  -179.012
34.1251     77.966   176.873
34.6215     78.345   172.970
35.1250     78.675   169.184
35.6359     78.992   165.210
36.1543     79.277   161.349
36.6802     79.541   157.537
37.2137     79.757   153.773
37.7550     79.923   150.194
38.3041     80.051   146.782
38.8613     80.146   143.515
39.4265     80.219   140.525
40.0000     80.276   137.731
40.5818     80.332   135.201
41.1721     80.392   132.788
41.7710     80.459   130.517
42.3785     80.529   128.339
42.9949     80.604   126.222
43.6203     80.678   124.178
44.2548     80.759   122.207
44.8985     80.834   120.280
45.5515     80.920   118.365
46.2141     80.994   116.478
46.8863     81.076   114.575
47.5683     81.145   112.721
48.2602     81.211   110.919
48.9621     81.271   109.174
49.6743     81.331   107.495
50.3968     81.402   105.831
51.1299     81.467   104.150
51.8736     81.518   102.501
52.6281     81.573   100.893
53.3936     81.625    99.343
54.1702     81.671    97.821
54.9581     81.723    96.334
55.7575     81.767    94.880
56.5685     81.803    93.478
57.3914     81.842    92.136
58.2261     81.888    90.859
59.0730     81.941    89.561
59.9323     81.993    88.283
60.8040     82.041    86.961
61.6884     82.086    85.614
62.5857     82.128    84.315
63.4960     82.159    83.105
64.4196     82.195    81.943
65.3566     82.230    80.814
66.3073     82.274    79.696
67.2717     82.321    78.581
68.2502     82.366    77.484
69.2429     82.423    76.404
70.2501     82.478    75.306
71.2719     82.530    74.184
72.3086     82.586    73.038
73.3603     82.632    71.884
74.4274     82.674    70.723
75.5099     82.710    69.565
76.6083     82.748    68.415
77.7226     82.771    67.298
78.8531     82.798    66.233
80.0000     82.820    65.203
81.1636     82.847    64.219
82.3442     82.877    63.256
83.5419     82.908    62.319
84.7570     82.941    61.369
85.9899     82.975    60.430
87.2406     83.012    59.507
88.5096     83.052    58.595
89.7970     83.098    57.674
91.1031     83.149    56.726
92.4282     83.199    55.703
93.7726     83.249    54.620
95.1366     83.286    53.510
96.5204     83.311    52.345
97.9243     83.318    51.220
99.3486     83.320    50.203
100.794     83.315    49.263
102.260     83.325    48.364
103.747     83.336    47.504
105.256     83.358    46.633
106.787     83.376    45.707
108.340     83.383    44.753
109.916     83.390    43.838
111.515     83.387    42.965
113.137     83.381    42.156
114.783     83.376    41.448
116.452     83.384    40.839
118.146     83.403    40.247
119.865     83.454    39.627
121.608     83.508    38.909
123.377     83.575    38.057
125.171     83.624    37.074
126.992     83.669    36.040
128.839     83.692    34.993
130.713     83.716    33.954
132.615     83.726    32.935
134.543     83.734    31.898
136.500     83.726    30.872
138.486     83.721    29.927
140.500     83.713    29.003
142.544     83.707    28.163
144.617     83.702    27.381
146.721     83.725    26.537
148.855     83.752    25.537
151.020     83.763    24.367
153.217     83.736    23.088
155.445     83.665    21.905
157.706     83.566    21.064
160.000     83.491    20.650
162.327     83.469    20.420
164.688     83.503    20.007
167.084     83.547    19.288
169.514     83.572    18.355
171.980     83.570    17.290
174.481     83.545    16.295
177.019     83.508    15.432
179.594     83.479    14.616
182.206     83.447    13.830
184.856     83.411    13.046
187.545     83.374    12.330
190.273     83.334    11.664
193.041     83.306    11.026
195.849     83.283    10.418
198.697     83.267     9.838
201.587     83.258     9.230
204.520     83.264     8.501
207.494     83.265     7.606
210.512     83.240     6.679
213.574     83.197     5.826
216.681     83.129     5.077
219.833     83.069     4.573
223.030     83.043     4.194
226.274     83.057     3.668
229.565     83.068     2.932
232.905     83.058     2.169
236.292     83.055     1.153
239.729     82.991     0.070
243.216     82.886    -0.685
246.754     82.810    -1.139
250.343     82.728    -1.511
253.984     82.681    -1.610
257.678     82.684    -1.852
261.426     82.685    -2.178
265.229     82.702    -2.525
269.087     82.737    -3.061
273.001     82.789    -3.651
276.972     82.829    -4.460
281.000     82.848    -5.435
285.088     82.859    -6.548
289.234     82.837    -7.874
293.441     82.745    -9.100
297.709     82.626   -10.044
302.040     82.484   -10.729
306.433     82.402   -10.887
310.890     82.385   -10.927
315.412     82.398   -11.332
320.000     82.396   -11.955
324.655     82.383   -12.655
329.377     82.357   -13.380
334.168     82.324   -14.089
339.028     82.284   -14.833
343.959     82.213   -15.656
348.962     82.084   -16.456
354.038     81.952   -16.400
359.188     81.976   -15.919
364.412     82.087   -15.972
369.713     82.227   -16.660
375.090     82.297   -17.765
380.546     82.298   -18.811
386.081     82.284   -19.579
391.697     82.334   -20.299
397.394     82.362   -21.568
403.175     82.350   -22.839
409.039     82.269   -24.075
414.989     82.124   -24.861
421.025     81.995   -24.701
427.149     82.022   -24.214
433.362     82.147   -24.320
439.665     82.284   -24.818
446.060     82.388   -25.906
452.548     82.445   -27.133
459.131     82.469   -28.418
465.809     82.457   -29.464
472.584     82.461   -30.355
479.458     82.470   -31.509
486.432     82.424   -32.606
493.507     82.409   -33.504
500.686     82.379   -34.422
507.968     82.350   -35.248
515.357     82.353   -36.023
522.853     82.340   -36.953
530.458     82.328   -37.933
538.174     82.313   -38.935
546.002     82.283   -39.948
553.943     82.260   -40.971
562.001     82.212   -41.980
570.175     82.187   -42.968
578.469     82.154   -43.973
586.883     82.120   -45.047
595.419     82.082   -46.132
604.080     82.039   -47.304
612.866     81.987   -48.485
621.780     81.932   -49.760
630.824     81.873   -50.995
640.000     81.797   -52.388
649.309     81.718   -53.793
658.753     81.613   -55.286
668.335     81.487   -56.762
678.056     81.346   -58.268
687.919     81.181   -59.743
697.925     81.010   -61.206
708.077     80.802   -62.616
718.376     80.577   -64.018
728.825     80.325   -65.281
739.426     80.054   -66.447
750.181     79.760   -67.429
761.093     79.451   -68.259
772.163     79.123   -68.813
783.394     78.792   -69.167
794.789     78.466   -69.162
806.349     78.141   -68.947
818.078     77.831   -68.394
829.977     77.553   -67.611
842.050     77.323   -66.515
854.298     77.134   -65.352
866.724     77.007   -64.018
879.330     76.928   -62.787
892.120     76.909   -61.602
905.097     76.927   -60.671
918.262     76.999   -59.956
931.618     77.071   -59.611
945.169     77.160   -59.495
958.917     77.237   -59.693
972.864     77.308   -60.087
987.015     77.333   -60.692
1001.37     77.343   -61.299
1015.94     77.322   -61.984
1030.71     77.297   -62.511
1045.71     77.270   -63.087
1060.92     77.244   -63.623
1076.35     77.183   -64.133
1092.00     77.131   -64.431
1107.89     77.112   -64.666
1124.00     77.101   -64.869
1140.35     77.112   -65.107
1156.94     77.152   -65.344
1173.77     77.184   -65.644
1190.84     77.246   -66.041
1208.16     77.329   -66.514
1225.73     77.430   -67.198
1243.56     77.556   -68.055
1261.65     77.673   -69.200
1280.00     77.801   -70.628
1298.62     77.901   -72.361
1317.51     77.954   -74.089
1336.67     77.992   -76.008
1356.11     78.001   -78.048
1375.84     77.986   -80.142
1395.85     77.948   -82.042
1416.15     77.883   -83.918
1436.75     77.801   -85.771
1457.65     77.709   -87.632
1478.85     77.607   -89.310
1500.36     77.508   -90.821
1522.19     77.420   -92.240
1544.33     77.343   -93.607
1566.79     77.286   -94.850
1589.58     77.240   -96.187
1612.70     77.226   -97.498
1636.16     77.233   -98.929
1659.95     77.263  -100.460
1684.10     77.288  -102.232
1708.60     77.328  -104.121
1733.45     77.353  -106.090
1758.66     77.392  -108.235
1784.24     77.414  -110.632
1810.19     77.427  -113.094
1836.52     77.416  -115.640
1863.24     77.393  -118.186
1890.34     77.355  -120.733
1917.83     77.320  -123.348
1945.73     77.269  -126.009
1974.03     77.200  -128.643
2002.74     77.119  -131.347
2031.87     77.032  -133.961
2061.43     76.938  -136.496
2091.41     76.839  -138.981
2121.83     76.738  -141.394
2152.69     76.648  -143.673
2184.01     76.573  -145.880
2215.77     76.520  -148.022
2248.00     76.477  -150.219
2280.70     76.452  -152.526
2313.87     76.432  -154.943
2347.53     76.417  -157.453
2381.68     76.392  -160.045
2416.32     76.352  -162.641
2451.46     76.294  -165.241
2487.12     76.230  -167.819
2523.30     76.163  -170.329
2560.00     76.104  -172.795
2597.24     76.046  -175.280
2635.01     75.982  -177.801
2673.34     75.883   179.551
2712.23     75.758   176.971
2751.68     75.606   174.577
2791.70     75.440   172.464
2832.31     75.274   170.616
2873.50     75.113   168.977
2915.30     74.960   167.482
2957.70     74.821   166.125
3000.72     74.691   164.950
3044.37     74.577   163.996
3088.65     74.498   163.212
3133.58     74.467   162.435
3179.16     74.477   161.433
3225.40     74.494   160.104
3272.31     74.470   158.533
3319.91     74.382   156.946
3368.20     74.253   155.662
3417.19     74.125   154.724
3466.89     74.016   153.995
3517.32     73.899   153.270
3568.48     73.757   152.639
3620.39     73.587   152.377
3673.05     73.433   152.775
3726.47     73.375   153.690
3780.67     73.435   154.449
3835.67     73.555   154.549
3891.46     73.626   154.136
3948.06     73.604   153.870
4005.49     73.596   154.345
4063.75     73.742   155.095
4122.86     74.030   154.968
4182.82     74.292   153.311
4243.66     74.341   150.704
4305.39     74.128   148.550
4368.01     73.798   147.916
4431.55     73.551   148.735
4496.01     73.479   149.966
4561.40     73.517   150.720
4627.75     73.560   150.963
4695.06     73.565   150.933
4763.35     73.538   150.843
4832.64     73.464   150.895
4902.93     73.378   151.345
4974.24     73.348   152.038
5046.60     73.359   152.485
5120.00     73.350   152.592
5194.47     73.269   152.759
5270.03     73.162   153.348
5346.68     73.096   154.240
5424.45     73.080   155.138
5503.35     73.075   155.799
5583.40     73.037   156.443
5664.61     73.017   157.198
5747.01     73.032   157.703
5830.60     73.007   157.626
5915.41     72.854   157.427
6001.45     72.580   157.946
6088.74     72.312   159.525
6177.30     72.154   161.439
6267.15     72.016   163.215
6358.31     71.829   165.345
6450.80     71.697   168.403
6544.62     71.797   171.910
6639.82     72.103   174.305
6736.40     72.368   175.064
6834.38     72.490   175.214
6933.79     72.514   175.194
7034.64     72.384   174.845
7136.96     72.067   175.180
7240.77     71.733   176.945
7346.09     71.467   179.153
7452.94     71.156  -177.781
7561.35     71.048  -172.822
7671.33     71.347  -168.706
7782.91     71.667  -166.855
7896.12     71.856  -165.640
8010.97     71.972  -164.941
8127.49     71.954  -164.121
8245.71     72.009  -162.636
8365.65     72.113  -162.780
8487.33     71.833  -163.907
8610.78     71.196  -162.846
8736.03     70.563  -158.329
8863.09     70.437  -151.401
8992.01     70.854  -146.581
9122.80     71.234  -144.802
9255.50     71.429  -144.383
9390.12     71.365  -144.274
9526.70     71.100  -143.048
9665.27     70.809  -140.396
9805.86     70.595  -136.371
9948.49     70.654  -131.178
10093.2     71.099  -127.778
10240.0     71.378  -126.639
10388.9     71.726  -125.910
10540.1     71.905  -128.249
10693.4     71.561  -130.528
10848.9     70.791  -131.581
11006.7     69.855  -127.563
11166.8     69.406  -122.497
11329.2     69.145  -115.470
11494.0     69.658  -110.848
11661.2     70.030  -110.833
11830.8     69.819  -113.803
12002.9     68.806  -113.531
12177.5     67.953  -108.902
12354.6     67.455  -102.058
12534.3     67.495   -95.917
12716.6     67.576   -93.427
12901.6     67.148   -92.357
13089.2     66.428   -88.998
13279.6     65.790   -83.692
13472.8     65.261   -75.845
13668.8     65.349   -67.372
13867.6     65.789   -63.200
14069.3     65.685   -62.853
14273.9     65.128   -60.803
14481.5     64.279   -56.480
14692.2     63.460   -49.764
14905.9     63.094   -39.842
15122.7     63.066   -33.071
15342.7     62.969   -29.067
15565.8     62.118   -22.763
15792.2     61.356   -10.660
16021.9     61.835     2.288
16255.0     62.608     9.649
16491.4     62.968    12.923
16731.3     62.643    17.939
16974.7     62.465    27.645
17221.6     62.823    38.354
17472.1     63.813    45.365
17726.2     64.224    47.699
17984.0     64.052    54.054
18245.6     64.660    64.192
18511.0     65.924    68.369
18780.2     66.481    68.207
19053.4     66.414    72.202
19330.5     67.061    76.223
19611.7     67.337    77.759
19897.0     67.837    79.857
20186.4     68.028    78.739
20480.0     67.785    79.307
20777.9     67.437    80.931
21080.1     66.855    84.253
21386.7     66.716    91.440
21697.8     67.242    93.518
22013.4     66.576    93.602
22333.6     65.861    98.524
22658.4     65.312   109.571
22988.0     66.021   119.368
23322.4     66.987   126.264
23661.6     68.298   127.619
24005.8     68.824   124.500
24355.0     68.616   124.698
24709.2     68.994   130.257
25068.6     70.292   131.375
25433.2     71.558   124.930
25803.2     71.865   112.128
26178.5     70.626   100.723
26559.3     68.869    97.062
26945.6     67.063    96.738
27337.5     65.295   106.268
27735.2     65.532   113.468
28138.6     65.406   113.960
28547.9     64.809   111.625
28963.1     63.404   109.934
29384.4     61.375   113.155
29811.8     59.287   124.826
30245.4     58.737   143.220
30685.3     59.599   153.919
31131.7     60.383   158.453
31584.5     60.431   158.792
32043.9     60.344   157.836
32510.0     59.138   158.182
32982.8     57.524   165.757
33462.6     59.069  -177.786
33949.3     60.117   171.264
34443.1     59.999   157.306
34944.1     57.787   147.483
35452.4     55.623   139.153
35968.0     53.091   134.606
36491.2     50.972   137.910
37022.0     50.914   127.973
37560.5     50.031   112.271
38106.8     47.220    92.128
38661.1     47.262    98.628
39223.4     48.711    82.636
39793.9     48.727    58.364
