Freq[Hz]     dBSPL  Phase[Deg]
5.00000     37.727  -111.490
5.07273     37.867  -114.796
5.14651     38.016  -118.302
5.22137     38.146  -121.325
5.29732     38.294  -124.312
5.37437     38.442  -127.122
5.45254     38.604  -129.814
5.53185     38.761  -132.337
5.61231     38.929  -134.685
5.69394     39.138  -136.974
5.77676     39.307  -138.808
5.86079     39.531  -140.772
5.94604     39.769  -142.518
6.03252     40.019  -144.160
6.12027     40.279  -145.696
6.20929     40.560  -147.242
6.29961     40.859  -148.684
6.39124     41.145  -150.086
6.48420     41.457  -151.507
6.57851     41.780  -152.961
6.67420     42.108  -154.460
6.77128     42.412  -155.816
6.86977     42.766  -157.393
6.96969     43.065  -158.822
7.07107     43.398  -160.430
7.17392     43.728  -161.957
7.27827     44.034  -163.432
7.38413     44.308  -164.820
7.49154     44.615  -166.338
7.60050     44.899  -167.732
7.71105     45.179  -169.176
7.82321     45.473  -170.544
7.93701     45.745  -171.868
8.05245     46.004  -173.131
8.16958     46.269  -174.361
8.28841     46.522  -175.605
8.40896     46.773  -176.744
8.53128     47.026  -177.958
8.65537     47.304  -179.173
8.78126     47.531   179.704
8.90899     47.791   178.557
9.03857     48.024   177.395
9.17004     48.241   176.278
9.30342     48.476   175.144
9.43874     48.658   174.118
9.57603     48.892   173.077
9.71532     49.079   172.093
9.85663     49.268   171.165
10.0000     49.429   170.328
10.1455     49.617   169.549
10.2930     49.813   168.850
10.4427     49.965   168.273
10.5946     50.168   167.725
10.7487     50.327   167.284
10.9051     50.545   166.825
11.0637     50.754   166.399
11.2246     50.953   165.981
11.3879     51.173   165.576
11.5535     51.419   165.076
11.7216     51.632   164.562
11.8921     51.879   163.951
12.0650     52.106   163.325
12.2405     52.332   162.624
12.4186     52.538   161.863
12.5992     52.756   161.047
12.7825     52.959   160.192
12.9684     53.142   159.365
13.1570     53.311   158.470
13.3484     53.484   157.591
13.5426     53.622   156.731
13.7395     53.746   155.914
13.9394     53.854   155.130
14.1421     53.968   154.355
14.3478     54.066   153.623
14.5565     54.130   153.032
14.7683     54.189   152.503
14.9831     54.254   152.043
15.2010     54.301   151.682
15.4221     54.355   151.405
15.6464     54.395   151.242
15.8740     54.459   151.093
16.1049     54.485   151.104
16.3392     54.532   151.083
16.5768     54.556   151.106
16.8179     54.567   151.148
17.0626     54.597   151.094
17.3107     54.582   151.239
17.5625     54.527   151.499
17.8180     54.444   151.920
18.0771     54.337   152.630
18.3401     54.204   153.724
18.6068     54.079   155.142
18.8775     53.957   157.022
19.1521     53.855   159.507
19.4306     53.802   162.192
19.7133     53.808   165.430
20.0000     53.880   168.988
20.2909     54.037   172.721
20.5860     54.262   176.184
20.8855     54.546   179.286
21.1893     54.835  -177.446
21.4975     55.147  -174.068
21.8102     55.495  -170.649
22.1274     55.861  -166.893
22.4492     56.317  -163.010
22.7758     56.827  -159.209
23.1071     57.418  -155.509
23.4432     58.105  -151.737
23.7841     58.890  -148.070
24.1301     59.737  -145.140
24.4811     60.660  -142.631
24.8372     61.643  -140.759
25.1984     62.675  -139.410
25.5649     63.688  -138.949
25.9368     64.734  -139.147
26.3141     65.729  -140.154
26.6968     66.689  -141.886
27.0851     67.529  -144.257
27.4791     68.229  -146.975
27.8788     68.804  -149.666
28.2843     69.271  -151.730
28.6957     69.662  -152.968
29.1131     70.120  -153.220
29.5365     70.694  -152.881
29.9661     71.433  -152.590
30.4020     72.273  -152.950
30.8442     73.194  -154.311
31.2929     74.105  -156.627
31.7480     74.934  -159.671
32.2098     75.769  -163.678
32.6783     76.526  -168.116
33.1536     77.182  -172.556
33.6359     77.759  -177.040
34.1251     78.212   178.873
34.6215     78.592   175.000
35.1250     78.922   171.243
35.6359     79.238   167.298
36.1543     79.524   163.469
36.6802     79.787   159.688
37.2137     80.005   155.954
37.7550     80.171   152.408
38.3041     80.298   149.029
38.8613     80.394   145.794
39.4265     80.468   142.840
40.0000     80.527   140.079
40.5818     80.584   137.584
41.1721     80.644   135.208
41.7710     80.713   132.973
42.3785     80.785   130.833
42.9949     80.860   128.755
43.6203     80.937   126.748
44.2548     81.019   124.817
44.8985     81.097   122.931
45.5515     81.185   121.057
46.2141     81.261   119.212
46.8863     81.345   117.353
47.5683     81.417   115.542
48.2602     81.484   113.785
48.9621     81.547   112.087
49.6743     81.610   110.454
50.3968     81.684   108.837
51.1299     81.752   107.206
51.8736     81.807   105.606
52.6281     81.864   104.049
53.3936     81.920   102.550
54.1702     81.969   101.080
54.9581     82.024    99.647
55.7575     82.072    98.249
56.5685     82.112    96.903
57.3914     82.154    95.617
58.2261     82.205    94.400
59.0730     82.262    93.161
59.9323     82.318    91.944
60.8040     82.371    90.684
61.6884     82.421    89.400
62.5857     82.466    88.166
63.4960     82.502    87.023
64.4196     82.542    85.926
65.3566     82.583    84.868
66.3073     82.631    83.820
67.2717     82.684    82.777
68.2502     82.734    81.752
69.2429     82.795    80.747
70.2501     82.856    79.725
71.2719     82.912    78.682
72.3086     82.974    77.615
73.3603     83.026    76.541
74.4274     83.073    75.463
75.5099     83.116    74.388
76.6083     83.159    73.325
77.7226     83.189    72.295
78.8531     83.221    71.321
80.0000     83.249    70.382
81.1636     83.284    69.490
82.3442     83.319    68.622
83.5419     83.356    67.782
84.7570     83.397    66.931
85.9899     83.437    66.092
87.2406     83.481    65.273
88.5096     83.527    64.465
89.7970     83.581    63.651
91.1031     83.639    62.812
92.4282     83.695    61.900
93.7726     83.751    60.930
95.1366     83.796    59.936
96.5204     83.828    58.889
97.9243     83.844    57.884
99.3486     83.852    56.989
100.794     83.856    56.173
102.260     83.873    55.403
103.747     83.892    54.671
105.256     83.922    53.934
106.787     83.947    53.143
108.340     83.963    52.325
109.916     83.978    51.550
111.515     83.983    50.821
113.137     83.987    50.157
114.783     83.990    49.598
116.452     84.006    49.138
118.146     84.034    48.701
119.865     84.094    48.237
121.608     84.158    47.679
123.377     84.234    46.990
125.171     84.293    46.173
126.992     84.347    45.308
128.839     84.379    44.431
130.713     84.413    43.569
132.615     84.433    42.727
134.543     84.452    41.872
136.500     84.454    41.031
138.486     84.459    40.275
140.500     84.461    39.543
142.544     84.466    38.898
144.617     84.472    38.313
146.721     84.508    37.672
148.855     84.545    36.879
151.020     84.567    35.919
153.217     84.552    34.852
155.445     84.494    33.886
157.706     84.407    33.267
160.000     84.345    33.078
162.327     84.334    33.074
164.688     84.382    32.895
167.084     84.439    32.412
169.514     84.478    31.720
171.980     84.489    30.900
174.481     84.479    30.152
177.019     84.456    29.542
179.594     84.442    28.982
182.206     84.426    28.456
184.856     84.405    27.938
187.545     84.384    27.490
190.273     84.360    27.096
193.041     84.349    26.735
195.849     84.344    26.408
198.697     84.345    26.113
201.587     84.355    25.795
204.520     84.380    25.360
207.494     84.399    24.761
210.512     84.395    24.134
213.574     84.372    23.587
216.681     84.325    23.146
219.833     84.287    22.954
223.030     84.284    22.889
226.274     84.321    22.683
229.565     84.355    22.269
232.905     84.370    21.830
236.292     84.392    21.143
239.729     84.353    20.389
243.216     84.275    19.966
246.754     84.228    19.847
250.343     84.174    19.810
253.984     84.155    20.049
257.678     84.191    20.147
261.426     84.222    20.160
265.229     84.269    20.151
269.087     84.338    19.957
273.001     84.424    19.706
276.972     84.498    19.234
281.000     84.552    18.596
285.088     84.599    17.819
289.234     84.613    16.824
293.441     84.560    15.929
297.709     84.478    15.311
302.040     84.375    14.949
306.433     84.331    15.108
310.890     84.355    15.380
315.412     84.408    15.284
320.000     84.446    14.964
324.655     84.474    14.561
329.377     84.489    14.125
334.168     84.498    13.700
339.028     84.496    13.235
343.959     84.467    12.683
348.962     84.379    12.148
354.038     84.285    12.463
359.188     84.349    13.194
364.412     84.498    13.385
369.713     84.675    12.933
375.090     84.781    12.058
380.546     84.817    11.234
386.081     84.836    10.679
391.697     84.916    10.167
397.394     84.974     9.096
403.175     84.989     8.021
409.039     84.932     6.972
414.989     84.809     6.366
421.025     84.699     6.700
427.149     84.741     7.360
433.362     84.880     7.425
439.665     85.026     7.100
446.060     85.136     6.184
452.548     85.196     5.131
459.131     85.219     4.025
465.809     85.203     3.162
472.584     85.197     2.464
479.458     85.194     1.517
486.432     85.130     0.638
493.507     85.093    -0.018
500.686     85.036    -0.674
507.968     84.977    -1.208
515.357     84.944    -1.660
522.853     84.893    -2.225
530.458     84.837    -2.802
538.174     84.776    -3.348
546.002     84.696    -3.855
553.943     84.622    -4.311
562.001     84.521    -4.690
570.175     84.443    -4.978
578.469     84.357    -5.212
586.883     84.274    -5.443
595.419     84.188    -5.606
604.080     84.103    -5.783
612.866     84.015    -5.890
621.780     83.931    -6.018
630.824     83.853    -6.026
640.000     83.770    -6.134
649.309     83.696    -6.180
658.753     83.613    -6.279
668.335     83.525    -6.306
678.056     83.439    -6.348
687.919     83.348    -6.331
697.925     83.272    -6.316
708.077     83.180    -6.260
718.376     83.092    -6.255
728.825     82.998    -6.163
739.426     82.907    -6.079
750.181     82.812    -5.922
761.093     82.719    -5.773
772.163     82.625    -5.525
783.394     82.535    -5.295
794.789     82.457    -4.937
806.349     82.372    -4.633
818.078     82.290    -4.256
829.977     82.215    -3.898
842.050     82.156    -3.441
854.298     82.092    -3.070
866.724     82.045    -2.613
879.330     81.991    -2.242
892.120     81.952    -1.826
905.097     81.907    -1.494
918.262     81.886    -1.156
931.618     81.841    -0.934
945.169     81.805    -0.683
958.917     81.753    -0.495
972.864     81.705    -0.287
987.015     81.621    -0.099
1001.37     81.540     0.227
1015.94     81.445     0.581
1030.71     81.369     1.145
1045.71     81.306     1.683
1060.92     81.261     2.241
1076.35     81.193     2.782
1092.00     81.141     3.469
1107.89     81.114     4.174
1124.00     81.095     4.836
1140.35     81.090     5.398
1156.94     81.096     5.983
1173.77     81.075     6.553
1190.84     81.069     7.062
1208.16     81.070     7.613
1225.73     81.081     8.085
1243.56     81.110     8.540
1261.65     81.132     8.839
1280.00     81.167     9.005
1298.62     81.180     8.990
1317.51     81.157     9.065
1336.67     81.127     9.059
1356.11     81.076     9.044
1375.84     81.013     9.043
1395.85     80.935     9.301
1416.15     80.836     9.657
1436.75     80.736    10.132
1457.65     80.650    10.660
1478.85     80.565    11.422
1500.36     80.497    12.350
1522.19     80.466    13.350
1544.33     80.460    14.343
1566.79     80.482    15.372
1589.58     80.521    16.172
1612.70     80.584    16.854
1636.16     80.648    17.338
1659.95     80.710    17.741
1684.10     80.736    17.921
1708.60     80.754    18.131
1733.45     80.743    18.611
1758.66     80.745    19.069
1784.24     80.734    19.570
1810.19     80.746    20.261
1836.52     80.772    21.072
1863.24     80.838    21.907
1890.34     80.931    22.726
1917.83     81.064    23.267
1945.73     81.197    23.599
1974.03     81.326    23.800
2002.74     81.438    23.784
2031.87     81.547    23.755
2061.43     81.653    23.765
2091.41     81.771    23.789
2121.83     81.906    23.790
2152.69     82.077    23.695
2184.01     82.272    23.379
2215.77     82.485    22.743
2248.00     82.687    21.739
2280.70     82.870    20.330
2313.87     83.012    18.713
2347.53     83.118    16.968
2381.68     83.187    15.196
2416.32     83.230    13.498
2451.46     83.256    11.839
2487.12     83.286    10.135
2523.30     83.321     8.365
2560.00     83.360     6.439
2597.24     83.386     4.345
2635.01     83.390     2.118
2673.34     83.359    -0.251
2712.23     83.314    -2.598
2751.68     83.270    -4.911
2791.70     83.242    -7.275
2832.31     83.228    -9.848
2873.50     83.212   -12.767
2915.30     83.174   -16.106
2957.70     83.092   -19.712
3000.72     82.955   -23.415
3044.37     82.775   -27.123
3088.65     82.573   -30.736
3133.58     82.367   -34.364
3179.16     82.166   -38.147
3225.40     81.958   -42.090
3272.31     81.719   -46.200
3319.91     81.440   -50.333
3368.20     81.156   -54.269
3417.19     80.905   -58.103
3466.89     80.702   -62.074
3517.32     80.511   -66.497
3568.48     80.286   -71.270
3620.39     79.998   -76.054
3673.05     79.672   -80.386
3726.47     79.388   -84.032
3780.67     79.219   -87.295
3835.67     79.187   -90.774
3891.46     79.236   -94.798
3948.06     79.289   -99.303
4005.49     79.337  -103.905
4063.75     79.414  -108.365
4122.86     79.553  -112.811
4182.82     79.749  -117.547
4243.66     79.973  -122.698
4305.39     80.173  -128.174
4368.01     80.343  -133.799
4431.55     80.486  -139.517
4496.01     80.583  -145.109
4561.40     80.583  -150.793
4627.75     80.613  -156.303
4695.06     80.641  -161.184
4763.35     80.696  -165.924
4832.64     80.765  -170.860
4902.93     80.877  -175.918
4974.24     80.971   179.220
5046.60     81.026   174.049
5120.00     81.024   168.606
5194.47     80.911   163.241
5270.03     80.716   158.532
5346.68     80.557   154.762
5424.45     80.540   151.436
5503.35     80.646   147.610
5583.40     80.791   142.993
5664.61     80.900   137.726
5747.01     80.941   132.124
5830.60     80.920   126.513
5915.41     80.881   121.040
6001.45     80.845   115.606
6088.74     80.809   110.035
6177.30     80.770   104.177
6267.15     80.664    97.960
6358.31     80.427    91.873
6450.80     80.156    86.952
6544.62     80.009    82.965
6639.82     80.048    78.765
6736.40     80.130    73.676
6834.38     80.177    68.203
6933.79     80.217    62.724
7034.64     80.269    57.012
7136.96     80.332    51.232
7240.77     80.442    45.134
7346.09     80.499    38.185
7452.94     80.398    31.325
7561.35     80.306    25.558
7671.33     80.367    19.388
7782.91     80.346    12.068
7896.12     80.142     5.039
8010.97     79.838    -1.173
8127.49     79.529    -5.662
8245.71     79.609    -8.898
8365.65     79.993   -14.646
8487.33     80.159   -22.334
8610.78     80.149   -29.592
8736.03     80.104   -36.325
8863.09     80.178   -42.563
8992.01     80.412   -49.999
9122.80     80.482   -58.917
9255.50     80.346   -67.569
9390.12     80.146   -75.459
9526.70     79.906   -82.664
9665.27     79.753   -88.585
9805.86     79.901   -94.535
9948.49     80.171  -102.230
10093.2     80.329  -111.882
10240.0     80.072  -121.282
10388.9     79.991  -128.321
10540.1     80.007  -137.368
10693.4     79.748  -145.634
10848.9     79.542  -152.839
11006.7     79.637  -158.657
11166.8     79.976  -168.030
11329.2     79.930  -177.237
11494.0     80.041   173.490
11661.2     80.070   163.556
11830.8     79.972   152.583
12002.9     79.656   143.652
12177.5     79.642   134.966
12354.6     79.626   125.640
12534.3     79.679   115.498
12716.6     79.625   104.228
12901.6     79.318    93.111
13089.2     79.058    84.214
13279.6     79.102    74.343
13472.8     78.944    63.743
13668.8     78.851    54.010
13867.6     78.984    43.222
14069.3     78.771    30.386
14273.9     78.472    20.119
14481.5     78.357    10.466
14692.2     78.417    -0.981
14905.9     78.352   -12.537
15122.7     78.115   -24.036
15342.7     78.174   -35.669
15565.8     78.015   -48.102
15792.2     77.734   -59.764
16021.9     77.782   -71.815
16255.0     77.602   -84.327
16491.4     77.441   -95.930
16731.3     77.452  -108.866
16974.7     77.332  -122.009
17221.6     77.149  -134.342
17472.1     77.164  -146.258
17726.2     77.349  -159.239
17984.0     77.468  -173.530
18245.6     77.544   171.299
18511.0     77.641   156.235
18780.2     77.765   140.659
19053.4     77.757   124.305
19330.5     77.811   106.858
19611.7     77.606    89.156
19897.0     77.672    72.099
20186.4     77.561    52.512
20480.0     77.263    33.004
20777.9     76.673    12.011
21080.1     75.565    -5.982
21386.7     74.658   -19.419
21697.8     74.974   -31.024
22013.4     75.065   -52.333
22333.6     74.400   -72.745
22658.4     73.616   -85.397
22988.0     74.071   -99.067
23322.4     74.465  -116.019
23661.6     74.699  -135.225
24005.8     75.642  -149.382
24355.0     76.996  -174.566
24709.2     78.133   159.376
25068.6     79.681   127.443
25433.2     80.904    86.753
25803.2     80.924    39.153
26178.5     79.266    -9.270
26559.3     76.574   -50.119
26945.6     74.149   -90.121
27337.5     70.189  -135.696
27735.2     65.550  -174.536
28138.6     62.711   151.745
28547.9     62.568   110.796
28963.1     63.206    61.863
29384.4     64.894    14.097
29811.8     67.506   -32.253
30245.4     70.315   -79.519
30685.3     72.540  -129.414
31131.7     73.399   176.799
31584.5     72.765   129.775
32043.9     71.549    86.339
32510.0     69.409    53.525
32982.8     68.483    33.906
33462.6     71.818    -2.838
33949.3     70.884   -57.901
34443.1     68.499  -105.588
34944.1     64.759  -130.909
35452.4     62.462  -155.215
35968.0     60.801  -172.178
36491.2     61.899   166.263
37022.0     62.255   121.718
37560.5     61.051    73.289
38106.8     53.891    44.040
38661.1     53.746    56.303
39223.4     57.967    22.273
39793.9     59.131   -30.222
