Freq[Hz]     dBSPL  Phase[Deg]
5.00000     37.128  -112.216
5.07273     37.268  -115.533
5.14651     37.417  -119.050
5.22137     37.547  -122.084
5.29732     37.695  -125.082
5.37437     37.843  -127.903
5.45254     38.005  -130.606
5.53185     38.162  -133.141
5.61231     38.330  -135.501
5.69394     38.539  -137.802
5.77676     38.708  -139.648
5.86079     38.932  -141.624
5.94604     39.170  -143.383
6.03252     39.420  -145.037
6.12027     39.680  -146.585
6.20929     39.961  -148.145
6.29961     40.260  -149.600
6.39124     40.546  -151.015
6.48420     40.858  -152.450
6.57851     41.181  -153.917
6.67420     41.509  -155.430
6.77128     41.813  -156.801
6.86977     42.167  -158.392
6.96969     42.466  -159.835
7.07107     42.800  -161.458
7.17392     43.129  -163.000
7.27827     43.435  -164.490
7.38413     43.709  -165.894
7.49154     44.017  -167.427
7.60050     44.300  -168.837
7.71105     44.580  -170.297
7.82321     44.874  -171.681
7.93701     45.146  -173.022
8.05245     45.405  -174.302
8.16958     45.670  -175.549
8.28841     45.923  -176.810
8.40896     46.174  -177.966
8.53128     46.427  -179.198
8.65537     46.705   179.568
8.78126     46.932   178.428
8.90899     47.193   177.262
9.03857     47.425   176.081
9.17004     47.642   174.945
9.30342     47.877   173.792
9.43874     48.059   172.746
9.57603     48.293   171.685
9.71532     48.480   170.681
9.85663     48.669   169.732
10.0000     48.830   168.874
10.1455     49.018   168.074
10.2930     49.214   167.353
10.4427     49.366   166.755
10.5946     49.569   166.185
10.7487     49.728   165.722
10.9051     49.946   165.239
11.0637     50.155   164.791
11.2246     50.354   164.349
11.3879     50.574   163.921
11.5535     50.820   163.396
11.7216     51.033   162.858
11.8921     51.280   162.222
12.0650     51.507   161.571
12.2405     51.734   160.844
12.4186     51.939   160.057
12.5992     52.157   159.215
12.7825     52.360   158.334
12.9684     52.543   157.480
13.1570     52.712   156.558
13.3484     52.885   155.651
13.5426     53.023   154.762
13.7395     53.147   153.917
13.9394     53.255   153.103
14.1421     53.369   152.299
14.3478     53.467   151.538
14.5565     53.531   150.916
14.7683     53.590   150.356
14.9831     53.655   149.865
15.2010     53.702   149.472
15.4221     53.756   149.164
15.6464     53.796   148.967
15.8740     53.860   148.786
16.1049     53.886   148.763
16.3392     53.933   148.708
16.5768     53.957   148.696
16.8179     53.968   148.703
17.0626     53.998   148.613
17.3107     53.983   148.722
17.5625     53.928   148.946
17.8180     53.845   149.330
18.0771     53.738   150.003
18.3401     53.605   151.058
18.6068     53.480   152.437
18.8775     53.358   154.278
19.1521     53.256   156.723
19.4306     53.203   159.367
19.7133     53.209   162.564
20.0000     53.281   166.080
20.2909     53.438   169.772
20.5860     53.664   173.191
20.8855     53.947   176.250
21.1893     54.237   179.473
21.4975     54.548  -177.193
21.8102     54.896  -173.820
22.1274     55.262  -170.110
22.4492     55.718  -166.274
22.7758     56.228  -162.520
23.1071     56.819  -158.868
23.4432     57.506  -155.145
23.7841     58.291  -151.527
24.1301     59.138  -148.647
24.4811     60.061  -146.190
24.8372     61.044  -144.370
25.1984     62.076  -143.073
25.5649     63.089  -142.666
25.9368     64.135  -142.918
26.3141     65.130  -143.979
26.6968     66.090  -145.767
27.0851     66.930  -148.194
27.4791     67.630  -150.970
27.8788     68.205  -153.719
28.2843     68.672  -155.842
28.6957     69.063  -157.140
29.1131     69.521  -157.452
29.5365     70.095  -157.175
29.9661     70.834  -156.946
30.4020     71.674  -157.370
30.8442     72.595  -158.795
31.2929     73.506  -161.177
31.7480     74.335  -164.286
32.2098     75.170  -168.361
32.6783     75.927  -172.866
33.1536     76.583  -177.376
33.6359     77.160   178.070
34.1251     77.613   173.912
34.6215     77.993   169.967
35.1250     78.323   166.137
35.6359     78.639   162.118
36.1543     78.925   158.213
36.6802     79.188   154.355
37.2137     79.405   150.544
37.7550     79.571   146.919
38.3041     79.697   143.459
38.8613     79.793   140.143
39.4265     79.865   137.105
40.0000     79.922   134.260
40.5818     79.978   131.679
41.1721     80.036   129.216
41.7710     80.104   126.891
42.3785     80.173   124.660
42.9949     80.246   122.490
43.6203     80.320   120.389
44.2548     80.399   118.363
44.8985     80.474   116.379
45.5515     80.558   114.406
46.2141     80.632   112.459
46.8863     80.713   110.498
47.5683     80.780   108.582
48.2602     80.844   106.718
48.9621     80.902   104.911
49.6743     80.962   103.167
50.3968     81.032   101.438
51.1299     81.095    99.690
51.8736     81.144    97.972
52.6281     81.196    96.295
53.3936     81.248    94.675
54.1702     81.291    93.081
54.9581     81.341    91.521
55.7575     81.384    89.993
56.5685     81.418    88.515
57.3914     81.454    87.095
58.2261     81.499    85.740
59.0730     81.549    84.362
59.9323     81.599    83.001
60.8040     81.644    81.597
61.6884     81.688    80.165
62.5857     81.727    78.780
63.4960     81.755    77.483
64.4196     81.788    76.230
65.3566     81.821    75.011
66.3073     81.862    73.800
67.2717     81.906    72.591
68.2502     81.949    71.397
69.2429     82.002    70.219
70.2501     82.055    69.020
71.2719     82.103    67.797
72.3086     82.156    66.548
73.3603     82.200    65.288
74.4274     82.238    64.019
75.5099     82.272    62.751
76.6083     82.306    61.490
77.7226     82.326    60.259
78.8531     82.350    59.079
80.0000     82.367    57.931
81.1636     82.393    56.826
82.3442     82.418    55.741
83.5419     82.445    54.679
84.7570     82.476    53.603
85.9899     82.506    52.534
87.2406     82.539    51.480
88.5096     82.576    50.433
89.7970     82.618    49.376
91.1031     82.665    48.290
92.4282     82.711    47.123
93.7726     82.756    45.897
95.1366     82.790    44.639
96.5204     82.810    43.326
97.9243     82.812    42.048
99.3486     82.810    40.875
100.794     82.802    39.776
102.260     82.807    38.718
103.747     82.813    37.692
105.256     82.831    36.656
106.787     82.844    35.560
108.340     82.847    34.432
109.916     82.849    33.341
111.515     82.840    32.290
113.137     82.831    31.298
114.783     82.820    30.404
116.452     82.822    29.604
118.146     82.837    28.822
119.865     82.882    28.004
121.608     82.931    27.087
123.377     82.993    26.031
125.171     83.037    24.842
126.992     83.075    23.597
128.839     83.094    22.335
130.713     83.112    21.079
132.615     83.115    19.837
134.543     83.119    18.574
136.500     83.104    17.318
138.486     83.093    16.139
140.500     83.078    14.978
142.544     83.065    13.895
144.617     83.053    12.866
146.721     83.071    11.771
148.855     83.091    10.516
151.020     83.094     9.087
153.217     83.060     7.543
155.445     82.983     6.091
157.706     82.876     4.977
160.000     82.794     4.285
162.327     82.763     3.771
164.688     82.789     3.072
167.084     82.825     2.062
169.514     82.842     0.831
171.980     82.831    -0.536
174.481     82.797    -1.839
177.019     82.750    -3.013
179.594     82.711    -4.148
182.206     82.671    -5.256
184.856     82.624    -6.366
187.545     82.577    -7.415
190.273     82.526    -8.420
193.041     82.488    -9.400
195.849     82.455   -10.356
198.697     82.425   -11.291
201.587     82.404   -12.257
204.520     82.399   -13.350
207.494     82.386   -14.616
210.512     82.349   -15.917
213.574     82.292   -17.150
216.681     82.210   -18.285
219.833     82.136   -19.178
223.030     82.094   -19.954
226.274     82.094   -20.880
229.565     82.087   -22.022
232.905     82.061   -23.196
236.292     82.040   -24.626
239.729     81.958   -26.129
243.216     81.834   -27.309
246.754     81.740   -28.192
250.343     81.638   -28.997
253.984     81.571   -29.534
257.678     81.554   -30.216
261.426     81.533   -30.988
265.229     81.527   -31.783
269.087     81.540   -32.771
273.001     81.567   -33.815
276.972     81.584   -35.082
281.000     81.579   -36.517
285.088     81.564   -38.093
289.234     81.515   -39.884
293.441     81.398   -41.577
297.709     81.251   -42.989
302.040     81.081   -44.146
306.433     80.972   -44.777
310.890     80.926   -45.292
315.412     80.911   -46.171
320.000     80.880   -47.271
324.655     80.838   -48.449
329.377     80.782   -49.655
334.168     80.720   -50.844
339.028     80.649   -52.071
343.959     80.549   -53.381
348.962     80.389   -54.673
354.038     80.225   -55.108
359.188     80.218   -55.119
364.412     80.298   -55.667
369.713     80.407   -56.852
375.090     80.445   -58.455
380.546     80.414   -60.001
386.081     80.368   -61.268
391.697     80.387   -62.485
397.394     80.383   -64.254
403.175     80.338   -66.019
409.039     80.223   -67.746
414.989     80.044   -69.019
421.025     79.880   -69.336
427.149     79.872   -69.315
433.362     79.963   -69.880
439.665     80.066   -70.826
446.060     80.134   -72.353
452.548     80.157   -74.003
459.131     80.144   -75.692
465.809     80.098   -77.123
472.584     80.069   -78.374
479.458     80.047   -79.868
486.432     79.971   -81.281
493.507     79.928   -82.469
500.686     79.873   -83.650
507.968     79.825   -84.715
515.357     79.814   -85.707
522.853     79.795   -86.835
530.458     79.782   -87.996
538.174     79.776   -89.174
546.002     79.764   -90.355
553.943     79.769   -91.559
562.001     79.759   -92.755
570.175     79.783   -93.968
578.469     79.809   -95.220
586.883     79.844   -96.599
595.419     79.884   -98.029
604.080     79.928   -99.620
612.866     79.972  -101.281
621.780     80.018  -103.124
630.824     80.070  -105.003
640.000     80.107  -107.138
649.309     80.147  -109.380
658.753     80.162  -111.816
668.335     80.159  -114.335
678.056     80.138  -116.998
687.919     80.094  -119.740
697.925     80.041  -122.589
708.077     79.946  -125.511
718.376     79.826  -128.542
728.825     79.674  -131.571
739.426     79.490  -134.633
750.181     79.271  -137.657
761.093     79.018  -140.662
772.163     78.728  -143.545
783.394     78.405  -146.354
794.789     78.057  -148.937
806.349     77.667  -151.390
818.078     77.248  -153.566
829.977     76.809  -155.483
842.050     76.365  -156.997
854.298     75.908  -158.215
866.724     75.470  -158.980
879.330     75.049  -159.423
892.120     74.679  -159.482
905.097     74.356  -159.345
918.262     74.122  -159.052
931.618     73.934  -158.838
945.169     73.820  -158.723
958.917     73.747  -158.900
972.864     73.720  -159.395
987.015     73.684  -160.276
1001.37     73.658  -161.416
1015.94     73.612  -162.889
1030.71     73.566  -164.492
1045.71     73.505  -166.386
1060.92     73.426  -168.480
1076.35     73.282  -170.733
1092.00     73.114  -172.920
1107.89     72.945  -175.054
1124.00     72.741  -177.198
1140.35     72.510  -179.326
1156.94     72.292   178.714
1173.77     72.047   176.900
1190.84     71.809   175.222
1208.16     71.602   173.709
1225.73     71.437   172.164
1243.56     71.328   170.566
1261.65     71.251   168.690
1280.00     71.224   166.583
1298.62     71.210   164.016
1317.51     71.189   161.142
1336.67     71.185   157.901
1356.11     71.181   154.294
1375.84     71.175   150.277
1395.85     71.155   146.102
1416.15     71.110   141.630
1436.75     71.060   136.886
1457.65     71.002   131.820
1478.85     70.921   126.682
1500.36     70.833   121.592
1522.19     70.745   116.494
1544.33     70.659   111.465
1566.79     70.588   106.692
1589.58     70.528   101.997
1612.70     70.524    97.646
1636.16     70.581    93.484
1659.95     70.706    89.502
1684.10     70.884    85.473
1708.60     71.128    81.463
1733.45     71.397    77.378
1758.66     71.712    73.164
1784.24     72.020    68.674
1810.19     72.314    64.168
1836.52     72.566    59.684
1863.24     72.782    55.414
1890.34     72.967    51.402
1917.83     73.140    47.623
1945.73     73.294    44.089
1974.03     73.434    40.826
2002.74     73.567    37.647
2031.87     73.693    34.637
2061.43     73.799    31.717
2091.41     73.872    28.821
2121.83     73.900    26.038
2152.69     73.886    23.501
2184.01     73.836    21.231
2215.77     73.759    19.267
2248.00     73.648    17.496
2280.70     73.508    15.846
2313.87     73.333    14.346
2347.53     73.111    12.998
2381.68     72.820    11.897
2416.32     72.450    11.273
2451.46     71.997    11.349
2487.12     71.496    12.363
2523.30     71.016    14.424
2560.00     70.616    17.367
2597.24     70.323    20.885
2635.01     70.134    24.665
2673.34     70.032    28.650
2712.23     70.013    32.560
2751.68     70.068    36.300
2791.70     70.175    39.757
2832.31     70.303    42.837
2873.50     70.427    45.614
2915.30     70.529    48.173
2957.70     70.607    50.627
3000.72     70.664    53.000
3044.37     70.690    55.242
3088.65     70.653    57.388
3133.58     70.534    59.689
3179.16     70.352    62.482
3225.40     70.176    65.964
3272.31     70.056    69.886
3319.91     69.995    73.752
3368.20     69.948    77.305
3417.19     69.857    80.657
3466.89     69.694    84.131
3517.32     69.452    87.918
3568.48     69.167    92.272
3620.39     68.856    97.311
3673.05     68.539   103.346
3726.47     68.315   110.619
3780.67     68.317   118.477
3835.67     68.555   125.641
3891.46     68.849   131.465
3948.06     69.027   136.557
4005.49     69.134   142.067
4063.75     69.349   147.906
4122.86     69.678   152.767
4182.82     69.894   155.965
4243.66     69.755   158.761
4305.39     69.302   163.499
4368.01     68.912   171.294
4431.55     68.938  -179.601
4496.01     69.284  -171.864
4561.40     69.634  -165.990
4627.75     69.841  -160.977
4695.06     69.906  -155.939
4763.35     69.911  -150.427
4832.64     69.925  -144.528
4902.93     69.970  -138.651
4974.24     70.001  -133.074
5046.60     69.962  -127.712
5120.00     69.827  -122.361
5194.47     69.540  -116.628
5270.03     69.122  -109.613
5346.68     68.769  -100.658
5424.45     68.710   -90.913
5503.35     68.902   -82.329
5583.40     69.036   -75.674
5664.61     68.923   -69.650
5747.01     68.611   -62.902
5830.60     68.228   -54.962
5915.41     67.865   -46.017
6001.45     67.524   -36.099
6088.74     67.282   -24.969
6177.30     67.290   -13.573
6267.15     67.424    -3.162
6358.31     67.506     6.476
6450.80     67.521    16.023
6544.62     67.533    25.869
6639.82     67.595    35.743
6736.40     67.655    45.094
6834.38     67.654    54.007
6933.79     67.526    62.641
7034.64     67.186    71.682
7136.96     66.738    82.329
7240.77     66.400    94.507
7346.09     66.176   106.781
7452.94     65.888   119.632
7561.35     65.770   134.547
7671.33     66.098   148.720
7782.91     66.438   160.293
7896.12     66.579   171.169
8010.97     66.588  -178.217
8127.49     66.440  -166.993
8245.71     66.390  -154.774
8365.65     66.360  -143.805
8487.33     65.970  -132.917
8610.78     65.388  -119.607
8736.03     64.859  -103.892
8863.09     64.725   -85.870
8992.01     65.179   -69.460
9122.80     65.628   -56.515
9255.50     65.759   -45.098
9390.12     65.510   -33.137
9526.70     65.048   -18.992
9665.27     64.642    -2.091
9805.86     64.641    16.614
9948.49     65.062    33.780
10093.2     65.469    47.820
10240.0     65.526    61.184
10388.9     65.655    75.126
10540.1     65.608    87.252
10693.4     65.180   100.264
10848.9     64.393   114.278
11006.7     63.481   134.083
11166.8     63.361   154.732
11329.2     63.409   174.341
11494.0     63.779  -168.994
11661.2     63.745  -155.283
11830.8     63.069  -141.976
12002.9     61.768  -122.768
12177.5     61.154   -98.937
12354.6     61.058   -76.036
12534.3     61.240   -55.331
12716.6     61.250   -37.542
12901.6     60.689   -19.471
13089.2     60.015     2.317
13279.6     59.488    25.882
13472.8     59.242    50.958
13668.8     59.414    74.273
13867.6     59.700    94.629
14069.3     59.234   112.385
14273.9     58.238   133.781
14481.5     57.160   159.653
14692.2     56.747  -172.560
14905.9     56.728  -144.820
15122.7     56.673  -119.233
15342.7     56.244   -95.532
15565.8     55.244   -65.485
15792.2     55.334   -30.709
16021.9     56.515    -2.084
16255.0     56.849    20.470
16491.4     56.316    44.453
16731.3     55.864    75.906
16974.7     56.257   107.912
17221.6     56.720   137.371
17472.1     57.165   164.697
17726.2     57.029  -167.580
17984.0     57.052  -134.770
18245.6     58.069  -103.067
18511.0     58.931   -76.780
18780.2     59.162   -50.813
19053.4     59.360   -21.795
19330.5     59.938     6.392
19611.7     60.180    33.118
19897.0     60.607    60.308
20186.4     60.607    84.079
20480.0     60.047   112.414
20777.9     59.737   140.806
21080.1     58.937   170.057
21386.7     58.155  -153.364
21697.8     58.852  -119.153
22013.4     58.454   -90.947
22333.6     57.460   -56.142
22658.4     57.357   -12.126
22988.0     58.595    24.388
23322.4     59.382    57.109
23661.6     60.033    88.856
24005.8     60.150   118.867
24355.0     60.050   154.039
24709.2     60.747  -168.613
25068.6     62.096  -136.453
25433.2     63.139  -110.803
25803.2     63.228   -89.367
26178.5     62.032   -65.487
26559.3     60.352   -35.169
26945.6     58.557    -0.663
27337.5     56.872    42.937
27735.2     56.812    84.263
28138.6     56.230   121.604
28547.9     55.322   157.868
28963.1     53.857  -163.251
29384.4     51.933  -119.420
29811.8     50.333   -69.802
30245.4     49.362   -16.507
30685.3     49.523    38.606
31131.7     50.682    87.413
31584.5     50.979   128.819
32043.9     51.362   169.096
32510.0     50.189  -151.389
32982.8     48.049  -102.347
33462.6     49.641   -37.876
33949.3     50.834    -7.300
34443.1     50.414    22.890
34944.1     47.913    57.082
35452.4     45.362    95.692
35968.0     42.509   136.991
36491.2     40.033  -172.065
37022.0     40.100  -131.208
37560.5     39.401   -99.262
38106.8     36.868   -72.771
38661.1     36.859   -18.266
39223.4     38.052    15.613
39793.9     37.951    43.716
