Freq[Hz]     dBSPL  Phase[Deg]
5.00000     37.480  -111.783
5.07273     37.620  -115.093
5.14651     37.769  -118.603
5.22137     37.899  -121.631
5.29732     38.047  -124.622
5.37437     38.196  -127.437
5.45254     38.357  -130.133
5.53185     38.514  -132.661
5.61231     38.683  -135.014
5.69394     38.891  -137.308
5.77676     39.060  -139.147
5.86079     39.285  -141.116
5.94604     39.523  -142.867
6.03252     39.773  -144.514
6.12027     40.033  -146.055
6.20929     40.314  -147.606
6.29961     40.613  -149.053
6.39124     40.898  -150.461
6.48420     41.210  -151.888
6.57851     41.534  -153.346
6.67420     41.861  -154.851
6.77128     42.166  -156.213
6.86977     42.519  -157.796
6.96969     42.818  -159.230
7.07107     43.152  -160.845
7.17392     43.482  -162.378
7.27827     43.788  -163.859
7.38413     44.062  -165.253
7.49154     44.369  -166.777
7.60050     44.652  -168.177
7.71105     44.932  -169.628
7.82321     45.227  -171.003
7.93701     45.498  -172.333
8.05245     45.758  -173.603
8.16958     46.022  -174.840
8.28841     46.276  -176.091
8.40896     46.527  -177.237
8.53128     46.779  -178.458
8.65537     47.057  -179.681
8.78126     47.284   179.189
8.90899     47.545   178.035
9.03857     47.777   176.865
9.17004     47.994   175.741
9.30342     48.229   174.599
9.43874     48.411   173.565
9.57603     48.646   172.516
9.71532     48.833   171.524
9.85663     49.021   170.587
10.0000     49.183   169.742
10.1455     49.370   168.954
10.2930     49.567   168.246
10.4427     49.718   167.661
10.5946     49.922   167.104
10.7487     50.081   166.654
10.9051     50.299   166.185
11.0637     50.507   165.751
11.2246     50.707   165.323
11.3879     50.926   164.909
11.5535     51.172   164.398
11.7216     51.386   163.875
11.8921     51.632   163.254
12.0650     51.859   162.618
12.2405     52.086   161.906
12.4186     52.292   161.135
12.5992     52.509   160.308
12.7825     52.712   159.443
12.9684     52.896   158.605
13.1570     53.064   157.699
13.3484     53.237   156.809
13.5426     53.375   155.937
13.7395     53.500   155.109
13.9394     53.608   154.313
14.1421     53.722   153.526
14.3478     53.819   152.782
14.5565     53.884   152.179
14.7683     53.943   151.637
14.9831     54.007   151.165
15.2010     54.055   150.791
15.4221     54.108   150.501
15.6464     54.149   150.325
15.8740     54.212   150.163
16.1049     54.239   150.160
16.3392     54.286   150.126
16.5768     54.310   150.134
16.8179     54.321   150.162
17.0626     54.351   150.094
17.3107     54.336   150.224
17.5625     54.280   150.469
17.8180     54.197   150.876
18.0771     54.090   151.571
18.3401     53.957   152.649
18.6068     53.833   154.051
18.8775     53.711   155.915
19.1521     53.608   158.385
19.4306     53.556   161.053
19.7133     53.562   164.274
20.0000     53.633   167.815
20.2909     53.790   171.532
20.5860     54.016   174.977
20.8855     54.300   178.062
21.1893     54.589  -178.688
21.4975     54.900  -175.328
21.8102     55.249  -171.928
22.1274     55.614  -168.190
22.4492     56.071  -164.326
22.7758     56.581  -160.544
23.1071     57.171  -156.864
23.4432     57.858  -153.111
23.7841     58.643  -149.464
24.1301     59.490  -146.554
24.4811     60.414  -144.066
24.8372     61.396  -142.215
25.1984     62.428  -140.887
25.5649     63.442  -140.448
25.9368     64.487  -140.668
26.3141     65.482  -141.696
26.6968     66.443  -143.451
27.0851     67.283  -145.844
27.4791     67.982  -148.586
27.8788     68.557  -151.301
28.2843     69.025  -153.388
28.6957     69.416  -154.650
29.1131     69.874  -154.926
29.5365     70.447  -154.613
29.9661     71.186  -154.347
30.4020     72.027  -154.733
30.8442     72.947  -156.119
31.2929     73.859  -158.462
31.7480     74.688  -161.532
32.2098     75.522  -165.566
32.6783     76.279  -170.031
33.1536     76.936  -174.500
33.6359     77.513  -179.012
34.1251     77.966   176.873
34.6215     78.345   172.970
35.1250     78.675   169.184
35.6359     78.992   165.210
36.1543     79.277   161.349
36.6802     79.541   157.537
37.2137     79.758   153.773
37.7550     79.924   150.194
38.3041     80.052   146.783
38.8613     80.149   143.515
39.4265     80.223   140.527
40.0000     80.281   137.732
40.5818     80.339   135.203
41.1721     80.400   132.792
41.7710     80.469   130.522
42.3785     80.542   128.345
42.9949     80.619   126.230
43.6203     80.695   124.187
44.2548     80.778   122.219
44.8985     80.856   120.294
45.5515     80.945   118.382
46.2141     81.022   116.497
46.8863     81.107   114.598
47.5683     81.180   112.747
48.2602     81.249   110.949
48.9621     81.313   109.211
49.6743     81.377   107.536
50.3968     81.452   105.877
51.1299     81.521   104.202
51.8736     81.577   102.559
52.6281     81.636   100.958
53.3936     81.693    99.416
54.1702     81.744    97.902
54.9581     81.800    96.423
55.7575     81.850    94.978
56.5685     81.891    93.586
57.3914     81.935    92.253
58.2261     81.987    90.988
59.0730     82.046    89.702
59.9323     82.104    88.435
60.8040     82.157    87.127
61.6884     82.209    85.793
62.5857     82.257    84.509
63.4960     82.294    83.314
64.4196     82.336    82.167
65.3566     82.379    81.056
66.3073     82.430    79.955
67.2717     82.483    78.860
68.2502     82.536    77.780
69.2429     82.600    76.720
70.2501     82.662    75.644
71.2719     82.721    74.544
72.3086     82.785    73.421
73.3603     82.839    72.291
74.4274     82.888    71.155
75.5099     82.934    70.022
76.6083     82.979    68.899
77.7226     83.011    67.811
78.8531     83.045    66.776
80.0000     83.076    65.775
81.1636     83.112    64.822
82.3442     83.151    63.891
83.5419     83.191    62.988
84.7570     83.233    62.073
85.9899     83.276    61.171
87.2406     83.323    60.286
88.5096     83.372    59.412
89.7970     83.427    58.531
91.1031     83.488    57.625
92.4282     83.548    56.645
93.7726     83.607    55.606
95.1366     83.654    54.541
96.5204     83.689    53.425
97.9243     83.707    52.348
99.3486     83.719    51.381
100.794     83.725    50.492
102.260     83.745    49.648
103.747     83.767    48.842
105.256     83.800    48.029
106.787     83.829    47.161
108.340     83.847    46.266
109.916     83.865    45.413
111.515     83.873    44.605
113.137     83.880    43.861
114.783     83.886    43.221
116.452     83.906    42.680
118.146     83.938    42.160
119.865     84.000    41.612
121.608     84.067    40.969
123.377     84.147    40.194
125.171     84.209    39.291
126.992     84.266    38.338
128.839     84.302    37.373
130.713     84.339    36.420
132.615     84.363    35.489
134.543     84.385    34.541
136.500     84.391    33.607
138.486     84.401    32.758
140.500     84.406    31.930
142.544     84.415    31.190
144.617     84.424    30.507
146.721     84.463    29.767
148.855     84.506    28.874
151.020     84.531    27.813
153.217     84.520    26.644
155.445     84.466    25.575
157.706     84.383    24.851
160.000     84.326    24.555
162.327     84.320    24.446
164.688     84.371    24.157
167.084     84.433    23.565
169.514     84.476    22.761
171.980     84.493    21.829
174.481     84.487    20.967
177.019     84.469    20.241
179.594     84.460    19.564
182.206     84.449    18.920
184.856     84.434    18.281
187.545     84.418    17.712
190.273     84.400    17.194
193.041     84.395    16.709
195.849     84.395    16.254
198.697     84.402    15.830
201.587     84.419    15.381
204.520     84.450    14.812
207.494     84.476    14.079
210.512     84.479    13.315
213.574     84.463    12.629
216.681     84.424    12.045
219.833     84.393    11.709
223.030     84.397    11.499
226.274     84.443    11.142
229.565     84.485    10.575
232.905     84.509     9.982
236.292     84.540     9.134
239.729     84.510     8.221
243.216     84.442     7.632
246.754     84.404     7.344
250.343     84.360     7.134
253.984     84.352     7.196
257.678     84.398     7.112
261.426     84.440     6.940
265.229     84.500     6.740
269.087     84.580     6.349
273.001     84.677     5.896
276.972     84.765     5.218
281.000     84.831     4.368
285.088     84.890     3.372
289.234     84.917     2.153
293.441     84.878     1.025
297.709     84.809     0.169
302.040     84.719    -0.439
306.433     84.689    -0.531
310.890     84.726    -0.518
315.412     84.791    -0.881
320.000     84.843    -1.477
324.655     84.884    -2.161
329.377     84.913    -2.888
334.168     84.934    -3.610
339.028     84.945    -4.380
343.959     84.927    -5.244
348.962     84.850    -6.097
354.038     84.769    -6.109
359.188     84.842    -5.709
364.412     85.001    -5.860
369.713     85.188    -6.657
375.090     85.303    -7.884
380.546     85.347    -9.066
386.081     85.372    -9.983
391.697     85.460   -10.861
397.394     85.523   -12.301
403.175     85.542   -13.752
409.039     85.489   -15.175
414.989     85.368   -16.158
421.025     85.261   -16.201
427.149     85.306   -15.919
433.362     85.445   -16.233
439.665     85.591   -16.937
446.060     85.701   -18.229
452.548     85.760   -19.657
459.131     85.781   -21.131
465.809     85.764   -22.360
472.584     85.756   -23.416
479.458     85.752   -24.716
486.432     85.688   -25.937
493.507     85.652   -26.931
500.686     85.598   -27.913
507.968     85.542   -28.767
515.357     85.515   -29.531
522.853     85.472   -30.402
530.458     85.427   -31.275
538.174     85.380   -32.116
546.002     85.319   -32.912
553.943     85.268   -33.660
562.001     85.194   -34.331
570.175     85.148   -34.925
578.469     85.100   -35.474
586.883     85.059   -36.039
595.419     85.021   -36.560
604.080     84.990   -37.123
612.866     84.961   -37.653
621.780     84.939   -38.244
630.824     84.928   -38.771
640.000     84.914   -39.440
649.309     84.911   -40.114
658.753     84.899   -40.879
668.335     84.881   -41.642
678.056     84.864   -42.461
687.919     84.839   -43.287
697.925     84.826   -44.152
708.077     84.791   -45.031
718.376     84.757   -45.985
728.825     84.711   -46.902
739.426     84.661   -47.844
750.181     84.602   -48.742
761.093     84.540   -49.658
772.163     84.467   -50.489
783.394     84.394   -51.333
794.789     84.324   -52.049
806.349     84.245   -52.798
818.078     84.162   -53.451
829.977     84.085   -54.095
842.050     84.019   -54.606
854.298     83.950   -55.172
866.724     83.896   -55.611
879.330     83.843   -56.110
892.120     83.805   -56.533
905.097     83.768   -57.021
918.262     83.761   -57.489
931.618     83.739   -58.075
945.169     83.731   -58.637
958.917     83.716   -59.284
972.864     83.710   -59.932
987.015     83.676   -60.637
1001.37     83.649   -61.234
1015.94     83.613   -61.845
1030.71     83.598   -62.276
1045.71     83.601   -62.772
1060.92     83.624   -63.280
1076.35     83.630   -63.846
1092.00     83.655   -64.296
1107.89     83.708   -64.762
1124.00     83.774   -65.313
1140.35     83.862   -66.020
1156.94     83.961   -66.738
1173.77     84.040   -67.537
1190.84     84.141   -68.464
1208.16     84.251   -69.418
1225.73     84.372   -70.518
1243.56     84.514   -71.709
1261.65     84.647   -73.107
1280.00     84.798   -74.725
1298.62     84.929   -76.576
1317.51     85.021   -78.365
1336.67     85.113   -80.319
1356.11     85.196   -82.385
1375.84     85.270   -84.522
1395.85     85.329   -86.503
1416.15     85.372   -88.524
1436.75     85.417   -90.625
1457.65     85.471   -92.888
1478.85     85.515   -95.119
1500.36     85.550   -97.297
1522.19     85.592   -99.583
1544.33     85.627  -101.951
1566.79     85.657  -104.294
1589.58     85.673  -106.860
1612.70     85.689  -109.395
1636.16     85.694  -111.983
1659.95     85.694  -114.555
1684.10     85.670  -117.272
1708.60     85.647  -119.926
1733.45     85.607  -122.452
1758.66     85.581  -125.041
1784.24     85.542  -127.783
1810.19     85.503  -130.496
1836.52     85.448  -133.240
1863.24     85.387  -135.959
1890.34     85.313  -138.666
1917.83     85.240  -141.436
1945.73     85.146  -144.220
1974.03     85.028  -146.911
2002.74     84.891  -149.580
2031.87     84.752  -152.033
2061.43     84.615  -154.288
2091.41     84.491  -156.381
2121.83     84.387  -158.381
2152.69     84.316  -160.292
2184.01     84.270  -162.252
2215.77     84.243  -164.280
2248.00     84.213  -166.447
2280.70     84.176  -168.698
2313.87     84.119  -170.900
2347.53     84.062  -172.922
2381.68     84.016  -174.743
2416.32     84.001  -176.364
2451.46     84.031  -177.930
2487.12     84.125  -179.627
2523.30     84.250   178.373
2560.00     84.385   176.035
2597.24     84.497   173.414
2635.01     84.575   170.671
2673.34     84.620   167.830
2712.23     84.645   165.138
2751.68     84.671   162.611
2791.70     84.718   160.177
2832.31     84.780   157.665
2873.50     84.845   154.934
2915.30     84.891   151.937
2957.70     84.892   148.891
3000.72     84.840   146.003
3044.37     84.755   143.404
3088.65     84.669   141.233
3133.58     84.616   139.321
3179.16     84.608   137.441
3225.40     84.621   135.509
3272.31     84.626   133.531
3319.91     84.614   131.692
3368.20     84.629   130.189
3417.19     84.711   128.813
3466.89     84.861   127.176
3517.32     85.026   124.906
3568.48     85.132   122.244
3620.39     85.154   119.649
3673.05     85.147   117.472
3726.47     85.182   115.657
3780.67     85.280   113.749
3835.67     85.388   111.414
3891.46     85.438   108.765
3948.06     85.415   106.309
4005.49     85.404   104.324
4063.75     85.481   102.347
4122.86     85.588    99.625
4182.82     85.563    96.021
4243.66     85.289    92.537
4305.39     84.821    90.771
4368.01     84.438    91.414
4431.55     84.383    93.136
4496.01     84.636    94.170
4561.40     84.991    93.538
4627.75     85.272    91.870
4695.06     85.465    89.996
4763.35     85.641    88.111
4832.64     85.803    86.032
4902.93     85.943    83.776
4974.24     86.065    81.376
5046.60     86.162    78.713
5120.00     86.202    75.789
5194.47     86.128    72.838
5270.03     85.933    70.366
5346.68     85.695    68.901
5424.45     85.560    68.484
5503.35     85.598    68.240
5583.40     85.742    67.255
5664.61     85.867    65.402
5747.01     85.895    63.197
5830.60     85.847    61.207
5915.41     85.792    59.546
6001.45     85.747    58.052
6088.74     85.714    56.688
6177.30     85.737    55.295
6267.15     85.777    53.351
6358.31     85.714    50.797
6450.80     85.510    48.569
6544.62     85.279    47.260
6639.82     85.134    46.360
6736.40     85.007    45.052
6834.38     84.787    43.661
6933.79     84.495    43.115
7034.64     84.231    43.506
7136.96     84.091    44.598
7240.77     84.135    45.803
7346.09     84.305    46.128
7452.94     84.470    45.660
7561.35     84.640    44.822
7671.33     84.774    43.054
7782.91     84.727    40.908
7896.12     84.561    39.618
8010.97     84.372    38.849
8127.49     84.153    39.242
8245.71     84.214    40.845
8365.65     84.514    40.571
8487.33     84.638    38.901
8610.78     84.658    37.650
8736.03     84.631    36.504
8863.09     84.611    35.932
8992.01     84.703    35.180
9122.80     84.748    33.740
9255.50     84.756    32.182
9390.12     84.712    30.203
9526.70     84.483    28.278
9665.27     84.166    27.793
9805.86     84.006    28.255
9948.49     83.963    28.425
10093.2     83.937    27.857
10240.0     83.724    27.865
10388.9     83.853    29.082
10540.1     84.012    26.977
10693.4     83.722    25.238
10848.9     83.309    25.199
11006.7     83.125    28.059
11166.8     83.313    28.548
11329.2     83.207    29.487
11494.0     83.380    30.805
11661.2     83.604    31.301
11830.8     83.780    30.294
12002.9     83.776    30.496
12177.5     83.968    30.268
12354.6     84.046    29.759
12534.3     84.136    29.334
12716.6     84.222    28.756
12901.6     84.177    28.158
13089.2     84.257    29.474
13279.6     84.654    28.804
13472.8     84.709    26.874
13668.8     84.646    26.511
13867.6     84.871    26.911
14069.3     85.008    25.279
14273.9     85.126    24.726
14481.5     85.277    23.795
14692.2     85.405    21.622
14905.9     85.388    20.524
15122.7     85.338    19.876
15342.7     85.598    18.636
15565.8     85.588    16.682
15792.2     85.477    15.939
16021.9     85.722    14.480
16255.0     85.660    12.243
16491.4     85.552    11.444
16731.3     85.655     9.771
16974.7     85.624     7.294
17221.6     85.412     5.751
17472.1     85.308     4.306
17726.2     85.157     2.365
17984.0     84.835     0.974
18245.6     84.560     0.423
18511.0     84.357    -0.156
18780.2     84.016    -0.489
19053.4     83.814     0.474
19330.5     83.605    -0.133
19611.7     83.062     0.990
19897.0     83.007     4.173
20186.4     82.958     5.963
20480.0     83.046     9.491
20777.9     83.505    11.207
21080.1     83.705    11.676
21386.7     83.954    12.592
21697.8     84.254    14.045
22013.4     84.749    15.284
22333.6     85.329    14.941
22658.4     85.852    14.303
22988.0     86.366    12.625
23322.4     86.831    12.103
23661.6     87.510     8.962
24005.8     87.837     8.692
24355.0     88.819     6.535
24709.2     89.777     3.947
25068.6     91.227    -1.627
25433.2     92.650   -13.105
25803.2     93.435   -30.473
26178.5     92.912   -49.247
26559.3     91.513   -63.025
26945.6     89.840   -73.788
27337.5     87.985   -77.362
27735.2     86.859   -80.924
28138.6     85.676   -83.039
28547.9     84.682   -86.465
28963.1     83.530   -88.712
29384.4     82.500   -90.226
29811.8     81.414   -91.750
30245.4     80.466   -91.886
30685.3     79.817   -92.133
31131.7     78.956   -97.123
31584.5     77.133   -97.813
32043.9     76.217   -94.820
32510.0     74.529   -92.431
32982.8     74.026   -81.955
33462.6     74.668   -80.243
33949.3     74.081   -85.404
34443.1     73.463   -86.033
34944.1     72.365   -84.922
35452.4     71.523   -81.653
35968.0     71.361   -79.003
36491.2     71.233   -78.143
37022.0     71.253   -80.677
37560.5     70.756   -86.555
38106.8     69.407   -90.374
38661.1     68.401   -91.008
39223.4     67.080   -93.265
39793.9     65.778   -88.486
