Freq[Hz]     dBSPL  Phase[Deg]
5.00000     37.480  -111.783
5.07273     37.620  -115.093
5.14651     37.769  -118.603
5.22137     37.899  -121.631
5.29732     38.047  -124.622
5.37437     38.196  -127.437
5.45254     38.357  -130.133
5.53185     38.514  -132.661
5.61231     38.683  -135.014
5.69394     38.891  -137.308
5.77676     39.060  -139.147
5.86079     39.285  -141.116
5.94604     39.523  -142.867
6.03252     39.773  -144.514
6.12027     40.033  -146.055
6.20929     40.314  -147.606
6.29961     40.613  -149.053
6.39124     40.898  -150.461
6.48420     41.210  -151.888
6.57851     41.534  -153.346
6.67420     41.861  -154.851
6.77128     42.166  -156.213
6.86977     42.519  -157.796
6.96969     42.818  -159.230
7.07107     43.152  -160.845
7.17392     43.482  -162.378
7.27827     43.788  -163.859
7.38413     44.062  -165.253
7.49154     44.369  -166.777
7.60050     44.652  -168.177
7.71105     44.932  -169.628
7.82321     45.227  -171.003
7.93701     45.498  -172.333
8.05245     45.758  -173.603
8.16958     46.022  -174.840
8.28841     46.276  -176.091
8.40896     46.527  -177.237
8.53128     46.779  -178.458
8.65537     47.057  -179.681
8.78126     47.284   179.189
8.90899     47.545   178.035
9.03857     47.777   176.865
9.17004     47.994   175.741
9.30342     48.229   174.599
9.43874     48.411   173.565
9.57603     48.646   172.516
9.71532     48.833   171.524
9.85663     49.021   170.587
10.0000     49.183   169.742
10.1455     49.370   168.954
10.2930     49.567   168.246
10.4427     49.718   167.661
10.5946     49.922   167.104
10.7487     50.081   166.654
10.9051     50.299   166.185
11.0637     50.507   165.751
11.2246     50.707   165.323
11.3879     50.926   164.909
11.5535     51.172   164.398
11.7216     51.386   163.875
11.8921     51.632   163.254
12.0650     51.859   162.618
12.2405     52.086   161.906
12.4186     52.292   161.135
12.5992     52.509   160.308
12.7825     52.712   159.443
12.9684     52.896   158.605
13.1570     53.064   157.699
13.3484     53.237   156.809
13.5426     53.375   155.937
13.7395     53.500   155.109
13.9394     53.608   154.313
14.1421     53.722   153.526
14.3478     53.819   152.782
14.5565     53.884   152.179
14.7683     53.943   151.637
14.9831     54.007   151.165
15.2010     54.055   150.791
15.4221     54.108   150.501
15.6464     54.149   150.325
15.8740     54.212   150.163
16.1049     54.239   150.160
16.3392     54.286   150.126
16.5768     54.310   150.134
16.8179     54.321   150.162
17.0626     54.351   150.094
17.3107     54.336   150.224
17.5625     54.280   150.469
17.8180     54.197   150.876
18.0771     54.090   151.571
18.3401     53.957   152.649
18.6068     53.833   154.051
18.8775     53.711   155.915
19.1521     53.608   158.385
19.4306     53.556   161.053
19.7133     53.562   164.274
20.0000     53.633   167.815
20.2909     53.790   171.532
20.5860     54.016   174.977
20.8855     54.300   178.062
21.1893     54.589  -178.688
21.4975     54.900  -175.328
21.8102     55.249  -171.928
22.1274     55.614  -168.190
22.4492     56.071  -164.326
22.7758     56.581  -160.544
23.1071     57.171  -156.864
23.4432     57.858  -153.111
23.7841     58.643  -149.464
24.1301     59.490  -146.554
24.4811     60.414  -144.066
24.8372     61.396  -142.215
25.1984     62.428  -140.887
25.5649     63.442  -140.448
25.9368     64.487  -140.668
26.3141     65.482  -141.696
26.6968     66.443  -143.451
27.0851     67.283  -145.844
27.4791     67.982  -148.586
27.8788     68.557  -151.301
28.2843     69.025  -153.388
28.6957     69.416  -154.650
29.1131     69.874  -154.926
29.5365     70.447  -154.613
29.9661     71.186  -154.347
30.4020     72.027  -154.733
30.8442     72.947  -156.119
31.2929     73.859  -158.462
31.7480     74.688  -161.532
32.2098     75.522  -165.566
32.6783     76.279  -170.031
33.1536     76.936  -174.500
33.6359     77.513  -179.012
34.1251     77.966   176.873
34.6215     78.345   172.970
35.1250     78.675   169.184
35.6359     78.992   165.210
36.1543     79.277   161.349
36.6802     79.541   157.537
37.2137     79.757   153.773
37.7550     79.923   150.194
38.3041     80.050   146.782
38.8613     80.145   143.514
39.4265     80.218   140.525
40.0000     80.274   137.731
40.5818     80.330   135.200
41.1721     80.389   132.788
41.7710     80.456   130.515
42.3785     80.525   128.337
42.9949     80.599   126.220
43.6203     80.672   124.174
44.2548     80.752   122.203
44.8985     80.826   120.274
45.5515     80.911   118.358
46.2141     80.984   116.469
46.8863     81.065   114.565
47.5683     81.132   112.709
48.2602     81.197   110.905
48.9621     81.255   109.158
49.6743     81.314   107.476
50.3968     81.384   105.810
51.1299     81.447   104.125
51.8736     81.496   102.472
52.6281     81.549   100.861
53.3936     81.600    99.307
54.1702     81.644    97.781
54.9581     81.693    96.289
55.7575     81.736    94.830
56.5685     81.770    93.422
57.3914     81.807    92.074
58.2261     81.851    90.791
59.0730     81.902    89.487
59.9323     81.951    88.201
60.8040     81.997    86.873
61.6884     82.040    85.517
62.5857     82.079    84.210
63.4960     82.107    82.991
64.4196     82.141    81.819
65.3566     82.174    80.681
66.3073     82.214    79.552
67.2717     82.259    78.428
68.2502     82.301    77.318
69.2429     82.355    76.226
70.2501     82.407    75.115
71.2719     82.456    73.980
72.3086     82.509    72.821
73.3603     82.552    71.653
74.4274     82.591    70.476
75.5099     82.624    69.302
76.6083     82.659    68.136
77.7226     82.679    67.002
78.8531     82.702    65.920
80.0000     82.720    64.871
81.1636     82.745    63.867
82.3442     82.771    62.885
83.5419     82.798    61.927
84.7570     82.828    60.956
85.9899     82.858    59.994
87.2406     82.891    59.048
88.5096     82.928    58.112
89.7970     82.970    57.166
91.1031     83.017    56.193
92.4282     83.063    55.142
93.7726     83.109    54.032
95.1366     83.142    52.892
96.5204     83.162    51.699
97.9243     83.165    50.543
99.3486     83.163    49.494
100.794     83.154    48.521
102.260     83.160    47.589
103.747     83.166    46.693
105.256     83.183    45.787
106.787     83.197    44.824
108.340     83.199    43.831
109.916     83.201    42.877
111.515     83.193    41.964
113.137     83.183    41.113
114.783     83.172    40.362
116.452     83.175    39.707
118.146     83.189    39.071
119.865     83.235    38.403
121.608     83.284    37.637
123.377     83.346    36.735
125.171     83.389    35.701
126.992     83.428    34.614
128.839     83.446    33.513
130.713     83.464    32.419
132.615     83.468    31.342
134.543     83.471    30.246
136.500     83.456    29.160
138.486     83.445    28.154
140.500     83.430    27.167
142.544     83.418    26.261
144.617     83.406    25.412
146.721     83.423    24.500
148.855     83.443    23.430
151.020     83.446    22.188
153.217     83.413    20.835
155.445     83.335    19.577
157.706     83.229    18.659
160.000     83.146    18.166
162.327     83.116    17.854
164.688     83.142    17.359
167.084     83.177    16.557
169.514     83.194    15.537
171.980     83.183    14.384
174.481     83.149    13.298
177.019     83.102    12.344
179.594     83.064    11.433
182.206     83.023    10.551
184.856     82.976     9.671
187.545     82.930     8.855
190.273     82.879     8.086
193.041     82.840     7.347
195.849     82.807     6.634
198.697     82.778     5.947
201.587     82.757     5.230
204.520     82.752     4.392
207.494     82.739     3.385
210.512     82.702     2.345
213.574     82.644     1.378
216.681     82.562     0.512
219.833     82.488    -0.108
223.030     82.446    -0.606
226.274     82.446    -1.251
229.565     82.440    -2.107
232.905     82.414    -2.992
236.292     82.393    -4.128
239.729     82.311    -5.333
243.216     82.187    -6.211
246.754     82.093    -6.787
250.343     81.991    -7.281
253.984     81.924    -7.502
257.678     81.907    -7.863
261.426     81.886    -8.310
265.229     81.880    -8.775
269.087     81.893    -9.429
273.001     81.921   -10.133
276.972     81.937   -11.056
281.000     81.932   -12.142
285.088     81.917   -13.363
289.234     81.869   -14.794
293.441     81.752   -16.122
297.709     81.605   -17.164
302.040     81.436   -17.945
306.433     81.326   -18.196
310.890     81.281   -18.324
315.412     81.266   -18.810
320.000     81.235   -19.513
324.655     81.194   -20.287
329.377     81.139   -21.083
334.168     81.077   -21.857
339.028     81.006   -22.661
343.959     80.907   -23.544
348.962     80.748   -24.401
354.038     80.585   -24.396
359.188     80.578   -23.961
364.412     80.660   -24.056
369.713     80.770   -24.781
375.090     80.809   -25.918
380.546     80.779   -26.989
386.081     80.734   -27.776
391.697     80.754   -28.506
397.394     80.751   -29.780
403.175     80.708   -31.042
409.039     80.596   -32.260
414.989     80.419   -33.017
421.025     80.258   -32.813
427.149     80.254   -32.266
433.362     80.347   -32.296
439.665     80.453   -32.699
446.060     80.524   -33.674
452.548     80.552   -34.763
459.131     80.544   -35.885
465.809     80.503   -36.743
472.584     80.479   -37.415
479.458     80.463   -38.322
486.432     80.394   -39.144
493.507     80.359   -39.736
500.686     80.313   -40.319
507.968     80.274   -40.782
515.357     80.272   -41.170
522.853     80.262   -41.690
530.458     80.260   -42.244
538.174     80.264   -42.810
546.002     80.262   -43.385
553.943     80.277   -43.974
562.001     80.277   -44.564
570.175     80.309   -45.157
578.469     80.344   -45.799
586.883     80.387   -46.552
595.419     80.433   -47.365
604.080     80.483   -48.322
612.866     80.532   -49.352
621.780     80.581   -50.543
630.824     80.634   -51.769
640.000     80.672   -53.228
649.309     80.711   -54.779
658.753     80.728   -56.504
668.335     80.724   -58.296
678.056     80.705   -60.213
687.919     80.661   -62.189
697.925     80.611   -64.254
708.077     80.520   -66.371
718.376     80.408   -68.591
728.825     80.263   -70.788
739.426     80.091   -73.014
750.181     79.883   -75.184
761.093     79.646   -77.337
772.163     79.373   -79.352
783.394     79.071   -81.297
794.789     78.744   -83.003
806.349     78.379   -84.591
818.078     77.986   -85.892
829.977     77.575   -86.947
842.050     77.158   -87.590
854.298     76.731   -87.965
866.724     76.320   -87.867
879.330     75.925   -87.471
892.120     75.577   -86.662
905.097     75.273   -85.645
918.262     75.055   -84.419
931.618     74.883   -83.239
945.169     74.784   -82.087
958.917     74.730   -81.179
972.864     74.726   -80.514
987.015     74.719   -80.197
1001.37     74.730   -80.079
1015.94     74.730   -80.266
1030.71     74.737   -80.530
1045.71     74.738   -81.070
1060.92     74.729   -81.773
1076.35     74.666   -82.628
1092.00     74.585   -83.384
1107.89     74.509   -84.081
1124.00     74.407   -84.771
1140.35     74.284   -85.437
1156.94     74.176   -85.907
1173.77     74.045   -86.229
1190.84     73.923   -86.395
1208.16     73.832   -86.368
1225.73     73.778   -86.317
1243.56     73.778   -86.264
1261.65     73.805   -86.386
1280.00     73.876   -86.662
1298.62     73.957   -87.271
1317.51     74.026   -88.041
1336.67     74.107   -89.054
1356.11     74.187   -90.294
1375.84     74.257   -91.795
1395.85     74.308   -93.336
1416.15     74.329   -95.036
1436.75     74.335   -96.878
1457.65     74.322   -98.910
1478.85     74.276  -100.904
1500.36     74.208  -102.796
1522.19     74.124  -104.650
1544.33     74.026  -106.421
1566.79     73.926  -107.974
1589.58     73.819  -109.489
1612.70     73.742  -110.800
1636.16     73.696  -112.069
1659.95     73.690  -113.330
1684.10     73.707  -114.774
1708.60     73.762  -116.380
1733.45     73.821  -118.190
1758.66     73.905  -120.303
1784.24     73.973  -122.825
1810.19     74.023  -125.538
1836.52     74.032  -128.403
1863.24     74.013  -131.275
1890.34     73.969  -134.100
1917.83     73.921  -136.929
1945.73     73.864  -139.731
1974.03     73.803  -142.476
2002.74     73.745  -145.336
2031.87     73.695  -148.215
2061.43     73.644  -151.185
2091.41     73.581  -154.324
2121.83     73.494  -157.560
2152.69     73.386  -160.766
2184.01     73.259  -163.921
2215.77     73.120  -166.952
2248.00     72.963  -169.957
2280.70     72.797  -172.948
2313.87     72.627  -175.894
2347.53     72.454  -178.802
2381.68     72.266   178.319
2416.32     72.055   175.563
2451.46     71.809   172.959
2487.12     71.542   170.619
2523.30     71.279   168.636
2560.00     71.047   167.000
2597.24     70.855   165.591
2635.01     70.709   164.310
2673.34     70.586   163.041
2712.23     70.502   161.733
2751.68     70.450   160.341
2791.70     70.420   158.832
2832.31     70.397   157.110
2873.50     70.350   155.158
2915.30     70.252   153.055
2957.70     70.090   151.095
3000.72     69.877   149.606
3044.37     69.655   148.816
3088.65     69.501   148.653
3133.58     69.464   148.693
3179.16     69.532   148.324
3225.40     69.625   147.227
3272.31     69.657   145.619
3319.91     69.590   143.947
3368.20     69.468   142.714
3417.19     69.363   141.961
3466.89     69.316   141.383
3517.32     69.290   140.537
3568.48     69.228   139.408
3620.39     69.089   138.400
3673.05     68.902   138.054
3726.47     68.762   138.513
3780.67     68.740   139.197
3835.67     68.808   139.438
3891.46     68.857   139.173
3948.06     68.830   138.989
4005.49     68.821   139.505
4063.75     68.979   140.255
4122.86     69.291   140.026
4182.82     69.574   138.100
4243.66     69.622   135.077
4305.39     69.370   132.441
4368.01     68.955   131.408
4431.55     68.581   132.100
4496.01     68.369   133.655
4561.40     68.296   135.215
4627.75     68.311   136.556
4695.06     68.382   137.503
4763.35     68.479   137.967
4832.64     68.549   138.153
4902.93     68.613   138.380
4974.24     68.727   138.427
5046.60     68.839   137.754
5120.00     68.837   136.508
5194.47     68.660   135.506
5270.03     68.387   135.497
5346.68     68.156   136.497
5424.45     68.050   137.916
5503.35     68.033   138.939
5583.40     68.017   139.455
5664.61     67.973   139.495
5747.01     67.845   139.237
5830.60     67.607   139.250
5915.41     67.322   140.031
6001.45     67.051   141.648
6088.74     66.847   144.031
6177.30     66.801   146.537
6267.15     66.822   148.320
6358.31     66.751   149.666
6450.80     66.623   151.621
6544.62     66.629   154.242
6639.82     66.815   156.261
6736.40     66.999   156.840
6834.38     67.045   156.629
6933.79     66.945   156.323
7034.64     66.674   156.225
7136.96     66.274   157.284
7240.77     65.931   159.678
7346.09     65.652   162.274
7452.94     65.330   165.903
7561.35     65.290   171.322
7671.33     65.677   175.276
7782.91     66.035   176.578
7896.12     66.202   177.031
8010.97     66.214   176.972
8127.49     66.050   177.452
8245.71     65.976   178.870
8365.65     65.919   178.982
8487.33     65.511   178.992
8610.78     64.929  -178.754
8736.03     64.395  -174.271
8863.09     64.266  -167.504
8992.01     64.776  -162.558
9122.80     65.277  -161.711
9255.50     65.402  -162.534
9390.12     65.149  -162.798
9526.70     64.692  -161.070
9665.27     64.285  -156.830
9805.86     64.270  -150.895
9948.49     64.686  -146.622
10093.2     65.089  -145.680
10240.0     65.144  -145.569
10388.9     65.278  -145.123
10540.1     65.228  -146.718
10693.4     64.792  -147.557
10848.9     64.003  -147.542
11006.7     63.100  -141.920
11166.8     63.000  -135.762
11329.2     63.067  -131.009
11494.0     63.427  -129.457
11661.2     63.373  -130.915
11830.8     62.683  -132.913
12002.9     61.371  -129.215
12177.5     60.769  -121.095
12354.6     60.689  -114.318
12534.3     60.856  -110.069
12716.6     60.826  -108.815
12901.6     60.232  -107.346
13089.2     59.548  -102.359
13279.6     59.020   -95.691
13472.8     58.817   -87.917
13668.8     59.018   -82.374
13867.6     59.328   -80.147
14069.3     58.864   -80.853
14273.9     57.844   -78.074
14481.5     56.732   -70.831
14692.2     56.353   -61.801
14905.9     56.382   -53.566
15122.7     56.329   -47.849
15342.7     55.892   -44.175
15565.8     54.877   -34.410
15792.2     54.941   -20.092
16021.9     56.118   -12.166
16255.0     56.464   -10.710
16491.4     55.920    -8.200
16731.3     55.438     1.642
16974.7     55.842    11.973
17221.6     56.366    19.125
17472.1     56.837    23.430
17726.2     56.678    27.943
17984.0     56.672    37.422
18245.6     57.686    45.581
18511.0     58.559    47.862
18780.2     58.789    49.363
19053.4     58.970    53.660
19330.5     59.545    56.827
19611.7     59.795    58.179
19897.0     60.226    59.526
20186.4     60.225    57.090
20480.0     59.664    58.865
20777.9     59.355    60.303
21080.1     58.555    62.192
21386.7     57.774    71.056
21697.8     58.474    77.090
22013.4     58.075    76.707
22333.6     57.077    82.537
22658.4     56.976    97.160
22988.0     58.214   103.808
23322.4     58.994   106.257
23661.6     59.643   107.337
24005.8     59.763   106.224
24355.0     59.666   109.773
24709.2     60.362   115.051
25068.6     61.710   114.676
25433.2     62.753   107.348
25803.2     62.845    95.308
26178.5     61.650    85.201
26559.3     59.969    81.076
26945.6     58.180    80.611
27337.5     56.493    88.708
27735.2     56.430    94.037
28138.6     55.846    94.893
28547.9     54.938    94.117
28963.1     53.472    95.445
29384.4     51.550   101.123
29811.8     49.950   112.037
30245.4     48.977   126.127
30685.3     49.138   141.394
31131.7     50.295   149.801
31584.5     50.588   150.246
32043.9     50.976   148.952
32510.0     49.806   146.265
32982.8     47.661   152.497
33462.6     49.256   173.573
33949.3     50.452   160.092
34443.1     50.031   145.585
34944.1     47.527   134.435
35452.4     44.976   127.001
35968.0     42.124   121.694
36491.2     39.650   125.268
37022.0     39.713   118.074
37560.5     39.015   101.276
38106.8     36.482    78.337
38661.1     36.475    82.680
39223.4     37.670    65.646
39793.9     37.569    42.143
