Freq[Hz]     dBSPL  Phase[Deg]
5.00000     37.416  -111.860
5.07273     37.556  -115.172
5.14651     37.705  -118.684
5.22137     37.835  -121.713
5.29732     37.983  -124.705
5.37437     38.131  -127.521
5.45254     38.293  -130.218
5.53185     38.450  -132.747
5.61231     38.619  -135.101
5.69394     38.827  -137.397
5.77676     38.996  -139.237
5.86079     39.221  -141.207
5.94604     39.458  -142.959
6.03252     39.708  -144.608
6.12027     39.968  -146.150
6.20929     40.249  -147.703
6.29961     40.549  -149.151
6.39124     40.834  -150.560
6.48420     41.146  -151.988
6.57851     41.469  -153.449
6.67420     41.797  -154.955
6.77128     42.102  -156.319
6.86977     42.455  -157.903
6.96969     42.754  -159.339
7.07107     43.088  -160.955
7.17392     43.418  -162.489
7.27827     43.724  -163.972
7.38413     43.998  -165.368
7.49154     44.305  -166.894
7.60050     44.588  -168.295
7.71105     44.868  -169.748
7.82321     45.163  -171.124
7.93701     45.434  -172.457
8.05245     45.693  -173.728
8.16958     45.958  -174.967
8.28841     46.212  -176.220
8.40896     46.462  -177.368
8.53128     46.715  -178.590
8.65537     46.993  -179.815
8.78126     47.220   179.053
8.90899     47.481   177.896
9.03857     47.713   176.725
9.17004     47.930   175.598
9.30342     48.165   174.454
9.43874     48.347   173.418
9.57603     48.581   172.367
9.71532     48.769   171.373
9.85663     48.957   170.434
10.0000     49.118   169.586
10.1455     49.306   168.796
10.2930     49.502   168.086
10.4427     49.654   167.498
10.5946     49.857   166.939
10.7487     50.017   166.487
10.9051     50.235   166.016
11.0637     50.443   165.579
11.2246     50.642   165.148
11.3879     50.862   164.732
11.5535     51.108   164.219
11.7216     51.322   163.693
11.8921     51.568   163.069
12.0650     51.795   162.430
12.2405     52.022   161.716
12.4186     52.227   160.941
12.5992     52.445   160.112
12.7825     52.648   159.244
12.9684     52.832   158.403
13.1570     53.000   157.495
13.3484     53.173   156.601
13.5426     53.311   155.727
13.7395     53.435   154.895
13.9394     53.544   154.096
14.1421     53.657   153.306
14.3478     53.755   152.559
14.5565     53.820   151.952
14.7683     53.878   151.408
14.9831     53.943   150.932
15.2010     53.991   150.554
15.4221     54.044   150.262
15.6464     54.085   150.081
15.8740     54.148   149.916
16.1049     54.174   149.909
16.3392     54.221   149.872
16.5768     54.246   149.876
16.8179     54.257   149.900
17.0626     54.286   149.828
17.3107     54.271   149.955
17.5625     54.216   150.196
17.8180     54.133   150.598
18.0771     54.026   151.290
18.3401     53.893   152.363
18.6068     53.768   153.762
18.8775     53.646   155.622
19.1521     53.544   158.087
19.4306     53.491   160.751
19.7133     53.497   163.967
20.0000     53.569   167.504
20.2909     53.726   171.216
20.5860     53.952   174.657
20.8855     54.235   177.737
21.1893     54.525  -179.018
21.4975     54.836  -175.662
21.8102     55.184  -172.267
22.1274     55.550  -168.534
22.4492     56.006  -164.675
22.7758     56.516  -160.898
23.1071     57.107  -157.223
23.4432     57.794  -153.476
23.7841     58.579  -149.834
24.1301     59.426  -146.929
24.4811     60.349  -144.447
24.8372     61.332  -142.601
25.1984     62.364  -141.279
25.5649     63.378  -140.845
25.9368     64.423  -141.071
26.3141     65.418  -142.106
26.6968     66.379  -143.866
27.0851     67.218  -146.266
27.4791     67.918  -149.014
27.8788     68.493  -151.734
28.2843     68.960  -153.828
28.6957     69.351  -155.097
29.1131     69.809  -155.379
29.5365     70.383  -155.072
29.9661     71.122  -154.813
30.4020     71.962  -155.206
30.8442     72.883  -156.599
31.2929     73.794  -158.949
31.7480     74.624  -162.026
32.2098     75.458  -166.068
32.6783     76.215  -170.540
33.1536     76.871  -175.016
33.6359     77.449  -179.535
34.1251     77.902   176.342
34.6215     78.281   172.432
35.1250     78.611   168.638
35.6359     78.927   164.655
36.1543     79.213   160.787
36.6802     79.477   156.967
37.2137     79.694   153.194
37.7550     79.860   149.607
38.3041     79.988   146.188
38.8613     80.084   142.911
39.4265     80.159   139.915
40.0000     80.217   137.112
40.5818     80.275   134.574
41.1721     80.336   132.154
41.7710     80.405   129.875
42.3785     80.477   127.690
42.9949     80.553   125.565
43.6203     80.630   123.513
44.2548     80.713   121.536
44.8985     80.792   119.602
45.5515     80.880   117.680
46.2141     80.957   115.786
46.8863     81.043   113.877
47.5683     81.115   112.016
48.2602     81.183   110.208
48.9621     81.247   108.459
49.6743     81.312   106.774
50.3968     81.386   105.105
51.1299     81.455   103.419
51.8736     81.510   101.765
52.6281     81.569   100.154
53.3936     81.626    98.600
54.1702     81.676    97.074
54.9581     81.732    95.584
55.7575     81.782    94.127
56.5685     81.823    92.723
57.3914     81.867    91.378
58.2261     81.919    90.101
59.0730     81.977    88.801
59.9323     82.035    87.522
60.8040     82.088    86.200
61.6884     82.140    84.853
62.5857     82.187    83.555
63.4960     82.224    82.347
64.4196     82.267    81.186
65.3566     82.309    80.060
66.3073     82.359    78.945
67.2717     82.413    77.834
68.2502     82.465    76.741
69.2429     82.528    75.665
70.2501     82.590    74.573
71.2719     82.649    73.457
72.3086     82.713    72.318
73.3603     82.766    71.172
74.4274     82.815    70.019
75.5099     82.860    68.868
76.6083     82.905    67.729
77.7226     82.937    66.622
78.8531     82.971    65.569
80.0000     83.001    64.551
81.1636     83.037    63.579
82.3442     83.075    62.629
83.5419     83.114    61.707
84.7570     83.157    60.773
85.9899     83.200    59.850
87.2406     83.246    58.945
88.5096     83.295    58.051
89.7970     83.350    57.149
91.1031     83.410    56.222
92.4282     83.469    55.219
93.7726     83.528    54.159
95.1366     83.575    53.071
96.5204     83.610    51.932
97.9243     83.627    50.832
99.3486     83.639    49.841
100.794     83.644    48.929
102.260     83.664    48.060
103.747     83.686    47.230
105.256     83.718    46.391
106.787     83.746    45.498
108.340     83.765    44.577
109.916     83.782    43.697
111.515     83.789    42.862
113.137     83.796    42.091
114.783     83.802    41.423
116.452     83.821    40.853
118.146     83.852    40.304
119.865     83.915    39.727
121.608     83.981    39.055
123.377     84.060    38.249
125.171     84.122    37.315
126.992     84.179    36.332
128.839     84.214    35.335
130.713     84.251    34.350
132.615     84.274    33.385
134.543     84.296    32.405
136.500     84.301    31.437
138.486     84.311    30.552
140.500     84.315    29.690
142.544     84.323    28.914
144.617     84.332    28.197
146.721     84.371    27.420
148.855     84.412    26.490
151.020     84.438    25.392
153.217     84.426    24.184
155.445     84.371    23.076
157.706     84.288    22.312
160.000     84.230    21.976
162.327     84.224    21.826
164.688     84.276    21.496
167.084     84.336    20.862
169.514     84.379    20.015
171.980     84.395    19.039
174.481     84.389    18.133
177.019     84.370    17.363
179.594     84.360    16.640
182.206     84.349    15.950
184.856     84.333    15.265
187.545     84.316    14.648
190.273     84.298    14.081
193.041     84.292    13.547
195.849     84.292    13.044
198.697     84.298    12.569
201.587     84.313    12.068
204.520     84.344    11.448
207.494     84.370    10.662
210.512     84.372     9.845
213.574     84.355     9.104
216.681     84.315     8.467
219.833     84.284     8.075
223.030     84.286     7.807
226.274     84.331     7.394
229.565     84.372     6.770
232.905     84.395     6.117
236.292     84.425     5.211
239.729     84.395     4.237
243.216     84.325     3.588
246.754     84.286     3.238
250.343     84.241     2.967
253.984     84.232     2.965
257.678     84.276     2.818
261.426     84.317     2.581
265.229     84.375     2.317
269.087     84.454     1.860
273.001     84.550     1.343
276.972     84.635     0.598
281.000     84.701    -0.320
285.088     84.758    -1.384
289.234     84.783    -2.670
293.441     84.742    -3.867
297.709     84.672    -4.792
302.040     84.579    -5.470
306.433     84.548    -5.633
310.890     84.583    -5.690
315.412     84.647    -6.123
320.000     84.697    -6.791
324.655     84.736    -7.548
329.377     84.763    -8.346
334.168     84.782    -9.140
339.028     84.791    -9.985
343.959     84.772   -10.923
348.962     84.693   -11.852
354.038     84.610   -11.937
359.188     84.683   -11.613
364.412     84.840   -11.839
369.713     85.025   -12.714
375.090     85.138   -14.020
380.546     85.180   -15.280
386.081     85.206   -16.277
391.697     85.291   -17.237
397.394     85.353   -18.759
403.175     85.372   -20.292
409.039     85.317   -21.801
414.989     85.196   -22.869
421.025     85.088   -22.998
427.149     85.131   -22.805
433.362     85.269   -23.209
439.665     85.415   -24.006
446.060     85.524   -25.391
452.548     85.583   -26.915
459.131     85.603   -28.488
465.809     85.585   -29.815
472.584     85.577   -30.972
479.458     85.572   -32.376
486.432     85.507   -33.702
493.507     85.469   -34.802
500.686     85.413   -35.892
507.968     85.355   -36.855
515.357     85.327   -37.729
522.853     85.282   -38.712
530.458     85.234   -39.698
538.174     85.185   -40.651
546.002     85.122   -41.559
553.943     85.067   -42.419
562.001     84.990   -43.201
570.175     84.940   -43.906
578.469     84.889   -44.563
586.883     84.845   -45.236
595.419     84.804   -45.861
604.080     84.769   -46.527
612.866     84.738   -47.158
621.780     84.713   -47.849
630.824     84.701   -48.475
640.000     84.685   -49.241
649.309     84.682   -50.016
658.753     84.669   -50.880
668.335     84.651   -51.745
678.056     84.634   -52.664
687.919     84.610   -53.593
697.925     84.599   -54.560
708.077     84.566   -55.547
718.376     84.534   -56.604
728.825     84.491   -57.630
739.426     84.446   -58.680
750.181     84.391   -59.693
761.093     84.333   -60.723
772.163     84.266   -61.676
783.394     84.200   -62.642
794.789     84.137   -63.491
806.349     84.065   -64.373
818.078     83.990   -65.170
829.977     83.920   -65.961
842.050     83.861   -66.631
854.298     83.800   -67.355
866.724     83.753   -67.964
879.330     83.705   -68.632
892.120     83.673   -69.230
905.097     83.640   -69.892
918.262     83.636   -70.536
931.618     83.617   -71.291
945.169     83.611   -72.021
958.917     83.598   -72.829
972.864     83.592   -73.635
987.015     83.560   -74.488
1001.37     83.534   -75.230
1015.94     83.500   -75.977
1030.71     83.488   -76.543
1045.71     83.494   -77.165
1060.92     83.521   -77.798
1076.35     83.531   -78.483
1092.00     83.560   -79.050
1107.89     83.618   -79.630
1124.00     83.690   -80.293
1140.35     83.783   -81.107
1156.94     83.888   -81.931
1173.77     83.972   -82.824
1190.84     84.078   -83.841
1208.16     84.194   -84.877
1225.73     84.321   -86.050
1243.56     84.468   -87.308
1261.65     84.607   -88.763
1280.00     84.764   -90.428
1298.62     84.901   -92.316
1317.51     84.998   -94.135
1336.67     85.095   -96.104
1356.11     85.183   -98.163
1375.84     85.260  -100.278
1395.85     85.325  -102.222
1416.15     85.372  -104.179
1436.75     85.422  -106.189
1457.65     85.481  -108.333
1478.85     85.531  -110.414
1500.36     85.574  -112.425
1522.19     85.628  -114.522
1544.33     85.676  -116.681
1566.79     85.721  -118.800
1589.58     85.755  -121.114
1612.70     85.788  -123.395
1636.16     85.810  -125.715
1659.95     85.829  -128.001
1684.10     85.821  -130.390
1708.60     85.814  -132.696
1733.45     85.794  -134.822
1758.66     85.787  -136.987
1784.24     85.771  -139.250
1810.19     85.760  -141.458
1836.52     85.738  -143.665
1863.24     85.715  -145.852
1890.34     85.683  -148.012
1917.83     85.653  -150.262
1945.73     85.601  -152.517
1974.03     85.526  -154.674
2002.74     85.430  -156.801
2031.87     85.330  -158.711
2061.43     85.231  -160.403
2091.41     85.147  -161.928
2121.83     85.082  -163.345
2152.69     85.050  -164.694
2184.01     85.039  -166.088
2215.77     85.043  -167.573
2248.00     85.039  -169.185
2280.70     85.024  -170.897
2313.87     84.987  -172.532
2347.53     84.947  -174.013
2381.68     84.911  -175.322
2416.32     84.897  -176.460
2451.46     84.910  -177.548
2487.12     84.964  -178.770
2523.30     85.031   179.812
2560.00     85.095   178.167
2597.24     85.130   176.397
2635.01     85.132   174.633
2673.34     85.099   172.928
2712.23     85.061   171.466
2751.68     85.039   170.223
2791.70     85.048   169.050
2832.31     85.078   167.772
2873.50     85.107   166.288
2915.30     85.105   164.609
2957.70     85.064   162.995
3000.72     84.993   161.704
3044.37     84.929   160.762
3088.65     84.910   160.049
3133.58     84.946   159.266
3179.16     85.013   158.138
3225.40     85.062   156.792
3272.31     85.072   155.366
3319.91     85.057   154.060
3368.20     85.064   152.939
3417.19     85.113   151.726
3466.89     85.172   150.103
3517.32     85.173   147.885
3568.48     85.071   145.568
3620.39     84.876   143.588
3673.05     84.636   142.092
3726.47     84.389   140.958
3780.67     84.127   139.966
3835.67     83.820   139.265
3891.46     83.455   139.174
3948.06     83.096   139.975
4005.49     82.835   141.414
4063.75     82.668   142.883
4122.86     82.500   144.360
4182.82     82.311   146.626
4243.66     82.278   150.184
4305.39     82.581   153.753
4368.01     83.117   155.470
4431.55     83.613   155.184
4496.01     83.925   153.751
4561.40     84.017   152.454
4627.75     84.033   152.086
4695.06     84.106   152.334
4763.35     84.268   152.493
4832.64     84.445   152.174
4902.93     84.586   151.542
4974.24     84.698   150.824
5046.60     84.786   149.968
5120.00     84.833   148.939
5194.47     84.785   147.961
5270.03     84.664   147.528
5346.68     84.574   147.807
5424.45     84.592   148.363
5503.35     84.684   148.501
5583.40     84.757   148.002
5664.61     84.751   147.075
5747.01     84.609   146.076
5830.60     84.319   145.807
5915.41     84.011   147.026
6001.45     83.869   149.477
6088.74     83.964   151.904
6177.30     84.215   153.246
6267.15     84.448   153.302
6358.31     84.538   152.578
6450.80     84.487   152.038
6544.62     84.386   152.052
6639.82     84.285   152.383
6736.40     84.152   152.903
6834.38     84.013   153.807
6933.79     83.887   155.021
7034.64     83.735   156.589
7136.96     83.639   159.010
7240.77     83.738   161.663
7346.09     83.921   163.252
7452.94     84.022   164.478
7561.35     84.175   166.188
7671.33     84.436   166.935
7782.91     84.557   166.562
7896.12     84.506   166.609
8010.97     84.390   167.192
8127.49     84.236   168.927
8245.71     84.332   171.809
8365.65     84.637   172.949
8487.33     84.760   172.756
8610.78     84.758   173.073
8736.03     84.716   173.654
8863.09     84.692   174.779
8992.01     84.764   175.632
9122.80     84.754   175.866
9255.50     84.681   176.260
9390.12     84.568   176.531
9526.70     84.298   176.985
9665.27     83.960   178.913
9805.86     83.800  -178.275
9948.49     83.749  -175.908
10093.2     83.683  -174.210
10240.0     83.409  -171.618
10388.9     83.515  -167.457
10540.1     83.706  -166.714
10693.4     83.466  -165.753
10848.9     83.118  -163.182
11006.7     83.004  -157.958
11166.8     83.208  -155.276
11329.2     83.078  -151.851
11494.0     83.242  -147.677
11661.2     83.514  -144.296
11830.8     83.750  -142.784
12002.9     83.772  -140.259
12177.5     83.945  -138.031
12354.6     83.991  -135.772
12534.3     84.077  -133.135
12716.6     84.205  -130.691
12901.6     84.222  -128.488
13089.2     84.338  -124.774
13279.6     84.687  -122.993
13472.8     84.666  -121.982
13668.8     84.572  -118.996
13867.6     84.812  -115.463
14069.3     84.927  -114.042
14273.9     85.022  -111.344
14481.5     85.149  -108.859
14692.2     85.277  -107.445
14905.9     85.301  -105.029
15122.7     85.289  -102.342
15342.7     85.558  -100.396
15565.8     85.516   -98.956
15792.2     85.395   -95.980
16021.9     85.664   -93.772
16255.0     85.616   -92.469
16491.4     85.496   -89.630
16731.3     85.582   -87.475
16974.7     85.559   -85.952
17221.6     85.374   -83.537
17472.1     85.292   -80.963
17726.2     85.174   -78.764
17984.0     84.919   -76.044
18245.6     84.713   -72.731
18511.0     84.547   -69.404
18780.2     84.245   -65.685
19053.4     84.125   -60.309
19330.5     84.079   -57.104
19611.7     83.654   -52.744
19897.0     83.645   -46.646
20186.4     83.584   -41.958
20480.0     83.560   -35.839
20777.9     83.731   -30.941
21080.1     83.637   -25.925
21386.7     83.709   -20.132
21697.8     83.756   -13.884
22013.4     84.059    -6.777
22333.6     84.525    -1.575
22658.4     84.914     4.013
22988.0     85.415     8.677
23322.4     85.937    14.427
23661.6     86.853    17.378
24005.8     87.226    21.056
24355.0     88.201    24.428
24709.2     89.250    27.178
25068.6     90.806    26.045
25433.2     92.181    18.057
25803.2     92.629     4.587
26178.5     91.667    -8.539
26559.3     89.927   -15.236
26945.6     88.052   -18.111
27337.5     86.249   -14.052
27735.2     85.031   -10.502
28138.6     83.865    -4.668
28547.9     82.998    -0.183
28963.1     82.060     5.336
29384.4     81.387    11.191
29811.8     80.789    15.737
30245.4     80.295    19.721
30685.3     79.853    21.551
31131.7     78.779    18.910
31584.5     76.613    20.619
32043.9     74.874    29.280
32510.0     72.756    37.333
32982.8     71.131    55.364
33462.6     71.512    73.572
33949.3     72.120    74.704
34443.1     71.322    71.863
34944.1     68.886    77.208
35452.4     66.315    92.837
35968.0     65.740   114.878
36491.2     66.324   126.956
37022.0     66.212   134.218
37560.5     66.181   138.339
38106.8     64.847   144.223
38661.1     64.121   154.411
39223.4     63.967   162.324
39793.9     63.772   167.259
