Freq[Hz]     dBSPL  Phase[Deg]
5.00000     37.776  -111.432
5.07273     37.916  -114.738
5.14651     38.065  -118.243
5.22137     38.195  -121.266
5.29732     38.343  -124.251
5.37437     38.491  -127.061
5.45254     38.652  -129.751
5.53185     38.810  -132.274
5.61231     38.978  -134.621
5.69394     39.187  -136.909
5.77676     39.356  -138.742
5.86079     39.580  -140.705
5.94604     39.818  -142.450
6.03252     40.068  -144.091
6.12027     40.328  -145.626
6.20929     40.609  -147.171
6.29961     40.908  -148.612
6.39124     41.193  -150.013
6.48420     41.506  -151.433
6.57851     41.829  -152.885
6.67420     42.157  -154.383
6.77128     42.461  -155.739
6.86977     42.815  -157.315
6.96969     43.114  -158.742
7.07107     43.447  -160.349
7.17392     43.777  -161.875
7.27827     44.083  -163.349
7.38413     44.357  -164.736
7.49154     44.664  -166.252
7.60050     44.948  -167.645
7.71105     45.228  -169.088
7.82321     45.522  -170.455
7.93701     45.794  -171.777
8.05245     46.053  -173.039
8.16958     46.318  -174.268
8.28841     46.571  -175.510
8.40896     46.822  -176.648
8.53128     47.075  -177.860
8.65537     47.353  -179.074
8.78126     47.579   179.805
8.90899     47.840   178.659
9.03857     48.072   177.498
9.17004     48.289   176.383
9.30342     48.525   175.250
9.43874     48.707   174.226
9.57603     48.941   173.187
9.71532     49.128   172.205
9.85663     49.317   171.278
10.0000     49.478   170.442
10.1455     49.666   169.665
10.2930     49.862   168.967
10.4427     50.014   168.392
10.5946     50.217   167.846
10.7487     50.376   167.407
10.9051     50.594   166.949
11.0637     50.803   166.526
11.2246     51.002   166.109
11.3879     51.221   165.707
11.5535     51.468   165.208
11.7216     51.681   164.696
11.8921     51.928   164.087
12.0650     52.155   163.463
12.2405     52.381   162.763
12.4186     52.587   162.005
12.5992     52.804   161.191
12.7825     53.008   160.338
12.9684     53.191   159.513
13.1570     53.360   158.621
13.3484     53.532   157.744
13.5426     53.671   156.886
13.7395     53.795   156.071
13.9394     53.903   155.289
14.1421     54.017   154.517
14.3478     54.115   153.787
14.5565     54.179   153.199
14.7683     54.238   152.672
14.9831     54.302   152.215
15.2010     54.350   151.855
15.4221     54.404   151.582
15.6464     54.444   151.421
15.8740     54.508   151.275
16.1049     54.534   151.288
16.3392     54.581   151.270
16.5768     54.605   151.295
16.8179     54.616   151.340
17.0626     54.646   151.289
17.3107     54.631   151.437
17.5625     54.576   151.700
17.8180     54.493   152.124
18.0771     54.386   152.837
18.3401     54.253   153.934
18.6068     54.128   155.355
18.8775     54.006   157.238
19.1521     53.903   159.726
19.4306     53.851   162.414
19.7133     53.857   165.655
20.0000     53.929   169.216
20.2909     54.086   172.953
20.5860     54.311   176.419
20.8855     54.595   179.525
21.1893     54.884  -177.204
21.4975     55.196  -173.822
21.8102     55.544  -170.400
22.1274     55.910  -166.640
22.4492     56.366  -162.753
22.7758     56.876  -158.948
23.1071     57.467  -155.245
23.4432     58.154  -151.469
23.7841     58.939  -147.798
24.1301     59.785  -144.864
24.4811     60.709  -142.351
24.8372     61.692  -140.475
25.1984     62.724  -139.122
25.5649     63.737  -138.657
25.9368     64.783  -138.851
26.3141     65.777  -139.853
26.6968     66.738  -141.580
27.0851     67.578  -143.947
27.4791     68.277  -146.661
27.8788     68.853  -149.348
28.2843     69.320  -151.407
28.6957     69.711  -152.640
29.1131     70.169  -152.887
29.5365     70.743  -152.544
29.9661     71.482  -152.247
30.4020     72.322  -152.603
30.8442     73.243  -153.958
31.2929     74.154  -156.270
31.7480     74.983  -159.308
32.2098     75.817  -163.310
32.6783     76.575  -167.742
33.1536     77.231  -172.177
33.6359     77.808  -176.656
34.1251     78.261   179.263
34.6215     78.641   175.396
35.1250     78.971   171.645
35.6359     79.287   167.706
36.1543     79.573   163.882
36.6802     79.836   160.107
37.2137     80.054   156.380
37.7550     80.220   152.839
38.3041     80.347   149.466
38.8613     80.443   146.238
39.4265     80.516   143.289
40.0000     80.574   140.535
40.5818     80.632   138.047
41.1721     80.692   135.678
41.7710     80.760   133.449
42.3785     80.832   131.315
42.9949     80.907   129.243
43.6203     80.983   127.243
44.2548     81.065   125.319
44.8985     81.143   123.440
45.5515     81.230   121.573
46.2141     81.306   119.734
46.8863     81.389   117.882
47.5683     81.461   116.079
48.2602     81.528   114.328
48.9621     81.590   112.637
49.6743     81.653   111.012
50.3968     81.727   109.403
51.1299     81.793   107.778
51.8736     81.847   106.185
52.6281     81.904   104.636
53.3936     81.960   103.145
54.1702     82.008   101.682
54.9581     82.062   100.257
55.7575     82.110    98.866
56.5685     82.149    97.527
57.3914     82.191    96.250
58.2261     82.240    95.041
59.0730     82.296    93.810
59.9323     82.352    92.599
60.8040     82.403    91.349
61.6884     82.452    90.073
62.5857     82.497    88.847
63.4960     82.532    87.712
64.4196     82.571    86.624
65.3566     82.611    85.574
66.3073     82.659    84.534
67.2717     82.710    83.500
68.2502     82.759    82.484
69.2429     82.819    81.486
70.2501     82.879    80.474
71.2719     82.935    79.439
72.3086     82.996    78.381
73.3603     83.046    77.317
74.4274     83.092    76.247
75.5099     83.134    75.181
76.6083     83.176    74.126
77.7226     83.204    73.106
78.8531     83.236    72.141
80.0000     83.263    71.211
81.1636     83.296    70.329
82.3442     83.330    69.470
83.5419     83.366    68.639
84.7570     83.405    67.797
85.9899     83.444    66.970
87.2406     83.487    66.160
88.5096     83.533    65.362
89.7970     83.584    64.557
91.1031     83.641    63.728
92.4282     83.696    62.825
93.7726     83.751    61.866
95.1366     83.794    60.881
96.5204     83.825    59.844
97.9243     83.838    58.849
99.3486     83.847    57.964
100.794     83.849    57.159
102.260     83.864    56.400
103.747     83.881    55.678
105.256     83.910    54.951
106.787     83.934    54.170
108.340     83.948    53.363
109.916     83.961    52.599
111.515     83.965    51.880
113.137     83.967    51.227
114.783     83.969    50.678
116.452     83.983    50.230
118.146     84.010    49.803
119.865     84.068    49.350
121.608     84.130    48.803
123.377     84.205    48.124
125.171     84.262    47.319
126.992     84.314    46.465
128.839     84.344    45.600
130.713     84.377    44.748
132.615     84.395    43.918
134.543     84.412    43.075
136.500     84.412    42.244
138.486     84.416    41.500
140.500     84.416    40.779
142.544     84.419    40.146
144.617     84.422    39.573
146.721     84.456    38.943
148.855     84.492    38.161
151.020     84.511    37.213
153.217     84.494    36.158
155.445     84.434    35.203
157.706     84.345    34.597
160.000     84.280    34.419
162.327     84.268    34.428
164.688     84.313    34.260
167.084     84.368    33.790
169.514     84.404    33.109
171.980     84.413    32.302
174.481     84.400    31.566
177.019     84.374    30.969
179.594     84.358    30.421
182.206     84.339    29.908
184.856     84.315    29.403
187.545     84.291    28.968
190.273     84.265    28.586
193.041     84.251    28.239
195.849     84.242    27.925
198.697     84.240    27.644
201.587     84.246    27.338
204.520     84.268    26.917
207.494     84.284    26.332
210.512     84.276    25.720
213.574     84.249    25.188
216.681     84.199    24.761
219.833     84.157    24.585
223.030     84.148    24.537
226.274     84.182    24.347
229.565     84.211    23.949
232.905     84.221    23.528
236.292     84.239    22.858
239.729     84.195    22.125
243.216     84.112    21.721
246.754     84.059    21.622
250.343     84.000    21.607
253.984     83.976    21.868
257.678     84.005    21.989
261.426     84.030    22.028
265.229     84.072    22.046
269.087     84.135    21.877
273.001     84.213    21.657
276.972     84.281    21.216
281.000     84.329    20.612
285.088     84.368    19.869
289.234     84.375    18.912
293.441     84.316    18.055
297.709     84.227    17.479
302.040     84.116    17.160
306.433     84.065    17.366
310.890     84.081    17.687
315.412     84.127    17.643
320.000     84.157    17.376
324.655     84.177    17.032
329.377     84.185    16.655
334.168     84.187    16.294
339.028     84.179    15.894
343.959     84.141    15.411
348.962     84.045    14.947
354.038     83.947    15.336
359.188     84.003    16.145
364.412     84.145    16.414
369.713     84.317    16.045
375.090     84.418    15.253
380.546     84.449    14.515
386.081     84.463    14.049
391.697     84.539    13.626
397.394     84.593    12.647
403.175     84.605    11.663
409.039     84.545    10.707
414.989     84.421    10.196
421.025     84.309    10.623
427.149     84.350    11.377
433.362     84.488    11.535
439.665     84.634    11.302
446.060     84.744    10.478
452.548     84.806     9.512
459.131     84.829     8.491
465.809     84.815     7.710
472.584     84.811     7.090
479.458     84.809     6.218
486.432     84.748     5.410
493.507     84.713     4.818
500.686     84.659     4.221
507.968     84.601     3.741
515.357     84.569     3.335
522.853     84.519     2.809
530.458     84.463     2.267
538.174     84.401     1.748
546.002     84.319     1.262
553.943     84.242     0.822
562.001     84.135     0.454
570.175     84.049     0.172
578.469     83.954    -0.056
586.883     83.860    -0.283
595.419     83.759    -0.440
604.080     83.658    -0.608
612.866     83.550    -0.699
621.780     83.444    -0.804
630.824     83.341    -0.776
640.000     83.231    -0.834
649.309     83.128    -0.813
658.753     83.013    -0.826
668.335     82.891    -0.743
678.056     82.769    -0.651
687.919     82.641    -0.471
697.925     82.528    -0.265
708.077     82.398     0.013
718.376     82.273     0.275
728.825     82.144     0.656
739.426     82.019     1.062
750.181     81.894     1.572
761.093     81.776     2.104
772.163     81.660     2.757
783.394     81.554     3.413
794.789     81.465     4.206
806.349     81.376     4.952
818.078     81.297     5.765
829.977     81.230     6.548
842.050     81.185     7.405
854.298     81.139     8.154
866.724     81.111     8.955
879.330     81.080     9.639
892.120     81.064    10.331
905.097     81.040    10.909
918.262     81.039    11.465
931.618     81.011    11.886
945.169     80.988    12.320
958.917     80.946    12.689
972.864     80.903    13.077
987.015     80.823    13.456
1001.37     80.743    13.984
1015.94     80.646    14.561
1030.71     80.568    15.364
1045.71     80.503    16.165
1060.92     80.457    17.001
1076.35     80.390    17.838
1092.00     80.341    18.825
1107.89     80.320    19.832
1124.00     80.309    20.796
1140.35     80.312    21.649
1156.94     80.328    22.515
1173.77     80.316    23.365
1190.84     80.318    24.142
1208.16     80.325    24.966
1225.73     80.339    25.719
1243.56     80.373    26.470
1261.65     80.397    27.088
1280.00     80.433    27.599
1298.62     80.450    27.959
1317.51     80.435    28.425
1336.67     80.416    28.838
1356.11     80.378    29.275
1375.84     80.333    29.739
1395.85     80.283    30.455
1416.15     80.216    31.281
1436.75     80.154    32.243
1457.65     80.110    33.284
1478.85     80.079    34.569
1500.36     80.075    35.996
1522.19     80.122    37.491
1544.33     80.207    38.942
1566.79     80.337    40.357
1589.58     80.500    41.478
1612.70     80.697    42.352
1636.16     80.903    42.885
1659.95     81.111    43.170
1684.10     81.288    43.081
1708.60     81.451    42.841
1733.45     81.575    42.673
1758.66     81.695    42.329
1784.24     81.786    41.853
1810.19     81.871    41.441
1836.52     81.940    41.067
1863.24     82.014    40.704
1890.34     82.091    40.339
1917.83     82.183    39.773
1945.73     82.263    39.056
1974.03     82.328    38.242
2002.74     82.370    37.227
2031.87     82.397    36.197
2061.43     82.408    35.182
2091.41     82.410    34.163
2121.83     82.406    33.151
2152.69     82.417    32.142
2184.01     82.439    31.035
2215.77     82.473    29.763
2248.00     82.497    28.233
2280.70     82.510    26.397
2313.87     82.494    24.370
2347.53     82.452    22.215
2381.68     82.381    19.989
2416.32     82.291    17.770
2451.46     82.188    15.501
2487.12     82.095    13.096
2523.30     82.006    10.493
2560.00     81.921     7.597
2597.24     81.816     4.363
2635.01     81.681     0.828
2673.34     81.494    -3.085
2712.23     81.268    -7.113
2751.68     81.012   -11.175
2791.70     80.751   -15.247
2832.31     80.496   -19.431
2873.50     80.252   -23.880
2915.30     80.023   -28.730
2957.70     79.798   -33.965
3000.72     79.563   -39.592
3044.37     79.314   -45.586
3088.65     79.050   -51.805
3133.58     78.780   -58.257
3179.16     78.515   -64.872
3225.40     78.269   -71.526
3272.31     78.035   -78.222
3319.91     77.808   -84.885
3368.20     77.613   -91.359
3417.19     77.468   -97.668
3466.89     77.369  -103.875
3517.32     77.275  -110.114
3568.48     77.176  -116.253
3620.39     77.053  -122.079
3673.05     76.909  -127.329
3726.47     76.769  -131.857
3780.67     76.663  -135.778
3835.67     76.620  -139.177
3891.46     76.634  -142.084
3948.06     76.725  -144.650
4005.49     76.921  -147.193
4063.75     77.195  -150.196
4122.86     77.465  -153.777
4182.82     77.674  -157.577
4243.66     77.848  -161.077
4305.39     78.069  -164.318
4368.01     78.388  -167.901
4431.55     78.748  -172.434
4496.01     79.030  -177.903
4561.40     79.170   176.311
4627.75     79.216   170.816
4695.06     79.243   165.633
4763.35     79.296   160.416
4832.64     79.336   154.941
4902.93     79.346   149.342
4974.24     79.352   143.655
5046.60     79.344   137.656
5120.00     79.280   131.352
5194.47     79.113   125.175
5270.03     78.898   119.678
5346.68     78.758   114.892
5424.45     78.765   110.174
5503.35     78.861   104.806
5583.40     78.936    98.655
5664.61     78.928    92.152
5747.01     78.826    85.843
5830.60     78.684    80.210
5915.41     78.615    75.207
6001.45     78.656    70.241
6088.74     78.767    64.802
6177.30     78.921    58.646
6267.15     78.943    51.941
6358.31     78.818    45.001
6450.80     78.574    39.167
6544.62     78.433    34.550
6639.82     78.468    29.845
6736.40     78.534    24.433
6834.38     78.604    18.828
6933.79     78.724    12.853
7034.64     78.823     6.013
7136.96     78.822    -1.137
7240.77     78.788    -8.101
7346.09     78.721   -15.438
7452.94     78.535   -22.658
7561.35     78.368   -28.924
7671.33     78.338   -35.466
7782.91     78.264   -42.709
7896.12     78.126   -49.461
8010.97     78.002   -55.972
8127.49     77.872   -61.685
8245.71     78.037   -66.693
8365.65     78.420   -74.079
8487.33     78.582   -83.187
8610.78     78.566   -91.983
8736.03     78.459  -100.286
8863.09     78.409  -107.731
8992.01     78.498  -115.860
9122.80     78.440  -124.849
9255.50     78.298  -133.102
9390.12     78.212  -141.107
9526.70     78.078  -149.137
9665.27     78.006  -156.163
9805.86     78.215  -163.696
9948.49     78.447  -173.255
10093.2     78.455   175.718
10240.0     78.042   166.067
10388.9     78.012   159.495
10540.1     78.283   149.792
10693.4     78.267   139.243
10848.9     78.156   128.832
11006.7     78.179   119.611
11166.8     78.307   107.270
11329.2     77.921    95.657
11494.0     77.649    85.562
11661.2     77.470    76.039
11830.8     77.356    65.369
12002.9     77.153    56.047
12177.5     77.252    45.372
12354.6     77.172    33.504
12534.3     76.984    21.300
12716.6     76.655     9.580
12901.6     76.266    -1.234
13089.2     76.093   -10.474
13279.6     76.218   -22.255
13472.8     75.987   -35.421
13668.8     75.657   -47.476
13867.6     75.505   -59.164
14069.3     75.163   -72.283
14273.9     74.830   -83.635
14481.5     74.576   -95.283
14692.2     74.346  -108.069
14905.9     74.060  -119.629
15122.7     73.790  -131.741
15342.7     73.703  -145.079
15565.8     73.263  -158.084
15792.2     72.834  -168.993
16021.9     72.947   178.945
16255.0     72.808   165.025
16491.4     72.523   150.932
16731.3     72.078   136.348
16974.7     71.610   125.136
17221.6     71.601   114.541
17472.1     71.801   100.882
17726.2     71.700    85.027
17984.0     71.354    72.442
18245.6     71.557    62.065
18511.0     72.262    47.670
18780.2     72.612    28.290
19053.4     72.237    10.487
19330.5     72.209    -4.256
19611.7     72.321   -20.748
19897.0     72.716   -39.198
20186.4     72.556   -61.783
20480.0     71.902   -80.841
20777.9     71.377   -97.752
21080.1     70.665  -112.276
21386.7     70.495  -121.764
21697.8     72.044  -138.564
22013.4     72.084  -164.823
22333.6     71.647   174.175
22658.4     71.377   157.747
22988.0     71.849   138.730
23322.4     72.123   120.740
23661.6     73.075   103.346
24005.8     74.221    77.569
24355.0     74.918    51.538
24709.2     76.043    25.279
25068.6     77.274    -8.854
25433.2     77.781   -48.735
25803.2     77.230   -90.412
26178.5     75.113  -130.215
26559.3     72.326  -158.260
26945.6     69.479   177.271
27337.5     66.179   173.348
27735.2     67.223   161.248
28138.6     68.002   136.040
28547.9     67.814   108.473
28963.1     67.107    85.705
29384.4     66.955    68.153
29811.8     68.369    48.303
30245.4     70.654    20.261
30685.3     72.874   -16.450
31131.7     73.981   -61.910
31584.5     73.522  -105.114
32043.9     72.755  -145.065
32510.0     71.214   179.756
32982.8     70.177   152.976
33462.6     72.249   121.172
33949.3     71.917    69.712
34443.1     70.503    25.158
34944.1     68.359   -11.953
35452.4     66.401   -48.546
35968.0     64.740   -79.626
36491.2     64.492  -109.977
37022.0     64.610  -156.661
37560.5     63.263   148.998
38106.8     56.824   108.812
38661.1     54.934    96.142
39223.4     56.463    67.013
39793.9     57.783    13.809
