Freq[Hz]     dBSPL  Phase[Deg]
5.00000     37.480  -111.783
5.07273     37.620  -115.093
5.14651     37.769  -118.603
5.22137     37.899  -121.631
5.29732     38.047  -124.622
5.37437     38.196  -127.437
5.45254     38.357  -130.133
5.53185     38.514  -132.661
5.61231     38.683  -135.014
5.69394     38.891  -137.308
5.77676     39.060  -139.147
5.86079     39.285  -141.116
5.94604     39.523  -142.867
6.03252     39.773  -144.514
6.12027     40.033  -146.055
6.20929     40.314  -147.606
6.29961     40.613  -149.053
6.39124     40.898  -150.461
6.48420     41.210  -151.888
6.57851     41.534  -153.346
6.67420     41.861  -154.851
6.77128     42.166  -156.213
6.86977     42.519  -157.796
6.96969     42.818  -159.230
7.07107     43.152  -160.845
7.17392     43.482  -162.378
7.27827     43.788  -163.859
7.38413     44.062  -165.253
7.49154     44.369  -166.777
7.60050     44.652  -168.177
7.71105     44.932  -169.628
7.82321     45.227  -171.003
7.93701     45.498  -172.333
8.05245     45.758  -173.603
8.16958     46.022  -174.840
8.28841     46.276  -176.091
8.40896     46.527  -177.237
8.53128     46.779  -178.458
8.65537     47.057  -179.681
8.78126     47.284   179.189
8.90899     47.545   178.035
9.03857     47.777   176.865
9.17004     47.994   175.741
9.30342     48.229   174.599
9.43874     48.411   173.565
9.57603     48.646   172.516
9.71532     48.833   171.524
9.85663     49.021   170.587
10.0000     49.183   169.742
10.1455     49.370   168.954
10.2930     49.567   168.246
10.4427     49.718   167.661
10.5946     49.922   167.104
10.7487     50.081   166.654
10.9051     50.299   166.185
11.0637     50.507   165.751
11.2246     50.707   165.323
11.3879     50.926   164.909
11.5535     51.172   164.398
11.7216     51.386   163.875
11.8921     51.632   163.254
12.0650     51.859   162.618
12.2405     52.086   161.906
12.4186     52.292   161.135
12.5992     52.509   160.308
12.7825     52.712   159.443
12.9684     52.896   158.605
13.1570     53.064   157.699
13.3484     53.237   156.809
13.5426     53.375   155.937
13.7395     53.500   155.109
13.9394     53.608   154.313
14.1421     53.722   153.526
14.3478     53.819   152.782
14.5565     53.884   152.179
14.7683     53.943   151.637
14.9831     54.007   151.165
15.2010     54.055   150.791
15.4221     54.108   150.501
15.6464     54.149   150.325
15.8740     54.212   150.163
16.1049     54.239   150.160
16.3392     54.286   150.126
16.5768     54.310   150.134
16.8179     54.321   150.162
17.0626     54.351   150.094
17.3107     54.336   150.224
17.5625     54.280   150.469
17.8180     54.197   150.876
18.0771     54.090   151.571
18.3401     53.957   152.649
18.6068     53.833   154.051
18.8775     53.711   155.915
19.1521     53.608   158.385
19.4306     53.556   161.053
19.7133     53.562   164.274
20.0000     53.633   167.815
20.2909     53.790   171.532
20.5860     54.016   174.977
20.8855     54.300   178.062
21.1893     54.589  -178.688
21.4975     54.900  -175.328
21.8102     55.249  -171.928
22.1274     55.614  -168.190
22.4492     56.071  -164.326
22.7758     56.581  -160.544
23.1071     57.171  -156.864
23.4432     57.858  -153.111
23.7841     58.643  -149.464
24.1301     59.490  -146.554
24.4811     60.414  -144.066
24.8372     61.396  -142.215
25.1984     62.428  -140.887
25.5649     63.442  -140.448
25.9368     64.487  -140.668
26.3141     65.482  -141.696
26.6968     66.443  -143.451
27.0851     67.283  -145.844
27.4791     67.982  -148.586
27.8788     68.557  -151.301
28.2843     69.025  -153.388
28.6957     69.416  -154.650
29.1131     69.874  -154.926
29.5365     70.447  -154.613
29.9661     71.186  -154.347
30.4020     72.027  -154.733
30.8442     72.947  -156.119
31.2929     73.859  -158.462
31.7480     74.688  -161.532
32.2098     75.522  -165.566
32.6783     76.279  -170.031
33.1536     76.936  -174.500
33.6359     77.513  -179.012
34.1251     77.966   176.873
34.6215     78.345   172.970
35.1250     78.675   169.184
35.6359     78.992   165.210
36.1543     79.277   161.349
36.6802     79.541   157.537
37.2137     79.758   153.773
37.7550     79.924   150.194
38.3041     80.052   146.783
38.8613     80.149   143.516
39.4265     80.223   140.528
40.0000     80.281   137.735
40.5818     80.339   135.206
41.1721     80.400   132.795
41.7710     80.469   130.525
42.3785     80.541   128.350
42.9949     80.618   126.235
43.6203     80.694   124.193
44.2548     80.778   122.226
44.8985     80.856   120.302
45.5515     80.945   118.391
46.2141     81.022   116.507
46.8863     81.107   114.608
47.5683     81.179   112.759
48.2602     81.248   110.962
48.9621     81.312   109.223
49.6743     81.376   107.550
50.3968     81.451   105.893
51.1299     81.519   104.218
51.8736     81.575   102.576
52.6281     81.634   100.977
53.3936     81.691    99.435
54.1702     81.742    97.922
54.9581     81.798    96.444
55.7575     81.847    95.000
56.5685     81.888    93.608
57.3914     81.932    92.277
58.2261     81.984    91.013
59.0730     82.043    89.727
59.9323     82.100    88.461
60.8040     82.154    87.154
61.6884     82.205    85.821
62.5857     82.253    84.537
63.4960     82.290    83.343
64.4196     82.333    82.197
65.3566     82.375    81.086
66.3073     82.425    79.986
67.2717     82.479    78.890
68.2502     82.531    77.813
69.2429     82.594    76.753
70.2501     82.656    75.677
71.2719     82.716    74.577
72.3086     82.779    73.455
73.3603     82.833    72.325
74.4274     82.882    71.189
75.5099     82.926    70.056
76.6083     82.972    68.934
77.7226     83.004    67.846
78.8531     83.038    66.810
80.0000     83.068    65.810
81.1636     83.104    64.857
82.3442     83.143    63.926
83.5419     83.182    63.023
84.7570     83.224    62.108
85.9899     83.267    61.205
87.2406     83.313    60.319
88.5096     83.362    59.446
89.7970     83.417    58.564
91.1031     83.478    57.657
92.4282     83.537    56.676
93.7726     83.596    55.637
95.1366     83.643    54.571
96.5204     83.678    53.453
97.9243     83.696    52.376
99.3486     83.708    51.408
100.794     83.713    50.519
102.260     83.733    49.673
103.747     83.755    48.867
105.256     83.787    48.051
106.787     83.816    47.183
108.340     83.834    46.287
109.916     83.851    45.432
111.515     83.859    44.622
113.137     83.865    43.877
114.783     83.871    43.235
116.452     83.891    42.693
118.146     83.922    42.170
119.865     83.985    41.621
121.608     84.052    40.976
123.377     84.131    40.199
125.171     84.192    39.293
126.992     84.250    38.340
128.839     84.285    37.372
130.713     84.322    36.417
132.615     84.346    35.482
134.543     84.367    34.533
136.500     84.372    33.596
138.486     84.382    32.743
140.500     84.387    31.913
142.544     84.395    31.169
144.617     84.405    30.485
146.721     84.443    29.742
148.855     84.485    28.846
151.020     84.511    27.782
153.217     84.499    26.609
155.445     84.444    25.537
157.706     84.362    24.809
160.000     84.303    24.510
162.327     84.298    24.397
164.688     84.349    24.105
167.084     84.410    23.509
169.514     84.453    22.701
171.980     84.469    21.764
174.481     84.463    20.898
177.019     84.444    20.168
179.594     84.435    19.487
182.206     84.424    18.839
184.856     84.408    18.195
187.545     84.392    17.622
190.273     84.374    17.099
193.041     84.369    16.608
195.849     84.368    16.150
198.697     84.375    15.720
201.587     84.390    15.266
204.520     84.422    14.692
207.494     84.447    13.954
210.512     84.450    13.185
213.574     84.432    12.492
216.681     84.393    11.905
219.833     84.362    11.563
223.030     84.365    11.347
226.274     84.411    10.985
229.565     84.452    10.413
232.905     84.475     9.813
236.292     84.505     8.962
239.729     84.476     8.042
243.216     84.406     7.447
246.754     84.367     7.153
250.343     84.323     6.939
253.984     84.314     6.995
257.678     84.359     6.907
261.426     84.400     6.728
265.229     84.458     6.524
269.087     84.538     6.127
273.001     84.635     5.671
276.972     84.719     4.989
281.000     84.786     4.134
285.088     84.844     3.133
289.234     84.870     1.912
293.441     84.830     0.781
297.709     84.759    -0.078
302.040     84.667    -0.690
306.433     84.637    -0.785
310.890     84.673    -0.774
315.412     84.737    -1.137
320.000     84.788    -1.734
324.655     84.827    -2.420
329.377     84.854    -3.146
334.168     84.874    -3.867
339.028     84.884    -4.637
343.959     84.864    -5.500
348.962     84.786    -6.353
354.038     84.704    -6.361
359.188     84.777    -5.960
364.412     84.935    -6.106
369.713     85.121    -6.900
375.090     85.233    -8.125
380.546     85.276    -9.302
386.081     85.302   -10.214
391.697     85.388   -11.090
397.394     85.450   -12.524
403.175     85.469   -13.970
409.039     85.414   -15.389
414.989     85.295   -16.367
421.025     85.186   -16.405
427.149     85.230   -16.120
433.362     85.369   -16.429
439.665     85.515   -17.130
446.060     85.625   -18.418
452.548     85.684   -19.842
459.131     85.704   -21.315
465.809     85.687   -22.541
472.584     85.680   -23.595
479.458     85.675   -24.895
486.432     85.611   -26.116
493.507     85.575   -27.110
500.686     85.519   -28.095
507.968     85.463   -28.950
515.357     85.436   -29.718
522.853     85.393   -30.592
530.458     85.346   -31.471
538.174     85.299   -32.316
546.002     85.237   -33.117
553.943     85.183   -33.870
562.001     85.108   -34.547
570.175     85.060   -35.146
578.469     85.009   -35.699
586.883     84.966   -36.267
595.419     84.926   -36.790
604.080     84.891   -37.353
612.866     84.859   -37.881
621.780     84.834   -38.468
630.824     84.819   -38.988
640.000     84.802   -39.647
649.309     84.797   -40.309
658.753     84.781   -41.061
668.335     84.760   -41.808
678.056     84.740   -42.609
687.919     84.712   -43.414
697.925     84.697   -44.256
708.077     84.661   -45.112
718.376     84.625   -46.041
728.825     84.579   -46.933
739.426     84.530   -47.851
750.181     84.470   -48.725
761.093     84.409   -49.620
772.163     84.337   -50.432
783.394     84.266   -51.257
794.789     84.198   -51.960
806.349     84.122   -52.698
818.078     84.041   -53.345
829.977     83.966   -53.987
842.050     83.902   -54.501
854.298     83.836   -55.072
866.724     83.783   -55.521
879.330     83.730   -56.031
892.120     83.693   -56.467
905.097     83.656   -56.969
918.262     83.648   -57.450
931.618     83.625   -58.048
945.169     83.615   -58.621
958.917     83.598   -59.276
972.864     83.589   -59.930
987.015     83.553   -60.638
1001.37     83.523   -61.237
1015.94     83.485   -61.848
1030.71     83.468   -62.278
1045.71     83.470   -62.771
1060.92     83.490   -63.277
1076.35     83.494   -63.841
1092.00     83.517   -64.288
1107.89     83.567   -64.752
1124.00     83.631   -65.300
1140.35     83.716   -66.000
1156.94     83.812   -66.711
1173.77     83.888   -67.501
1190.84     83.986   -68.413
1208.16     84.093   -69.353
1225.73     84.212   -70.434
1243.56     84.351   -71.609
1261.65     84.482   -72.991
1280.00     84.631   -74.592
1298.62     84.761   -76.432
1317.51     84.851   -78.211
1336.67     84.941   -80.155
1356.11     85.021   -82.212
1375.84     85.090   -84.338
1395.85     85.145   -86.305
1416.15     85.184   -88.306
1436.75     85.224   -90.379
1457.65     85.273   -92.599
1478.85     85.313   -94.781
1500.36     85.345   -96.906
1522.19     85.387   -99.132
1544.33     85.425  -101.440
1566.79     85.458  -103.732
1589.58     85.480  -106.252
1612.70     85.503  -108.757
1636.16     85.516  -111.329
1659.95     85.523  -113.900
1684.10     85.505  -116.623
1708.60     85.486  -119.290
1733.45     85.449  -121.826
1758.66     85.424  -124.419
1784.24     85.387  -127.152
1810.19     85.350  -129.845
1836.52     85.299  -132.559
1863.24     85.244  -135.245
1890.34     85.179  -137.926
1917.83     85.119  -140.681
1945.73     85.038  -143.473
1974.03     84.934  -146.196
2002.74     84.811  -148.926
2031.87     84.681  -151.458
2061.43     84.550  -153.805
2091.41     84.428  -155.987
2121.83     84.322  -158.055
2152.69     84.248  -160.009
2184.01     84.200  -161.988
2215.77     84.177  -164.017
2248.00     84.154  -166.191
2280.70     84.131  -168.476
2313.87     84.089  -170.758
2347.53     84.045  -172.905
2381.68     84.006  -174.893
2416.32     83.990  -176.691
2451.46     84.010  -178.421
2487.12     84.088   179.762
2523.30     84.196   177.701
2560.00     84.319   175.348
2597.24     84.425   172.728
2635.01     84.504   169.970
2673.34     84.552   167.085
2712.23     84.579   164.313
2751.68     84.603   161.682
2791.70     84.642   159.144
2832.31     84.691   156.550
2873.50     84.740   153.768
2915.30     84.768   150.761
2957.70     84.754   147.740
3000.72     84.692   144.902
3044.37     84.603   142.370
3088.65     84.520   140.252
3133.58     84.475   138.357
3179.16     84.479   136.441
3225.40     84.499   134.423
3272.31     84.505   132.325
3319.91     84.486   130.357
3368.20     84.485   128.756
3417.19     84.547   127.331
3466.89     84.680   125.701
3517.32     84.831   123.478
3568.48     84.930   120.872
3620.39     84.951   118.321
3673.05     84.947   116.166
3726.47     84.987   114.337
3780.67     85.089   112.381
3835.67     85.198   109.955
3891.46     85.243   107.175
3948.06     85.204   104.562
4005.49     85.161   102.449
4063.75     85.198   100.443
4122.86     85.267    97.806
4182.82     85.219    94.357
4243.66     84.933    91.035
4305.39     84.464    89.387
4368.01     84.086    90.077
4431.55     84.030    91.771
4496.01     84.271    92.780
4561.40     84.607    92.166
4627.75     84.870    90.565
4695.06     85.049    88.766
4763.35     85.211    86.937
4832.64     85.355    84.894
4902.93     85.467    82.689
4974.24     85.557    80.399
5046.60     85.621    77.931
5120.00     85.638    75.270
5194.47     85.553    72.605
5270.03     85.358    70.405
5346.68     85.125    69.176
5424.45     84.992    68.975
5503.35     85.031    68.994
5583.40     85.186    68.340
5664.61     85.341    66.813
5747.01     85.419    64.793
5830.60     85.415    62.781
5915.41     85.376    61.018
6001.45     85.334    59.513
6088.74     85.310    58.186
6177.30     85.344    56.747
6267.15     85.370    54.723
6358.31     85.268    52.264
6450.80     85.035    50.427
6544.62     84.818    49.657
6639.82     84.725    49.145
6736.40     84.651    48.054
6834.38     84.487    46.855
6933.79     84.270    46.396
7034.64     84.085    46.629
7136.96     83.994    47.383
7240.77     84.054    48.281
7346.09     84.217    48.439
7452.94     84.368    47.989
7561.35     84.540    47.401
7671.33     84.724    45.913
7782.91     84.757    43.783
7896.12     84.665    42.200
8010.97     84.525    41.006
8127.49     84.340    40.922
8245.71     84.409    42.008
8365.65     84.694    41.286
8487.33     84.789    39.196
8610.78     84.760    37.627
8736.03     84.698    36.323
8863.09     84.664    35.489
8992.01     84.719    34.285
9122.80     84.680    32.455
9255.50     84.570    30.821
9390.12     84.423    29.153
9526.70     84.136    27.687
9665.27     83.794    27.640
9805.86     83.637    28.410
9948.49     83.596    28.599
10093.2     83.525    28.005
10240.0     83.224    28.390
10388.9     83.317    30.511
10540.1     83.520    29.129
10693.4     83.301    27.851
10848.9     82.982    28.078
11006.7     82.901    30.784
11166.8     83.114    30.800
11329.2     82.968    31.621
11494.0     83.124    33.345
11661.2     83.415    34.215
11830.8     83.676    33.020
12002.9     83.707    32.696
12177.5     83.869    32.075
12354.6     83.898    31.559
12534.3     83.978    31.467
12716.6     84.116    31.151
12901.6     84.159    30.425
13089.2     84.283    30.987
13279.6     84.617    29.605
13472.8     84.572    27.528
13668.8     84.458    27.461
13867.6     84.683    27.866
14069.3     84.772    26.108
14273.9     84.842    25.708
14481.5     84.950    25.118
14692.2     85.080    23.457
14905.9     85.122    22.650
15122.7     85.122    21.967
15342.7     85.396    20.473
15565.8     85.349    18.439
15792.2     85.230    17.972
16021.9     85.513    16.628
16255.0     85.471    14.258
16491.4     85.347    13.416
16731.3     85.433    11.904
16974.7     85.418     9.750
17221.6     85.255     8.346
17472.1     85.187     7.006
17726.2     85.087     5.303
17984.0     84.860     4.028
18245.6     84.686     3.155
18511.0     84.551     2.246
18780.2     84.293     1.713
19053.4     84.204     2.631
19330.5     84.214     1.121
19611.7     83.839     0.605
19897.0     83.834     1.601
20186.4     83.757     0.938
20480.0     83.671     1.844
20777.9     83.723     1.461
21080.1     83.523     1.535
21386.7     83.479     2.650
21697.8     83.445     4.070
22013.4     83.668     6.576
22333.6     84.105     7.096
22658.4     84.452     7.980
22988.0     84.996     7.703
23322.4     85.499     8.155
23661.6     86.425     6.230
24005.8     86.864     3.863
24355.0     87.772     1.436
24709.2     88.776    -1.485
25068.6     90.277    -8.460
25433.2     91.591   -22.483
25803.2     91.877   -41.900
26178.5     90.807   -60.221
26559.3     88.992   -72.224
26945.6     87.137   -80.214
27337.5     85.385   -82.007
27735.2     84.188   -84.555
28138.6     83.032   -85.106
28547.9     82.141   -86.623
28963.1     81.246   -87.261
29384.4     80.662   -87.598
29811.8     80.239   -89.856
30245.4     79.935   -93.666
30685.3     79.581  -100.427
31131.7     78.490  -112.239
31584.5     76.143  -120.305
32043.9     73.957  -120.313
32510.0     71.518  -120.571
32982.8     69.391  -110.038
33462.6     69.464   -96.127
33949.3     70.518  -101.444
34443.1     69.939  -116.051
34944.1     66.864  -124.450
35452.4     62.404  -121.506
35968.0     60.546   -94.015
36491.2     62.045   -82.503
37022.0     62.060   -80.704
37560.5     62.681   -84.490
38106.8     61.210   -85.209
38661.1     60.848   -81.190
39223.4     61.820   -81.909
39793.9     62.712   -94.169
