Freq[Hz]     dBSPL  Phase[Deg]
5.00000     37.204  -112.122
5.07273     37.344  -115.437
5.14651     37.493  -118.952
5.22137     37.623  -121.985
5.29732     37.771  -124.981
5.37437     37.919  -127.801
5.45254     38.080  -130.503
5.53185     38.238  -133.036
5.61231     38.406  -135.395
5.69394     38.615  -137.694
5.77676     38.784  -139.539
5.86079     39.008  -141.513
5.94604     39.246  -143.270
6.03252     39.496  -144.923
6.12027     39.756  -146.469
6.20929     40.037  -148.027
6.29961     40.336  -149.480
6.39124     40.621  -150.894
6.48420     40.934  -152.327
6.57851     41.257  -153.792
6.67420     41.585  -155.303
6.77128     41.889  -156.672
6.86977     42.243  -158.261
6.96969     42.542  -159.703
7.07107     42.875  -161.324
7.17392     43.205  -162.864
7.27827     43.511  -164.352
7.38413     43.785  -165.754
7.49154     44.092  -167.285
7.60050     44.376  -168.692
7.71105     44.656  -170.151
7.82321     44.950  -171.533
7.93701     45.222  -172.871
8.05245     45.481  -174.149
8.16958     45.746  -175.394
8.28841     45.999  -176.652
8.40896     46.250  -177.807
8.53128     46.503  -179.036
8.65537     46.781   179.733
8.78126     47.007   178.594
8.90899     47.268   177.431
9.03857     47.500   176.253
9.17004     47.717   175.119
9.30342     47.953   173.968
9.43874     48.135   172.925
9.57603     48.369   171.867
9.71532     48.556   170.865
9.85663     48.745   169.919
10.0000     48.906   169.064
10.1455     49.094   168.266
10.2930     49.290   167.549
10.4427     49.442   166.953
10.5946     49.645   166.386
10.7487     49.804   165.926
10.9051     50.022   165.446
11.0637     50.231   165.001
11.2246     50.430   164.562
11.3879     50.649   164.137
11.5535     50.896   163.615
11.7216     51.109   163.081
11.8921     51.356   162.448
12.0650     51.583   161.800
12.2405     51.809   161.076
12.4186     52.015   160.293
12.5992     52.233   159.454
12.7825     52.436   158.576
12.9684     52.619   157.726
13.1570     52.788   156.807
13.3484     52.960   155.904
13.5426     53.099   155.019
13.7395     53.223   154.178
13.9394     53.331   153.368
14.1421     53.445   152.568
14.3478     53.543   151.810
14.5565     53.607   151.192
14.7683     53.666   150.636
14.9831     53.730   150.149
15.2010     53.778   149.760
15.4221     53.832   149.456
15.6464     53.872   149.264
15.8740     53.936   149.087
16.1049     53.962   149.068
16.3392     54.009   149.018
16.5768     54.033   149.010
16.8179     54.044   149.022
17.0626     54.074   148.937
17.3107     54.059   149.051
17.5625     54.004   149.279
17.8180     53.921   149.668
18.0771     53.814   150.346
18.3401     53.681   151.406
18.6068     53.556   152.790
18.8775     53.434   154.636
19.1521     53.331   157.087
19.4306     53.279   159.736
19.7133     53.285   162.938
20.0000     53.357   166.460
20.2909     53.514   170.157
20.5860     53.739   173.582
20.8855     54.023   176.646
21.1893     54.312   179.875
21.4975     54.624  -176.785
21.8102     54.972  -173.406
22.1274     55.338  -169.690
22.4492     55.794  -165.848
22.7758     56.304  -162.088
23.1071     56.895  -158.430
23.4432     57.582  -154.700
23.7841     58.367  -151.076
24.1301     59.213  -148.190
24.4811     60.137  -145.726
24.8372     61.120  -143.899
25.1984     62.152  -142.595
25.5649     63.165  -142.181
25.9368     64.211  -142.426
26.3141     65.205  -143.480
26.6968     66.166  -145.260
27.0851     67.006  -147.680
27.4791     67.705  -150.449
27.8788     68.281  -153.190
28.2843     68.748  -155.305
28.6957     69.139  -156.595
29.1131     69.597  -156.900
29.5365     70.171  -156.615
29.9661     70.910  -156.378
30.4020     71.750  -156.793
30.8442     72.671  -158.210
31.2929     73.582  -160.583
31.7480     74.411  -163.684
32.2098     75.246  -167.750
32.6783     76.003  -172.246
33.1536     76.659  -176.747
33.6359     77.236   178.708
34.1251     77.689   174.560
34.6215     78.069   170.624
35.1250     78.399   166.803
35.6359     78.715   162.794
36.1543     79.001   158.899
36.6802     79.264   155.051
37.2137     79.481   151.251
37.7550     79.646   147.637
38.3041     79.772   144.190
38.8613     79.867   140.887
39.4265     79.939   137.862
40.0000     79.996   135.030
40.5818     80.051   132.463
41.1721     80.109   130.014
41.7710     80.175   127.704
42.3785     80.244   125.488
42.9949     80.316   123.332
43.6203     80.389   121.247
44.2548     80.467   119.236
44.8985     80.541   117.268
45.5515     80.624   115.310
46.2141     80.696   113.378
46.8863     80.775   111.433
47.5683     80.842   109.532
48.2602     80.904   107.683
48.9621     80.961   105.892
49.6743     81.019   104.163
50.3968     81.086   102.449
51.1299     81.147   100.717
51.8736     81.195    99.014
52.6281     81.245    97.352
53.3936     81.295    95.746
54.1702     81.336    94.166
54.9581     81.383    92.620
55.7575     81.423    91.105
56.5685     81.455    89.640
57.3914     81.489    88.233
58.2261     81.530    86.891
59.0730     81.578    85.525
59.9323     81.626    84.176
60.8040     81.668    82.783
61.6884     81.708    81.362
62.5857     81.744    79.986
63.4960     81.770    78.699
64.4196     81.800    77.454
65.3566     81.830    76.244
66.3073     81.868    75.040
67.2717     81.909    73.839
68.2502     81.948    72.651
69.2429     81.998    71.477
70.2501     82.047    70.284
71.2719     82.092    69.065
72.3086     82.141    67.818
73.3603     82.180    66.561
74.4274     82.215    65.294
75.5099     82.245    64.026
76.6083     82.275    62.764
77.7226     82.292    61.531
78.8531     82.311    60.349
80.0000     82.325    59.198
81.1636     82.345    58.088
82.3442     82.367    56.996
83.5419     82.390    55.927
84.7570     82.416    54.843
85.9899     82.441    53.765
87.2406     82.470    52.701
88.5096     82.503    51.642
89.7970     82.540    50.571
91.1031     82.583    49.469
92.4282     82.624    48.288
93.7726     82.664    47.043
95.1366     82.693    45.767
96.5204     82.709    44.432
97.9243     82.708    43.132
99.3486     82.700    41.935
100.794     82.686    40.811
102.260     82.686    39.725
103.747     82.688    38.671
105.256     82.701    37.603
106.787     82.708    36.474
108.340     82.706    35.311
109.916     82.703    34.183
111.515     82.690    33.092
113.137     82.675    32.059
114.783     82.659    31.122
116.452     82.656    30.277
118.146     82.665    29.445
119.865     82.705    28.578
121.608     82.749    27.608
123.377     82.805    26.497
125.171     82.843    25.249
126.992     82.876    23.944
128.839     82.889    22.618
130.713     82.901    21.294
132.615     82.899    19.984
134.543     82.896    18.649
136.500     82.876    17.317
138.486     82.860    16.060
140.500     82.839    14.817
142.544     82.820    13.648
144.617     82.802    12.531
146.721     82.813    11.344
148.855     82.826     9.994
151.020     82.823     8.464
153.217     82.782     6.818
155.445     82.698     5.258
157.706     82.585     4.033
160.000     82.496     3.225
162.327     82.458     2.592
164.688     82.477     1.768
167.084     82.506     0.629
169.514     82.515    -0.734
171.980     82.496    -2.239
174.481     82.454    -3.685
177.019     82.399    -5.005
179.594     82.352    -6.292
182.206     82.302    -7.557
184.856     82.247    -8.831
187.545     82.191   -10.047
190.273     82.130   -11.226
193.041     82.081   -12.385
195.849     82.037   -13.526
198.697     81.997   -14.651
201.587     81.965   -15.813
204.520     81.947   -17.107
207.494     81.921   -18.579
210.512     81.871   -20.094
213.574     81.799   -21.546
216.681     81.703   -22.906
219.833     81.613   -24.030
223.030     81.555   -25.042
226.274     81.537   -26.211
229.565     81.512   -27.599
232.905     81.467   -29.027
236.292     81.425   -30.716
239.729     81.322   -32.483
243.216     81.175   -33.931
246.754     81.056   -35.086
250.343     80.929   -36.169
253.984     80.833   -36.985
257.678     80.787   -37.952
261.426     80.735   -39.009
265.229     80.696   -40.094
269.087     80.675   -41.371
273.001     80.666   -42.705
276.972     80.644   -44.262
281.000     80.598   -45.988
285.088     80.542   -47.849
289.234     80.448   -49.925
293.441     80.286   -51.898
297.709     80.089   -53.584
302.040     79.869   -55.010
306.433     79.707   -55.902
310.890     79.608   -56.670
315.412     79.536   -57.793
320.000     79.448   -59.127
324.655     79.347   -60.528
329.377     79.233   -61.946
334.168     79.110   -63.336
339.028     78.978   -64.753
343.959     78.815   -66.246
348.962     78.593   -67.713
354.038     78.368   -68.316
359.188     78.299   -68.487
364.412     78.317   -69.186
369.713     78.366   -70.514
375.090     78.347   -72.257
380.546     78.258   -73.937
386.081     78.156   -75.338
391.697     78.119   -76.688
397.394     78.061   -78.592
403.175     77.964   -80.497
409.039     77.796   -82.371
414.989     77.565   -83.798
421.025     77.349   -84.280
427.149     77.287   -84.433
433.362     77.320   -85.185
439.665     77.363   -86.329
446.060     77.366   -88.064
452.548     77.319   -89.933
459.131     77.229   -91.844
465.809     77.096   -93.496
472.584     76.971   -94.959
479.458     76.842   -96.647
486.432     76.645   -98.230
493.507     76.468   -99.546
500.686     76.265  -100.799
507.968     76.054  -101.851
515.357     75.865  -102.727
522.853     75.655  -103.602
530.458     75.440  -104.354
538.174     75.224  -104.927
546.002     74.998  -105.290
553.943     74.792  -105.438
562.001     74.581  -105.330
570.175     74.420  -104.985
578.469     74.289  -104.446
586.883     74.201  -103.825
595.419     74.160  -103.096
604.080     74.171  -102.422
612.866     74.231  -101.782
621.780     74.343  -101.349
630.824     74.507  -101.047
640.000     74.700  -101.135
649.309     74.931  -101.508
658.753     75.168  -102.264
668.335     75.411  -103.322
678.056     75.654  -104.729
687.919     75.888  -106.427
697.925     76.122  -108.428
708.077     76.320  -110.698
718.376     76.500  -113.256
728.825     76.648  -115.992
739.426     76.767  -118.931
750.181     76.850  -121.999
761.093     76.900  -125.219
772.163     76.909  -128.487
783.394     76.883  -131.859
794.789     76.828  -135.190
806.349     76.723  -138.588
818.078     76.576  -141.913
829.977     76.394  -145.197
842.050     76.183  -148.295
854.298     75.930  -151.310
866.724     75.653  -154.049
879.330     75.343  -156.603
892.120     75.025  -158.817
905.097     74.691  -160.768
918.262     74.384  -162.359
931.618     74.074  -163.701
945.169     73.807  -164.703
958.917     73.575  -165.521
972.864     73.406  -166.199
987.015     73.269  -166.891
1001.37     73.199  -167.597
1015.94     73.170  -168.540
1030.71     73.198  -169.653
1045.71     73.263  -171.208
1060.92     73.350  -173.207
1076.35     73.402  -175.697
1092.00     73.442  -178.458
1107.89     73.459   178.650
1124.00     73.437   175.308
1140.35     73.364   171.511
1156.94     73.245   167.870
1173.77     73.041   164.263
1190.84     72.778   160.534
1208.16     72.470   157.090
1225.73     72.132   153.871
1243.56     71.795   150.983
1261.65     71.444   148.298
1280.00     71.101   145.802
1298.62     70.775   143.401
1317.51     70.483   141.176
1336.67     70.225   138.848
1356.11     69.994   136.304
1375.84     69.794   133.336
1395.85     69.602   130.125
1416.15     69.378   126.469
1436.75     69.120   122.292
1457.65     68.805   117.484
1478.85     68.405   112.428
1500.36     67.933   107.346
1522.19     67.369   102.014
1544.33     66.713    96.668
1566.79     65.974    91.547
1589.58     65.116    86.481
1612.70     64.213    81.852
1636.16     63.283    77.616
1659.95     62.360    73.869
1684.10     61.429    70.446
1708.60     60.618    67.274
1733.45     59.945    63.843
1758.66     59.483    60.034
1784.24     59.220    55.334
1810.19     59.202    49.365
1836.52     59.379    41.836
1863.24     59.745    33.035
1890.34     60.233    23.075
1917.83     60.859    12.300
1945.73     61.506     1.099
1974.03     62.108    -9.972
2002.74     62.656   -20.874
2031.87     63.103   -30.838
2061.43     63.446   -39.656
2091.41     63.694   -47.277
2121.83     63.918   -53.419
2152.69     64.192   -58.111
2184.01     64.578   -61.993
2215.77     65.088   -65.639
2248.00     65.658   -69.839
2280.70     66.211   -74.871
2313.87     66.647   -80.503
2347.53     66.919   -86.230
2381.68     67.024   -91.579
2416.32     66.999   -96.098
2451.46     66.901   -99.736
2487.12     66.824  -102.558
2523.30     66.828  -105.032
2560.00     66.894  -107.748
2597.24     66.939  -111.019
2635.01     66.877  -114.678
2673.34     66.628  -118.609
2712.23     66.223  -121.924
2751.68     65.714  -124.215
2791.70     65.162  -125.403
2832.31     64.588  -125.652
2873.50     63.963  -124.984
2915.30     63.284  -122.883
2957.70     62.659  -118.852
3000.72     62.287  -112.848
3044.37     62.311  -106.167
3088.65     62.670  -101.169
3133.58     63.117   -98.619
3179.16     63.458   -97.871
3225.40     63.634   -97.722
3272.31     63.695   -97.545
3319.91     63.694   -97.245
3368.20     63.660   -96.892
3417.19     63.579   -96.498
3466.89     63.438   -95.793
3517.32     63.234   -94.519
3568.48     63.044   -92.497
3620.39     62.928   -90.069
3673.05     62.878   -87.690
3726.47     62.811   -85.620
3780.67     62.656   -83.638
3835.67     62.454   -81.236
3891.46     62.298   -78.390
3948.06     62.216   -75.799
4005.49     62.100   -73.896
4063.75     61.784   -71.863
4122.86     61.232   -67.901
4182.82     60.705   -60.401
4243.66     60.726   -50.481
4305.39     61.321   -42.954
4368.01     61.970   -39.438
4431.55     62.336   -38.549
4496.01     62.343   -38.441
4561.40     62.042   -37.566
4627.75     61.579   -34.842
4695.06     61.171   -30.164
4763.35     60.979   -24.643
4832.64     60.943   -19.535
4902.93     60.926   -14.816
4974.24     60.924    -9.531
5046.60     61.036    -3.362
5120.00     61.284     2.711
5194.47     61.538     7.594
5270.03     61.713    11.098
5346.68     61.784    13.671
5424.45     61.754    15.848
5503.35     61.593    18.051
5583.40     61.366    20.839
5664.61     61.150    24.189
5747.01     60.893    27.874
5830.60     60.534    32.668
5915.41     60.247    39.375
6001.45     60.270    46.959
6088.74     60.500    53.259
6177.30     60.721    58.003
6267.15     60.887    61.565
6358.31     60.931    63.993
6450.80     60.804    66.552
6544.62     60.627    69.827
6639.82     60.402    73.580
6736.40     60.153    78.334
6834.38     60.053    83.829
6933.79     60.017    88.070
7034.64     59.711    92.888
7136.96     59.403    98.460
7240.77     59.133   104.338
7346.09     58.914   111.464
7452.94     58.764   121.184
7561.35     58.928   132.780
7671.33     59.417   141.797
7782.91     59.737   146.813
7896.12     59.713   150.805
8010.97     59.506   154.740
8127.49     59.116   159.611
8245.71     58.844   167.366
8365.65     58.897   175.269
8487.33     58.782  -178.327
8610.78     58.366  -171.333
8736.03     57.896  -162.706
8863.09     57.646  -152.685
8992.01     57.704  -142.725
9122.80     57.751  -134.661
9255.50     57.619  -127.865
9390.12     57.289  -121.418
9526.70     56.736  -114.678
9665.27     56.253  -105.524
9805.86     56.167   -95.345
9948.49     56.455   -87.043
10093.2     56.662   -81.326
10240.0     56.314   -75.240
10388.9     55.871   -66.345
10540.1     55.515   -58.165
10693.4     54.940   -51.732
10848.9     54.217   -43.770
11006.7     53.822   -29.067
11166.8     53.997   -17.252
11329.2     53.526    -8.642
11494.0     53.303     0.605
11661.2     52.878     9.413
11830.8     51.973    19.626
12002.9     50.696    35.530
12177.5     50.025    56.160
12354.6     50.590    74.355
12534.3     51.185    84.536
12716.6     51.071    93.122
12901.6     50.346   103.616
13089.2     49.476   119.968
13279.6     49.375   139.706
13472.8     49.804   155.027
13668.8     50.166   166.948
13867.6     50.376   177.983
14069.3     50.088  -174.420
14273.9     48.864  -163.618
14481.5     47.870  -145.248
14692.2     47.801  -125.054
14905.9     48.246  -109.995
15122.7     47.825   -98.372
15342.7     47.212   -80.262
15565.8     46.748   -60.818
15792.2     46.662   -41.801
16021.9     47.527   -24.173
16255.0     47.723   -15.274
16491.4     47.201    -1.639
16731.3     46.807    20.382
16974.7     47.110    42.887
17221.6     47.318    57.242
17472.1     47.322    69.901
17726.2     46.675    85.379
17984.0     46.332   115.851
18245.6     47.241   136.261
18511.0     47.686   154.826
18780.2     47.766   168.178
19053.4     47.850  -172.305
19330.5     48.279  -150.525
19611.7     48.270  -134.675
19897.0     48.768  -119.736
20186.4     49.139  -103.490
20480.0     48.587   -87.446
20777.9     47.850   -69.363
21080.1     47.128   -54.916
21386.7     46.912   -31.620
21697.8     48.098    -9.664
22013.4     47.916     5.509
22333.6     47.200    20.517
22658.4     48.037    46.772
22988.0     49.257    68.505
23322.4     49.753    88.736
23661.6     50.563    94.739
24005.8     50.251   107.756
24355.0     50.013   135.233
24709.2     50.574   164.328
25068.6     51.352   178.441
25433.2     51.708  -159.924
25803.2     51.107  -142.738
26178.5     49.758  -128.280
26559.3     47.684  -112.970
26945.6     45.808   -91.967
27337.5     44.403   -69.999
27735.2     44.616   -46.333
28138.6     44.017   -19.498
28547.9     43.194     4.597
28963.1     41.712    35.051
29384.4     39.943    70.476
29811.8     38.567   107.094
30245.4     38.321   142.188
30685.3     38.537  -177.827
31131.7     39.503  -148.290
31584.5     39.732  -131.769
32043.9     39.956  -110.790
32510.0     38.648   -86.520
32982.8     36.519   -60.422
33462.6     37.983   -18.876
33949.3     39.288   -10.536
34443.1     39.316    -1.369
34944.1     36.624    17.841
35452.4     33.638    38.536
35968.0     30.669    67.399
36491.2     27.760    92.335
37022.0     27.723   101.167
37560.5     26.283   112.656
38106.8     24.342   116.208
38661.1     23.252   141.851
39223.4     25.566   164.579
39793.9     24.835   163.890
