Freq[Hz]     dBSPL  Phase[Deg]
5.00000     37.169  -112.165
5.07273     37.309  -115.481
5.14651     37.458  -118.997
5.22137     37.588  -122.031
5.29732     37.736  -125.027
5.37437     37.884  -127.848
5.45254     38.046  -130.550
5.53185     38.203  -133.084
5.61231     38.371  -135.443
5.69394     38.580  -137.744
5.77676     38.749  -139.589
5.86079     38.973  -141.564
5.94604     39.211  -143.321
6.03252     39.461  -144.975
6.12027     39.721  -146.523
6.20929     40.002  -148.081
6.29961     40.301  -149.535
6.39124     40.587  -150.950
6.48420     40.899  -152.383
6.57851     41.222  -153.849
6.67420     41.550  -155.361
6.77128     41.854  -156.731
6.86977     42.208  -158.321
6.96969     42.507  -159.763
7.07107     42.841  -161.385
7.17392     43.170  -162.926
7.27827     43.476  -164.416
7.38413     43.750  -165.818
7.49154     44.058  -167.350
7.60050     44.341  -168.758
7.71105     44.621  -170.218
7.82321     44.915  -171.601
7.93701     45.187  -172.940
8.05245     45.446  -174.219
8.16958     45.711  -175.465
8.28841     45.964  -176.724
8.40896     46.215  -177.880
8.53128     46.468  -179.110
8.65537     46.746   179.657
8.78126     46.973   178.518
8.90899     47.234   177.354
9.03857     47.466   176.174
9.17004     47.683   175.040
9.30342     47.918   173.887
9.43874     48.100   172.843
9.57603     48.334   171.783
9.71532     48.521   170.781
9.85663     48.710   169.834
10.0000     48.871   168.977
10.1455     49.059   168.178
10.2930     49.255   167.459
10.4427     49.407   166.862
10.5946     49.610   166.294
10.7487     49.769   165.832
10.9051     49.987   165.351
11.0637     50.196   164.905
11.2246     50.395   164.464
11.3879     50.615   164.038
11.5535     50.861   163.515
11.7216     51.074   162.979
11.8921     51.321   162.345
12.0650     51.548   161.695
12.2405     51.775   160.970
12.4186     51.980   160.185
12.5992     52.198   159.345
12.7825     52.401   158.465
12.9684     52.584   157.613
13.1570     52.753   156.693
13.3484     52.926   155.788
13.5426     53.064   154.902
13.7395     53.188   154.058
13.9394     53.296   153.247
14.1421     53.410   152.445
14.3478     53.508   151.685
14.5565     53.572   151.066
14.7683     53.631   150.508
14.9831     53.696   150.019
15.2010     53.743   149.628
15.4221     53.797   149.322
15.6464     53.837   149.128
15.8740     53.901   148.949
16.1049     53.927   148.928
16.3392     53.974   148.876
16.5768     53.998   148.866
16.8179     54.009   148.876
17.0626     54.039   148.789
17.3107     54.024   148.900
17.5625     53.969   149.126
17.8180     53.886   149.513
18.0771     53.779   150.188
18.3401     53.646   151.246
18.6068     53.521   152.628
18.8775     53.399   154.472
19.1521     53.297   156.920
19.4306     53.244   159.567
19.7133     53.250   162.766
20.0000     53.322   166.286
20.2909     53.479   169.980
20.5860     53.705   173.403
20.8855     53.988   176.465
21.1893     54.278   179.691
21.4975     54.589  -176.972
21.8102     54.937  -173.596
22.1274     55.303  -169.882
22.4492     55.759  -166.043
22.7758     56.269  -162.286
23.1071     56.860  -158.631
23.4432     57.547  -154.904
23.7841     58.332  -151.283
24.1301     59.179  -148.399
24.4811     60.102  -145.938
24.8372     61.085  -144.114
25.1984     62.117  -142.814
25.5649     63.130  -142.403
25.9368     64.176  -142.651
26.3141     65.171  -143.709
26.6968     66.131  -145.492
27.0851     66.971  -147.916
27.4791     67.671  -150.688
27.8788     68.246  -153.433
28.2843     68.713  -155.551
28.6957     69.104  -156.845
29.1131     69.562  -157.153
29.5365     70.136  -156.871
29.9661     70.875  -156.638
30.4020     71.715  -157.058
30.8442     72.636  -158.478
31.2929     73.547  -160.855
31.7480     74.377  -163.960
32.2098     75.211  -168.030
32.6783     75.968  -172.530
33.1536     76.624  -177.035
33.6359     77.201   178.416
34.1251     77.654   174.263
34.6215     78.034   170.323
35.1250     78.364   166.498
35.6359     78.680   162.484
36.1543     78.966   158.585
36.6802     79.229   154.732
37.2137     79.446   150.927
37.7550     79.613   147.306
38.3041     79.739   143.853
38.8613     79.836   140.543
39.4265     79.908   137.511
40.0000     79.966   134.671
40.5818     80.024   132.098
41.1721     80.083   129.641
41.7710     80.151   127.323
42.3785     80.223   125.100
42.9949     80.298   122.936
43.6203     80.373   120.844
44.2548     80.454   118.826
44.8985     80.531   116.850
45.5515     80.618   114.886
46.2141     80.693   112.949
46.8863     80.776   110.996
47.5683     80.846   109.091
48.2602     80.913   107.237
48.9621     80.974   105.442
49.6743     81.036   103.710
50.3968     81.109   101.993
51.1299     81.175   100.258
51.8736     81.228    98.554
52.6281     81.283    96.891
53.3936     81.338    95.285
54.1702     81.385    93.707
54.9581     81.438    92.164
55.7575     81.485    90.652
56.5685     81.523    89.191
57.3914     81.564    87.790
58.2261     81.612    86.455
59.0730     81.666    85.096
59.9323     81.721    83.757
60.8040     81.771    82.375
61.6884     81.819    80.966
62.5857     81.862    79.604
63.4960     81.895    78.331
64.4196     81.934    77.104
65.3566     81.972    75.912
66.3073     82.018    74.728
67.2717     82.068    73.548
68.2502     82.116    72.383
69.2429     82.174    71.235
70.2501     82.232    70.069
71.2719     82.287    68.880
72.3086     82.346    67.664
73.3603     82.395    66.440
74.4274     82.439    65.208
75.5099     82.479    63.978
76.6083     82.519    62.756
77.7226     82.546    61.566
78.8531     82.576    60.428
80.0000     82.600    59.323
81.1636     82.632    58.263
82.3442     82.664    57.223
83.5419     82.698    56.210
84.7570     82.735    55.182
85.9899     82.772    54.165
87.2406     82.813    53.163
88.5096     82.857    52.171
89.7970     82.906    51.169
91.1031     82.961    50.140
92.4282     83.014    49.034
93.7726     83.067    47.867
95.1366     83.109    46.673
96.5204     83.137    45.424
97.9243     83.148    44.212
99.3486     83.154    43.108
100.794     83.153    42.080
102.260     83.167    41.094
103.747     83.182    40.143
105.256     83.208    39.183
106.787     83.230    38.165
108.340     83.242    37.118
109.916     83.253    36.110
111.515     83.254    35.144
113.137     83.253    34.239
114.783     83.252    33.435
116.452     83.264    32.728
118.146     83.289    32.038
119.865     83.344    31.318
121.608     83.403    30.501
123.377     83.476    29.547
125.171     83.530    28.462
126.992     83.579    27.325
128.839     83.607    26.173
130.713     83.636    25.028
132.615     83.651    23.902
134.543     83.665    22.757
136.500     83.662    21.622
138.486     83.664    20.567
140.500     83.660    19.532
142.544     83.660    18.579
144.617     83.661    17.681
146.721     83.691    16.722
148.855     83.723    15.606
151.020     83.740    14.319
153.217     83.719    12.920
155.445     83.656    11.615
157.706     83.562    10.653
160.000     83.495    10.115
162.327     83.478     9.759
164.688     83.520     9.220
167.084     83.570     8.374
169.514     83.603     7.311
171.980     83.608     6.114
174.481     83.591     4.986
177.019     83.561     3.988
179.594     83.540     3.036
182.206     83.516     2.111
184.856     83.488     1.187
187.545     83.461     0.329
190.273     83.429    -0.482
193.041     83.410    -1.266
195.849     83.396    -2.022
198.697     83.389    -2.753
201.587     83.390    -3.514
204.520     83.407    -4.397
207.494     83.417    -5.451
210.512     83.403    -6.539
213.574     83.370    -7.553
216.681     83.314    -8.469
219.833     83.266    -9.141
223.030     83.251    -9.693
226.274     83.278   -10.393
229.565     83.300   -11.307
232.905     83.303   -12.253
236.292     83.313   -13.454
239.729     83.263   -14.726
243.216     83.171   -15.675
246.754     83.111   -16.325
250.343     83.043   -16.900
253.984     83.011   -17.206
257.678     83.031   -17.658
261.426     83.047   -18.201
265.229     83.078   -18.771
269.087     83.132   -19.534
273.001     83.200   -20.358
276.972     83.258   -21.406
281.000     83.296   -22.628
285.088     83.325   -23.994
289.234     83.320   -25.580
293.441     83.250   -27.074
297.709     83.149   -28.293
302.040     83.025   -29.262
306.433     82.963   -29.711
310.890     82.968   -30.053
315.412     83.001   -30.766
320.000     83.020   -31.708
324.655     83.027   -32.735
329.377     83.023   -33.799
334.168     83.010   -34.856
339.028     82.991   -35.958
343.959     82.941   -37.149
348.962     82.834   -38.329
354.038     82.722   -38.661
359.188     82.767   -38.580
364.412     82.898   -39.047
369.713     83.058   -40.161
375.090     83.148   -41.704
380.546     83.168   -43.202
386.081     83.172   -44.435
391.697     83.240   -45.633
397.394     83.285   -47.396
403.175     83.288   -49.173
409.039     83.221   -50.931
414.989     83.089   -52.253
421.025     82.971   -52.642
427.149     83.008   -52.716
433.362     83.142   -53.400
439.665     83.285   -54.489
446.060     83.393   -56.184
452.548     83.452   -58.033
459.131     83.474   -59.950
465.809     83.460   -61.641
472.584     83.457   -63.184
479.458     83.457   -64.999
486.432     83.397   -66.763
493.507     83.365   -68.330
500.686     83.314   -69.915
507.968     83.260   -71.405
515.357     83.235   -72.840
522.853     83.189   -74.417
530.458     83.139   -76.029
538.174     83.084   -77.647
546.002     83.009   -79.247
553.943     82.939   -80.832
562.001     82.840   -82.364
570.175     82.761   -83.848
578.469     82.674   -85.297
586.883     82.586   -86.782
595.419     82.492   -88.218
604.080     82.394   -89.700
612.866     82.291   -91.131
621.780     82.186   -92.614
630.824     82.084   -93.995
640.000     81.969   -95.494
649.309     81.860   -96.955
658.753     81.731   -98.464
668.335     81.592   -99.910
678.056     81.445  -101.351
687.919     81.288  -102.726
697.925     81.138  -104.063
708.077     80.966  -105.334
718.376     80.790  -106.574
728.825     80.608  -107.692
739.426     80.425  -108.725
750.181     80.242  -109.628
761.093     80.065  -110.441
772.163     79.893  -111.102
783.394     79.737  -111.699
794.789     79.605  -112.142
806.349     79.483  -112.588
818.078     79.382  -112.972
829.977     79.306  -113.390
842.050     79.262  -113.783
854.298     79.232  -114.322
866.724     79.228  -114.901
879.330     79.229  -115.671
892.120     79.248  -116.542
905.097     79.261  -117.617
918.262     79.295  -118.828
931.618     79.301  -120.254
945.169     79.304  -121.761
958.917     79.282  -123.404
972.864     79.251  -125.100
987.015     79.174  -126.853
1001.37     79.089  -128.506
1015.94     78.979  -130.138
1030.71     78.881  -131.581
1045.71     78.790  -133.041
1060.92     78.714  -134.495
1076.35     78.614  -135.965
1092.00     78.531  -137.324
1107.89     78.477  -138.716
1124.00     78.431  -140.208
1140.35     78.401  -141.888
1156.94     78.381  -143.660
1173.77     78.330  -145.552
1190.84     78.289  -147.640
1208.16     78.243  -149.808
1225.73     78.195  -152.178
1243.56     78.155  -154.673
1261.65     78.091  -157.423
1280.00     78.025  -160.411
1298.62     77.925  -163.667
1317.51     77.784  -166.925
1336.67     77.624  -170.373
1356.11     77.430  -173.952
1375.84     77.218  -177.659
1395.85     76.994   178.722
1416.15     76.741   175.012
1436.75     76.475   171.224
1457.65     76.203   167.306
1478.85     75.923   163.429
1500.36     75.661   159.550
1522.19     75.427   155.663
1544.33     75.226   151.678
1566.79     75.076   147.662
1589.58     74.976   143.374
1612.70     74.959   138.894
1636.16     75.013   134.043
1659.95     75.132   128.875
1684.10     75.295   123.186
1708.60     75.510   117.250
1733.45     75.726   111.145
1758.66     75.995   104.878
1784.24     76.267    98.396
1810.19     76.548    92.068
1836.52     76.817    85.889
1863.24     77.090    80.071
1890.34     77.364    74.561
1917.83     77.660    69.333
1945.73     77.953    64.342
1974.03     78.234    59.652
2002.74     78.506    55.109
2031.87     78.765    50.905
2061.43     79.004    47.009
2091.41     79.223    43.386
2121.83     79.423    40.072
2152.69     79.622    37.132
2184.01     79.821    34.436
2215.77     80.026    31.940
2248.00     80.217    29.455
2280.70     80.386    26.934
2313.87     80.511    24.473
2347.53     80.587    22.197
2381.68     80.612    20.218
2416.32     80.600    18.674
2451.46     80.567    17.552
2487.12     80.547    16.770
2523.30     80.545    16.179
2560.00     80.555    15.606
2597.24     80.542    15.003
2635.01     80.482    14.467
2673.34     80.351    14.135
2712.23     80.181    14.307
2751.68     80.007    15.076
2791.70     79.865    16.320
2832.31     79.764    17.787
2873.50     79.685    19.319
2915.30     79.605    20.895
2957.70     79.519    22.678
3000.72     79.453    24.790
3044.37     79.439    27.082
3088.65     79.476    29.203
3133.58     79.525    30.887
3179.16     79.522    32.130
3225.40     79.426    33.386
3272.31     79.236    35.006
3319.91     78.997    37.243
3368.20     78.780    40.119
3417.19     78.618    43.298
3466.89     78.486    46.467
3517.32     78.323    49.482
3568.48     78.103    52.622
3620.39     77.823    56.213
3673.05     77.501    60.582
3726.47     77.189    66.013
3780.67     76.979    72.476
3835.67     76.976    79.485
3891.46     77.176    86.136
3948.06     77.460    91.740
4005.49     77.702    96.611
4063.75     77.897   101.541
4122.86     78.149   106.702
4182.82     78.516   111.328
4243.66     78.893   114.621
4305.39     79.091   116.876
4368.01     79.056   119.245
4431.55     78.875   122.582
4496.01     78.670   127.032
4561.40     78.504   132.229
4627.75     78.390   137.972
4695.06     78.348   144.099
4763.35     78.403   150.274
4832.64     78.510   156.192
4902.93     78.637   161.857
4974.24     78.784   167.207
5046.60     78.907   172.034
5120.00     78.942   176.460
5194.47     78.825  -178.963
5270.03     78.595  -173.503
5346.68     78.375  -166.768
5424.45     78.306  -159.199
5503.35     78.400  -151.741
5583.40     78.573  -145.100
5664.61     78.701  -139.490
5747.01     78.652  -134.288
5830.60     78.427  -128.212
5915.41     78.234  -120.643
6001.45     78.214  -112.618
6088.74     78.289  -105.099
6177.30     78.343   -98.459
6267.15     78.244   -92.307
6358.31     77.903   -85.683
6450.80     77.450   -77.046
6544.62     77.207   -66.388
6639.82     77.288   -55.580
6736.40     77.530   -45.914
6834.38     77.777   -37.237
6933.79     77.969   -29.176
7034.64     78.048   -21.685
7136.96     77.979   -14.029
7240.77     77.860    -5.614
7346.09     77.729     2.995
7452.94     77.510    12.284
7561.35     77.356    22.957
7671.33     77.372    33.567
7782.91     77.358    43.618
7896.12     77.310    54.224
8010.97     77.308    64.939
8127.49     77.301    76.264
8245.71     77.548    88.107
8365.65     77.906    97.631
8487.33     77.953   106.010
8610.78     77.775   115.333
8736.03     77.479   125.942
8863.09     77.285   138.317
8992.01     77.323   150.560
9122.80     77.306   162.226
9255.50     77.293   174.512
9390.12     77.355  -173.419
9526.70     77.327  -161.659
9665.27     77.264  -148.934
9805.86     77.354  -135.998
9948.49     77.461  -123.662
10093.2     77.500  -111.986
10240.0     77.227   -99.090
10388.9     77.370   -83.586
10540.1     77.767   -71.492
10693.4     77.831   -60.412
10848.9     77.658   -49.462
11006.7     77.393   -36.441
11166.8     77.206   -24.642
11329.2     76.583   -10.818
11494.0     76.231     5.482
11661.2     76.143    22.362
11830.8     76.219    37.265
12002.9     76.135    52.331
12177.5     76.078    66.296
12354.6     75.723    80.906
12534.3     75.368    96.956
12716.6     75.122   113.854
12901.6     74.878   130.665
13089.2     74.765   148.309
13279.6     74.732   163.743
13472.8     74.225   179.362
13668.8     73.657  -162.249
13867.6     73.450  -142.617
14069.3     73.142  -124.948
14273.9     72.768  -105.496
14481.5     72.406   -85.690
14692.2     72.101   -66.123
14905.9     71.766   -45.301
15122.7     71.340   -24.750
15342.7     71.095    -3.149
15565.8     70.792    19.287
15792.2     70.510    41.964
16021.9     70.540    63.377
16255.0     70.146    84.469
16491.4     69.503   108.053
16731.3     69.062   134.266
16974.7     69.059   161.892
17221.6     69.195  -173.083
17472.1     69.096  -148.392
17726.2     68.957  -120.381
17984.0     69.416   -89.859
18245.6     70.343   -64.251
18511.0     71.017   -41.874
18780.2     71.322   -19.947
19053.4     71.216     4.430
19330.5     71.483    30.295
19611.7     71.759    55.056
19897.0     72.241    78.764
20186.4     72.080   100.670
20480.0     71.790   128.025
20777.9     71.951   154.276
21080.1     71.590   179.628
21386.7     71.420  -148.249
21697.8     72.801  -121.069
22013.4     72.606  -101.543
22333.6     71.758   -74.575
22658.4     71.521   -38.725
22988.0     72.372    -7.038
23322.4     73.084    21.725
23661.6     73.707    47.671
24005.8     74.087    75.996
24355.0     74.899   104.492
24709.2     75.798   130.267
25068.6     76.682   154.765
25433.2     77.670   175.729
25803.2     77.658  -170.466
26178.5     75.998  -153.010
26559.3     74.090  -126.439
26945.6     72.041   -98.149
27337.5     69.864   -54.975
27735.2     70.284   -13.495
28138.6     70.639    19.696
28547.9     70.306    50.129
28963.1     69.480    84.171
29384.4     68.657   122.416
29811.8     68.383   164.755
30245.4     69.311  -152.637
30685.3     70.914  -117.337
31131.7     71.906   -89.390
31584.5     71.653   -61.253
32043.9     71.162   -30.586
32510.0     69.862     3.632
32982.8     68.591    45.184
33462.6     70.214    90.300
33949.3     70.315   114.069
34443.1     69.413   142.811
34944.1     67.639   178.219
35452.4     66.022  -146.700
35968.0     64.236  -107.443
36491.2     63.329   -61.932
37022.0     63.428   -29.777
37560.5     62.273    -4.526
38106.8     57.014    28.674
38661.1     55.503    84.004
39223.4     55.415   125.527
39793.9     55.174   155.799
