Freq[Hz]     dBSPL  Phase[Deg]
5.00000     37.355  -111.935
5.07273     37.495  -115.248
5.14651     37.644  -118.761
5.22137     37.774  -121.791
5.29732     37.922  -124.784
5.37437     38.070  -127.601
5.45254     38.231  -130.300
5.53185     38.389  -132.830
5.61231     38.557  -135.186
5.69394     38.766  -137.482
5.77676     38.934  -139.324
5.86079     39.159  -141.295
5.94604     39.397  -143.048
6.03252     39.647  -144.698
6.12027     39.907  -146.241
6.20929     40.188  -147.796
6.29961     40.487  -149.245
6.39124     40.772  -150.656
6.48420     41.085  -152.086
6.57851     41.408  -153.547
6.67420     41.736  -155.055
6.77128     42.040  -156.420
6.86977     42.394  -158.006
6.96969     42.693  -159.443
7.07107     43.026  -161.060
7.17392     43.356  -162.597
7.27827     43.662  -164.081
7.38413     43.936  -165.479
7.49154     44.243  -167.006
7.60050     44.527  -168.409
7.71105     44.807  -169.863
7.82321     45.101  -171.242
7.93701     45.373  -172.576
8.05245     45.632  -173.849
8.16958     45.897  -175.090
8.28841     46.150  -176.344
8.40896     46.401  -177.494
8.53128     46.654  -178.718
8.65537     46.932  -179.945
8.78126     47.158   178.921
8.90899     47.419   177.763
9.03857     47.651   176.589
9.17004     47.868   175.461
9.30342     48.104   174.315
9.43874     48.286   173.276
9.57603     48.520   172.223
9.71532     48.707   171.227
9.85663     48.895   170.286
10.0000     49.057   169.437
10.1455     49.244   168.644
10.2930     49.441   167.932
10.4427     49.593   167.342
10.5946     49.796   166.780
10.7487     49.955   166.326
10.9051     50.173   165.853
11.0637     50.382   165.413
11.2246     50.581   164.980
11.3879     50.800   164.561
11.5535     51.047   164.046
11.7216     51.260   163.517
11.8921     51.507   162.891
12.0650     51.734   162.250
12.2405     51.960   161.532
12.4186     52.166   160.756
12.5992     52.383   159.924
12.7825     52.587   159.052
12.9684     52.770   158.209
13.1570     52.939   157.298
13.3484     53.111   156.401
13.5426     53.250   155.524
13.7395     53.374   154.689
13.9394     53.482   153.887
14.1421     53.596   153.095
14.3478     53.694   152.344
14.5565     53.758   151.734
14.7683     53.817   151.187
14.9831     53.881   150.708
15.2010     53.929   150.327
15.4221     53.983   150.031
15.6464     54.023   149.847
15.8740     54.087   149.678
16.1049     54.113   149.668
16.3392     54.160   149.627
16.5768     54.184   149.628
16.8179     54.195   149.648
17.0626     54.225   149.573
17.3107     54.210   149.696
17.5625     54.155   149.933
17.8180     54.072   150.332
18.0771     53.965   151.019
18.3401     53.832   152.089
18.6068     53.707   153.483
18.8775     53.585   155.339
19.1521     53.482   157.800
19.4306     53.430   160.460
19.7133     53.436   163.672
20.0000     53.508   167.205
20.2909     53.665   170.913
20.5860     53.890   174.349
20.8855     54.174   177.424
21.1893     54.463  -179.335
21.4975     54.775  -175.984
21.8102     55.123  -172.594
22.1274     55.489  -168.865
22.4492     55.945  -165.011
22.7758     56.455  -161.239
23.1071     57.046  -157.569
23.4432     57.732  -153.827
23.7841     58.517  -150.190
24.1301     59.364  -147.291
24.4811     60.288  -144.814
24.8372     61.271  -142.973
25.1984     62.302  -141.657
25.5649     63.316  -141.228
25.9368     64.362  -141.460
26.3141     65.356  -142.500
26.6968     66.317  -144.266
27.0851     67.157  -146.671
27.4791     67.856  -149.425
27.8788     68.431  -152.152
28.2843     68.899  -154.252
28.6957     69.290  -155.526
29.1131     69.748  -155.815
29.5365     70.322  -155.515
29.9661     71.061  -155.261
30.4020     71.901  -155.661
30.8442     72.822  -157.060
31.2929     73.733  -159.417
31.7480     74.562  -162.501
32.2098     75.396  -166.550
32.6783     76.154  -171.029
33.1536     76.810  -175.512
33.6359     77.387   179.961
34.1251     77.840   175.831
34.6215     78.219   171.913
35.1250     78.550   168.112
35.6359     78.866   164.122
36.1543     79.152   160.246
36.6802     79.415   156.419
37.2137     79.632   152.639
37.7550     79.796   149.047
38.3041     79.923   145.623
38.8613     80.017   142.342
39.4265     80.089   139.342
40.0000     80.145   136.535
40.5818     80.201   133.993
41.1721     80.258   131.570
41.7710     80.323   129.286
42.3785     80.392   127.097
42.9949     80.464   124.969
43.6203     80.536   122.912
44.2548     80.613   120.929
44.8985     80.687   118.990
45.5515     80.769   117.062
46.2141     80.840   115.160
46.8863     80.918   113.244
47.5683     80.984   111.374
48.2602     81.045   109.555
48.9621     81.100   107.795
49.6743     81.157   106.097
50.3968     81.223   104.414
51.1299     81.283   102.714
51.8736     81.330   101.043
52.6281     81.378    99.412
53.3936     81.426    97.838
54.1702     81.465    96.290
54.9581     81.511    94.776
55.7575     81.549    93.293
56.5685     81.579    91.860
57.3914     81.612    90.485
58.2261     81.651    89.176
59.0730     81.697    87.841
59.9323     81.742    86.524
60.8040     81.783    85.163
61.6884     81.821    83.773
62.5857     81.855    82.429
63.4960     81.878    81.173
64.4196     81.906    79.960
65.3566     81.933    78.780
66.3073     81.969    77.608
67.2717     82.007    76.437
68.2502     82.044    75.279
69.2429     82.091    74.136
70.2501     82.138    72.972
71.2719     82.180    71.782
72.3086     82.227    70.564
73.3603     82.264    69.335
74.4274     82.296    68.096
75.5099     82.323    66.856
76.6083     82.351    65.621
77.7226     82.364    64.415
78.8531     82.381    63.259
80.0000     82.392    62.133
81.1636     82.409    61.048
82.3442     82.429    59.981
83.5419     82.448    58.935
84.7570     82.472    57.873
85.9899     82.495    56.818
87.2406     82.521    55.774
88.5096     82.551    54.736
89.7970     82.585    53.685
91.1031     82.625    52.603
92.4282     82.663    51.439
93.7726     82.701    50.211
95.1366     82.727    48.950
96.5204     82.740    47.630
97.9243     82.736    46.343
99.3486     82.726    45.159
100.794     82.710    44.046
102.260     82.708    42.970
103.747     82.707    41.925
105.256     82.717    40.864
106.787     82.723    39.741
108.340     82.718    38.582
109.916     82.713    37.456
111.515     82.697    36.367
113.137     82.680    35.332
114.783     82.663    34.393
116.452     82.658    33.544
118.146     82.665    32.705
119.865     82.704    31.829
121.608     82.747    30.849
123.377     82.801    29.725
125.171     82.839    28.462
126.992     82.871    27.140
128.839     82.881    25.794
130.713     82.893    24.448
132.615     82.891    23.112
134.543     82.887    21.749
136.500     82.866    20.386
138.486     82.850    19.095
140.500     82.829    17.814
142.544     82.811    16.605
144.617     82.793    15.442
146.721     82.805    14.209
148.855     82.820    12.807
151.020     82.818    11.222
153.217     82.779     9.516
155.445     82.696     7.892
157.706     82.584     6.600
160.000     82.498     5.719
162.327     82.462     5.009
164.688     82.485     4.102
167.084     82.516     2.877
169.514     82.528     1.420
171.980     82.513    -0.183
174.481     82.475    -1.733
177.019     82.424    -3.164
179.594     82.382    -4.566
182.206     82.337    -5.954
184.856     82.286    -7.357
187.545     82.236    -8.710
190.273     82.181   -10.033
193.041     82.137   -11.342
195.849     82.100   -12.642
198.697     82.066   -13.934
201.587     82.041   -15.271
204.520     82.030   -16.749
207.494     82.012   -18.414
210.512     81.970   -20.131
213.574     81.906   -21.794
216.681     81.818   -23.373
219.833     81.736   -24.729
223.030     81.686   -25.984
226.274     81.677   -27.404
229.565     81.661   -29.057
232.905     81.624   -30.758
236.292     81.591   -32.734
239.729     81.496   -34.798
243.216     81.357   -36.555
246.754     81.247   -38.034
250.343     81.127   -39.451
253.984     81.039   -40.615
257.678     81.000   -41.941
261.426     80.954   -43.372
265.229     80.922   -44.842
269.087     80.904   -46.517
273.001     80.900   -48.262
276.972     80.880   -50.242
281.000     80.836   -52.403
285.088     80.779   -54.710
289.234     80.684   -57.244
293.441     80.517   -59.683
297.709     80.316   -61.846
302.040     80.088   -63.755
306.433     79.916   -65.138
310.890     79.804   -66.401
315.412     79.718   -68.022
320.000     79.611   -69.855
324.655     79.490   -71.755
329.377     79.353   -73.667
334.168     79.204   -75.547
339.028     79.043   -77.446
343.959     78.849   -79.413
348.962     78.595   -81.344
354.038     78.333   -82.397
359.188     78.227   -82.998
364.412     78.208   -84.107
369.713     78.219   -85.821
375.090     78.162   -87.923
380.546     78.038   -89.937
386.081     77.903   -91.642
391.697     77.836   -93.271
397.394     77.754   -95.428
403.175     77.637   -97.564
409.039     77.458   -99.651
414.989     77.223  -101.280
421.025     77.012  -101.959
427.149     76.964  -102.314
433.362     77.023  -103.278
439.665     77.100  -104.661
446.060     77.149  -106.670
452.548     77.158  -108.862
459.131     77.136  -111.158
465.809     77.081  -113.274
472.584     77.044  -115.300
479.458     77.010  -117.661
486.432     76.917  -120.047
493.507     76.849  -122.322
500.686     76.759  -124.693
507.968     76.661  -127.056
515.357     76.584  -129.441
522.853     76.479  -132.050
530.458     76.359  -134.769
538.174     76.222  -137.561
546.002     76.051  -140.404
553.943     75.870  -143.287
562.001     75.643  -146.166
570.175     75.417  -149.030
578.469     75.164  -151.890
586.883     74.887  -154.790
595.419     74.581  -157.644
604.080     74.249  -160.515
612.866     73.885  -163.296
621.780     73.493  -166.052
630.824     73.076  -168.619
640.000     72.619  -171.159
649.309     72.140  -173.497
658.753     71.618  -175.650
668.335     71.062  -177.473
678.056     70.483  -178.935
687.919     69.887  -179.937
697.925     69.306   179.593
708.077     68.727   179.720
718.376     68.200  -179.559
728.825     67.743  -178.193
739.426     67.393  -176.337
750.181     67.163  -174.166
761.093     67.071  -172.022
772.163     67.099  -170.134
783.394     67.235  -168.854
794.789     67.453  -168.222
806.349     67.706  -168.461
818.078     67.970  -169.436
829.977     68.226  -171.170
842.050     68.458  -173.455
854.298     68.639  -176.369
866.724     68.770  -179.638
879.330     68.827   176.660
892.120     68.819   172.754
905.097     68.724   168.611
918.262     68.565   164.409
931.618     68.295   160.135
945.169     67.935   156.051
958.917     67.464   152.208
972.864     66.897   148.876
987.015     66.203   146.282
1001.37     65.437   144.924
1015.94     64.629   145.136
1030.71     63.890   147.567
1045.71     63.347   152.209
1060.92     63.136   158.576
1076.35     63.344   165.103
1092.00     63.953   170.119
1107.89     64.774   172.225
1124.00     65.765   172.052
1140.35     66.809   169.519
1156.94     67.670   165.592
1173.77     68.369   160.553
1190.84     68.979   154.270
1208.16     69.428   147.450
1225.73     69.723   140.197
1243.56     69.879   132.734
1261.65     69.871   125.080
1280.00     69.695   116.856
1298.62     69.320   108.714
1317.51     68.774   101.559
1336.67     67.985    94.557
1356.11     66.902    88.377
1375.84     65.612    84.264
1395.85     64.334    83.428
1416.15     63.231    87.002
1436.75     62.626    96.995
1457.65     62.697   111.227
1478.85     63.368   119.657
1500.36     64.497   120.959
1522.19     65.757   118.061
1544.33     66.797   112.602
1566.79     67.552   105.760
1589.58     68.058    97.681
1612.70     68.296    89.364
1636.16     68.281    81.117
1659.95     68.043    73.323
1684.10     67.549    65.907
1708.60     66.874    59.762
1733.45     66.099    55.558
1758.66     65.251    53.147
1784.24     64.441    52.932
1810.19     63.897    54.594
1836.52     63.689    56.715
1863.24     63.772    57.832
1890.34     63.993    57.330
1917.83     64.229    55.151
1945.73     64.347    51.958
1974.03     64.311    48.491
2002.74     64.131    45.175
2031.87     63.875    42.740
2061.43     63.628    41.408
2091.41     63.501    40.986
2121.83     63.560    40.870
2152.69     63.816    40.255
2184.01     64.180    38.605
2215.77     64.560    35.762
2248.00     64.885    31.784
2280.70     65.099    26.894
2313.87     65.167    21.792
2347.53     65.105    16.825
2381.68     64.939    12.267
2416.32     64.704     8.310
2451.46     64.424     4.845
2487.12     64.126     1.828
2523.30     63.834    -0.569
2560.00     63.562    -2.312
2597.24     63.344    -3.274
2635.01     63.241    -3.490
2673.34     63.332    -3.381
2712.23     63.662    -3.793
2751.68     64.156    -5.591
2791.70     64.668    -9.006
2832.31     65.087   -13.703
2873.50     65.344   -19.448
2915.30     65.403   -25.728
2957.70     65.286   -31.740
3000.72     65.051   -37.085
3044.37     64.755   -41.868
3088.65     64.456   -46.111
3133.58     64.168   -50.327
3179.16     63.883   -54.695
3225.40     63.596   -58.712
3272.31     63.262   -62.570
3319.91     62.906   -66.213
3368.20     62.639   -69.276
3417.19     62.469   -71.259
3466.89     62.248   -73.667
3517.32     62.078   -77.167
3568.48     61.924   -81.347
3620.39     61.707   -86.005
3673.05     61.370   -90.903
3726.47     60.896   -95.470
3780.67     60.343   -98.958
3835.67     59.841  -101.025
3891.46     59.501  -102.167
3948.06     59.354  -103.333
4005.49     59.322  -105.223
4063.75     59.314  -107.754
4122.86     59.295  -110.625
4182.82     59.249  -113.524
4243.66     59.281  -116.904
4305.39     59.225  -120.797
4368.01     59.156  -124.502
4431.55     59.118  -128.302
4496.01     59.014  -132.546
4561.40     58.693  -136.915
4627.75     58.176  -140.320
4695.06     57.698  -142.058
4763.35     57.397  -142.812
4832.64     57.154  -143.600
4902.93     56.834  -143.358
4974.24     56.529  -140.954
5046.60     56.432  -138.811
5120.00     56.456  -140.285
5194.47     56.324  -145.012
5270.03     55.957  -150.386
5346.68     55.605  -154.709
5424.45     55.567  -158.895
5503.35     55.594  -164.570
5583.40     55.453  -171.615
5664.61     55.094  -177.715
5747.01     54.723   176.755
5830.60     54.205   171.134
5915.41     53.278   168.224
6001.45     52.123   170.262
6088.74     51.234   171.795
6177.30     50.545   169.776
6267.15     49.864   167.104
6358.31     49.173   164.011
6450.80     48.037   161.013
6544.62     46.768   164.350
6639.82     47.114   171.103
6736.40     48.349   167.555
6834.38     48.634   157.314
6933.79     48.288   147.894
7034.64     47.577   141.749
7136.96     47.157   141.354
7240.77     47.296   152.468
7346.09     47.704   175.953
7452.94     48.101  -164.223
7561.35     48.580  -156.235
7671.33     49.461  -153.582
7782.91     50.599  -158.418
7896.12     51.344  -168.509
8010.97     51.486  -176.374
8127.49     51.305  -178.424
8245.71     51.122  -176.189
8365.65     51.048  -177.717
8487.33     50.678   176.290
8610.78     49.881   175.295
8736.03     49.006   175.901
8863.09     48.356   172.111
8992.01     48.526   166.252
9122.80     48.974   160.621
9255.50     49.367   157.808
9390.12     49.647   153.911
9526.70     49.624   149.811
9665.27     49.567   149.157
9805.86     49.988   150.776
9948.49     50.918   144.829
10093.2     51.223   136.317
10240.0     51.226   131.090
10388.9     51.591   128.379
10540.1     52.184   123.512
10693.4     52.258   114.558
10848.9     51.737   106.662
11006.7     51.090   103.133
11166.8     51.148    97.538
11329.2     51.029    90.297
11494.0     51.000    83.177
11661.2     50.459    73.276
11830.8     49.303    64.003
12002.9     48.022    59.595
12177.5     47.722    59.653
12354.6     48.241    59.739
12534.3     48.596    53.502
12716.6     48.703    43.026
12901.6     47.900    33.305
13089.2     46.616    30.370
13279.6     45.734    30.676
13472.8     45.416    29.657
13668.8     45.700    30.203
13867.6     46.041    23.324
14069.3     45.670    13.588
14273.9     44.790     8.071
14481.5     44.144     1.739
14692.2     43.307    -4.901
14905.9     42.449    -8.784
15122.7     42.361   -14.714
15342.7     42.205   -19.693
15565.8     42.816   -20.716
15792.2     43.072   -30.635
16021.9     42.810   -40.643
16255.0     42.830   -50.637
16491.4     42.012   -54.351
16731.3     41.321   -55.193
16974.7     41.627   -54.644
17221.6     42.129   -54.765
17472.1     41.967   -56.514
17726.2     41.746   -66.366
17984.0     41.554   -71.649
18245.6     42.498   -74.310
18511.0     43.540   -90.187
18780.2     44.086  -109.312
19053.4     43.528  -131.697
19330.5     43.364  -150.901
19611.7     43.439  -179.560
19897.0     43.648   143.423
20186.4     44.002   113.849
20480.0     42.840    61.842
20777.9     41.530     8.738
21080.1     39.682   -18.940
21386.7     38.820   -40.528
21697.8     38.561   -28.253
22013.4     36.239    -1.081
22333.6     32.187     3.123
22658.4     35.567   -19.224
22988.0     39.442   -48.604
23322.4     40.734   -69.774
23661.6     41.613   -94.491
24005.8     41.198  -108.030
24355.0     41.538  -125.112
24709.2     41.702  -143.802
25068.6     42.627  -162.308
25433.2     44.275   175.472
25803.2     44.897   143.205
26178.5     43.962   114.235
26559.3     42.066    91.463
26945.6     40.291    71.888
27337.5     38.068    62.356
27735.2     37.252    47.308
28138.6     36.334    28.469
28547.9     34.565     9.052
28963.1     32.968    -9.751
29384.4     31.109   -26.020
29811.8     28.626   -43.076
30245.4     25.210   -42.758
30685.3     23.638   -29.568
31131.7     26.786   -25.473
31584.5     27.542   -43.103
32043.9     28.553   -66.699
32510.0     27.386   -93.216
32982.8     26.318  -109.879
33462.6     27.615  -115.731
33949.3     27.460  -137.607
34443.1     26.795   172.471
34944.1     25.750   146.536
35452.4     23.575   122.997
35968.0     19.426    89.659
36491.2     18.762    62.625
37022.0     19.793    60.650
37560.5     19.124    44.963
38106.8     14.311   -28.228
38661.1     14.012   -47.482
39223.4     17.326   -79.894
39793.9     16.285  -147.090
