Freq[Hz]     dBSPL  Phase[Deg]
5.00000     37.416  -111.860
5.07273     37.556  -115.172
5.14651     37.705  -118.684
5.22137     37.835  -121.713
5.29732     37.983  -124.705
5.37437     38.131  -127.521
5.45254     38.293  -130.218
5.53185     38.450  -132.747
5.61231     38.619  -135.101
5.69394     38.827  -137.397
5.77676     38.996  -139.237
5.86079     39.221  -141.207
5.94604     39.458  -142.959
6.03252     39.708  -144.608
6.12027     39.968  -146.150
6.20929     40.249  -147.703
6.29961     40.549  -149.151
6.39124     40.834  -150.560
6.48420     41.146  -151.988
6.57851     41.469  -153.449
6.67420     41.797  -154.955
6.77128     42.102  -156.319
6.86977     42.455  -157.903
6.96969     42.754  -159.339
7.07107     43.088  -160.955
7.17392     43.418  -162.489
7.27827     43.724  -163.972
7.38413     43.998  -165.368
7.49154     44.305  -166.894
7.60050     44.588  -168.295
7.71105     44.868  -169.748
7.82321     45.163  -171.124
7.93701     45.434  -172.457
8.05245     45.693  -173.728
8.16958     45.958  -174.967
8.28841     46.212  -176.220
8.40896     46.462  -177.368
8.53128     46.715  -178.590
8.65537     46.993  -179.815
8.78126     47.220   179.053
8.90899     47.481   177.896
9.03857     47.713   176.725
9.17004     47.930   175.598
9.30342     48.165   174.454
9.43874     48.347   173.418
9.57603     48.581   172.367
9.71532     48.769   171.373
9.85663     48.957   170.434
10.0000     49.118   169.586
10.1455     49.306   168.796
10.2930     49.502   168.086
10.4427     49.654   167.498
10.5946     49.857   166.939
10.7487     50.017   166.487
10.9051     50.235   166.016
11.0637     50.443   165.579
11.2246     50.642   165.148
11.3879     50.862   164.732
11.5535     51.108   164.219
11.7216     51.322   163.693
11.8921     51.568   163.069
12.0650     51.795   162.430
12.2405     52.022   161.716
12.4186     52.228   160.941
12.5992     52.445   160.112
12.7825     52.648   159.244
12.9684     52.832   158.403
13.1570     53.000   157.495
13.3484     53.173   156.601
13.5426     53.311   155.727
13.7395     53.435   154.895
13.9394     53.544   154.096
14.1421     53.657   153.306
14.3478     53.755   152.559
14.5565     53.820   151.952
14.7683     53.878   151.408
14.9831     53.943   150.932
15.2010     53.991   150.554
15.4221     54.044   150.262
15.6464     54.085   150.081
15.8740     54.148   149.916
16.1049     54.174   149.909
16.3392     54.221   149.872
16.5768     54.246   149.876
16.8179     54.257   149.900
17.0626     54.286   149.828
17.3107     54.271   149.955
17.5625     54.216   150.196
17.8180     54.133   150.598
18.0771     54.026   151.290
18.3401     53.893   152.363
18.6068     53.768   153.762
18.8775     53.646   155.622
19.1521     53.544   158.087
19.4306     53.491   160.751
19.7133     53.497   163.967
20.0000     53.569   167.504
20.2909     53.726   171.216
20.5860     53.952   174.657
20.8855     54.235   177.737
21.1893     54.525  -179.018
21.4975     54.836  -175.662
21.8102     55.184  -172.267
22.1274     55.550  -168.534
22.4492     56.006  -164.675
22.7758     56.516  -160.898
23.1071     57.107  -157.223
23.4432     57.794  -153.476
23.7841     58.579  -149.834
24.1301     59.426  -146.929
24.4811     60.349  -144.447
24.8372     61.332  -142.601
25.1984     62.364  -141.279
25.5649     63.378  -140.845
25.9368     64.423  -141.071
26.3141     65.418  -142.106
26.6968     66.379  -143.866
27.0851     67.218  -146.266
27.4791     67.918  -149.014
27.8788     68.493  -151.734
28.2843     68.960  -153.828
28.6957     69.351  -155.097
29.1131     69.809  -155.379
29.5365     70.383  -155.072
29.9661     71.122  -154.813
30.4020     71.962  -155.206
30.8442     72.883  -156.599
31.2929     73.794  -158.949
31.7480     74.624  -162.026
32.2098     75.458  -166.068
32.6783     76.215  -170.540
33.1536     76.871  -175.016
33.6359     77.449  -179.535
34.1251     77.902   176.342
34.6215     78.281   172.432
35.1250     78.611   168.638
35.6359     78.927   164.655
36.1543     79.213   160.787
36.6802     79.477   156.968
37.2137     79.693   153.198
37.7550     79.858   149.614
38.3041     79.985   146.199
38.8613     80.079   142.929
39.4265     80.151   139.938
40.0000     80.207   137.142
40.5818     80.262   134.612
41.1721     80.320   132.200
41.7710     80.385   129.929
42.3785     80.454   127.751
42.9949     80.526   125.635
43.6203     80.597   123.591
44.2548     80.675   121.621
44.8985     80.748   119.695
45.5515     80.830   117.780
46.2141     80.901   115.892
46.8863     80.979   113.990
47.5683     81.045   112.134
48.2602     81.105   110.330
48.9621     81.161   108.584
49.6743     81.218   106.902
50.3968     81.284   105.233
51.1299     81.343   103.547
51.8736     81.389   101.891
52.6281     81.438   100.276
53.3936     81.485    98.717
54.1702     81.524    97.185
54.9581     81.570    95.687
55.7575     81.608    94.219
56.5685     81.637    92.802
57.3914     81.669    91.443
58.2261     81.709    90.150
59.0730     81.754    88.831
59.9323     81.800    87.531
60.8040     81.839    86.186
61.6884     81.877    84.812
62.5857     81.910    83.485
63.4960     81.933    82.245
64.4196     81.961    81.048
65.3566     81.988    79.886
66.3073     82.023    78.730
67.2717     82.061    77.575
68.2502     82.097    76.433
69.2429     82.144    75.306
70.2501     82.189    74.160
71.2719     82.231    72.987
72.3086     82.278    71.785
73.3603     82.314    70.573
74.4274     82.345    69.351
75.5099     82.372    68.126
76.6083     82.399    66.908
77.7226     82.412    65.720
78.8531     82.428    64.579
80.0000     82.439    63.470
81.1636     82.456    62.401
82.3442     82.474    61.350
83.5419     82.494    60.321
84.7570     82.517    59.275
85.9899     82.539    58.236
87.2406     82.564    57.208
88.5096     82.593    56.186
89.7970     82.627    55.151
91.1031     82.667    54.084
92.4282     82.704    52.935
93.7726     82.741    51.723
95.1366     82.767    50.477
96.5204     82.780    49.174
97.9243     82.775    47.902
99.3486     82.764    46.732
100.794     82.748    45.634
102.260     82.745    44.573
103.747     82.744    43.541
105.256     82.754    42.495
106.787     82.759    41.385
108.340     82.754    40.241
109.916     82.749    39.128
111.515     82.732    38.052
113.137     82.716    37.032
114.783     82.698    36.104
116.452     82.693    35.267
118.146     82.700    34.441
119.865     82.738    33.577
121.608     82.781    32.608
123.377     82.836    31.495
125.171     82.873    30.244
126.992     82.905    28.931
128.839     82.916    27.595
130.713     82.928    26.259
132.615     82.926    24.932
134.543     82.923    23.578
136.500     82.903    22.223
138.486     82.887    20.940
140.500     82.866    19.666
142.544     82.848    18.465
144.617     82.832    17.308
146.721     82.845    16.080
148.855     82.860    14.683
151.020     82.859    13.103
153.217     82.821    11.400
155.445     82.740     9.780
157.706     82.629     8.489
160.000     82.544     7.611
162.327     82.510     6.900
164.688     82.533     5.994
167.084     82.567     4.768
169.514     82.581     3.310
171.980     82.567     1.704
174.481     82.532     0.151
177.019     82.483    -1.285
179.594     82.443    -2.693
182.206     82.401    -4.087
184.856     82.353    -5.497
187.545     82.305    -6.858
190.273     82.254    -8.191
193.041     82.214    -9.511
195.849     82.178   -10.823
198.697     82.149   -12.129
201.587     82.127   -13.481
204.520     82.121   -14.974
207.494     82.106   -16.656
210.512     82.068   -18.393
213.574     82.009   -20.075
216.681     81.925   -21.676
219.833     81.848   -23.056
223.030     81.803   -24.334
226.274     81.799   -25.781
229.565     81.788   -27.462
232.905     81.757   -29.192
236.292     81.730   -31.200
239.729     81.640   -33.297
243.216     81.508   -35.089
246.754     81.404   -36.604
250.343     81.290   -38.061
253.984     81.209   -39.265
257.678     81.177   -40.633
261.426     81.137   -42.108
265.229     81.112   -43.624
269.087     81.102   -45.347
273.001     81.105   -47.142
276.972     81.093   -49.173
281.000     81.056   -51.388
285.088     81.006   -53.751
289.234     80.918   -56.341
293.441     80.760   -58.840
297.709     80.566   -61.062
302.040     80.345   -63.032
306.433     80.179   -64.477
310.890     80.075   -65.805
315.412     79.995   -67.491
320.000     79.896   -69.389
324.655     79.781   -71.353
329.377     79.649   -73.330
334.168     79.507   -75.274
339.028     79.350   -77.236
343.959     79.161   -79.264
348.962     78.911   -81.253
354.038     78.653   -82.359
359.188     78.551   -83.011
364.412     78.535   -84.164
369.713     78.548   -85.915
375.090     78.493   -88.049
380.546     78.371   -90.084
386.081     78.238   -91.801
391.697     78.173   -93.432
397.394     78.092   -95.579
403.175     77.978   -97.693
409.039     77.802   -99.746
414.989     77.571  -101.329
421.025     77.367  -101.949
427.149     77.327  -102.233
433.362     77.396  -103.115
439.665     77.486  -104.403
446.060     77.551  -106.309
452.548     77.578  -108.390
459.131     77.579  -110.569
465.809     77.550  -112.564
472.584     77.542  -114.468
479.458     77.543  -116.706
486.432     77.488  -118.972
493.507     77.464  -121.129
500.686     77.422  -123.391
507.968     77.377  -125.651
515.357     77.358  -127.944
522.853     77.316  -130.473
530.458     77.265  -133.125
538.174     77.202  -135.866
546.002     77.112  -138.678
553.943     77.017  -141.549
562.001     76.883  -144.441
570.175     76.757  -147.345
578.469     76.609  -150.276
586.883     76.447  -153.282
595.419     76.264  -156.286
604.080     76.061  -159.355
612.866     75.837  -162.394
621.780     75.592  -165.476
630.824     75.332  -168.452
640.000     75.043  -171.503
649.309     74.739  -174.471
658.753     74.399  -177.405
668.335     74.031   179.811
678.056     73.641   177.164
687.919     73.225   174.725
697.925     72.806   172.516
708.077     72.358   170.585
718.376     71.911   168.926
728.825     71.463   167.662
739.426     71.037   166.763
750.181     70.640   166.270
761.093     70.300   166.098
772.163     70.022   166.248
783.394     69.830   166.507
794.789     69.731   166.849
806.349     69.710   166.957
818.078     69.762   166.800
829.977     69.878   166.178
842.050     70.040   165.140
854.298     70.217   163.482
866.724     70.401   161.394
879.330     70.563   158.737
892.120     70.703   155.703
905.097     70.794   152.231
918.262     70.855   148.473
931.618     70.836   144.383
945.169     70.758   140.171
958.917     70.596   135.825
972.864     70.359   131.511
987.015     70.007   127.291
1001.37     69.571   123.448
1015.94     69.033   120.040
1030.71     68.425   117.460
1045.71     67.759   115.770
1060.92     67.070   115.356
1076.35     66.390   116.679
1092.00     65.878   119.885
1107.89     65.718   123.989
1124.00     65.926   128.771
1140.35     66.554   132.770
1156.94     67.378   134.482
1173.77     68.266   134.089
1190.84     69.219   131.738
1208.16     70.087   127.842
1225.73     70.842   122.729
1243.56     71.482   116.796
1261.65     71.981   110.179
1280.00     72.380   102.581
1298.62     72.620    94.587
1317.51     72.687    87.090
1336.67     72.622    79.039
1356.11     72.388    70.647
1375.84     71.995    62.591
1395.85     71.490    55.654
1416.15     70.845    49.440
1436.75     70.034    43.917
1457.65     69.077    39.677
1478.85     68.118    37.606
1500.36     67.373    37.714
1522.19     66.937    39.547
1544.33     66.938    41.752
1566.79     67.296    42.904
1589.58     67.846    41.889
1612.70     68.420    38.581
1636.16     68.902    33.403
1659.95     69.242    26.997
1684.10     69.401    19.401
1708.60     69.379    11.486
1733.45     69.183     4.035
1758.66     68.831    -3.517
1784.24     68.299   -10.866
1810.19     67.662   -17.215
1836.52     66.970   -22.391
1863.24     66.313   -26.347
1890.34     65.765   -29.312
1917.83     65.363   -31.920
1945.73     65.097   -34.636
1974.03     64.901   -37.856
2002.74     64.682   -41.905
2031.87     64.395   -46.397
2061.43     64.004   -50.933
2091.41     63.493   -55.215
2121.83     62.926   -58.614
2152.69     62.419   -60.846
2184.01     62.092   -62.081
2215.77     62.024   -62.558
2248.00     62.160   -62.506
2280.70     62.372   -62.654
2313.87     62.555   -63.920
2347.53     62.704   -66.381
2381.68     62.812   -69.531
2416.32     62.890   -72.921
2451.46     62.957   -76.508
2487.12     63.053   -80.444
2523.30     63.191   -84.858
2560.00     63.361   -89.946
2597.24     63.512   -95.713
2635.01     63.592  -102.016
2673.34     63.547  -109.020
2712.23     63.374  -115.839
2751.68     63.109  -122.048
2791.70     62.846  -127.435
2832.31     62.694  -131.565
2873.50     62.371  -134.918
2915.30     62.220  -140.024
2957.70     62.178  -145.293
3000.72     62.096  -151.162
3044.37     61.889  -157.548
3088.65     61.525  -163.776
3133.58     61.016  -169.613
3179.16     60.496  -174.557
3225.40     60.087  -178.169
3272.31     59.797   178.552
3319.91     59.573   174.984
3368.20     59.312   171.160
3417.19     58.926   167.638
3466.89     58.457   165.196
3517.32     57.147   166.605
3568.48     57.192   169.536
3620.39     57.530   170.944
3673.05     58.110   169.436
3726.47     58.634   164.836
3780.67     58.925   158.667
3835.67     59.020   152.376
3891.46     59.049   146.503
3948.06     59.170   140.797
4005.49     59.365   134.715
4063.75     59.571   127.846
4122.86     59.697   120.614
4182.82     59.693   113.180
4243.66     59.408   106.391
4305.39     59.145   100.999
4368.01     58.794    96.780
4431.55     58.523    93.696
4496.01     58.390    90.845
4561.40     58.351    86.884
4627.75     58.268    81.520
4695.06     58.048    75.943
4763.35     57.775    71.253
4832.64     57.551    67.139
4902.93     57.389    62.689
4974.24     57.221    57.756
5046.60     57.066    52.869
5120.00     57.079    47.927
5194.47     57.237    42.158
5270.03     57.330    35.818
5346.68     57.356    28.526
5424.45     57.361    21.715
5503.35     57.271    15.713
5583.40     57.181     9.964
5664.61     57.191     4.722
5747.01     57.270    -1.822
5830.60     57.267    -9.984
5915.41     56.972   -19.406
6001.45     56.394   -29.266
6088.74     55.460   -37.674
6177.30     54.434   -41.925
6267.15     53.828   -43.651
6358.31     53.817   -47.678
6450.80     53.924   -53.560
6544.62     53.885   -60.302
6639.82     53.910   -68.881
6736.40     53.737   -78.802
6834.38     53.314   -86.902
6933.79     53.207   -92.508
7034.64     53.386  -100.254
7136.96     53.109  -109.447
7240.77     52.494  -116.582
7346.09     51.945  -124.348
7452.94     51.133  -134.768
7561.35     49.847  -142.969
7671.33     48.836  -146.408
7782.91     48.362  -147.994
7896.12     48.480  -149.731
8010.97     48.968  -154.992
8127.49     49.486  -161.509
8245.71     50.314  -168.435
8365.65     50.981  -179.127
8487.33     51.134   169.209
8610.78     50.972   158.193
8736.03     50.598   147.466
8863.09     49.999   136.681
8992.01     49.030   129.506
9122.80     48.337   126.651
9255.50     48.113   123.880
9390.12     48.380   123.654
9526.70     48.991   119.385
9665.27     49.225   109.979
9805.86     49.543    98.422
9948.49     49.764    82.140
10093.2     49.576    64.230
10240.0     49.088    49.044
10388.9     48.756    38.105
10540.1     48.446    27.639
10693.4     48.023    21.448
10848.9     47.712    17.121
11006.7     47.869    10.416
11166.8     48.502    -0.356
11329.2     48.919   -12.028
11494.0     48.959   -27.241
11661.2     48.652   -43.075
11830.8     47.426   -57.188
12002.9     45.427   -70.766
12177.5     44.291   -76.030
12354.6     44.664   -76.604
12534.3     45.521   -84.054
12716.6     46.041  -102.469
12901.6     45.703  -124.798
13089.2     44.498  -143.464
13279.6     43.278  -157.047
13472.8     41.318  -171.898
13668.8     40.409  -175.290
13867.6     40.742   178.345
14069.3     40.754   153.376
14273.9     39.642   129.298
14481.5     38.394   110.906
14692.2     35.793    88.215
14905.9     32.116    65.949
15122.7     31.049    46.070
15342.7     31.560    52.464
15565.8     32.268    26.926
15792.2     31.508    -0.800
16021.9     31.972   -55.520
16255.0     32.129  -139.035
16491.4     32.353  -149.088
16731.3     33.808   154.173
16974.7     34.955  -172.778
17221.6     35.854   152.148
17472.1     35.968   134.167
17726.2     35.033    91.022
17984.0     35.008    67.289
18245.6     36.288    77.950
18511.0     36.984    48.721
18780.2     37.568     1.099
19053.4     36.663   -23.194
19330.5     36.917   -32.525
19611.7     36.974   -50.034
19897.0     37.432   -52.230
20186.4     36.763   -72.074
20480.0     35.571  -130.198
20777.9     34.494  -179.416
21080.1     33.612    90.772
21386.7     32.856    -2.686
21697.8     33.734   -54.466
22013.4     33.132   -82.590
22333.6     32.916  -107.760
22658.4     33.373  -125.413
22988.0     35.149  -159.886
23322.4     36.667   159.921
23661.6     36.808   151.024
24005.8     36.422   114.099
24355.0     36.565    87.729
24709.2     37.544    56.469
25068.6     38.132    18.542
25433.2     39.423   -21.150
25803.2     38.528   -65.726
26178.5     36.485  -105.640
26559.3     33.657  -144.582
26945.6     31.594  -172.809
27337.5     29.683   168.795
27735.2     30.317   145.696
28138.6     29.628   115.381
28547.9     28.033    78.319
28963.1     26.023    37.923
29384.4     25.034    14.441
29811.8     23.336    -1.939
30245.4     25.502   -14.438
30685.3     26.088   -41.676
31131.7     26.306   -69.921
31584.5     25.070  -116.039
32043.9     25.491  -152.502
32510.0     23.403   163.356
32982.8     22.113   124.969
33462.6     22.548   100.856
33949.3     22.182    65.066
34443.1     22.237     1.380
34944.1     19.806   -46.005
35452.4     16.764  -136.942
35968.0     13.923  -169.114
36491.2     10.518  -163.899
37022.0      9.258   167.774
37560.5     10.325    84.818
38106.8     10.904     7.950
38661.1     10.907    42.031
39223.4     12.314   -56.161
39793.9     10.275   -91.499
