Freq[Hz]     dBSPL  Phase[Deg]
5.00000     37.610  -111.628
5.07273     37.750  -114.936
5.14651     37.899  -118.444
5.22137     38.029  -121.470
5.29732     38.177  -124.458
5.37437     38.325  -127.271
5.45254     38.486  -129.964
5.53185     38.644  -132.490
5.61231     38.812  -134.840
5.69394     39.021  -137.132
5.77676     39.190  -138.968
5.86079     39.414  -140.934
5.94604     39.652  -142.683
6.03252     39.902  -144.327
6.12027     40.162  -145.865
6.20929     40.443  -147.414
6.29961     40.742  -148.858
6.39124     41.027  -150.263
6.48420     41.340  -151.687
6.57851     41.663  -153.142
6.67420     41.991  -154.644
6.77128     42.295  -156.004
6.86977     42.649  -157.583
6.96969     42.948  -159.014
7.07107     43.281  -160.626
7.17392     43.611  -162.156
7.27827     43.917  -163.634
7.38413     44.191  -165.024
7.49154     44.498  -166.545
7.60050     44.782  -167.942
7.71105     45.062  -169.389
7.82321     45.356  -170.760
7.93701     45.628  -172.087
8.05245     45.887  -173.353
8.16958     46.152  -174.587
8.28841     46.405  -175.834
8.40896     46.656  -176.976
8.53128     46.909  -178.193
8.65537     47.187  -179.413
8.78126     47.413   179.462
8.90899     47.674   178.311
9.03857     47.906   177.145
9.17004     48.123   176.025
9.30342     48.359   174.887
9.43874     48.541   173.857
9.57603     48.775   172.812
9.71532     48.962   171.825
9.85663     49.151   170.893
10.0000     49.312   170.052
10.1455     49.500   169.268
10.2930     49.696   168.565
10.4427     49.848   167.984
10.5946     50.051   167.432
10.7487     50.210   166.987
10.9051     50.428   166.523
11.0637     50.637   166.093
11.2246     50.836   165.670
11.3879     51.055   165.262
11.5535     51.302   164.756
11.7216     51.515   164.238
11.8921     51.762   163.622
12.0650     51.989   162.992
12.2405     52.215   162.285
12.4186     52.421   161.519
12.5992     52.639   160.699
12.7825     52.842   159.839
12.9684     53.025   159.007
13.1570     53.194   158.107
13.3484     53.366   157.223
13.5426     53.505   156.357
13.7395     53.629   155.535
13.9394     53.737   154.745
14.1421     53.851   153.964
14.3478     53.949   153.227
14.5565     54.013   152.630
14.7683     54.072   152.095
14.9831     54.136   151.629
15.2010     54.184   151.262
15.4221     54.238   150.979
15.6464     54.278   150.810
15.8740     54.342   150.655
16.1049     54.368   150.659
16.3392     54.415   150.632
16.5768     54.439   150.648
16.8179     54.450   150.683
17.0626     54.480   150.622
17.3107     54.465   150.761
17.5625     54.410   151.013
17.8180     54.327   151.428
18.0771     54.220   152.131
18.3401     54.087   153.217
18.6068     53.962   154.628
18.8775     53.840   156.500
19.1521     53.737   158.978
19.4306     53.685   161.655
19.7133     53.691   164.885
20.0000     53.763   168.435
20.2909     53.920   172.161
20.5860     54.145   175.615
20.8855     54.429   178.709
21.1893     54.718  -178.032
21.4975     55.030  -174.662
21.8102     55.378  -171.252
22.1274     55.744  -167.504
22.4492     56.200  -163.630
22.7758     56.710  -159.838
23.1071     57.301  -156.148
23.4432     57.988  -152.385
23.7841     58.773  -148.727
24.1301     59.619  -145.806
24.4811     60.543  -143.308
24.8372     61.526  -141.446
25.1984     62.558  -140.106
25.5649     63.571  -139.656
25.9368     64.617  -139.864
26.3141     65.611  -140.881
26.6968     66.572  -142.623
27.0851     67.412  -145.005
27.4791     68.111  -147.735
27.8788     68.687  -150.437
28.2843     69.154  -152.512
28.6957     69.545  -153.761
29.1131     70.003  -154.024
29.5365     70.577  -153.698
29.9661     71.316  -153.418
30.4020     72.156  -153.791
30.8442     73.077  -155.163
31.2929     73.988  -157.492
31.7480     74.817  -160.548
32.2098     75.652  -164.569
32.6783     76.409  -169.019
33.1536     77.065  -173.473
33.6359     77.642  -177.970
34.1251     78.095   177.930
34.6215     78.475   174.043
35.1250     78.805   170.273
35.6359     79.121   166.314
36.1543     79.407   162.470
36.6802     79.670   158.674
37.2137     79.888   154.926
37.7550     80.054   151.364
38.3041     80.181   147.970
38.8613     80.277   144.719
39.4265     80.352   141.748
40.0000     80.410   138.971
40.5818     80.468   136.460
41.1721     80.529   134.067
41.7710     80.598   131.814
42.3785     80.670   129.657
42.9949     80.746   127.561
43.6203     80.823   125.536
44.2548     80.905   123.587
44.8985     80.984   121.683
45.5515     81.073   119.790
46.2141     81.149   117.926
46.8863     81.234   116.048
47.5683     81.307   114.217
48.2602     81.375   112.441
48.9621     81.438   110.723
49.6743     81.503   109.070
50.3968     81.577   107.433
51.1299     81.646   105.781
51.8736     81.701   104.160
52.6281     81.759   102.582
53.3936     81.817   101.063
54.1702     81.867    99.572
54.9581     81.923    98.117
55.7575     81.972    96.696
56.5685     82.012    95.328
57.3914     82.056    94.020
58.2261     82.108    92.780
59.0730     82.166    91.519
59.9323     82.224    90.279
60.8040     82.276    88.996
61.6884     82.328    87.689
62.5857     82.375    86.431
63.4960     82.412    85.264
64.4196     82.454    84.144
65.3566     82.496    83.061
66.3073     82.545    81.989
67.2717     82.599    80.921
68.2502     82.651    79.872
69.2429     82.714    78.840
70.2501     82.776    77.794
71.2719     82.834    76.725
72.3086     82.898    75.632
73.3603     82.951    74.533
74.4274     83.000    73.429
75.5099     83.044    72.327
76.6083     83.089    71.237
77.7226     83.120    70.181
78.8531     83.154    69.180
80.0000     83.184    68.213
81.1636     83.220    67.294
82.3442     83.258    66.398
83.5419     83.296    65.530
84.7570     83.339    64.651
85.9899     83.381    63.784
87.2406     83.426    62.936
88.5096     83.475    62.099
89.7970     83.529    61.256
91.1031     83.589    60.388
92.4282     83.649    59.446
93.7726     83.707    58.446
95.1366     83.753    57.421
96.5204     83.788    56.345
97.9243     83.805    55.309
99.3486     83.816    54.383
100.794     83.821    53.536
102.260     83.840    52.735
103.747     83.861    51.972
105.256     83.894    51.201
106.787     83.921    50.378
108.340     83.939    49.527
109.916     83.956    48.721
111.515     83.964    47.958
113.137     83.969    47.261
114.783     83.975    46.667
116.452     83.993    46.175
118.146     84.024    45.702
119.865     84.086    45.204
121.608     84.152    44.611
123.377     84.231    43.886
125.171     84.292    43.034
126.992     84.348    42.134
128.839     84.384    41.221
130.713     84.420    40.322
132.615     84.442    39.444
134.543     84.464    38.551
136.500     84.468    37.672
138.486     84.477    36.879
140.500     84.481    36.109
142.544     84.489    35.426
144.617     84.497    34.802
146.721     84.536    34.121
148.855     84.577    33.289
151.020     84.602    32.288
153.217     84.590    31.181
155.445     84.535    30.174
157.706     84.450    29.514
160.000     84.392    29.283
162.327     84.385    29.238
164.688     84.436    29.015
167.084     84.496    28.490
169.514     84.538    27.754
171.980     84.554    26.890
174.481     84.547    26.098
177.019     84.527    25.444
179.594     84.516    24.838
182.206     84.505    24.267
184.856     84.487    23.701
187.545     84.470    23.207
190.273     84.452    22.765
193.041     84.445    22.356
195.849     84.444    21.980
198.697     84.449    21.635
201.587     84.464    21.265
204.520     84.494    20.778
207.494     84.518    20.128
210.512     84.520    19.447
213.574     84.502    18.846
216.681     84.461    18.349
219.833     84.428    18.101
223.030     84.430    17.978
226.274     84.474    17.712
229.565     84.514    17.238
232.905     84.536    16.738
236.292     84.564    15.985
239.729     84.532    15.168
243.216     84.462    14.678
246.754     84.422    14.490
250.343     84.375    14.382
253.984     84.365    14.546
257.678     84.407    14.567
261.426     84.448    14.502
265.229     84.504    14.412
269.087     84.581    14.133
273.001     84.675    13.795
276.972     84.759    13.233
281.000     84.824    12.501
285.088     84.879    11.624
289.234     84.903    10.529
293.441     84.860     9.527
297.709     84.788     8.801
302.040     84.695     8.323
306.433     84.662     8.364
310.890     84.695     8.514
315.412     84.758     8.291
320.000     84.807     7.838
324.655     84.844     7.299
329.377     84.868     6.721
334.168     84.887     6.151
339.028     84.895     5.535
343.959     84.873     4.829
348.962     84.794     4.134
354.038     84.710     4.285
359.188     84.781     4.851
364.412     84.937     4.869
369.713     85.122     4.244
375.090     85.234     3.190
380.546     85.276     2.185
386.081     85.300     1.447
391.697     85.386     0.750
397.394     85.447    -0.507
403.175     85.466    -1.772
409.039     85.411    -3.009
414.989     85.290    -3.804
421.025     85.182    -3.658
427.149     85.226    -3.186
433.362     85.365    -3.308
439.665     85.512    -3.819
446.060     85.621    -4.917
452.548     85.681    -6.149
459.131     85.702    -7.431
465.809     85.685    -8.465
472.584     85.679    -9.328
479.458     85.674   -10.435
486.432     85.611   -11.466
493.507     85.574   -12.269
500.686     85.518   -13.065
507.968     85.462   -13.731
515.357     85.433   -14.310
522.853     85.387   -14.997
530.458     85.339   -15.688
538.174     85.288   -16.345
546.002     85.221   -16.959
553.943     85.162   -17.523
562.001     85.080   -18.009
570.175     85.024   -18.411
578.469     84.963   -18.766
586.883     84.909   -19.128
595.419     84.856   -19.439
604.080     84.808   -19.781
612.866     84.759   -20.078
621.780     84.718   -20.420
630.824     84.686   -20.679
640.000     84.650   -21.065
649.309     84.625   -21.433
658.753     84.591   -21.881
668.335     84.551   -22.302
678.056     84.513   -22.771
687.919     84.468   -23.222
697.925     84.437   -23.706
708.077     84.386   -24.187
718.376     84.336   -24.743
728.825     84.276   -25.245
739.426     84.214   -25.776
750.181     84.144   -26.254
761.093     84.071   -26.754
772.163     83.990   -27.163
783.394     83.909   -27.593
794.789     83.833   -27.892
806.349     83.746   -28.234
818.078     83.658   -28.482
829.977     83.573   -28.729
842.050     83.500   -28.848
854.298     83.424   -29.027
866.724     83.361   -29.084
879.330     83.295   -29.205
892.120     83.245   -29.251
905.097     83.193   -29.364
918.262     83.169   -29.453
931.618     83.128   -29.659
945.169     83.099   -29.836
958.917     83.060   -30.093
972.864     83.028   -30.345
987.015     82.965   -30.646
1001.37     82.909   -30.833
1015.94     82.840   -31.028
1030.71     82.791   -31.035
1045.71     82.757   -31.104
1060.92     82.741   -31.175
1076.35     82.703   -31.297
1092.00     82.681   -31.292
1107.89     82.685   -31.291
1124.00     82.699   -31.361
1140.35     82.730   -31.560
1156.94     82.772   -31.759
1173.77     82.789   -32.023
1190.84     82.827   -32.391
1208.16     82.872   -32.775
1225.73     82.927   -33.293
1243.56     83.000   -33.895
1261.65     83.064   -34.711
1280.00     83.142   -35.739
1298.62     83.195   -37.014
1317.51     83.206   -38.237
1336.67     83.211   -39.625
1356.11     83.196   -41.127
1375.84     83.164   -42.695
1395.85     83.112   -44.086
1416.15     83.031   -45.505
1436.75     82.944   -46.966
1457.65     82.859   -48.549
1478.85     82.756   -50.076
1500.36     82.640   -51.532
1522.19     82.527   -53.064
1544.33     82.401   -54.679
1566.79     82.263   -56.279
1589.58     82.100   -58.140
1612.70     81.926   -60.010
1636.16     81.726   -61.983
1659.95     81.497   -63.958
1684.10     81.212   -66.144
1708.60     80.898   -68.237
1733.45     80.523   -70.145
1758.66     80.133   -72.034
1784.24     79.684   -73.961
1810.19     79.203   -75.680
1836.52     78.670   -77.282
1863.24     78.109   -78.653
1890.34     77.495   -79.903
1917.83     76.861   -81.086
1945.73     76.146   -82.265
1974.03     75.325   -83.178
2002.74     74.379   -83.924
2031.87     73.303   -83.898
2061.43     72.071   -82.766
2091.41     70.705   -79.777
2121.83     69.279   -74.384
2152.69     68.021   -65.939
2184.01     67.124   -55.112
2215.77     66.749   -43.572
2248.00     66.771   -32.651
2280.70     67.060   -23.209
2313.87     67.494   -14.261
2347.53     68.139    -6.200
2381.68     68.961     0.687
2416.32     69.910     6.034
2451.46     70.871     9.840
2487.12     71.760    12.080
2523.30     72.549    13.568
2560.00     73.232    14.615
2597.24     73.857    15.772
2635.01     74.470    17.000
2673.34     75.109    18.397
2712.23     75.831    19.433
2751.68     76.617    19.749
2791.70     77.397    19.128
2832.31     78.115    17.651
2873.50     78.736    15.630
2915.30     79.238    13.401
2957.70     79.658    11.305
3000.72     80.052     9.554
3044.37     80.463     7.958
3088.65     80.906     6.148
3133.58     81.358     3.889
3179.16     81.773     1.082
3225.40     82.117    -1.942
3272.31     82.389    -5.025
3319.91     82.613    -8.050
3368.20     82.827   -10.999
3417.19     83.039   -14.059
3466.89     83.218   -17.410
3517.32     83.311   -21.159
3568.48     83.307   -24.805
3620.39     83.229   -28.014
3673.05     83.121   -30.743
3726.47     83.023   -33.158
3780.67     82.932   -35.538
3835.67     82.821   -37.816
3891.46     82.662   -39.817
3948.06     82.492   -41.306
4005.49     82.383   -42.406
4063.75     82.348   -43.622
4122.86     82.299   -45.167
4182.82     82.159   -46.510
4243.66     81.989   -46.737
4305.39     81.996   -45.832
4368.01     82.301   -45.195
4431.55     82.766   -46.136
4496.01     83.208   -48.697
4561.40     83.487   -52.213
4627.75     83.623   -55.661
4695.06     83.711   -58.751
4763.35     83.814   -61.784
4832.64     83.901   -65.058
4902.93     83.942   -68.433
4974.24     83.961   -71.728
5046.60     83.976   -75.069
5120.00     83.976   -78.635
5194.47     83.890   -82.338
5270.03     83.703   -85.657
5346.68     83.492   -88.050
5424.45     83.401   -89.602
5503.35     83.479   -91.178
5583.40     83.657   -93.555
5664.61     83.831   -96.837
5747.01     83.934  -100.702
5830.60     83.953  -104.710
5915.41     83.927  -108.558
6001.45     83.892  -112.185
6088.74     83.878  -115.729
6177.30     83.910  -119.517
6267.15     83.913  -123.925
6358.31     83.770  -128.633
6450.80     83.507  -132.507
6544.62     83.309  -135.231
6639.82     83.271  -137.832
6736.40     83.282  -141.148
6834.38     83.251  -144.784
6933.79     83.199  -148.223
7034.64     83.148  -151.556
7136.96     83.129  -154.698
7240.77     83.186  -157.869
7346.09     83.258  -161.644
7452.94     83.275  -165.367
7561.35     83.393  -168.608
7671.33     83.646  -173.057
7782.91     83.749  -178.926
7896.12     83.636   175.470
8010.97     83.418   170.501
8127.49     83.159   166.856
8245.71     83.157   164.445
8365.65     83.373   160.343
8487.33     83.409   155.006
8610.78     83.339   150.259
8736.03     83.248   145.787
8863.09     83.205   141.819
8992.01     83.285   137.348
9122.80     83.266   132.110
9255.50     83.173   127.226
9390.12     83.079   122.371
9526.70     82.876   117.551
9665.27     82.651   114.033
9805.86     82.666   111.088
9948.49     82.818   107.057
10093.2     82.902   101.773
10240.0     82.720    97.308
10388.9     82.918    94.322
10540.1     83.201    87.740
10693.4     83.046    81.062
10848.9     82.746    75.689
11006.7     82.626    72.683
11166.8     82.759    67.260
11329.2     82.521    62.786
11494.0     82.580    59.427
11661.2     82.810    55.218
11830.8     83.012    48.817
12002.9     82.978    43.336
12177.5     83.075    37.459
12354.6     83.027    31.649
12534.3     83.025    26.341
12716.6     83.102    20.897
12901.6     83.095    14.811
13089.2     83.161    10.039
13279.6     83.461     3.381
13472.8     83.417    -4.195
13668.8     83.281   -10.225
13867.6     83.424   -15.666
14069.3     83.443   -22.995
14273.9     83.489   -28.956
14481.5     83.610   -35.479
14692.2     83.730   -43.451
14905.9     83.698   -50.564
15122.7     83.619   -57.276
15342.7     83.857   -64.647
15565.8     83.826   -72.744
15792.2     83.698   -79.563
16021.9     83.982   -87.120
16255.0     84.002   -95.811
16491.4     83.952  -103.511
16731.3     84.060  -112.053
16974.7     84.053  -120.912
17221.6     83.974  -128.852
17472.1     84.069  -137.125
17726.2     84.170  -146.420
17984.0     84.101  -155.718
18245.6     84.063  -164.533
18511.0     84.157  -173.579
18780.2     84.195   176.665
19053.4     84.219   167.609
19330.5     84.390   156.721
19611.7     84.233   145.954
19897.0     84.415   135.796
20186.4     84.441   123.009
20480.0     84.294   110.736
20777.9     83.963    97.368
21080.1     83.269    86.276
21386.7     82.889    77.339
21697.8     82.692    67.819
22013.4     82.601    58.360
22333.6     82.593    47.169
22658.4     82.318    37.562
22988.0     82.445    28.145
23322.4     82.759    18.837
23661.6     83.283     6.353
24005.8     83.749    -3.930
24355.0     84.923   -18.585
24709.2     85.860   -35.021
25068.6     87.217   -55.013
25433.2     88.467   -82.580
25803.2     88.667  -117.153
26178.5     87.245  -151.832
26559.3     84.839  -179.309
26945.6     82.428   157.148
27337.5     79.758   139.663
27735.2     77.580   123.753
28138.6     75.610   111.576
28547.9     74.104    97.294
28963.1     72.204    84.009
29384.4     70.340    77.405
29811.8     69.636    78.544
30245.4     70.981    72.020
30685.3     72.715    53.482
31131.7     73.851    26.959
31584.5     74.081    -2.605
32043.9     73.327   -31.134
32510.0     71.925   -56.992
32982.8     70.182   -75.103
33462.6     71.039   -82.658
33949.3     71.865  -114.406
34443.1     71.640  -144.391
34944.1     69.860  -173.862
35452.4     68.247   166.443
35968.0     67.239   147.525
36491.2     66.251   133.707
37022.0     66.672   113.012
37560.5     65.354    91.976
38106.8     64.792    68.653
38661.1     62.902    57.445
39223.4     63.850    47.501
39793.9     63.438    23.881
