Freq[Hz]     dBSPL  Phase[Deg]
5.00000     37.480  -111.783
5.07273     37.620  -115.093
5.14651     37.769  -118.604
5.22137     37.899  -121.631
5.29732     38.047  -124.622
5.37437     38.196  -127.437
5.45254     38.357  -130.133
5.53185     38.514  -132.661
5.61231     38.683  -135.014
5.69394     38.891  -137.308
5.77676     39.060  -139.147
5.86079     39.285  -141.116
5.94604     39.523  -142.867
6.03252     39.773  -144.514
6.12027     40.033  -146.055
6.20929     40.314  -147.606
6.29961     40.613  -149.053
6.39124     40.898  -150.461
6.48420     41.210  -151.888
6.57851     41.534  -153.346
6.67420     41.861  -154.851
6.77128     42.166  -156.213
6.86977     42.519  -157.796
6.96969     42.818  -159.230
7.07107     43.152  -160.845
7.17392     43.482  -162.378
7.27827     43.788  -163.859
7.38413     44.062  -165.253
7.49154     44.369  -166.777
7.60050     44.652  -168.177
7.71105     44.932  -169.628
7.82321     45.227  -171.003
7.93701     45.498  -172.333
8.05245     45.758  -173.603
8.16958     46.022  -174.840
8.28841     46.276  -176.091
8.40896     46.527  -177.237
8.53128     46.779  -178.458
8.65537     47.057  -179.681
8.78126     47.284   179.189
8.90899     47.545   178.035
9.03857     47.777   176.865
9.17004     47.994   175.741
9.30342     48.229   174.599
9.43874     48.411   173.565
9.57603     48.646   172.516
9.71532     48.833   171.524
9.85663     49.021   170.587
10.0000     49.183   169.742
10.1455     49.370   168.954
10.2930     49.567   168.246
10.4427     49.718   167.661
10.5946     49.922   167.104
10.7487     50.081   166.654
10.9051     50.299   166.185
11.0637     50.507   165.751
11.2246     50.707   165.323
11.3879     50.926   164.909
11.5535     51.172   164.398
11.7216     51.386   163.875
11.8921     51.632   163.254
12.0650     51.859   162.618
12.2405     52.086   161.906
12.4186     52.292   161.135
12.5992     52.509   160.308
12.7825     52.712   159.443
12.9684     52.896   158.605
13.1570     53.064   157.699
13.3484     53.237   156.809
13.5426     53.375   155.937
13.7395     53.500   155.109
13.9394     53.608   154.313
14.1421     53.722   153.526
14.3478     53.819   152.782
14.5565     53.884   152.179
14.7683     53.943   151.637
14.9831     54.007   151.165
15.2010     54.055   150.791
15.4221     54.108   150.501
15.6464     54.149   150.325
15.8740     54.212   150.163
16.1049     54.239   150.160
16.3392     54.286   150.126
16.5768     54.310   150.134
16.8179     54.321   150.162
17.0626     54.351   150.094
17.3107     54.336   150.224
17.5625     54.280   150.469
17.8180     54.197   150.876
18.0771     54.090   151.571
18.3401     53.957   152.649
18.6068     53.833   154.051
18.8775     53.711   155.915
19.1521     53.608   158.385
19.4306     53.556   161.053
19.7133     53.562   164.274
20.0000     53.633   167.815
20.2909     53.790   171.532
20.5860     54.016   174.977
20.8855     54.300   178.062
21.1893     54.589  -178.688
21.4975     54.900  -175.328
21.8102     55.249  -171.928
22.1274     55.614  -168.190
22.4492     56.071  -164.326
22.7758     56.581  -160.544
23.1071     57.171  -156.864
23.4432     57.858  -153.111
23.7841     58.643  -149.464
24.1301     59.490  -146.554
24.4811     60.414  -144.066
24.8372     61.396  -142.215
25.1984     62.428  -140.887
25.5649     63.442  -140.448
25.9368     64.487  -140.668
26.3141     65.482  -141.697
26.6968     66.443  -143.451
27.0851     67.283  -145.844
27.4791     67.982  -148.586
27.8788     68.557  -151.301
28.2843     69.025  -153.388
28.6957     69.416  -154.650
29.1131     69.874  -154.926
29.5365     70.447  -154.613
29.9661     71.186  -154.347
30.4020     72.027  -154.733
30.8442     72.947  -156.119
31.2929     73.859  -158.462
31.7480     74.688  -161.532
32.2098     75.522  -165.566
32.6783     76.279  -170.031
33.1536     76.936  -174.500
33.6359     77.513  -179.012
34.1251     77.966   176.873
34.6215     78.345   172.970
35.1250     78.675   169.184
35.6359     78.992   165.210
36.1543     79.277   161.349
36.6802     79.541   157.538
37.2137     79.757   153.777
37.7550     79.922   150.201
38.3041     80.049   146.794
38.8613     80.143   143.533
39.4265     80.215   140.550
40.0000     80.271   137.763
40.5818     80.326   135.241
41.1721     80.384   132.839
41.7710     80.449   130.575
42.3785     80.517   128.407
42.9949     80.590   126.300
43.6203     80.661   124.265
44.2548     80.739   122.305
44.8985     80.811   120.387
45.5515     80.894   118.482
46.2141     80.965   116.604
46.8863     81.043   114.710
47.5683     81.108   112.865
48.2602     81.169   111.071
48.9621     81.225   109.335
49.6743     81.281   107.663
50.3968     81.347   106.005
51.1299     81.406   104.329
51.8736     81.452   102.684
52.6281     81.501   101.080
53.3936     81.548    99.532
54.1702     81.588    98.011
54.9581     81.633    96.524
55.7575     81.671    95.068
56.5685     81.700    93.663
57.3914     81.732    92.316
58.2261     81.771    91.034
59.0730     81.817    89.728
59.9323     81.862    88.440
60.8040     81.902    87.108
61.6884     81.939    85.747
62.5857     81.973    84.433
63.4960     81.995    83.206
64.4196     82.023    82.023
65.3566     82.050    80.873
66.3073     82.085    79.731
67.2717     82.123    78.591
68.2502     82.159    77.463
69.2429     82.206    76.351
70.2501     82.251    75.220
71.2719     82.294    74.061
72.3086     82.340    72.875
73.3603     82.376    71.678
74.4274     82.408    70.471
75.5099     82.434    69.263
76.6083     82.461    68.061
77.7226     82.474    66.889
78.8531     82.490    65.765
80.0000     82.501    64.672
81.1636     82.518    63.621
82.3442     82.536    62.588
83.5419     82.556    61.576
84.7570     82.578    60.549
85.9899     82.600    59.527
87.2406     82.626    58.518
88.5096     82.654    57.515
89.7970     82.688    56.498
91.1031     82.728    55.451
92.4282     82.765    54.322
93.7726     82.803    53.130
95.1366     82.829    51.904
96.5204     82.841    50.621
97.9243     82.837    49.370
99.3486     82.826    48.222
100.794     82.809    47.145
102.260     82.807    46.106
103.747     82.806    45.096
105.256     82.815    44.072
106.787     82.821    42.984
108.340     82.815    41.864
109.916     82.810    40.774
111.515     82.794    39.721
113.137     82.777    38.726
114.783     82.759    37.822
116.452     82.755    37.010
118.146     82.762    36.208
119.865     82.800    35.371
121.608     82.843    34.427
123.377     82.898    33.340
125.171     82.934    32.115
126.992     82.967    30.830
128.839     82.978    29.521
130.713     82.990    28.212
132.615     82.988    26.913
134.543     82.985    25.587
136.500     82.965    24.261
138.486     82.949    23.007
140.500     82.929    21.762
142.544     82.911    20.590
144.617     82.895    19.464
146.721     82.907    18.266
148.855     82.923    16.900
151.020     82.922    15.351
153.217     82.884    13.680
155.445     82.803    12.092
157.706     82.693    10.833
160.000     82.607     9.988
162.327     82.574     9.311
164.688     82.597     8.438
167.084     82.631     7.245
169.514     82.645     5.821
171.980     82.632     4.251
174.481     82.597     2.733
177.019     82.548     1.332
179.594     82.509    -0.040
182.206     82.466    -1.398
184.856     82.419    -2.772
187.545     82.372    -4.095
190.273     82.321    -5.391
193.041     82.282    -6.674
195.849     82.246    -7.948
198.697     82.217    -9.215
201.587     82.196   -10.528
204.520     82.190   -11.982
207.494     82.176   -13.624
210.512     82.138   -15.321
213.574     82.080   -16.963
216.681     81.996   -18.524
219.833     81.919   -19.862
223.030     81.876   -21.099
226.274     81.872   -22.505
229.565     81.863   -24.144
232.905     81.832   -25.832
236.292     81.805   -27.797
239.729     81.717   -29.852
243.216     81.585   -31.599
246.754     81.482   -33.072
250.343     81.369   -34.484
253.984     81.289   -35.644
257.678     81.258   -36.967
261.426     81.220   -38.397
265.229     81.195   -39.869
269.087     81.187   -41.546
273.001     81.191   -43.295
276.972     81.180   -45.279
281.000     81.144   -47.448
285.088     81.095   -49.764
289.234     81.009   -52.307
293.441     80.852   -54.758
297.709     80.660   -56.932
302.040     80.440   -58.854
306.433     80.275   -60.250
310.890     80.173   -61.529
315.412     80.094   -63.164
320.000     79.996   -65.012
324.655     79.883   -66.925
329.377     79.752   -68.850
334.168     79.611   -70.741
339.028     79.456   -72.650
343.959     79.268   -74.624
348.962     79.020   -76.558
354.038     78.763   -77.608
359.188     78.663   -78.202
364.412     78.647   -79.296
369.713     78.661   -80.985
375.090     78.606   -83.056
380.546     78.486   -85.026
386.081     78.353   -86.676
391.697     78.289   -88.238
397.394     78.210   -90.313
403.175     78.096   -92.351
409.039     77.922   -94.326
414.989     77.692   -95.828
421.025     77.488   -96.365
427.149     77.450   -96.562
433.362     77.521   -97.353
439.665     77.613   -98.548
446.060     77.680  -100.356
452.548     77.711  -102.337
459.131     77.715  -104.414
465.809     77.690  -106.305
472.584     77.687  -108.101
479.458     77.692  -110.231
486.432     77.643  -112.386
493.507     77.626  -114.432
500.686     77.591  -116.582
507.968     77.553  -118.730
515.357     77.543  -120.910
522.853     77.510  -123.325
530.458     77.469  -125.865
538.174     77.417  -128.493
546.002     77.338  -131.194
553.943     77.254  -133.953
562.001     77.133  -136.738
570.175     77.021  -139.534
578.469     76.887  -142.361
586.883     76.740  -145.264
595.419     76.572  -148.170
604.080     76.386  -151.142
612.866     76.179  -154.091
621.780     75.953  -157.086
630.824     75.711  -159.982
640.000     75.442  -162.959
649.309     75.158  -165.859
658.753     74.840  -168.738
668.335     74.494  -171.477
678.056     74.126  -174.096
687.919     73.733  -176.523
697.925     73.336  -178.745
708.077     72.909   179.291
718.376     72.481   177.565
728.825     72.048   176.212
739.426     71.632   175.192
750.181     71.237   174.564
761.093     70.889   174.247
772.163     70.594   174.271
783.394     70.376   174.438
794.789     70.245   174.752
806.349     70.189   174.901
818.078     70.207   174.865
829.977     70.294   174.430
842.050     70.435   173.639
854.298     70.599   172.263
866.724     70.779   170.482
879.330     70.944   168.135
892.120     71.096   165.412
905.097     71.205   162.238
918.262     71.290   158.763
931.618     71.300   154.933
945.169     71.257   150.956
958.917     71.135   146.811
972.864     70.943   142.660
987.015     70.641   138.550
1001.37     70.260   134.751
1015.94     69.782   131.291
1030.71     69.234   128.538
1045.71     68.624   126.498
1060.92     67.974   125.516
1076.35     67.286   126.000
1092.00     66.693   128.227
1107.89     66.382   131.570
1124.00     66.374   136.010
1140.35     66.788   140.384
1156.94     67.481   142.954
1173.77     68.306   143.590
1190.84     69.251   142.308
1208.16     70.146   139.334
1225.73     70.947   134.985
1243.56     71.644   129.681
1261.65     72.208   123.581
1280.00     72.683   116.432
1298.62     73.003   108.797
1317.51     73.150   101.568
1336.67     73.178    93.722
1356.11     73.054    85.443
1375.84     72.783    77.382
1395.85     72.402    70.303
1416.15     71.891    63.750
1436.75     71.232    57.580
1457.65     70.431    52.206
1478.85     69.577    48.451
1500.36     68.822    46.538
1522.19     68.191    46.191
1544.33     67.842    46.800
1566.79     67.834    47.410
1589.58     68.105    46.828
1612.70     68.539    44.483
1636.16     68.985    40.321
1659.95     69.357    34.757
1684.10     69.598    27.781
1708.60     69.686    20.213
1733.45     69.607    12.796
1758.66     69.390     5.030
1784.24     69.002    -2.855
1810.19     68.492   -10.070
1836.52     67.891   -16.425
1863.24     67.264   -21.755
1890.34     66.674   -26.122
1917.83     66.168   -29.952
1945.73     65.782   -33.553
1974.03     65.500   -37.332
2002.74     65.262   -41.799
2031.87     65.024   -46.777
2061.43     64.727   -52.086
2091.41     64.326   -57.611
2121.83     63.830   -62.762
2152.69     63.279   -67.118
2184.01     62.734   -70.529
2215.77     62.269   -73.019
2248.00     61.919   -75.001
2280.70     61.723   -76.994
2313.87     61.657   -79.429
2347.53     61.660   -82.512
2381.68     61.667   -86.131
2416.32     61.654   -90.002
2451.46     61.623   -93.999
2487.12     61.618   -98.028
2523.30     61.673  -102.112
2560.00     61.809  -106.556
2597.24     61.992  -111.685
2635.01     62.167  -117.656
2673.34     62.266  -124.848
2712.23     62.232  -132.554
2751.68     62.036  -140.286
2791.70     61.697  -147.494
2832.31     61.267  -153.771
2873.50     60.836  -159.099
2915.30     60.487  -163.913
2957.70     60.268  -168.461
3000.72     60.155  -173.558
3044.37     60.022  -179.625
3088.65     59.758   173.797
3133.58     59.291   167.363
3179.16     58.670   162.014
3225.40     58.037   158.658
3272.31     57.580   157.220
3319.91     57.475   156.372
3368.20     57.692   154.293
3417.19     57.985   150.221
3466.89     58.147   144.716
3517.32     58.078   138.645
3568.48     57.822   133.728
3620.39     57.596   130.617
3673.05     57.647   128.685
3726.47     58.064   126.035
3780.67     58.635   121.257
3835.67     59.118   114.525
3891.46     59.382   106.737
3948.06     59.442    99.095
4005.49     59.400    92.094
4063.75     59.413    86.105
4122.86     59.561    80.263
4182.82     59.786    73.549
4243.66     59.956    65.677
4305.39     59.962    57.782
4368.01     59.796    49.953
4431.55     59.536    43.046
4496.01     59.314    37.040
4561.40     59.227    31.231
4627.75     59.242    24.809
4695.06     59.238    17.842
4763.35     59.197    10.934
4832.64     59.152     4.208
4902.93     59.138    -2.519
4974.24     59.142    -9.465
5046.60     59.142   -16.591
5120.00     59.169   -23.834
5194.47     59.177   -31.488
5270.03     59.090   -39.393
5346.68     58.939   -46.846
5424.45     58.884   -53.471
5503.35     58.934   -60.485
5583.40     58.942   -68.186
5664.61     58.887   -75.716
5747.01     58.904   -83.677
5830.60     58.883   -93.675
5915.41     58.516  -105.412
6001.45     57.704  -116.644
6088.74     56.694  -125.686
6177.30     55.783  -132.482
6267.15     55.129  -137.539
6358.31     54.932  -142.888
6450.80     54.875  -151.198
6544.62     54.420  -160.560
6639.82     53.823  -167.494
6736.40     53.615  -172.957
6834.38     53.671   179.931
6933.79     53.704   172.144
7034.64     53.675   163.980
7136.96     53.522   154.729
7240.77     53.171   144.927
7346.09     52.653   133.446
7452.94     51.631   120.270
7561.35     50.076   109.959
7671.33     48.671   104.201
7782.91     47.507   100.725
7896.12     46.646   100.540
8010.97     46.524   100.831
8127.49     47.237    98.987
8245.71     48.735    90.862
8365.65     50.006    75.608
8487.33     50.601    58.624
8610.78     50.556    43.286
8736.03     49.939    30.813
8863.09     48.892    21.134
8992.01     47.455    15.849
9122.80     46.397    16.234
9255.50     46.065    18.473
9390.12     46.738    19.351
9526.70     47.694    10.260
9665.27     47.882    -3.531
9805.86     47.985   -18.827
9948.49     47.732   -36.584
10093.2     46.980   -52.937
10240.0     46.306   -66.195
10388.9     46.458   -78.356
10540.1     46.677   -90.812
10693.4     46.819   -99.830
10848.9     47.033  -110.080
11006.7     47.244  -121.415
11166.8     47.597  -132.070
11329.2     48.014  -145.304
11494.0     47.951  -161.777
11661.2     47.601  -177.905
11830.8     46.463   165.829
12002.9     44.315   150.951
12177.5     43.339   142.603
12354.6     44.194   133.984
12534.3     45.193   121.737
12716.6     45.509   102.649
12901.6     45.184    77.675
13089.2     43.922    57.231
13279.6     42.882    39.103
13472.8     40.942    19.175
13668.8     39.874    14.830
13867.6     40.544     2.483
14069.3     39.846   -18.243
14273.9     38.145   -40.104
14481.5     37.045   -65.252
14692.2     33.854   -89.114
14905.9     26.865   -83.435
15122.7     24.396   -47.577
15342.7     24.499   -63.627
15565.8     25.015   -68.806
15792.2     24.832   -73.256
16021.9     28.327   -67.653
16255.0     31.067   -91.276
16491.4     31.302   -95.555
16731.3     32.723  -116.186
16974.7     33.600  -132.474
17221.6     35.119  -155.286
17472.1     35.616  -173.517
17726.2     35.027   162.242
17984.0     34.972   140.264
18245.6     36.045   130.393
18511.0     37.212   104.494
18780.2     38.131    68.390
19053.4     37.129    44.569
19330.5     36.886    26.993
19611.7     36.753     5.020
19897.0     37.223   -19.195
20186.4     36.428   -46.668
20480.0     35.032   -79.967
20777.9     33.337  -108.476
21080.1     31.725  -138.239
21386.7     28.464  -156.277
21697.8     28.044  -167.966
22013.4     27.071   173.173
22333.6     27.639   156.731
22658.4     27.559   141.506
22988.0     30.561   120.666
23322.4     34.103    89.740
23661.6     31.392    63.926
24005.8     34.497    60.899
24355.0     34.146    22.423
24709.2     35.460    -6.758
25068.6     36.977   -47.926
25433.2     38.863   -86.732
25803.2     37.782  -134.054
26178.5     35.754  -177.611
26559.3     33.682   140.242
26945.6     31.741   110.123
27337.5     29.624    90.620
27735.2     31.308    66.666
28138.6     30.239    25.950
28547.9     28.889   -15.397
28963.1     27.431   -53.653
29384.4     27.673   -89.517
29811.8     26.341  -119.271
30245.4     28.394  -133.456
30685.3     28.650  -162.028
31131.7     26.770   155.961
31584.5     25.705   104.149
32043.9     26.713    61.646
32510.0     25.165    11.311
32982.8     23.963   -22.447
33462.6     23.266   -51.921
33949.3     24.495   -95.048
34443.1     23.717  -164.888
34944.1     21.730   140.166
35452.4     16.125    62.782
35968.0     14.336     6.839
36491.2     11.805     4.126
37022.0     12.153   -44.395
37560.5     10.617  -110.880
38106.8     13.197   144.945
38661.1     12.224   132.125
39223.4     13.556    72.310
39793.9     12.061    -9.363
