Freq[Hz]     dBSPL  Phase[Deg]
5.00000     37.846  -111.351
5.07273     37.986  -114.656
5.14651     38.135  -118.159
5.22137     38.265  -121.181
5.29732     38.413  -124.165
5.37437     38.561  -126.974
5.45254     38.722  -129.663
5.53185     38.880  -132.184
5.61231     39.048  -134.530
5.69394     39.257  -136.817
5.77676     39.425  -138.649
5.86079     39.650  -140.610
5.94604     39.888  -142.354
6.03252     40.138  -143.993
6.12027     40.398  -145.527
6.20929     40.679  -147.071
6.29961     40.978  -148.510
6.39124     41.263  -149.909
6.48420     41.576  -151.328
6.57851     41.899  -152.779
6.67420     42.226  -154.275
6.77128     42.531  -155.629
6.86977     42.885  -157.203
6.96969     43.183  -158.629
7.07107     43.517  -160.235
7.17392     43.847  -161.759
7.27827     44.153  -163.231
7.38413     44.427  -164.616
7.49154     44.734  -166.131
7.60050     45.017  -167.521
7.71105     45.298  -168.963
7.82321     45.592  -170.328
7.93701     45.863  -171.649
8.05245     46.123  -172.908
8.16958     46.388  -174.135
8.28841     46.641  -175.376
8.40896     46.892  -176.511
8.53128     47.145  -177.722
8.65537     47.422  -178.934
8.78126     47.649   179.947
8.90899     47.910   178.803
9.03857     48.142   177.645
9.17004     48.359   176.532
9.30342     48.594   175.401
9.43874     48.777   174.379
9.57603     49.011   173.342
9.71532     49.198   172.362
9.85663     49.386   171.438
10.0000     49.548   170.605
10.1455     49.735   169.829
10.2930     49.932   169.134
10.4427     50.084   168.561
10.5946     50.287   168.018
10.7487     50.446   167.581
10.9051     50.664   167.126
11.0637     50.873   166.705
11.2246     51.072   166.291
11.3879     51.291   165.891
11.5535     51.538   165.395
11.7216     51.751   164.886
11.8921     51.998   164.280
12.0650     52.225   163.659
12.2405     52.451   162.962
12.4186     52.657   162.206
12.5992     52.874   161.395
12.7825     53.077   160.545
12.9684     53.261   159.724
13.1570     53.429   158.834
13.3484     53.602   157.961
13.5426     53.740   157.106
13.7395     53.865   156.294
13.9394     53.973   155.515
14.1421     54.087   154.746
14.3478     54.185   154.020
14.5565     54.249   153.435
14.7683     54.308   152.912
14.9831     54.372   152.458
15.2010     54.420   152.102
15.4221     54.474   151.832
15.6464     54.514   151.675
15.8740     54.577   151.532
16.1049     54.604   151.549
16.3392     54.651   151.535
16.5768     54.675   151.564
16.8179     54.686   151.613
17.0626     54.716   151.566
17.3107     54.701   151.718
17.5625     54.646   151.984
17.8180     54.563   152.413
18.0771     54.456   153.130
18.3401     54.322   154.231
18.6068     54.198   155.657
18.8775     54.076   157.544
19.1521     53.973   160.037
19.4306     53.921   162.729
19.7133     53.927   165.975
20.0000     53.999   169.541
20.2909     54.155   173.283
20.5860     54.381   176.753
20.8855     54.665   179.864
21.1893     54.954  -176.860
21.4975     55.266  -173.473
21.8102     55.614  -170.046
22.1274     55.979  -166.281
22.4492     56.436  -162.389
22.7758     56.946  -158.579
23.1071     57.537  -154.870
23.4432     58.223  -151.088
23.7841     59.008  -147.412
24.1301     59.855  -144.472
24.4811     60.779  -141.954
24.8372     61.762  -140.072
25.1984     62.793  -138.713
25.5649     63.807  -138.242
25.9368     64.853  -138.430
26.3141     65.847  -139.426
26.6968     66.808  -141.147
27.0851     67.648  -143.508
27.4791     68.347  -146.215
27.8788     68.922  -148.895
28.2843     69.390  -150.948
28.6957     69.781  -152.175
29.1131     70.239  -152.415
29.5365     70.813  -152.065
29.9661     71.552  -151.761
30.4020     72.392  -152.110
30.8442     73.312  -153.458
31.2929     74.224  -155.762
31.7480     75.053  -158.793
32.2098     75.887  -162.788
32.6783     76.645  -167.212
33.1536     77.301  -171.640
33.6359     77.878  -176.110
34.1251     78.331   179.817
34.6215     78.710   175.957
35.1250     79.041   172.215
35.6359     79.357   168.284
36.1543     79.643   164.468
36.6802     79.906   160.702
37.2137     80.122   156.982
37.7550     80.289   153.450
38.3041     80.416   150.085
38.8613     80.511   146.865
39.4265     80.585   143.924
40.0000     80.642   141.178
40.5818     80.699   138.697
41.1721     80.758   136.335
41.7710     80.826   134.114
42.3785     80.898   131.987
42.9949     80.972   129.923
43.6203     81.047   127.931
44.2548     81.127   126.014
44.8985     81.204   124.141
45.5515     81.290   122.281
46.2141     81.365   120.449
46.8863     81.448   118.604
47.5683     81.517   116.808
48.2602     81.584   115.064
48.9621     81.644   113.380
49.6743     81.705   111.762
50.3968     81.777   110.159
51.1299     81.844   108.542
51.8736     81.895   106.956
52.6281     81.950   105.413
53.3936     82.005   103.929
54.1702     82.050   102.473
54.9581     82.104   101.054
55.7575     82.149    99.670
56.5685     82.186    98.338
57.3914     82.226    97.067
58.2261     82.273    95.864
59.0730     82.327    94.640
59.9323     82.381    93.436
60.8040     82.429    92.192
61.6884     82.477    90.923
62.5857     82.519    89.703
63.4960     82.552    88.574
64.4196     82.589    87.493
65.3566     82.626    86.449
66.3073     82.671    85.415
67.2717     82.720    84.388
68.2502     82.767    83.378
69.2429     82.824    82.386
70.2501     82.881    81.380
71.2719     82.934    80.351
72.3086     82.992    79.299
73.3603     83.040    78.240
74.4274     83.083    77.177
75.5099     83.122    76.117
76.6083     83.161    75.069
77.7226     83.186    74.055
78.8531     83.215    73.094
80.0000     83.239    72.170
81.1636     83.268    71.294
82.3442     83.300    70.441
83.5419     83.332    69.615
84.7570     83.368    68.779
85.9899     83.404    67.955
87.2406     83.443    67.150
88.5096     83.486    66.357
89.7970     83.534    65.558
91.1031     83.587    64.734
92.4282     83.639    63.836
93.7726     83.690    62.880
95.1366     83.730    61.900
96.5204     83.757    60.868
97.9243     83.767    59.877
99.3486     83.770    58.996
100.794     83.769    58.195
102.260     83.781    57.439
103.747     83.794    56.722
105.256     83.819    55.998
106.787     83.839    55.220
108.340     83.849    54.415
109.916     83.858    53.654
111.515     83.857    52.938
113.137     83.855    52.287
114.783     83.853    51.741
116.452     83.863    51.294
118.146     83.885    50.869
119.865     83.938    50.418
121.608     83.996    49.872
123.377     84.066    49.195
125.171     84.118    48.390
126.992     84.165    47.537
128.839     84.192    46.672
130.713     84.219    45.821
132.615     84.232    44.990
134.543     84.244    44.146
136.500     84.238    43.315
138.486     84.238    42.570
140.500     84.232    41.848
142.544     84.229    41.213
144.617     84.228    40.638
146.721     84.255    40.006
148.855     84.286    39.222
151.020     84.301    38.271
153.217     84.277    37.213
155.445     84.211    36.254
157.706     84.115    35.643
160.000     84.045    35.462
162.327     84.026    35.466
164.688     84.065    35.294
167.084     84.112    34.818
169.514     84.143    34.133
171.980     84.144    33.319
174.481     84.125    32.577
177.019     84.092    31.973
179.594     84.067    31.418
182.206     84.041    30.899
184.856     84.009    30.386
187.545     83.978    29.943
190.273     83.944    29.554
193.041     83.921    29.200
195.849     83.904    28.878
198.697     83.892    28.587
201.587     83.890    28.274
204.520     83.903    27.844
207.494     83.909    27.251
210.512     83.891    26.630
213.574     83.854    26.090
216.681     83.794    25.656
219.833     83.740    25.471
223.030     83.721    25.415
226.274     83.744    25.217
229.565     83.761    24.814
232.905     83.760    24.386
236.292     83.764    23.711
239.729     83.709    22.972
243.216     83.612    22.565
246.754     83.546    22.465
250.343     83.472    22.449
253.984     83.434    22.710
257.678     83.448    22.833
261.426     83.458    22.875
265.229     83.484    22.900
269.087     83.530    22.741
273.001     83.592    22.532
276.972     83.644    22.106
281.000     83.674    21.518
285.088     83.695    20.797
289.234     83.684    19.865
293.441     83.606    19.036
297.709     83.497    18.494
302.040     83.367    18.212
306.433     83.296    18.461
310.890     83.293    18.830
315.412     83.319    18.839
320.000     83.330    18.633
324.655     83.329    18.353
329.377     83.317    18.049
334.168     83.297    17.765
339.028     83.269    17.451
343.959     83.212    17.059
348.962     83.096    16.691
354.038     82.978    17.184
359.188     83.014    18.103
364.412     83.139    18.492
369.713     83.291    18.248
375.090     83.374    17.589
380.546     83.389    16.990
386.081     83.387    16.670
391.697     83.448    16.401
397.394     83.490    15.581
403.175     83.488    14.763
409.039     83.417    13.980
414.989     83.283    13.643
421.025     83.163    14.252
427.149     83.198    15.192
433.362     83.331    15.541
439.665     83.474    15.498
446.060     83.583    14.867
452.548     83.645    14.095
459.131     83.670    13.266
465.809     83.661    12.675
472.584     83.663    12.241
479.458     83.669    11.548
486.432     83.618    10.911
493.507     83.595    10.482
500.686     83.554    10.037
507.968     83.511     9.694
515.357     83.497     9.411
522.853     83.464     8.989
530.458     83.426     8.531
538.174     83.384     8.074
546.002     83.321     7.627
553.943     83.263     7.199
562.001     83.175     6.817
570.175     83.107     6.490
578.469     83.027     6.191
586.883     82.945     5.860
595.419     82.853     5.572
604.080     82.757     5.241
612.866     82.650     4.964
621.780     82.538     4.645
630.824     82.424     4.441
640.000     82.294     4.126
649.309     82.163     3.881
658.753     82.012     3.588
668.335     81.842     3.394
678.056     81.661     3.212
687.919     81.465     3.138
697.925     81.269     3.120
708.077     81.046     3.218
718.376     80.813     3.362
728.825     80.566     3.702
739.426     80.311     4.167
750.181     80.049     4.851
761.093     79.787     5.697
772.163     79.525     6.812
783.394     79.275     8.091
794.789     79.053     9.669
806.349     78.843    11.357
818.078     78.662    13.243
829.977     78.519    15.203
842.050     78.425    17.292
854.298     78.358    19.291
866.724     78.340    21.300
879.330     78.342    23.118
892.120     78.378    24.830
905.097     78.422    26.300
918.262     78.496    27.604
931.618     78.546    28.642
945.169     78.598    29.566
958.917     78.625    30.324
972.864     78.643    31.014
987.015     78.611    31.643
1001.37     78.568    32.385
1015.94     78.497    33.174
1030.71     78.435    34.202
1045.71     78.378    35.268
1060.92     78.336    36.416
1076.35     78.270    37.630
1092.00     78.227    39.048
1107.89     78.220    40.515
1124.00     78.229    41.975
1140.35     78.265    43.337
1156.94     78.322    44.666
1173.77     78.362    45.932
1190.84     78.423    47.061
1208.16     78.491    48.153
1225.73     78.565    49.089
1243.56     78.655    49.948
1261.65     78.729    50.618
1280.00     78.807    51.114
1298.62     78.857    51.435
1317.51     78.869    51.864
1336.67     78.868    52.217
1356.11     78.842    52.580
1375.84     78.803    52.967
1395.85     78.760    53.594
1416.15     78.700    54.306
1436.75     78.634    55.108
1457.65     78.570    55.955
1478.85     78.509    57.024
1500.36     78.467    58.236
1522.19     78.453    59.559
1544.33     78.467    60.914
1566.79     78.518    62.341
1589.58     78.599    63.631
1612.70     78.724    64.797
1636.16     78.877    65.694
1659.95     79.054    66.334
1684.10     79.226    66.601
1708.60     79.402    66.589
1733.45     79.549    66.399
1758.66     79.699    65.902
1784.24     79.819    65.071
1810.19     79.916    64.091
1836.52     79.975    62.960
1863.24     80.008    61.732
1890.34     80.015    60.420
1917.83     80.010    58.907
1945.73     79.972    57.233
1974.03     79.897    55.459
2002.74     79.787    53.471
2031.87     79.645    51.448
2061.43     79.470    49.390
2091.41     79.265    47.267
2121.83     79.032    45.106
2152.69     78.790    42.954
2184.01     78.542    40.711
2215.77     78.297    38.324
2248.00     78.040    35.612
2280.70     77.776    32.480
2313.87     77.480    28.919
2347.53     77.151    24.977
2381.68     76.779    20.679
2416.32     76.362    16.117
2451.46     75.914    11.237
2487.12     75.465     6.090
2523.30     75.038     0.647
2560.00     74.664    -5.159
2597.24     74.357   -11.518
2635.01     74.123   -18.475
2673.34     73.977   -26.254
2712.23     73.904   -34.581
2751.68     73.893   -43.281
2791.70     73.939   -52.050
2832.31     74.031   -60.699
2873.50     74.172   -69.058
2915.30     74.360   -76.943
2957.70     74.591   -84.253
3000.72     74.872   -91.065
3044.37     75.193   -97.563
3088.65     75.524  -103.933
3133.58     75.833  -110.318
3179.16     76.079  -116.726
3225.40     76.234  -122.883
3272.31     76.286  -128.646
3319.91     76.254  -133.816
3368.20     76.200  -138.266
3417.19     76.175  -142.239
3466.89     76.185  -146.119
3517.32     76.178  -150.210
3568.48     76.123  -154.429
3620.39     76.007  -158.492
3673.05     75.868  -162.158
3726.47     75.765  -165.553
3780.67     75.714  -169.146
3835.67     75.675  -173.182
3891.46     75.584  -177.487
3948.06     75.440   178.427
4005.49     75.351   174.847
4063.75     75.421   171.214
4122.86     75.622   166.639
4182.82     75.824   160.732
4243.66     75.913   153.920
4305.39     75.867   147.064
4368.01     75.770   140.698
4431.55     75.701   134.704
4496.01     75.667   128.746
4561.40     75.633   122.760
4627.75     75.587   117.028
4695.06     75.572   111.640
4763.35     75.630   106.345
4832.64     75.720   100.822
4902.93     75.797    95.066
4974.24     75.851    89.187
5046.60     75.862    83.137
5120.00     75.800    76.967
5194.47     75.616    71.041
5270.03     75.349    65.962
5346.68     75.127    61.991
5424.45     75.082    58.416
5503.35     75.195    54.298
5583.40     75.372    48.935
5664.61     75.483    42.253
5747.01     75.435    34.778
5830.60     75.208    27.310
5915.41     74.885    20.474
6001.45     74.571    14.227
6088.74     74.327     8.425
6177.30     74.206     2.332
6267.15     74.094    -4.492
6358.31     73.866   -11.363
6450.80     73.626   -17.064
6544.62     73.639   -21.891
6639.82     73.911   -27.735
6736.40     74.183   -35.235
6834.38     74.339   -43.402
6933.79     74.413   -51.674
7034.64     74.389   -60.099
7136.96     74.268   -68.119
7240.77     74.138   -75.613
7346.09     73.957   -83.175
7452.94     73.641   -89.889
7561.35     73.446   -94.712
7671.33     73.595   -99.925
7782.91     73.793  -106.934
7896.12     73.922  -114.489
8010.97     74.033  -122.715
8127.49     74.052  -131.100
8245.71     74.172  -139.204
8365.65     74.352  -149.202
8487.33     74.228  -160.555
8610.78     73.801  -170.979
8736.03     73.227  -179.231
8863.09     72.912   175.193
8992.01     73.081   169.084
9122.80     73.369   160.941
9255.50     73.661   151.217
9390.12     73.773   140.128
9526.70     73.609   129.217
9665.27     73.343   119.787
9805.86     73.219   111.433
9948.49     73.289   103.088
10093.2     73.500    93.398
10240.0     73.561    83.379
10388.9     74.003    73.427
10540.1     74.413    58.866
10693.4     74.244    43.457
10848.9     73.645    28.790
11006.7     72.894    17.978
11166.8     72.453     6.975
11329.2     71.830    -1.666
11494.0     71.918    -9.177
11661.2     72.336   -20.274
11830.8     72.464   -36.103
12002.9     71.880   -50.967
12177.5     71.242   -63.607
12354.6     70.630   -73.910
12534.3     70.461   -83.470
12716.6     70.513   -95.750
12901.6     70.241  -110.033
13089.2     69.807  -123.167
13279.6     69.300  -136.613
13472.8     68.559  -147.827
13668.8     68.202  -156.794
13867.6     68.412  -167.726
14069.3     68.297   177.071
14273.9     67.897   163.156
14481.5     67.407   149.901
14692.2     66.873   135.962
14905.9     66.198   124.562
15122.7     65.719   113.960
15342.7     65.844   101.644
15565.8     65.473    87.087
15792.2     64.695    75.166
16021.9     64.418    65.498
16255.0     64.423    56.669
16491.4     64.881    45.462
16731.3     65.126    29.704
16974.7     65.015    15.598
17221.6     64.848     4.414
17472.1     65.391    -5.858
17726.2     66.345   -21.641
17984.0     66.713   -39.815
18245.6     66.949   -55.304
18511.0     67.890   -70.933
18780.2     68.692   -92.545
19053.4     68.692  -112.597
19330.5     69.288  -130.940
19611.7     69.772  -153.126
19897.0     70.255  -175.864
20186.4     70.350   159.290
20480.0     70.319   135.843
20777.9     70.054   110.323
21080.1     69.161    89.010
21386.7     69.263    73.607
21697.8     70.411    47.444
22013.4     69.669    18.589
22333.6     69.154    -2.449
22658.4     69.113   -22.686
22988.0     69.456   -45.591
23322.4     69.540   -67.740
23661.6     70.383   -88.453
24005.8     71.675  -116.729
24355.0     72.162  -149.033
24709.2     72.536  -177.508
25068.6     73.617   151.508
25433.2     74.572   113.347
25803.2     74.622    71.470
26178.5     73.585    29.701
26559.3     71.990    -6.215
26945.6     70.366   -40.363
27337.5     68.577   -66.162
27735.2     68.383   -92.351
28138.6     68.175  -123.196
28547.9     67.826  -156.884
28963.1     67.142   167.702
29384.4     65.897   132.804
29811.8     64.167   101.261
30245.4     62.797    80.642
30685.3     63.886    59.187
31131.7     65.400    22.754
31584.5     65.455   -19.541
32043.9     65.224   -62.814
32510.0     63.584  -103.136
32982.8     61.768  -134.542
33462.6     63.660  -158.725
33949.3     64.353   147.051
34443.1     64.252    94.443
34944.1     62.284    42.461
35452.4     60.390    -6.460
35968.0     58.295   -54.717
36491.2     56.471   -94.850
37022.0     56.583  -148.040
37560.5     55.744   149.794
38106.8     51.881    87.812
38661.1     51.637    48.625
39223.4     52.484   -13.512
39793.9     51.933   -83.956
