Freq[Hz]     dBSPL  Phase[Deg]
5.00000     37.355  -111.935
5.07273     37.495  -115.248
5.14651     37.644  -118.761
5.22137     37.774  -121.791
5.29732     37.922  -124.784
5.37437     38.070  -127.601
5.45254     38.231  -130.300
5.53185     38.389  -132.830
5.61231     38.557  -135.186
5.69394     38.766  -137.482
5.77676     38.934  -139.323
5.86079     39.159  -141.295
5.94604     39.397  -143.048
6.03252     39.647  -144.698
6.12027     39.907  -146.241
6.20929     40.188  -147.796
6.29961     40.487  -149.245
6.39124     40.772  -150.656
6.48420     41.085  -152.086
6.57851     41.408  -153.547
6.67420     41.736  -155.055
6.77128     42.040  -156.420
6.86977     42.394  -158.006
6.96969     42.692  -159.443
7.07107     43.026  -161.060
7.17392     43.356  -162.597
7.27827     43.662  -164.081
7.38413     43.936  -165.479
7.49154     44.243  -167.006
7.60050     44.527  -168.409
7.71105     44.807  -169.863
7.82321     45.101  -171.242
7.93701     45.373  -172.576
8.05245     45.632  -173.849
8.16958     45.897  -175.090
8.28841     46.150  -176.344
8.40896     46.401  -177.494
8.53128     46.654  -178.718
8.65537     46.931  -179.945
8.78126     47.158   178.921
8.90899     47.419   177.763
9.03857     47.651   176.589
9.17004     47.868   175.461
9.30342     48.104   174.315
9.43874     48.286   173.276
9.57603     48.520   172.223
9.71532     48.707   171.227
9.85663     48.895   170.286
10.0000     49.057   169.437
10.1455     49.244   168.644
10.2930     49.441   167.932
10.4427     49.593   167.342
10.5946     49.796   166.780
10.7487     49.955   166.326
10.9051     50.173   165.853
11.0637     50.382   165.413
11.2246     50.581   164.980
11.3879     50.800   164.561
11.5535     51.047   164.046
11.7216     51.260   163.517
11.8921     51.507   162.891
12.0650     51.734   162.250
12.2405     51.960   161.532
12.4186     52.166   160.755
12.5992     52.383   159.924
12.7825     52.587   159.052
12.9684     52.770   158.209
13.1570     52.939   157.298
13.3484     53.111   156.401
13.5426     53.250   155.524
13.7395     53.374   154.689
13.9394     53.482   153.887
14.1421     53.596   153.095
14.3478     53.694   152.344
14.5565     53.758   151.734
14.7683     53.817   151.187
14.9831     53.881   150.707
15.2010     53.929   150.327
15.4221     53.983   150.031
15.6464     54.023   149.847
15.8740     54.087   149.678
16.1049     54.113   149.668
16.3392     54.160   149.627
16.5768     54.184   149.628
16.8179     54.195   149.648
17.0626     54.225   149.573
17.3107     54.210   149.696
17.5625     54.155   149.933
17.8180     54.072   150.332
18.0771     53.965   151.019
18.3401     53.832   152.089
18.6068     53.707   153.483
18.8775     53.585   155.339
19.1521     53.482   157.800
19.4306     53.430   160.460
19.7133     53.436   163.672
20.0000     53.508   167.205
20.2909     53.664   170.913
20.5860     53.890   174.349
20.8855     54.174   177.424
21.1893     54.463  -179.335
21.4975     54.775  -175.984
21.8102     55.123  -172.594
22.1274     55.489  -168.865
22.4492     55.945  -165.011
22.7758     56.455  -161.239
23.1071     57.046  -157.569
23.4432     57.732  -153.827
23.7841     58.517  -150.190
24.1301     59.364  -147.291
24.4811     60.288  -144.814
24.8372     61.271  -142.973
25.1984     62.302  -141.657
25.5649     63.316  -141.228
25.9368     64.362  -141.460
26.3141     65.356  -142.500
26.6968     66.317  -144.266
27.0851     67.157  -146.671
27.4791     67.856  -149.425
27.8788     68.431  -152.152
28.2843     68.899  -154.252
28.6957     69.290  -155.526
29.1131     69.748  -155.815
29.5365     70.322  -155.514
29.9661     71.061  -155.261
30.4020     71.901  -155.661
30.8442     72.822  -157.060
31.2929     73.733  -159.417
31.7480     74.562  -162.501
32.2098     75.396  -166.550
32.6783     76.154  -171.029
33.1536     76.810  -175.512
33.6359     77.387   179.961
34.1251     77.840   175.831
34.6215     78.219   171.913
35.1250     78.550   168.112
35.6359     78.866   164.122
36.1543     79.152   160.246
36.6802     79.415   156.418
37.2137     79.633   152.636
37.7550     79.798   149.041
38.3041     79.926   145.613
38.8613     80.022   142.327
39.4265     80.096   139.321
40.0000     80.155   136.508
40.5818     80.213   133.960
41.1721     80.273   131.530
41.7710     80.342   129.241
42.3785     80.414   127.045
42.9949     80.491   124.910
43.6203     80.567   122.846
44.2548     80.649   120.857
44.8985     80.728   118.912
45.5515     80.816   116.978
46.2141     80.893   115.072
46.8863     80.978   113.151
47.5683     81.050   111.277
48.2602     81.118   109.457
48.9621     81.181   107.695
49.6743     81.246   105.997
50.3968     81.320   104.314
51.1299     81.388   102.615
51.8736     81.443   100.948
52.6281     81.502    99.322
53.3936     81.559    97.754
54.1702     81.608    96.214
54.9581     81.665    94.709
55.7575     81.714    93.237
56.5685     81.754    91.818
57.3914     81.797    90.458
58.2261     81.849    89.166
59.0730     81.907    87.851
59.9323     81.964    86.556
60.8040     82.017    85.219
61.6884     82.068    83.856
62.5857     82.115    82.541
63.4960     82.152    81.317
64.4196     82.193    80.139
65.3566     82.235    78.996
66.3073     82.284    77.865
67.2717     82.338    76.736
68.2502     82.389    75.625
69.2429     82.452    74.532
70.2501     82.514    73.421
71.2719     82.572    72.288
72.3086     82.635    71.130
73.3603     82.688    69.966
74.4274     82.737    68.794
75.5099     82.780    67.625
76.6083     82.825    66.466
77.7226     82.856    65.340
78.8531     82.891    64.268
80.0000     82.919    63.230
81.1636     82.955    62.238
82.3442     82.992    61.268
83.5419     83.031    60.324
84.7570     83.073    59.369
85.9899     83.115    58.426
87.2406     83.160    57.500
88.5096     83.209    56.583
89.7970     83.263    55.660
91.1031     83.322    54.710
92.4282     83.381    53.685
93.7726     83.439    52.602
95.1366     83.486    51.492
96.5204     83.519    50.329
97.9243     83.536    49.205
99.3486     83.547    48.191
100.794     83.552    47.254
102.260     83.571    46.361
103.747     83.591    45.506
105.256     83.623    44.642
106.787     83.651    43.723
108.340     83.668    42.775
109.916     83.685    41.870
111.515     83.692    41.008
113.137     83.697    40.210
114.783     83.702    39.514
116.452     83.720    38.918
118.146     83.751    38.340
119.865     83.813    37.735
121.608     83.878    37.034
123.377     83.957    36.199
125.171     84.017    35.235
126.992     84.073    34.222
128.839     84.109    33.194
130.713     84.145    32.178
132.615     84.166    31.182
134.543     84.187    30.170
136.500     84.191    29.169
138.486     84.200    28.252
140.500     84.203    27.357
142.544     84.211    26.547
144.617     84.219    25.794
146.721     84.257    24.983
148.855     84.298    24.018
151.020     84.322    22.883
153.217     84.309    21.639
155.445     84.254    20.493
157.706     84.169    19.692
160.000     84.110    19.318
162.327     84.103    19.129
164.688     84.152    18.760
167.084     84.213    18.085
169.514     84.254    17.198
171.980     84.269    16.180
174.481     84.262    15.233
177.019     84.242    14.420
179.594     84.230    13.654
182.206     84.218    12.920
184.856     84.201    12.189
187.545     84.183    11.528
190.273     84.164    10.915
193.041     84.156    10.334
195.849     84.155     9.783
198.697     84.159     9.260
201.587     84.173     8.710
204.520     84.203     8.040
207.494     84.226     7.204
210.512     84.227     6.335
213.574     84.208     5.543
216.681     84.167     4.852
219.833     84.133     4.407
223.030     84.135     4.085
226.274     84.178     3.617
229.565     84.217     2.937
232.905     84.237     2.228
236.292     84.264     1.265
239.729     84.232     0.233
243.216     84.160    -0.475
246.754     84.119    -0.883
250.343     84.072    -1.214
253.984     84.060    -1.277
257.678     84.102    -1.486
261.426     84.140    -1.783
265.229     84.196    -2.110
269.087     84.271    -2.629
273.001     84.364    -3.210
276.972     84.447    -4.019
281.000     84.510    -5.000
285.088     84.564    -6.129
289.234     84.587    -7.481
293.441     84.541    -8.742
297.709     84.468    -9.731
302.040     84.373   -10.475
306.433     84.339   -10.704
310.890     84.370   -10.828
315.412     84.431   -11.329
320.000     84.478   -12.062
324.655     84.514   -12.885
329.377     84.536   -13.751
334.168     84.553   -14.613
339.028     84.559   -15.525
343.959     84.536   -16.530
348.962     84.455   -17.528
354.038     84.369   -17.684
359.188     84.439   -17.429
364.412     84.593   -17.726
369.713     84.777   -18.671
375.090     84.887   -20.049
380.546     84.928   -21.383
386.081     84.950   -22.453
391.697     85.034   -23.489
397.394     85.094   -25.089
403.175     85.111   -26.700
409.039     85.055   -28.289
414.989     84.933   -29.439
421.025     84.823   -29.651
427.149     84.865   -29.543
433.362     85.003   -30.036
439.665     85.149   -30.924
446.060     85.256   -32.403
452.548     85.314   -34.023
459.131     85.334   -35.697
465.809     85.315   -37.127
472.584     85.306   -38.390
479.458     85.299   -39.903
486.432     85.233   -41.342
493.507     85.194   -42.558
500.686     85.136   -43.766
507.968     85.075   -44.850
515.357     85.044   -45.848
522.853     84.995   -46.957
530.458     84.944   -48.070
538.174     84.890   -49.153
546.002     84.820   -50.188
553.943     84.759   -51.177
562.001     84.674   -52.085
570.175     84.617   -52.914
578.469     84.557   -53.692
586.883     84.503   -54.482
595.419     84.453   -55.219
604.080     84.408   -55.992
612.866     84.366   -56.721
621.780     84.332   -57.506
630.824     84.309   -58.219
640.000     84.284   -59.066
649.309     84.271   -59.916
658.753     84.249   -60.850
668.335     84.223   -61.781
678.056     84.199   -62.761
687.919     84.169   -63.749
697.925     84.153   -64.771
708.077     84.116   -65.813
718.376     84.080   -66.920
728.825     84.036   -67.999
739.426     83.989   -69.100
750.181     83.934   -70.167
761.093     83.878   -71.252
772.163     83.815   -72.267
783.394     83.752   -73.298
794.789     83.694   -74.223
806.349     83.627   -75.187
818.078     83.559   -76.077
829.977     83.495   -76.970
842.050     83.443   -77.757
854.298     83.388   -78.603
866.724     83.346   -79.350
879.330     83.302   -80.159
892.120     83.272   -80.908
905.097     83.241   -81.725
918.262     83.235   -82.528
931.618     83.214   -83.439
945.169     83.204   -84.324
958.917     83.185   -85.278
972.864     83.173   -86.229
987.015     83.132   -87.216
1001.37     83.098   -88.087
1015.94     83.054   -88.954
1030.71     83.031   -89.637
1045.71     83.026   -90.366
1060.92     83.042   -91.104
1076.35     83.040   -91.882
1092.00     83.057   -92.543
1107.89     83.101   -93.211
1124.00     83.159   -93.953
1140.35     83.236   -94.838
1156.94     83.324   -95.730
1173.77     83.391   -96.677
1190.84     83.479   -97.738
1208.16     83.575   -98.805
1225.73     83.681  -100.002
1243.56     83.809  -101.271
1261.65     83.926  -102.730
1280.00     84.060  -104.385
1298.62     84.172  -106.253
1317.51     84.244  -108.052
1336.67     84.314  -109.984
1356.11     84.372  -111.979
1375.84     84.417  -114.015
1395.85     84.448  -115.866
1416.15     84.461  -117.702
1436.75     84.476  -119.557
1457.65     84.500  -121.513
1478.85     84.517  -123.378
1500.36     84.527  -125.169
1522.19     84.551  -127.033
1544.33     84.572  -128.958
1566.79     84.591  -130.856
1589.58     84.596  -132.951
1612.70     84.597  -135.046
1636.16     84.582  -137.198
1659.95     84.555  -139.313
1684.10     84.490  -141.511
1708.60     84.417  -143.596
1733.45     84.323  -145.421
1758.66     84.236  -147.231
1784.24     84.136  -149.036
1810.19     84.045  -150.709
1836.52     83.947  -152.306
1863.24     83.856  -153.859
1890.34     83.763  -155.359
1917.83     83.676  -156.985
1945.73     83.566  -158.628
1974.03     83.430  -160.181
2002.74     83.265  -161.702
2031.87     83.090  -162.991
2061.43     82.911  -164.010
2091.41     82.749  -164.811
2121.83     82.607  -165.455
2152.69     82.504  -166.048
2184.01     82.424  -166.716
2215.77     82.352  -167.550
2248.00     82.261  -168.555
2280.70     82.140  -169.718
2313.87     81.974  -170.746
2347.53     81.786  -171.567
2381.68     81.583  -172.112
2416.32     81.387  -172.358
2451.46     81.205  -172.399
2487.12     81.045  -172.461
2523.30     80.889  -172.521
2560.00     80.716  -172.598
2597.24     80.512  -172.473
2635.01     80.287  -172.004
2673.34     80.058  -171.012
2712.23     79.889  -169.550
2751.68     79.814  -167.873
2791.70     79.819  -166.380
2832.31     79.859  -165.286
2873.50     79.885  -164.511
2915.30     79.866  -163.796
2957.70     79.826  -162.812
3000.72     79.825  -161.423
3044.37     79.903  -159.936
3088.65     80.047  -158.845
3133.58     80.208  -158.360
3179.16     80.317  -158.410
3225.40     80.353  -158.515
3272.31     80.329  -158.497
3319.91     80.267  -158.345
3368.20     80.183  -158.073
3417.19     80.065  -157.689
3466.89     79.884  -157.030
3517.32     79.628  -155.920
3568.48     79.359  -154.012
3620.39     79.124  -151.325
3673.05     78.939  -147.861
3726.47     78.849  -143.489
3780.67     78.943  -138.426
3835.67     79.314  -133.535
3891.46     79.887  -129.817
3948.06     80.491  -127.613
4005.49     81.030  -126.295
4063.75     81.541  -125.253
4122.86     82.083  -124.662
4182.82     82.624  -125.193
4243.66     83.025  -126.941
4305.39     83.159  -128.993
4368.01     83.060  -130.040
4431.55     82.915  -129.476
4496.01     82.873  -127.800
4561.40     83.001  -125.855
4627.75     83.232  -124.397
4695.06     83.476  -123.480
4763.35     83.711  -122.960
4832.64     83.900  -122.777
4902.93     84.030  -122.665
4974.24     84.130  -122.440
5046.60     84.219  -122.242
5120.00     84.278  -122.214
5194.47     84.242  -122.201
5270.03     84.105  -121.737
5346.68     83.933  -120.384
5424.45     83.848  -118.124
5503.35     83.901  -115.619
5583.40     84.051  -113.564
5664.61     84.221  -112.155
5747.01     84.345  -111.214
5830.60     84.399  -110.401
5915.41     84.406  -109.428
6001.45     84.389  -108.153
6088.74     84.385  -106.624
6177.30     84.431  -105.195
6267.15     84.447  -104.284
6358.31     84.316  -103.502
6450.80     84.085  -101.696
6544.62     83.956   -98.814
6639.82     83.977   -96.083
6736.40     83.974   -94.172
6834.38     83.861   -92.115
6933.79     83.746   -89.259
7034.64     83.682   -86.147
7136.96     83.652   -82.828
7240.77     83.704   -79.256
7346.09     83.824   -76.208
7452.94     83.907   -73.459
7561.35     84.023   -70.384
7671.33     84.219   -68.011
7782.91     84.307   -66.553
7896.12     84.236   -64.799
8010.97     84.074   -62.551
8127.49     83.866   -59.041
8245.71     83.906   -54.332
8365.65     84.143   -51.268
8487.33     84.192   -49.298
8610.78     84.135   -46.601
8736.03     84.058   -43.575
8863.09     84.017   -40.026
8992.01     84.081   -36.889
9122.80     84.030   -34.374
9255.50     83.901   -31.312
9390.12     83.772   -28.039
9526.70     83.534   -24.587
9665.27     83.266   -19.717
9805.86     83.227   -14.126
9948.49     83.317    -9.412
10093.2     83.337    -5.686
10240.0     83.101    -0.879
10388.9     83.271     5.737
10540.1     83.567     8.814
10693.4     83.428    11.785
10848.9     83.149    16.110
11006.7     83.055    22.801
11166.8     83.200    27.124
11329.2     82.962    32.565
11494.0     83.015    39.372
11661.2     83.259    45.558
11830.8     83.485    49.619
12002.9     83.471    54.648
12177.5     83.573    59.424
12354.6     83.525    64.505
12534.3     83.536    70.347
12716.6     83.651    76.146
12901.6     83.685    81.341
13089.2     83.767    87.856
13279.6     84.072    92.819
13472.8     84.041    97.121
13668.8     83.934   103.157
13867.6     84.115   109.834
14069.3     84.163   114.756
14273.9     84.238   121.183
14481.5     84.379   127.244
14692.2     84.507   132.059
14905.9     84.491   137.983
15122.7     84.447   144.480
15342.7     84.718   150.328
15565.8     84.693   155.640
15792.2     84.573   162.515
16021.9     84.865   168.823
16255.0     84.884   174.209
16491.4     84.836  -179.152
16731.3     84.950  -173.275
16974.7     84.926  -167.607
17221.6     84.799  -160.701
17472.1     84.843  -153.699
17726.2     84.904  -147.455
17984.0     84.793  -141.006
18245.6     84.710  -133.847
18511.0     84.739  -126.591
18780.2     84.695  -119.607
19053.4     84.681  -111.450
19330.5     84.810  -105.106
19611.7     84.583   -98.334
19897.0     84.662   -90.436
20186.4     84.596   -84.301
20480.0     84.463   -76.870
20777.9     84.279   -70.677
21080.1     83.736   -62.663
21386.7     83.476   -52.532
21697.8     83.333   -42.789
22013.4     83.294   -32.515
22333.6     83.321   -23.460
22658.4     83.184   -12.430
22988.0     83.437    -1.420
23322.4     83.837     9.956
23661.6     84.476    18.481
24005.8     84.961    28.714
24355.0     86.036    35.757
24709.2     86.940    41.786
25068.6     88.250    44.447
25433.2     89.395    40.336
25803.2     89.538    30.384
26178.5     88.160    20.813
26559.3     85.811    18.633
26945.6     83.427    21.370
27337.5     81.022    31.424
27735.2     79.184    42.074
28138.6     77.524    56.085
28547.9     76.211    69.153
28963.1     74.836    85.114
29384.4     74.101   104.524
29811.8     74.460   122.375
30245.4     75.592   132.856
30685.3     76.404   136.148
31131.7     76.424   133.962
31584.5     75.503   131.505
32043.9     73.763   133.069
32510.0     71.795   137.717
32982.8     69.793   150.079
33462.6     69.877   168.888
33949.3     70.266   170.630
34443.1     70.198   171.863
34944.1     68.513   170.975
35452.4     66.865   177.255
35968.0     65.346  -174.618
36491.2     63.756  -159.190
37022.0     63.785  -149.553
37560.5     61.880  -134.841
38106.8     61.875  -127.506
38661.1     59.680  -110.073
39223.4     59.051   -88.713
39793.9     58.307   -57.427
