Freq[Hz]     dBSPL  Phase[Deg]
5.00000     37.816  -111.386
5.07273     37.956  -114.691
5.14651     38.105  -118.195
5.22137     38.235  -121.217
5.29732     38.383  -124.202
5.37437     38.531  -127.011
5.45254     38.693  -129.700
5.53185     38.850  -132.222
5.61231     39.018  -134.569
5.69394     39.227  -136.856
5.77676     39.396  -138.689
5.86079     39.620  -140.651
5.94604     39.858  -142.395
6.03252     40.108  -144.035
6.12027     40.368  -145.569
6.20929     40.649  -147.114
6.29961     40.948  -148.553
6.39124     41.233  -149.954
6.48420     41.546  -151.373
6.57851     41.869  -152.824
6.67420     42.197  -154.321
6.77128     42.501  -155.676
6.86977     42.855  -157.251
6.96969     43.154  -158.677
7.07107     43.487  -160.283
7.17392     43.817  -161.808
7.27827     44.123  -163.281
7.38413     44.397  -164.667
7.49154     44.704  -166.183
7.60050     44.988  -167.574
7.71105     45.268  -169.016
7.82321     45.562  -170.382
7.93701     45.834  -171.703
8.05245     46.093  -172.964
8.16958     46.358  -174.192
8.28841     46.611  -175.433
8.40896     46.862  -176.569
8.53128     47.115  -177.781
8.65537     47.393  -178.994
8.78126     47.620   179.886
8.90899     47.880   178.742
9.03857     48.113   177.583
9.17004     48.330   176.469
9.30342     48.565   175.337
9.43874     48.747   174.314
9.57603     48.981   173.276
9.71532     49.168   172.295
9.85663     49.357   171.370
10.0000     49.518   170.536
10.1455     49.706   169.759
10.2930     49.902   169.063
10.4427     50.054   168.489
10.5946     50.257   167.945
10.7487     50.416   167.507
10.9051     50.634   167.051
11.0637     50.843   166.629
11.2246     51.042   166.214
11.3879     51.262   165.813
11.5535     51.508   165.315
11.7216     51.721   164.805
11.8921     51.968   164.198
12.0650     52.195   163.576
12.2405     52.421   162.878
12.4186     52.627   162.120
12.5992     52.845   161.308
12.7825     53.048   160.457
12.9684     53.231   159.634
13.1570     53.400   158.744
13.3484     53.573   157.869
13.5426     53.711   157.012
13.7395     53.835   156.199
13.9394     53.943   155.419
14.1421     54.057   154.649
14.3478     54.155   153.921
14.5565     54.219   153.334
14.7683     54.278   152.810
14.9831     54.343   152.354
15.2010     54.390   151.997
15.4221     54.444   151.726
15.6464     54.484   151.567
15.8740     54.548   151.423
16.1049     54.574   151.438
16.3392     54.621   151.423
16.5768     54.645   151.450
16.8179     54.656   151.497
17.0626     54.686   151.448
17.3107     54.671   151.598
17.5625     54.616   151.863
17.8180     54.533   152.290
18.0771     54.426   153.006
18.3401     54.293   154.104
18.6068     54.168   155.528
18.8775     54.046   157.414
19.1521     53.943   159.905
19.4306     53.891   162.595
19.7133     53.897   165.839
20.0000     53.969   169.403
20.2909     54.126   173.143
20.5860     54.351   176.611
20.8855     54.635   179.720
21.1893     54.924  -177.006
21.4975     55.236  -173.622
21.8102     55.584  -170.197
22.1274     55.950  -166.434
22.4492     56.406  -162.544
22.7758     56.916  -158.736
23.1071     57.507  -155.030
23.4432     58.194  -151.250
23.7841     58.979  -147.576
24.1301     59.826  -144.639
24.4811     60.749  -142.123
24.8372     61.732  -140.244
25.1984     62.764  -138.887
25.5649     63.777  -138.419
25.9368     64.823  -138.609
26.3141     65.818  -139.608
26.6968     66.778  -141.331
27.0851     67.618  -143.694
27.4791     68.317  -146.405
27.8788     68.893  -149.088
28.2843     69.360  -151.143
28.6957     69.751  -152.373
29.1131     70.209  -152.616
29.5365     70.783  -152.268
29.9661     71.522  -151.968
30.4020     72.362  -152.319
30.8442     73.283  -153.671
31.2929     74.194  -155.978
31.7480     75.023  -159.012
32.2098     75.858  -163.010
32.6783     76.615  -167.438
33.1536     77.271  -171.868
33.6359     77.848  -176.342
34.1251     78.301   179.581
34.6215     78.681   175.719
35.1250     79.011   171.972
35.6359     79.327   168.038
36.1543     79.613   164.219
36.6802     79.876   160.449
37.2137     80.093   156.727
37.7550     80.259   153.192
38.3041     80.384   149.825
38.8613     80.479   146.602
39.4265     80.551   143.659
40.0000     80.609   140.910
40.5818     80.664   138.427
41.1721     80.721   136.064
41.7710     80.787   133.840
42.3785     80.857   131.711
42.9949     80.930   129.644
43.6203     81.003   127.649
44.2548     81.081   125.729
44.8985     81.155   123.853
45.5515     81.238   121.989
46.2141     81.310   120.154
46.8863     81.390   118.304
47.5683     81.457   116.501
48.2602     81.519   114.752
48.9621     81.577   113.062
49.6743     81.634   111.436
50.3968     81.702   109.826
51.1299     81.764   108.199
51.8736     81.812   106.604
52.6281     81.863   105.052
53.3936     81.913   103.556
54.1702     81.954   102.089
54.9581     82.002   100.658
55.7575     82.043    99.259
56.5685     82.075    97.912
57.3914     82.109    96.625
58.2261     82.152    95.405
59.0730     82.201    94.163
59.9323     82.248    92.940
60.8040     82.291    91.674
61.6884     82.332    90.383
62.5857     82.369    89.140
63.4960     82.395    87.987
64.4196     82.426    86.879
65.3566     82.456    85.807
66.3073     82.496    84.744
67.2717     82.537    83.686
68.2502     82.577    82.643
69.2429     82.628    81.617
70.2501     82.677    80.575
71.2719     82.722    79.509
72.3086     82.773    78.416
73.3603     82.814    77.317
74.4274     82.849    76.211
75.5099     82.880    75.105
76.6083     82.911    74.009
77.7226     82.928    72.945
78.8531     82.949    71.934
80.0000     82.964    70.956
81.1636     82.985    70.024
82.3442     83.008    69.112
83.5419     83.032    68.225
84.7570     83.058    67.327
85.9899     83.085    66.438
87.2406     83.115    65.565
88.5096     83.148    64.701
89.7970     83.187    63.828
91.1031     83.230    62.929
92.4282     83.272    61.951
93.7726     83.313    60.915
95.1366     83.344    59.850
96.5204     83.360    58.730
97.9243     83.359    57.648
99.3486     83.353    56.674
100.794     83.341    55.776
102.260     83.342    54.919
103.747     83.344    54.099
105.256     83.358    53.267
106.787     83.367    52.379
108.340     83.365    51.462
109.916     83.363    50.583
111.515     83.351    49.745
113.137     83.337    48.970
114.783     83.323    48.294
116.452     83.320    47.715
118.146     83.330    47.153
119.865     83.371    46.561
121.608     83.417    45.870
123.377     83.473    45.042
125.171     83.513    44.083
126.992     83.547    43.072
128.839     83.560    42.044
130.713     83.573    41.024
132.615     83.572    40.022
134.543     83.570    39.000
136.500     83.551    37.986
138.486     83.535    37.054
140.500     83.515    36.140
142.544     83.497    35.306
144.617     83.480    34.528
146.721     83.492    33.687
148.855     83.507    32.689
151.020     83.505    31.517
153.217     83.465    30.233
155.445     83.381    29.044
157.706     83.269    28.195
160.000     83.181    27.770
162.327     83.144    27.525
164.688     83.163    27.096
167.084     83.193    26.359
169.514     83.203    25.404
171.980     83.185    24.314
174.481     83.144    23.291
177.019     83.090    22.399
179.594     83.044    21.549
182.206     82.995    20.728
184.856     82.940    19.906
187.545     82.884    19.148
190.273     82.826    18.436
193.041     82.778    17.753
195.849     82.734    17.094
198.697     82.695    16.460
201.587     82.664    15.798
204.520     82.649    15.011
207.494     82.625    14.055
210.512     82.575    13.064
213.574     82.506    12.146
216.681     82.411    11.330
219.833     82.323    10.756
223.030     82.268    10.306
226.274     82.251     9.708
229.565     82.230     8.898
232.905     82.187     8.060
236.292     82.149     6.969
239.729     82.048     5.812
243.216     81.905     4.981
246.754     81.790     4.455
250.343     81.667     4.010
253.984     81.576     3.841
257.678     81.536     3.532
261.426     81.490     3.142
265.229     81.457     2.736
269.087     81.443     2.147
273.001     81.441     1.510
276.972     81.427     0.660
281.000     81.390    -0.348
285.088     81.343    -1.483
289.234     81.260    -2.824
293.441     81.107    -4.052
297.709     80.923    -4.986
302.040     80.715    -5.650
306.433     80.566    -5.772
310.890     80.481    -5.763
315.412     80.424    -6.101
320.000     80.351    -6.642
324.655     80.266    -7.243
329.377     80.168    -7.855
334.168     80.063    -8.432
339.028     79.948    -9.028
343.959     79.804    -9.694
348.962     79.599   -10.326
354.038     79.393   -10.087
359.188     79.342    -9.409
364.412     79.378    -9.250
369.713     79.446    -9.713
375.090     79.443   -10.580
380.546     79.372   -11.377
386.081     79.287   -11.885
391.697     79.265   -12.329
397.394     79.223   -13.313
403.175     79.140   -14.286
409.039     78.987   -15.214
414.989     78.769   -15.678
421.025     78.566   -15.182
427.149     78.516   -14.338
433.362     78.562   -14.067
439.665     78.617   -14.164
446.060     78.636   -14.825
452.548     78.603   -15.594
459.131     78.531   -16.381
465.809     78.420   -16.884
472.584     78.319   -17.172
479.458     78.218   -17.661
486.432     78.056   -18.025
493.507     77.919   -18.100
500.686     77.762   -18.103
507.968     77.606   -17.899
515.357     77.480   -17.525
522.853     77.341   -17.165
530.458     77.207   -16.718
538.174     77.082   -16.137
546.002     76.953   -15.424
553.943     76.850   -14.577
562.001     76.745   -13.586
570.175     76.689   -12.464
578.469     76.655   -11.276
586.883     76.655   -10.111
595.419     76.684    -8.939
604.080     76.744    -7.887
612.866     76.830    -6.900
621.780     76.945    -6.113
630.824     77.086    -5.397
640.000     77.238    -5.010
649.309     77.410    -4.789
658.753     77.576    -4.868
668.335     77.737    -5.111
678.056     77.893    -5.617
687.919     78.034    -6.285
697.925     78.175    -7.176
708.077     78.281    -8.229
718.376     78.366    -9.512
728.825     78.423   -10.878
739.426     78.450   -12.393
750.181     78.444   -13.959
761.093     78.406   -15.629
772.163     78.330   -17.276
783.394     78.219   -18.981
794.789     78.080   -20.573
806.349     77.893   -22.188
818.078     77.667   -23.664
829.977     77.407   -25.045
842.050     77.121   -26.169
854.298     76.795   -27.156
866.724     76.453   -27.796
879.330     76.080   -28.195
892.120     75.708   -28.190
905.097     75.329   -27.877
918.262     74.988   -27.160
931.618     74.653   -26.186
945.169     74.372   -24.871
958.917     74.133   -23.399
972.864     73.962   -21.820
987.015     73.823   -20.300
1001.37     73.746   -18.821
1015.94     73.701   -17.587
1030.71     73.707   -16.497
1045.71     73.739   -15.804
1060.92     73.785   -15.475
1076.35     73.788   -15.535
1092.00     73.776   -15.747
1107.89     73.751   -15.994
1124.00     73.683   -16.537
1140.35     73.566   -17.361
1156.94     73.422   -17.940
1173.77     73.209   -18.367
1190.84     72.951   -18.751
1208.16     72.671   -18.761
1225.73     72.389   -18.490
1243.56     72.132   -17.870
1261.65     71.885   -17.068
1280.00     71.665   -16.101
1298.62     71.472   -15.115
1317.51     71.310   -14.008
1336.67     71.175   -12.977
1356.11     71.050   -12.047
1375.84     70.944   -11.323
1395.85     70.850   -10.585
1416.15     70.738    -9.954
1436.75     70.609    -9.406
1457.65     70.459    -8.972
1478.85     70.287    -8.366
1500.36     70.120    -7.546
1522.19     69.948    -6.565
1544.33     69.787    -5.398
1566.79     69.651    -3.943
1589.58     69.531    -2.381
1612.70     69.469    -0.665
1636.16     69.461     1.045
1659.95     69.522     2.716
1684.10     69.623     4.194
1708.60     69.795     5.398
1733.45     70.005     6.258
1758.66     70.273     6.579
1784.24     70.557     6.207
1810.19     70.839     5.201
1836.52     71.075     3.567
1863.24     71.256     1.417
1890.34     71.360    -1.094
1917.83     71.387    -4.029
1945.73     71.314    -7.057
1974.03     71.149    -9.937
2002.74     70.900   -12.668
2031.87     70.619   -14.927
2061.43     70.341   -16.733
2091.41     70.094   -18.256
2121.83     69.906   -19.770
2152.69     69.780   -21.560
2184.01     69.677   -23.879
2215.77     69.559   -26.784
2248.00     69.368   -30.282
2280.70     69.075   -34.163
2313.87     68.676   -37.954
2347.53     68.213   -41.305
2381.68     67.739   -44.085
2416.32     67.327   -46.340
2451.46     67.020   -48.491
2487.12     66.855   -51.167
2523.30     66.786   -54.922
2560.00     66.741   -59.916
2597.24     66.654   -65.967
2635.01     66.491   -72.729
2673.34     66.236   -80.121
2712.23     65.927   -87.612
2751.68     65.607   -95.128
2791.70     65.323  -102.616
2832.31     65.074  -110.066
2873.50     64.834  -117.526
2915.30     64.587  -124.796
2957.70     64.338  -131.455
3000.72     64.116  -137.141
3044.37     63.971  -141.750
3088.65     63.987  -145.613
3133.58     64.186  -149.351
3179.16     64.522  -153.601
3225.40     64.902  -158.480
3272.31     65.257  -163.708
3319.91     65.564  -168.985
3368.20     65.859  -174.110
3417.19     66.172  -179.238
3466.89     66.485   175.287
3517.32     66.735   169.044
3568.48     66.851   162.297
3620.39     66.787   155.506
3673.05     66.549   149.147
3726.47     66.183   143.660
3780.67     65.779   139.137
3835.67     65.395   135.368
3891.46     65.023   132.080
3948.06     64.670   129.260
4005.49     64.399   126.894
4063.75     64.274   124.425
4122.86     64.253   121.079
4182.82     64.213   116.603
4243.66     64.069   111.620
4305.39     63.851   106.889
4368.01     63.689   102.531
4431.55     63.658    97.878
4496.01     63.691    92.255
4561.40     63.675    85.793
4627.75     63.587    79.208
4695.06     63.492    72.830
4763.35     63.454    66.410
4832.64     63.427    59.707
4902.93     63.355    53.085
4974.24     63.258    47.099
5046.60     63.185    41.787
5120.00     63.183    36.708
5194.47     63.246    31.619
5270.03     63.405    26.560
5346.68     63.714    21.015
5424.45     64.097    14.490
5503.35     64.374     6.522
5583.40     64.396    -1.905
5664.61     64.209    -9.431
5747.01     63.948   -15.767
5830.60     63.674   -21.369
5915.41     63.413   -26.349
6001.45     63.286   -30.662
6088.74     63.391   -35.581
6177.30     63.560   -42.562
6267.15     63.515   -51.063
6358.31     63.195   -59.406
6450.80     62.798   -66.416
6544.62     62.536   -72.564
6639.82     62.419   -79.412
6736.40     62.251   -87.552
6834.38     61.982   -95.527
6933.79     61.754  -102.744
7034.64     61.595  -110.611
7136.96     61.314  -119.283
7240.77     60.934  -126.979
7346.09     60.642  -133.538
7452.94     60.501  -139.806
7561.35     60.537  -145.853
7671.33     60.775  -152.740
7782.91     60.989  -161.226
7896.12     61.027  -170.291
8010.97     60.943  -179.438
8127.49     60.818   171.621
8245.71     60.864   162.537
8365.65     60.911   151.127
8487.33     60.474   139.239
8610.78     59.699   130.641
8736.03     58.983   125.617
8863.09     58.816   122.504
8992.01     59.274   116.420
9122.80     59.769   106.065
9255.50     60.009    93.045
9390.12     59.714    79.722
9526.70     58.942    69.229
9665.27     58.240    62.672
9805.86     58.141    57.401
9948.49     58.521    50.280
10093.2     59.004    39.924
10240.0     59.202    27.679
10388.9     59.420    14.517
10540.1     59.356    -1.737
10693.4     58.657   -17.179
10848.9     57.654   -28.600
11006.7     57.108   -34.642
11166.8     57.289   -44.841
11329.2     57.099   -56.004
11494.0     57.165   -68.602
11661.2     56.836   -83.230
11830.8     56.152   -98.129
12002.9     54.991  -107.676
12177.5     54.754  -114.552
12354.6     54.712  -123.902
12534.3     54.986  -135.484
12716.6     54.771  -152.077
12901.6     53.875  -166.042
13089.2     53.201  -176.027
13279.6     53.014   174.476
13472.8     52.939   164.476
13668.8     53.303   151.968
13867.6     53.534   135.094
14069.3     53.027   116.381
14273.9     51.949   100.393
14481.5     50.679    88.945
14692.2     50.181    80.928
14905.9     50.520    69.490
15122.7     50.073    53.855
15342.7     49.507    40.858
15565.8     48.699    30.520
15792.2     48.643    23.686
16021.9     49.593    11.644
16255.0     49.960    -5.937
16491.4     49.532   -22.463
16731.3     49.113   -35.354
16974.7     49.390   -46.822
17221.6     49.845   -64.938
17472.1     49.831   -82.575
17726.2     49.435   -96.070
17984.0     49.641  -107.244
18245.6     50.767  -123.090
18511.0     51.635  -143.829
18780.2     51.976  -165.663
19053.4     52.188   174.297
19330.5     52.642   153.342
19611.7     52.939   131.396
19897.0     53.407   107.274
20186.4     53.260    80.565
20480.0     52.678    55.713
20777.9     52.177    32.214
21080.1     51.256     9.574
21386.7     51.032    -7.278
21697.8     51.788   -30.759
22013.4     51.170   -59.554
22333.6     50.491   -78.779
22658.4     50.842   -95.484
22988.0     51.893  -119.757
23322.4     52.593  -144.158
23661.6     53.953  -176.529
24005.8     53.343   146.533
24355.0     53.102   119.762
24709.2     53.457    94.837
25068.6     54.393    64.006
25433.2     55.474    27.630
25803.2     55.462   -17.486
26178.5     54.177   -58.752
26559.3     52.615   -96.619
26945.6     50.950  -131.797
27337.5     49.315  -157.843
27735.2     49.220   170.951
28138.6     48.581   136.348
28547.9     47.629    98.738
28963.1     46.059    62.890
29384.4     44.039    29.470
29811.8     42.354     2.262
30245.4     41.566   -23.132
30685.3     41.554   -48.292
31131.7     42.878   -74.420
31584.5     43.306  -114.203
32043.9     43.631  -156.222
32510.0     42.286   160.563
32982.8     40.088   127.831
33462.6     41.864   101.767
33949.3     42.842    47.580
34443.1     42.613   -11.806
34944.1     39.874   -65.681
35452.4     37.183  -113.747
35968.0     34.052  -161.793
36491.2     31.339   171.613
37022.0     30.288   104.489
37560.5     29.042    40.153
38106.8     27.206   -53.668
38661.1     28.872  -111.608
39223.4     30.209  -172.147
39793.9     30.390   133.280
