Freq[Hz]     dBSPL  Phase[Deg]
5.00000     37.864  -111.330
5.07273     38.004  -114.634
5.14651     38.153  -118.138
5.22137     38.283  -121.159
5.29732     38.431  -124.143
5.37437     38.579  -126.951
5.45254     38.741  -129.640
5.53185     38.898  -132.160
5.61231     39.067  -134.506
5.69394     39.275  -136.793
5.77676     39.444  -138.624
5.86079     39.668  -140.585
5.94604     39.906  -142.329
6.03252     40.156  -143.968
6.12027     40.416  -145.501
6.20929     40.697  -147.044
6.29961     40.996  -148.483
6.39124     41.282  -149.882
6.48420     41.594  -151.301
6.57851     41.917  -152.751
6.67420     42.245  -154.247
6.77128     42.549  -155.601
6.86977     42.903  -157.174
6.96969     43.202  -158.600
7.07107     43.536  -160.205
7.17392     43.865  -161.729
7.27827     44.171  -163.200
7.38413     44.445  -164.585
7.49154     44.753  -166.099
7.60050     45.036  -167.489
7.71105     45.316  -168.930
7.82321     45.610  -170.295
7.93701     45.882  -171.615
8.05245     46.141  -172.874
8.16958     46.406  -174.101
8.28841     46.659  -175.340
8.40896     46.910  -176.476
8.53128     47.163  -177.686
8.65537     47.441  -178.897
8.78126     47.668   179.984
8.90899     47.929   178.841
9.03857     48.161   177.683
9.17004     48.378   176.571
9.30342     48.613   175.441
9.43874     48.795   174.419
9.57603     49.029   173.382
9.71532     49.216   172.403
9.85663     49.405   171.479
10.0000     49.566   170.647
10.1455     49.754   169.872
10.2930     49.950   169.178
10.4427     50.102   168.606
10.5946     50.305   168.063
10.7487     50.464   167.627
10.9051     50.683   167.172
11.0637     50.891   166.752
11.2246     51.090   166.338
11.3879     51.310   165.940
11.5535     51.556   165.444
11.7216     51.769   164.936
11.8921     52.016   164.330
12.0650     52.243   163.710
12.2405     52.470   163.014
12.4186     52.675   162.259
12.5992     52.893   161.449
12.7825     53.096   160.599
12.9684     53.279   159.779
13.1570     53.448   158.890
13.3484     53.621   158.017
13.5426     53.759   157.163
13.7395     53.883   156.352
13.9394     53.991   155.574
14.1421     54.105   154.806
14.3478     54.203   154.081
14.5565     54.267   153.496
14.7683     54.326   152.974
14.9831     54.391   152.521
15.2010     54.438   152.166
15.4221     54.492   151.897
15.6464     54.532   151.741
15.8740     54.596   151.600
16.1049     54.622   151.617
16.3392     54.669   151.605
16.5768     54.693   151.634
16.8179     54.704   151.684
17.0626     54.734   151.638
17.3107     54.719   151.791
17.5625     54.664   152.059
17.8180     54.581   152.488
18.0771     54.474   153.207
18.3401     54.341   154.309
18.6068     54.216   155.735
18.8775     54.094   157.624
19.1521     53.992   160.118
19.4306     53.939   162.812
19.7133     53.945   166.058
20.0000     54.017   169.626
20.2909     54.174   173.368
20.5860     54.400   176.840
20.8855     54.683   179.952
21.1893     54.973  -176.770
21.4975     55.284  -173.382
21.8102     55.632  -169.954
22.1274     55.998  -166.187
22.4492     56.454  -162.294
22.7758     56.964  -158.482
23.1071     57.555  -154.772
23.4432     58.242  -150.989
23.7841     59.027  -147.311
24.1301     59.874  -144.370
24.4811     60.797  -141.851
24.8372     61.780  -139.967
25.1984     62.812  -138.607
25.5649     63.825  -138.134
25.9368     64.871  -138.320
26.3141     65.866  -139.315
26.6968     66.826  -141.034
27.0851     67.666  -143.393
27.4791     68.366  -146.099
27.8788     68.941  -148.777
28.2843     69.408  -150.828
28.6957     69.799  -152.053
29.1131     70.257  -152.291
29.5365     70.831  -151.939
29.9661     71.570  -151.634
30.4020     72.410  -151.981
30.8442     73.331  -153.327
31.2929     74.242  -155.630
31.7480     75.072  -158.659
32.2098     75.906  -162.651
32.6783     76.663  -167.074
33.1536     77.319  -171.499
33.6359     77.896  -175.968
34.1251     78.349   179.961
34.6215     78.729   176.104
35.1250     79.059   172.363
35.6359     79.375   168.435
36.1543     79.661   164.622
36.6802     79.924   160.857
37.2137     80.141   157.141
37.7550     80.307   153.611
38.3041     80.433   150.249
38.8613     80.529   147.031
39.4265     80.601   144.094
40.0000     80.658   141.351
40.5818     80.714   138.873
41.1721     80.772   136.514
41.7710     80.840   134.296
42.3785     80.909   132.172
42.9949     80.982   130.112
43.6203     81.056   128.122
44.2548     81.135   126.208
44.8985     81.210   124.338
45.5515     81.294   122.480
46.2141     81.368   120.651
46.8863     81.449   118.809
47.5683     81.516   117.014
48.2602     81.580   115.273
48.9621     81.638   113.590
49.6743     81.698   111.972
50.3968     81.768   110.371
51.1299     81.831   108.753
51.8736     81.880   107.167
52.6281     81.932   105.624
53.3936     81.984   104.139
54.1702     82.027   102.683
54.9581     82.077   101.263
55.7575     82.120    99.876
56.5685     82.154    98.542
57.3914     82.190    97.268
58.2261     82.235    96.061
59.0730     82.285    94.833
59.9323     82.335    93.625
60.8040     82.380    92.376
61.6884     82.424    91.100
62.5857     82.463    89.874
63.4960     82.491    88.738
64.4196     82.524    87.649
65.3566     82.558    86.597
66.3073     82.598    85.554
67.2717     82.642    84.516
68.2502     82.685    83.495
69.2429     82.738    82.493
70.2501     82.791    81.473
71.2719     82.839    80.431
72.3086     82.892    79.365
73.3603     82.936    78.292
74.4274     82.974    77.212
75.5099     83.008    76.136
76.6083     83.042    75.069
77.7226     83.062    74.036
78.8531     83.086    73.057
80.0000     83.104    72.112
81.1636     83.129    71.213
82.3442     83.154    70.337
83.5419     83.181    69.488
84.7570     83.212    68.627
85.9899     83.242    67.776
87.2406     83.275    66.944
88.5096     83.312    66.122
89.7970     83.354    65.293
91.1031     83.401    64.438
92.4282     83.447    63.507
93.7726     83.492    62.519
95.1366     83.526    61.503
96.5204     83.546    60.435
97.9243     83.548    59.406
99.3486     83.546    58.485
100.794     83.538    57.643
102.260     83.543    56.845
103.747     83.549    56.083
105.256     83.567    55.314
106.787     83.580    54.489
108.340     83.583    53.636
109.916     83.585    52.825
111.515     83.576    52.057
113.137     83.567    51.353
114.783     83.556    50.751
116.452     83.558    50.247
118.146     83.573    49.764
119.865     83.618    49.251
121.608     83.667    48.643
123.377     83.729    47.901
125.171     83.773    47.030
126.992     83.811    46.108
128.839     83.830    45.173
130.713     83.848    44.249
132.615     83.851    43.344
134.543     83.855    42.423
136.500     83.840    41.514
138.486     83.829    40.687
140.500     83.814    39.883
142.544     83.801    39.162
144.617     83.789    38.500
146.721     83.807    37.779
148.855     83.827    36.902
151.020     83.830    35.856
153.217     83.796    34.702
155.445     83.719    33.645
157.706     83.612    32.932
160.000     83.530    32.647
162.327     83.499    32.545
164.688     83.526    32.264
167.084     83.561    31.678
169.514     83.578    30.879
171.980     83.567    29.949
174.481     83.533    29.089
177.019     83.486    28.365
179.594     83.447    27.687
182.206     83.407    27.042
184.856     83.360    26.401
187.545     83.313    25.829
190.273     83.262    25.307
193.041     83.224    24.817
195.849     83.191    24.358
198.697     83.161    23.929
201.587     83.140    23.474
204.520     83.135    22.901
207.494     83.122    22.163
210.512     83.085    21.396
213.574     83.028    20.706
216.681     82.946    20.122
219.833     82.872    19.787
223.030     82.830    19.578
226.274     82.830    19.227
229.565     82.823    18.668
232.905     82.798    18.086
236.292     82.777    17.256
239.729     82.694    16.361
243.216     82.571    15.799
246.754     82.477    15.543
250.343     82.375    15.373
253.984     82.308    15.481
257.678     82.291    15.454
261.426     82.270    15.346
265.229     82.264    15.225
269.087     82.277    14.920
273.001     82.305    14.569
276.972     82.321    14.005
281.000     82.316    13.284
285.088     82.301    12.431
289.234     82.253    11.375
293.441     82.137    10.426
297.709     81.990     9.770
302.040     81.821     9.379
306.433     81.711     9.525
310.890     81.666     9.798
315.412     81.651     9.720
320.000     81.620     9.431
324.655     81.579     9.076
329.377     81.524     8.704
334.168     81.462     8.362
339.028     81.392     7.994
343.959     81.293     7.555
348.962     81.134     7.146
354.038     80.971     7.606
359.188     80.965     8.501
364.412     81.046     8.875
369.713     81.156     8.624
375.090     81.196     7.969
380.546     81.166     7.384
386.081     81.122     7.090
391.697     81.142     6.860
397.394     81.140     6.093
403.175     81.097     5.342
409.039     80.985     4.642
414.989     80.809     4.407
421.025     80.648     5.139
427.149     80.643     6.221
433.362     80.736     6.736
439.665     80.841     6.884
446.060     80.912     6.467
452.548     80.939     5.940
459.131     80.931     5.385
465.809     80.889     5.100
472.584     80.863     5.005
479.458     80.845     4.683
486.432     80.774     4.447
493.507     80.735     4.451
500.686     80.684     4.467
507.968     80.639     4.612
515.357     80.630     4.840
522.853     80.612     4.946
530.458     80.599     5.027
538.174     80.592     5.111
546.002     80.576     5.198
553.943     80.577     5.287
562.001     80.560     5.394
570.175     80.575     5.518
578.469     80.590     5.618
586.883     80.613     5.624
595.419     80.637     5.602
604.080     80.667     5.453
612.866     80.693     5.266
621.780     80.722     4.935
630.824     80.753     4.610
640.000     80.772     4.061
649.309     80.794     3.458
658.753     80.794     2.680
668.335     80.776     1.868
678.056     80.742     0.928
687.919     80.686    -0.043
697.925     80.624    -1.107
708.077     80.522    -2.204
718.376     80.397    -3.406
728.825     80.241    -4.564
739.426     80.054    -5.747
750.181     79.833    -6.857
761.093     79.578    -7.935
772.163     79.287    -8.856
783.394     78.964    -9.687
794.789     78.616   -10.251
806.349     78.226   -10.668
818.078     77.807   -10.765
829.977     77.368   -10.573
842.050     76.923    -9.929
854.298     76.466    -8.953
866.724     76.030    -7.464
879.330     75.610    -5.608
892.120     75.245    -3.304
905.097     74.929    -0.750
918.262     74.708     2.019
931.618     74.537     4.752
945.169     74.446     7.434
958.917     74.401     9.862
972.864     74.405    12.014
987.015     74.404    13.818
1001.37     74.416    15.409
1015.94     74.411    16.718
1030.71     74.408    17.957
1045.71     74.392    18.968
1060.92     74.363    19.854
1076.35     74.272    20.661
1092.00     74.162    21.622
1107.89     74.057    22.723
1124.00     73.924    23.913
1140.35     73.773    25.218
1156.94     73.644    26.778
1173.77     73.499    28.576
1190.84     73.372    30.592
1208.16     73.288    32.846
1225.73     73.252    35.131
1243.56     73.281    37.425
1261.65     73.343    39.516
1280.00     73.458    41.437
1298.62     73.585    42.998
1317.51     73.698    44.358
1336.67     73.823    45.467
1356.11     73.945    46.354
1375.84     74.054    46.975
1395.85     74.142    47.573
1416.15     74.199    48.041
1436.75     74.239    48.390
1457.65     74.257    48.574
1478.85     74.245    48.848
1500.36     74.215    49.243
1522.19     74.175    49.697
1544.33     74.128    50.246
1566.79     74.090    50.998
1589.58     74.054    51.768
1612.70     74.054    52.635
1636.16     74.088    53.428
1659.95     74.162    54.101
1684.10     74.248    54.483
1708.60     74.359    54.578
1733.45     74.459    54.402
1758.66     74.568    53.833
1784.24     74.644    52.815
1810.19     74.689    51.546
1836.52     74.682    50.063
1863.24     74.633    48.475
1890.34     74.546    46.831
1917.83     74.438    45.049
1945.73     74.301    43.159
1974.03     74.136    41.185
2002.74     73.950    38.953
2031.87     73.747    36.557
2061.43     73.517    33.911
2091.41     73.252    30.906
2121.83     72.937    27.573
2152.69     72.574    24.006
2184.01     72.158    20.190
2215.77     71.694    16.205
2248.00     71.172    11.928
2280.70     70.611     7.387
2313.87     70.027     2.600
2347.53     69.443    -2.440
2381.68     68.874    -7.853
2416.32     68.333   -13.688
2451.46     67.841   -20.109
2487.12     67.424   -27.100
2523.30     67.100   -34.606
2560.00     66.886   -42.458
2597.24     66.793   -50.539
2635.01     66.822   -58.619
2673.34     66.986   -66.656
2712.23     67.256   -74.398
2751.68     67.610   -81.827
2791.70     68.010   -88.915
2832.31     68.425   -95.736
2873.50     68.831  -102.298
2915.30     69.200  -108.582
2957.70     69.518  -114.499
3000.72     69.785  -120.015
3044.37     70.010  -125.176
3088.65     70.193  -130.066
3133.58     70.333  -134.767
3179.16     70.423  -139.318
3225.40     70.467  -143.615
3272.31     70.469  -147.623
3319.91     70.450  -151.364
3368.20     70.455  -154.957
3417.19     70.490  -158.731
3466.89     70.528  -163.001
3517.32     70.500  -167.929
3568.48     70.358  -173.179
3620.39     70.100  -178.291
3673.05     69.777   177.099
3726.47     69.471   173.005
3780.67     69.233   169.000
3835.67     69.046   164.706
3891.46     68.854   160.161
3948.06     68.651   155.790
4005.49     68.542   151.881
4063.75     68.642   147.862
4122.86     68.922   142.774
4182.82     69.246   136.099
4243.66     69.463   128.188
4305.39     69.506   119.990
4368.01     69.423   112.301
4431.55     69.290   105.332
4496.01     69.147    99.005
4561.40     69.004    93.245
4627.75     68.885    88.128
4695.06     68.839    83.513
4763.35     68.899    78.986
4832.64     69.014    74.125
4902.93     69.128    68.860
4974.24     69.219    63.216
5046.60     69.255    57.072
5120.00     69.183    50.455
5194.47     68.938    43.786
5270.03     68.538    37.800
5346.68     68.101    33.068
5424.45     67.813    29.185
5503.35     67.725    25.131
5583.40     67.778    19.742
5664.61     67.803    12.536
5747.01     67.652     4.251
5830.60     67.322    -3.896
5915.41     66.953   -11.212
6001.45     66.649   -17.856
6088.74     66.438   -24.117
6177.30     66.374   -30.436
6267.15     66.384   -37.459
6358.31     66.300   -45.008
6450.80     66.118   -51.783
6544.62     66.072   -57.267
6639.82     66.276   -62.919
6736.40     66.553   -70.053
6834.38     66.713   -78.364
6933.79     66.674   -87.100
7034.64     66.413   -95.565
7136.96     66.021  -102.795
7240.77     65.696  -108.753
7346.09     65.453  -114.649
7452.94     65.187  -120.024
7561.35     65.138  -124.207
7671.33     65.457  -129.836
7782.91     65.770  -138.139
7896.12     65.909  -147.606
8010.97     65.885  -157.808
8127.49     65.691  -167.613
8245.71     65.598  -176.634
8365.65     65.530   172.885
8487.33     65.114   162.215
8610.78     64.541   153.690
8736.03     64.027   147.193
8863.09     63.902   142.790
8992.01     64.390   136.565
9122.80     64.885   126.344
9255.50     65.037   114.197
9390.12     64.802   102.301
9526.70     64.351    92.206
9665.27     63.938    84.476
9805.86     63.921    78.311
9948.49     64.340    70.262
10093.2     64.740    58.677
10240.0     64.792    46.096
10388.9     64.931    33.632
10540.1     64.882    18.893
10693.4     64.441     4.714
10848.9     63.645    -8.812
11006.7     62.732   -16.955
11166.8     62.623   -24.713
11329.2     62.676   -34.023
11494.0     63.030   -46.699
11661.2     62.983   -62.650
11830.8     62.302   -79.360
12002.9     60.996   -90.574
12177.5     60.414   -97.574
12354.6     60.359  -106.199
12534.3     60.548  -117.638
12716.6     60.533  -132.301
12901.6     59.954  -146.904
13089.2     59.282  -158.089
13279.6     58.769  -167.945
13472.8     58.555  -176.879
13668.8     58.741   171.824
13867.6     59.028   156.870
14069.3     58.532   138.642
14273.9     57.481   123.604
14481.5     56.325   112.731
14692.2     55.919   103.567
14905.9     55.963    93.321
15122.7     55.932    80.204
15342.7     55.505    64.747
15565.8     54.497    55.154
15792.2     54.572    49.907
16021.9     55.755    37.914
16255.0     56.110    19.088
16491.4     55.568     0.968
16731.3     55.080   -10.172
16974.7     55.464   -21.084
17221.6     55.973   -35.336
17472.1     56.442   -52.640
17726.2     56.296   -70.097
17984.0     56.302   -82.890
18245.6     57.333   -97.328
18511.0     58.217  -117.998
18780.2     58.454  -139.833
19053.4     58.634  -159.260
19330.5     59.202   179.862
19611.7     59.449   156.757
19897.0     59.876   133.359
20186.4     59.874   105.822
20480.0     59.311    82.142
20777.9     58.999    57.740
21080.1     58.200    33.399
21386.7     57.420    15.608
21697.8     58.122    -5.340
22013.4     57.724   -33.085
22333.6     56.725   -55.004
22658.4     56.624   -68.541
22988.0     57.865   -90.473
23322.4     58.647  -117.029
23661.6     59.294  -145.373
24005.8     59.412  -176.352
24355.0     59.314   156.870
24709.2     60.010   131.400
25068.6     61.361    99.855
25433.2     62.403    60.890
25803.2     62.495    16.754
26178.5     61.299   -25.917
26559.3     59.616   -63.046
26945.6     57.825   -96.995
27337.5     56.136  -122.913
27735.2     56.072  -152.106
28138.6     55.492   173.746
28547.9     54.585   137.455
28963.1     53.116   102.758
29384.4     51.197    71.895
29811.8     49.595    45.735
30245.4     48.626    22.223
30685.3     48.785    -0.713
31131.7     49.946   -31.031
31584.5     50.243   -69.843
32043.9     50.626  -110.986
32510.0     49.453  -154.126
32982.8     47.310   171.048
33462.6     48.905   150.528
33949.3     50.100    94.821
34443.1     49.678    37.486
34944.1     47.174   -17.139
35452.4     44.628   -68.616
35968.0     41.775  -118.693
36491.2     39.297  -160.508
37022.0     39.362   146.222
37560.5     38.665    82.751
38106.8     36.129    12.416
38661.1     36.122   -31.344
39223.4     37.319   -97.148
39793.9     37.217  -170.181
