Freq[Hz]     dBSPL  Phase[Deg]
5.00000     37.480  -111.783
5.07273     37.620  -115.093
5.14651     37.769  -118.603
5.22137     37.899  -121.631
5.29732     38.047  -124.622
5.37437     38.196  -127.437
5.45254     38.357  -130.133
5.53185     38.514  -132.661
5.61231     38.683  -135.014
5.69394     38.891  -137.308
5.77676     39.060  -139.147
5.86079     39.285  -141.116
5.94604     39.523  -142.867
6.03252     39.773  -144.514
6.12027     40.033  -146.055
6.20929     40.314  -147.606
6.29961     40.613  -149.053
6.39124     40.898  -150.461
6.48420     41.210  -151.888
6.57851     41.534  -153.346
6.67420     41.861  -154.851
6.77128     42.166  -156.213
6.86977     42.519  -157.796
6.96969     42.818  -159.230
7.07107     43.152  -160.845
7.17392     43.482  -162.378
7.27827     43.788  -163.859
7.38413     44.062  -165.253
7.49154     44.369  -166.777
7.60050     44.652  -168.177
7.71105     44.932  -169.628
7.82321     45.227  -171.003
7.93701     45.498  -172.333
8.05245     45.758  -173.603
8.16958     46.022  -174.840
8.28841     46.276  -176.091
8.40896     46.527  -177.237
8.53128     46.779  -178.458
8.65537     47.057  -179.681
8.78126     47.284   179.189
8.90899     47.545   178.035
9.03857     47.777   176.865
9.17004     47.994   175.741
9.30342     48.229   174.599
9.43874     48.411   173.565
9.57603     48.646   172.516
9.71532     48.833   171.524
9.85663     49.021   170.587
10.0000     49.183   169.742
10.1455     49.370   168.954
10.2930     49.567   168.246
10.4427     49.718   167.661
10.5946     49.922   167.104
10.7487     50.081   166.654
10.9051     50.299   166.185
11.0637     50.507   165.751
11.2246     50.707   165.323
11.3879     50.926   164.909
11.5535     51.172   164.398
11.7216     51.386   163.875
11.8921     51.632   163.254
12.0650     51.859   162.618
12.2405     52.086   161.906
12.4186     52.292   161.135
12.5992     52.509   160.308
12.7825     52.712   159.443
12.9684     52.896   158.605
13.1570     53.064   157.699
13.3484     53.237   156.809
13.5426     53.375   155.937
13.7395     53.500   155.109
13.9394     53.608   154.313
14.1421     53.722   153.526
14.3478     53.819   152.782
14.5565     53.884   152.179
14.7683     53.943   151.637
14.9831     54.007   151.165
15.2010     54.055   150.791
15.4221     54.108   150.501
15.6464     54.149   150.325
15.8740     54.212   150.163
16.1049     54.239   150.160
16.3392     54.286   150.126
16.5768     54.310   150.134
16.8179     54.321   150.162
17.0626     54.351   150.094
17.3107     54.336   150.224
17.5625     54.280   150.469
17.8180     54.197   150.876
18.0771     54.090   151.571
18.3401     53.957   152.649
18.6068     53.833   154.051
18.8775     53.711   155.915
19.1521     53.608   158.385
19.4306     53.556   161.053
19.7133     53.562   164.274
20.0000     53.633   167.815
20.2909     53.790   171.532
20.5860     54.016   174.977
20.8855     54.300   178.062
21.1893     54.589  -178.688
21.4975     54.900  -175.328
21.8102     55.249  -171.928
22.1274     55.614  -168.190
22.4492     56.071  -164.326
22.7758     56.581  -160.544
23.1071     57.171  -156.864
23.4432     57.858  -153.111
23.7841     58.643  -149.464
24.1301     59.490  -146.554
24.4811     60.414  -144.066
24.8372     61.396  -142.215
25.1984     62.428  -140.887
25.5649     63.442  -140.448
25.9368     64.487  -140.668
26.3141     65.482  -141.696
26.6968     66.443  -143.451
27.0851     67.283  -145.844
27.4791     67.982  -148.586
27.8788     68.557  -151.301
28.2843     69.025  -153.388
28.6957     69.416  -154.650
29.1131     69.874  -154.926
29.5365     70.447  -154.613
29.9661     71.186  -154.347
30.4020     72.027  -154.733
30.8442     72.947  -156.119
31.2929     73.859  -158.462
31.7480     74.688  -161.532
32.2098     75.522  -165.566
32.6783     76.279  -170.031
33.1536     76.936  -174.500
33.6359     77.513  -179.012
34.1251     77.966   176.873
34.6215     78.345   172.970
35.1250     78.675   169.184
35.6359     78.992   165.210
36.1543     79.277   161.349
36.6802     79.541   157.537
37.2137     79.758   153.773
37.7550     79.924   150.194
38.3041     80.052   146.782
38.8613     80.148   143.515
39.4265     80.222   140.526
40.0000     80.280   137.732
40.5818     80.338   135.203
41.1721     80.398   132.792
41.7710     80.467   130.520
42.3785     80.539   128.344
42.9949     80.616   126.228
43.6203     80.691   124.185
44.2548     80.775   122.216
44.8985     80.852   120.291
45.5515     80.940   118.378
46.2141     81.017   116.493
46.8863     81.101   114.593
47.5683     81.173   112.742
48.2602     81.242   110.944
48.9621     81.305   109.203
49.6743     81.368   107.528
50.3968     81.442   105.869
51.1299     81.510   104.193
51.8736     81.565   102.549
52.6281     81.623   100.947
53.3936     81.680    99.403
54.1702     81.729    97.888
54.9581     81.785    96.408
55.7575     81.833    94.961
56.5685     81.873    93.567
57.3914     81.917    92.234
58.2261     81.967    90.967
59.0730     82.025    89.678
59.9323     82.082    88.410
60.8040     82.135    87.100
61.6884     82.185    85.764
62.5857     82.231    84.477
63.4960     82.268    83.280
64.4196     82.309    82.131
65.3566     82.350    81.017
66.3073     82.399    79.914
67.2717     82.452    78.816
68.2502     82.503    77.734
69.2429     82.565    76.671
70.2501     82.626    75.591
71.2719     82.684    74.488
72.3086     82.746    73.362
73.3603     82.799    72.228
74.4274     82.847    71.088
75.5099     82.890    69.952
76.6083     82.935    68.825
77.7226     82.965    67.733
78.8531     82.998    66.693
80.0000     83.026    65.688
81.1636     83.061    64.730
82.3442     83.098    63.796
83.5419     83.136    62.888
84.7570     83.177    61.968
85.9899     83.218    61.060
87.2406     83.263    60.169
88.5096     83.311    59.291
89.7970     83.364    58.403
91.1031     83.423    57.491
92.4282     83.481    56.505
93.7726     83.539    55.460
95.1366     83.584    54.388
96.5204     83.617    53.266
97.9243     83.633    52.181
99.3486     83.644    51.207
100.794     83.647    50.311
102.260     83.666    49.459
103.747     83.686    48.645
105.256     83.717    47.823
106.787     83.744    46.948
108.340     83.760    46.045
109.916     83.776    45.183
111.515     83.782    44.365
113.137     83.787    43.612
114.783     83.791    42.962
116.452     83.809    42.411
118.146     83.838    41.881
119.865     83.899    41.323
121.608     83.964    40.670
123.377     84.041    39.883
125.171     84.101    38.968
126.992     84.156    38.005
128.839     84.190    37.027
130.713     84.225    36.063
132.615     84.246    35.118
134.543     84.266    34.158
136.500     84.269    33.211
138.486     84.277    32.347
140.500     84.280    31.505
142.544     84.286    30.750
144.617     84.293    30.054
146.721     84.329    29.299
148.855     84.369    28.390
151.020     84.393    27.313
153.217     84.379    26.128
155.445     84.322    25.042
157.706     84.237    24.302
160.000     84.176    23.988
162.327     84.168    23.862
164.688     84.216    23.554
167.084     84.275    22.944
169.514     84.315    22.120
171.980     84.329    21.168
174.481     84.320    20.286
177.019     84.299    19.540
179.594     84.286    18.842
182.206     84.272    18.178
184.856     84.253    17.518
187.545     84.235    16.926
190.273     84.214    16.385
193.041     84.204    15.877
195.849     84.201    15.400
198.697     84.205    14.952
201.587     84.217    14.479
204.520     84.245    13.886
207.494     84.266    13.128
210.512     84.264    12.339
213.574     84.243    11.629
216.681     84.199    11.020
219.833     84.164    10.659
223.030     84.163    10.422
226.274     84.203    10.040
229.565     84.241     9.448
232.905     84.259     8.829
236.292     84.284     7.957
239.729     84.249     7.018
243.216     84.174     6.405
246.754     84.130     6.092
250.343     84.080     5.860
253.984     84.066     5.898
257.678     84.104     5.791
261.426     84.139     5.597
265.229     84.192     5.377
269.087     84.264     4.967
273.001     84.354     4.497
276.972     84.432     3.803
281.000     84.492     2.937
285.088     84.543     1.927
289.234     84.562     0.697
293.441     84.514    -0.441
297.709     84.436    -1.304
302.040     84.337    -1.918
306.433     84.299    -2.014
310.890     84.327    -2.001
315.412     84.384    -2.364
320.000     84.428    -2.954
324.655     84.460    -3.633
329.377     84.479    -4.351
334.168     84.491    -5.062
339.028     84.496    -5.820
343.959     84.469    -6.668
348.962     84.385    -7.505
354.038     84.297    -7.498
359.188     84.363    -7.077
364.412     84.515    -7.205
369.713     84.695    -7.978
375.090     84.805    -9.182
380.546     84.842   -10.338
386.081     84.864   -11.230
391.697     84.946   -12.082
397.394     85.007   -13.498
403.175     85.021   -14.924
409.039     84.966   -16.325
414.989     84.844   -17.286
421.025     84.735   -17.309
427.149     84.777   -17.010
433.362     84.914   -17.311
439.665     85.061   -18.004
446.060     85.169   -19.290
452.548     85.229   -20.716
459.131     85.251   -22.195
465.809     85.233   -23.431
472.584     85.225   -24.500
479.458     85.220   -25.821
486.432     85.156   -27.069
493.507     85.118   -28.095
500.686     85.062   -29.117
507.968     85.003   -30.016
515.357     84.972   -30.832
522.853     84.923   -31.761
530.458     84.872   -32.696
538.174     84.816   -33.602
546.002     84.745   -34.466
553.943     84.681   -35.281
562.001     84.592   -36.020
570.175     84.528   -36.676
578.469     84.461   -37.282
586.883     84.399   -37.895
595.419     84.337   -38.454
604.080     84.280   -39.040
612.866     84.224   -39.579
621.780     84.174   -40.159
630.824     84.133   -40.657
640.000     84.089   -41.275
649.309     84.056   -41.876
658.753     84.014   -42.549
668.335     83.968   -43.197
678.056     83.922   -43.881
687.919     83.872   -44.553
697.925     83.837   -45.246
708.077     83.782   -45.938
718.376     83.731   -46.694
728.825     83.671   -47.402
739.426     83.611   -48.131
750.181     83.547   -48.816
761.093     83.482   -49.522
772.163     83.410   -50.152
783.394     83.342   -50.805
794.789     83.281   -51.348
806.349     83.213   -51.945
818.078     83.143   -52.471
829.977     83.080   -53.014
842.050     83.029   -53.452
854.298     82.974   -53.972
866.724     82.933   -54.392
879.330     82.889   -54.895
892.120     82.860   -55.339
905.097     82.826   -55.862
918.262     82.819   -56.373
931.618     82.794   -57.001
945.169     82.780   -57.601
958.917     82.756   -58.280
972.864     82.738   -58.950
987.015     82.691   -59.665
1001.37     82.650   -60.261
1015.94     82.600   -60.862
1030.71     82.571   -61.277
1045.71     82.560   -61.753
1060.92     82.568   -62.239
1076.35     82.559   -62.783
1092.00     82.567   -63.212
1107.89     82.603   -63.659
1124.00     82.650   -64.186
1140.35     82.714   -64.859
1156.94     82.790   -65.533
1173.77     82.844   -66.272
1190.84     82.916   -67.112
1208.16     82.998   -67.957
1225.73     83.093   -68.924
1243.56     83.209   -69.967
1261.65     83.320   -71.200
1280.00     83.449   -72.632
1298.62     83.560   -74.294
1317.51     83.636   -75.907
1336.67     83.710   -77.670
1356.11     83.776   -79.527
1375.84     83.831   -81.445
1395.85     83.873   -83.207
1416.15     83.899   -84.986
1436.75     83.929   -86.796
1457.65     83.970   -88.707
1478.85     84.008   -90.554
1500.36     84.048   -92.352
1522.19     84.106   -94.230
1544.33     84.170   -96.213
1566.79     84.239   -98.221
1589.58     84.308  -100.505
1612.70     84.380  -102.858
1636.16     84.442  -105.364
1659.95     84.494  -107.949
1684.10     84.516  -110.752
1708.60     84.524  -113.538
1733.45     84.502  -116.190
1758.66     84.483  -118.877
1784.24     84.443  -121.649
1810.19     84.403  -124.299
1836.52     84.354  -126.892
1863.24     84.312  -129.403
1890.34     84.275  -131.889
1917.83     84.260  -134.476
1945.73     84.239  -137.182
1974.03     84.202  -139.941
2002.74     84.148  -142.845
2031.87     84.079  -145.683
2061.43     83.991  -148.417
2091.41     83.893  -151.038
2121.83     83.790  -153.499
2152.69     83.707  -155.738
2184.01     83.650  -157.876
2215.77     83.626  -159.967
2248.00     83.622  -162.168
2280.70     83.637  -164.545
2313.87     83.645  -167.057
2347.53     83.647  -169.617
2381.68     83.637  -172.168
2416.32     83.617  -174.600
2451.46     83.600  -176.948
2487.12     83.610  -179.245
2523.30     83.640   178.441
2560.00     83.696   176.031
2597.24     83.754   173.458
2635.01     83.804   170.772
2673.34     83.834   167.910
2712.23     83.850   165.090
2751.68     83.859   162.362
2791.70     83.878   159.704
2832.31     83.903   157.000
2873.50     83.924   154.127
2915.30     83.921   151.046
2957.70     83.875   147.974
3000.72     83.780   145.116
3044.37     83.657   142.609
3088.65     83.545   140.559
3133.58     83.479   138.764
3179.16     83.472   136.937
3225.40     83.491   134.946
3272.31     83.498   132.768
3319.91     83.471   130.593
3368.20     83.442   128.686
3417.19     83.449   126.943
3466.89     83.500   125.083
3517.32     83.549   122.768
3568.48     83.540   120.231
3620.39     83.457   117.893
3673.05     83.352   116.100
3726.47     83.306   114.786
3780.67     83.349   113.400
3835.67     83.430   111.462
3891.46     83.453   108.997
3948.06     83.371   106.528
4005.49     83.241   104.580
4063.75     83.160   103.041
4122.86     83.129   101.286
4182.82     83.042    98.987
4243.66     82.805    96.739
4305.39     82.453    95.619
4368.01     82.172    96.030
4431.55     82.118    97.051
4496.01     82.235    97.450
4561.40     82.394    96.962
4627.75     82.517    95.992
4695.06     82.611    94.892
4763.35     82.706    93.591
4832.64     82.755    92.008
4902.93     82.737    90.464
4974.24     82.695    89.231
5046.60     82.667    88.146
5120.00     82.647    86.949
5194.47     82.571    85.677
5270.03     82.426    84.745
5346.68     82.276    84.525
5424.45     82.222    84.926
5503.35     82.294    85.310
5583.40     82.432    85.104
5664.61     82.559    84.286
5747.01     82.626    83.183
5830.60     82.644    82.167
5915.41     82.664    81.333
6001.45     82.700    80.515
6088.74     82.742    79.556
6177.30     82.786    78.312
6267.15     82.756    76.690
6358.31     82.573    75.230
6450.80     82.327    74.964
6544.62     82.216    75.690
6639.82     82.288    76.167
6736.40     82.361    75.685
6834.38     82.348    75.108
6933.79     82.329    75.010
7034.64     82.345    74.976
7136.96     82.393    74.898
7240.77     82.481    74.643
7346.09     82.541    73.876
7452.94     82.528    73.310
7561.35     82.596    73.277
7671.33     82.763    72.212
7782.91     82.768    70.092
7896.12     82.575    68.501
8010.97     82.277    67.692
8127.49     81.926    68.578
8245.71     81.897    71.079
8365.65     82.160    71.714
8487.33     82.250    70.759
8610.78     82.196    70.334
8736.03     82.112    70.522
8863.09     82.138    71.370
8992.01     82.320    71.429
9122.80     82.399    70.498
9255.50     82.393    69.700
9390.12     82.348    68.859
9526.70     82.161    68.233
9665.27     81.948    69.159
9805.86     81.996    70.793
9948.49     82.214    71.321
10093.2     82.385    70.297
10240.0     82.253    69.687
10388.9     82.397    70.562
10540.1     82.555    68.388
10693.4     82.265    66.785
10848.9     81.887    67.096
11006.7     81.797    69.935
11166.8     82.013    69.991
11329.2     81.897    70.796
11494.0     82.068    72.014
11661.2     82.291    72.250
11830.8     82.425    70.769
12002.9     82.320    70.626
12177.5     82.372    70.481
12354.6     82.337    70.426
12534.3     82.364    70.511
12716.6     82.415    70.279
12901.6     82.336    69.793
13089.2     82.340    70.828
13279.6     82.559    70.064
13472.8     82.418    68.808
13668.8     82.260    69.412
13867.6     82.430    70.196
14069.3     82.408    68.799
14273.9     82.317    69.066
14481.5     82.315    69.671
14692.2     82.428    68.873
14905.9     82.391    68.481
15122.7     82.237    68.484
15342.7     82.359    68.310
15565.8     82.261    68.033
15792.2     82.150    68.929
16021.9     82.436    68.662
16255.0     82.383    67.402
16491.4     82.250    67.872
16731.3     82.361    67.913
16974.7     82.452    67.303
17221.6     82.464    67.018
17472.1     82.546    66.501
17726.2     82.637    65.631
17984.0     82.663    64.944
18245.6     82.763    64.077
18511.0     82.911    62.635
18780.2     82.940    60.616
19053.4     82.906    59.800
19330.5     83.068    57.814
19611.7     82.998    55.696
19897.0     83.268    53.607
20186.4     83.305    48.680
20480.0     83.114    44.581
20777.9     82.747    39.354
21080.1     81.883    36.053
21386.7     81.149    36.353
21697.8     80.863    37.849
22013.4     80.834    37.724
22333.6     80.843    35.647
22658.4     80.437    34.728
22988.0     80.361    34.770
23322.4     80.428    35.950
23661.6     80.702    34.559
24005.8     81.250    37.730
24355.0     82.729    33.664
24709.2     83.866    27.778
25068.6     85.540    18.179
25433.2     87.145    -0.497
25803.2     87.484   -26.554
26178.5     86.148   -51.549
26559.3     83.965   -68.826
26945.6     81.998   -82.875
27337.5     79.576   -93.710
27735.2     77.429  -100.893
28138.6     75.648  -104.382
28547.9     74.592  -110.698
28963.1     73.302  -121.049
29384.4     71.439  -134.235
29811.8     68.358  -150.325
30245.4     62.620  -170.017
30685.3     52.829    89.721
31131.7     64.050   -21.517
31584.5     68.305   -52.650
32043.9     69.457   -74.630
32510.0     68.578   -90.225
32982.8     66.320   -92.325
33462.6     69.526   -72.508
33949.3     71.583  -101.244
34443.1     71.227  -124.152
34944.1     68.220  -139.619
35452.4     65.755  -139.633
35968.0     64.041  -135.291
36491.2     63.688  -123.170
37022.0     65.133  -128.098
37560.5     64.315  -135.985
38106.8     62.988  -144.167
38661.1     60.636  -127.704
39223.4     64.189  -120.294
39793.9     65.521  -141.005
