Freq[Hz]     dBSPL  Phase[Deg]
5.00000     37.864  -111.330
5.07273     38.004  -114.634
5.14651     38.153  -118.138
5.22137     38.283  -121.159
5.29732     38.431  -124.143
5.37437     38.579  -126.951
5.45254     38.741  -129.640
5.53185     38.898  -132.160
5.61231     39.067  -134.506
5.69394     39.275  -136.793
5.77676     39.444  -138.624
5.86079     39.668  -140.585
5.94604     39.906  -142.329
6.03252     40.156  -143.968
6.12027     40.416  -145.501
6.20929     40.697  -147.044
6.29961     40.996  -148.483
6.39124     41.282  -149.882
6.48420     41.594  -151.301
6.57851     41.917  -152.751
6.67420     42.245  -154.247
6.77128     42.549  -155.600
6.86977     42.903  -157.174
6.96969     43.202  -158.599
7.07107     43.536  -160.205
7.17392     43.865  -161.729
7.27827     44.171  -163.200
7.38413     44.445  -164.585
7.49154     44.753  -166.099
7.60050     45.036  -167.489
7.71105     45.316  -168.930
7.82321     45.610  -170.295
7.93701     45.882  -171.615
8.05245     46.141  -172.874
8.16958     46.406  -174.101
8.28841     46.659  -175.340
8.40896     46.910  -176.476
8.53128     47.163  -177.686
8.65537     47.441  -178.897
8.78126     47.668   179.984
8.90899     47.929   178.841
9.03857     48.161   177.683
9.17004     48.378   176.571
9.30342     48.613   175.441
9.43874     48.795   174.419
9.57603     49.029   173.382
9.71532     49.216   172.403
9.85663     49.405   171.479
10.0000     49.566   170.647
10.1455     49.754   169.872
10.2930     49.950   169.178
10.4427     50.102   168.606
10.5946     50.305   168.063
10.7487     50.464   167.627
10.9051     50.683   167.172
11.0637     50.891   166.752
11.2246     51.090   166.338
11.3879     51.310   165.940
11.5535     51.556   165.444
11.7216     51.769   164.936
11.8921     52.016   164.330
12.0650     52.243   163.710
12.2405     52.470   163.014
12.4186     52.675   162.259
12.5992     52.893   161.449
12.7825     53.096   160.599
12.9684     53.279   159.779
13.1570     53.448   158.890
13.3484     53.621   158.017
13.5426     53.759   157.163
13.7395     53.883   156.352
13.9394     53.991   155.574
14.1421     54.105   154.806
14.3478     54.203   154.081
14.5565     54.267   153.496
14.7683     54.326   152.974
14.9831     54.391   152.521
15.2010     54.438   152.166
15.4221     54.492   151.897
15.6464     54.532   151.741
15.8740     54.596   151.600
16.1049     54.622   151.617
16.3392     54.669   151.605
16.5768     54.693   151.634
16.8179     54.704   151.684
17.0626     54.734   151.638
17.3107     54.719   151.791
17.5625     54.664   152.059
17.8180     54.581   152.488
18.0771     54.474   153.207
18.3401     54.341   154.309
18.6068     54.216   155.735
18.8775     54.094   157.624
19.1521     53.992   160.118
19.4306     53.939   162.812
19.7133     53.945   166.058
20.0000     54.017   169.626
20.2909     54.174   173.368
20.5860     54.400   176.840
20.8855     54.683   179.952
21.1893     54.973  -176.770
21.4975     55.284  -173.382
21.8102     55.632  -169.954
22.1274     55.998  -166.187
22.4492     56.454  -162.294
22.7758     56.964  -158.482
23.1071     57.555  -154.772
23.4432     58.242  -150.989
23.7841     59.027  -147.311
24.1301     59.874  -144.370
24.4811     60.797  -141.851
24.8372     61.780  -139.967
25.1984     62.812  -138.607
25.5649     63.825  -138.134
25.9368     64.871  -138.320
26.3141     65.866  -139.315
26.6968     66.826  -141.034
27.0851     67.666  -143.393
27.4791     68.366  -146.099
27.8788     68.941  -148.777
28.2843     69.408  -150.828
28.6957     69.799  -152.053
29.1131     70.257  -152.291
29.5365     70.831  -151.939
29.9661     71.570  -151.634
30.4020     72.410  -151.981
30.8442     73.331  -153.327
31.2929     74.242  -155.630
31.7480     75.072  -158.659
32.2098     75.906  -162.651
32.6783     76.663  -167.074
33.1536     77.319  -171.499
33.6359     77.896  -175.968
34.1251     78.349   179.961
34.6215     78.729   176.104
35.1250     79.059   172.363
35.6359     79.375   168.435
36.1543     79.661   164.622
36.6802     79.924   160.857
37.2137     80.141   157.141
37.7550     80.307   153.611
38.3041     80.434   150.249
38.8613     80.530   147.032
39.4265     80.602   144.094
40.0000     80.660   141.351
40.5818     80.716   138.874
41.1721     80.775   136.515
41.7710     80.843   134.298
42.3785     80.913   132.174
42.9949     80.987   130.114
43.6203     81.062   128.126
44.2548     81.142   126.212
44.8985     81.218   124.344
45.5515     81.303   122.487
46.2141     81.378   120.660
46.8863     81.460   118.819
47.5683     81.529   117.026
48.2602     81.594   115.287
48.9621     81.654   113.606
49.6743     81.715   111.991
50.3968     81.786   110.392
51.1299     81.851   108.778
51.8736     81.902   107.196
52.6281     81.956   105.656
53.3936     82.009   104.175
54.1702     82.054   102.723
54.9581     82.107   101.308
55.7575     82.151    99.926
56.5685     82.187    98.598
57.3914     82.225    97.330
58.2261     82.272    96.129
59.0730     82.324    94.907
59.9323     82.377    93.707
60.8040     82.424    92.465
61.6884     82.470    91.197
62.5857     82.512    89.979
63.4960     82.543    88.852
64.4196     82.578    87.773
65.3566     82.614    86.730
66.3073     82.658    85.698
67.2717     82.704    84.670
68.2502     82.750    83.661
69.2429     82.806    82.671
70.2501     82.862    81.664
71.2719     82.913    80.635
72.3086     82.969    79.582
73.3603     83.016    78.523
74.4274     83.057    77.459
75.5099     83.094    76.399
76.6083     83.131    75.348
77.7226     83.154    74.332
78.8531     83.182    73.370
80.0000     83.204    72.444
81.1636     83.231    71.565
82.3442     83.260    70.708
83.5419     83.291    69.880
84.7570     83.325    69.040
85.9899     83.359    68.212
87.2406     83.396    67.403
88.5096     83.436    66.605
89.7970     83.482    65.801
91.1031     83.533    64.971
92.4282     83.583    64.068
93.7726     83.632    63.107
95.1366     83.670    62.121
96.5204     83.695    61.081
97.9243     83.701    60.083
99.3486     83.703    59.194
100.794     83.699    58.385
102.260     83.708    57.619
103.747     83.719    56.894
105.256     83.742    56.160
106.787     83.759    55.372
108.340     83.767    54.558
109.916     83.774    53.786
111.515     83.770    53.058
113.137     83.765    52.396
114.783     83.760    51.837
116.452     83.767    51.379
118.146     83.787    50.940
119.865     83.837    50.475
121.608     83.891    49.915
123.377     83.958    49.223
125.171     84.008    48.403
126.992     84.052    47.534
128.839     84.076    46.653
130.713     84.100    45.784
132.615     84.109    44.937
134.543     84.118    44.075
136.500     84.110    43.226
138.486     84.105    42.460
140.500     84.097    41.719
142.544     84.090    41.064
144.617     84.085    40.469
146.721     84.109    39.816
148.855     84.136    39.009
151.020     84.147    38.035
153.217     84.119    36.955
155.445     84.049    35.973
157.706     83.949    35.337
160.000     83.875    35.131
162.327     83.852    35.111
164.688     83.887    34.912
167.084     83.931    34.409
169.514     83.956    33.697
171.980     83.954    32.855
174.481     83.929    32.086
177.019     83.892    31.453
179.594     83.862    30.870
182.206     83.831    30.321
184.856     83.795    29.776
187.545     83.757    29.304
190.273     83.718    28.884
193.041     83.690    28.497
195.849     83.667    28.143
198.697     83.650    27.820
201.587     83.641    27.474
204.520     83.648    27.010
207.494     83.648    26.384
210.512     83.623    25.730
213.574     83.581    25.155
216.681     83.513    24.686
219.833     83.453    24.468
223.030     83.427    24.378
226.274     83.441    24.145
229.565     83.451    23.707
232.905     83.442    23.246
236.292     83.439    22.537
239.729     83.374    21.765
243.216     83.270    21.325
246.754     83.194    21.191
250.343     83.112    21.143
253.984     83.065    21.373
257.678     83.068    21.466
261.426     83.069    21.478
265.229     83.086    21.474
269.087     83.121    21.288
273.001     83.173    21.051
276.972     83.213    20.601
281.000     83.232    19.989
285.088     83.244    19.246
289.234     83.221    18.294
293.441     83.130    17.448
297.709     83.011    16.889
302.040     82.869    16.595
306.433     82.786    16.833
310.890     82.770    17.194
315.412     82.783    17.196
320.000     82.781    16.987
324.655     82.768    16.706
329.377     82.743    16.405
334.168     82.710    16.127
339.028     82.669    15.820
343.959     82.599    15.440
348.962     82.471    15.088
354.038     82.339    15.599
359.188     82.362    16.541
364.412     82.474    16.955
369.713     82.614    16.742
375.090     82.684    16.118
380.546     82.686    15.559
386.081     82.671    15.283
391.697     82.721    15.064
397.394     82.750    14.301
403.175     82.738    13.542
409.039     82.657    12.824
414.989     82.513    12.561
421.025     82.384    13.249
427.149     82.409    14.273
433.362     82.534    14.713
439.665     82.670    14.768
446.060     82.774    14.240
452.548     82.830    13.578
459.131     82.854    12.863
465.809     82.840    12.393
472.584     82.842    12.084
479.458     82.850    11.519
486.432     82.802    11.014
493.507     82.783    10.718
500.686     82.749    10.404
507.968     82.715    10.192
515.357     82.713    10.039
522.853     82.693     9.741
530.458     82.672     9.399
538.174     82.648     9.047
546.002     82.606     8.695
553.943     82.572     8.347
562.001     82.509     8.026
570.175     82.470     7.743
578.469     82.420     7.462
586.883     82.369     7.126
595.419     82.310     6.806
604.080     82.248     6.413
612.866     82.174     6.042
621.780     82.097     5.594
630.824     82.015     5.225
640.000     81.917     4.708
649.309     81.817     4.222
658.753     81.691     3.647
668.335     81.545     3.129
678.056     81.384     2.583
687.919     81.200     2.102
697.925     81.010     1.635
708.077     80.784     1.247
718.376     80.539     0.870
728.825     80.268     0.663
739.426     79.975     0.562
750.181     79.659     0.674
761.093     79.326     0.961
772.163     78.975     1.556
783.394     78.617     2.384
794.789     78.267     3.612
806.349     77.915     5.092
818.078     77.583     6.948
829.977     77.283     9.082
842.050     77.038    11.557
854.298     76.835    14.143
866.724     76.704    16.900
879.330     76.621    19.579
892.120     76.606    22.196
905.097     76.626    24.557
918.262     76.704    26.682
931.618     76.778    28.444
945.169     76.868    29.968
958.917     76.941    31.201
972.864     77.006    32.247
987.015     77.020    33.121
1001.37     77.017    34.018
1015.94     76.979    34.890
1030.71     76.937    35.952
1045.71     76.890    37.028
1060.92     76.846    38.189
1076.35     76.767    39.449
1092.00     76.702    40.961
1107.89     76.672    42.585
1124.00     76.657    44.285
1140.35     76.670    45.985
1156.94     76.716    47.684
1173.77     76.758    49.352
1190.84     76.833    50.918
1208.16     76.931    52.418
1225.73     77.046    53.707
1243.56     77.187    54.841
1261.65     77.315    55.704
1280.00     77.454    56.310
1298.62     77.564    56.649
1317.51     77.628    57.019
1336.67     77.676    57.242
1356.11     77.695    57.404
1375.84     77.692    57.543
1395.85     77.674    57.909
1416.15     77.632    58.336
1436.75     77.578    58.821
1457.65     77.519    59.316
1478.85     77.455    60.018
1500.36     77.404    60.868
1522.19     77.372    61.796
1544.33     77.357    62.746
1566.79     77.369    63.771
1589.58     77.396    64.662
1612.70     77.457    65.477
1636.16     77.536    66.082
1659.95     77.635    66.496
1684.10     77.721    66.605
1708.60     77.813    66.499
1733.45     77.883    66.248
1758.66     77.954    65.728
1784.24     77.997    64.890
1810.19     78.020    63.898
1836.52     78.005    62.736
1863.24     77.964    61.460
1890.34     77.892    60.083
1917.83     77.804    58.510
1945.73     77.680    56.771
1974.03     77.516    54.927
2002.74     77.315    52.872
2031.87     77.083    50.755
2061.43     76.818    48.553
2091.41     76.518    46.222
2121.83     76.185    43.766
2152.69     75.832    41.238
2184.01     75.458    38.562
2215.77     75.073    35.735
2248.00     74.666    32.599
2280.70     74.254    29.106
2313.87     73.829    25.184
2347.53     73.404    20.829
2381.68     72.978    15.957
2416.32     72.557    10.533
2451.46     72.161     4.434
2487.12     71.818    -2.354
2523.30     71.534    -9.812
2560.00     71.331   -17.836
2597.24     71.222   -26.364
2635.01     71.214   -35.177
2673.34     71.329   -44.245
2712.23     71.538   -53.184
2751.68     71.819   -61.852
2791.70     72.145   -70.094
2832.31     72.489   -77.905
2873.50     72.835   -85.249
2915.30     73.163   -92.077
2957.70     73.465   -98.331
3000.72     73.746  -104.048
3044.37     74.019  -109.351
3088.65     74.274  -114.423
3133.58     74.505  -119.435
3179.16     74.690  -124.496
3225.40     74.809  -129.490
3272.31     74.847  -134.326
3319.91     74.816  -138.879
3368.20     74.759  -143.053
3417.19     74.711  -147.033
3466.89     74.671  -151.095
3517.32     74.595  -155.449
3568.48     74.457  -159.946
3620.39     74.257  -164.295
3673.05     74.036  -168.263
3726.47     73.861  -171.978
3780.67     73.747  -175.899
3835.67     73.660   179.707
3891.46     73.538   175.022
3948.06     73.381   170.549
4005.49     73.301   166.609
4063.75     73.410   162.647
4122.86     73.681   157.740
4182.82     73.989   151.411
4243.66     74.201   144.022
4305.39     74.269   136.436
4368.01     74.255   129.269
4431.55     74.226   122.548
4496.01     74.199   116.080
4561.40     74.157   109.803
4627.75     74.096   103.853
4695.06     74.039    98.227
4763.35     74.006    92.734
4832.64     73.951    87.235
4902.93     73.859    81.925
4974.24     73.772    76.911
5046.60     73.716    71.846
5120.00     73.656    66.353
5194.47     73.505    60.585
5270.03     73.261    55.110
5346.68     73.011    50.249
5424.45     72.856    45.609
5503.35     72.782    40.712
5583.40     72.775    35.264
5664.61     72.814    28.885
5747.01     72.815    21.447
5830.60     72.692    13.352
5915.41     72.450     5.379
6001.45     72.158    -1.973
6088.74     71.914    -8.721
6177.30     71.779   -15.461
6267.15     71.658   -22.514
6358.31     71.463   -29.312
6450.80     71.286   -35.029
6544.62     71.313   -39.950
6639.82     71.541   -45.448
6736.40     71.797   -52.059
6834.38     72.022   -59.433
6933.79     72.171   -67.662
7034.64     72.109   -76.590
7136.96     71.805   -84.777
7240.77     71.481   -91.453
7346.09     71.241   -97.844
7452.94     70.969  -103.795
7561.35     70.863  -108.345
7671.33     71.119  -113.850
7782.91     71.397  -121.690
7896.12     71.550  -130.364
8010.97     71.637  -139.747
8127.49     71.595  -149.193
8245.71     71.635  -158.137
8365.65     71.727  -168.859
8487.33     71.442   179.378
8610.78     70.822   169.689
8736.03     70.211   163.237
8863.09     70.091   158.981
8992.01     70.488   152.568
9122.80     70.861   143.181
9255.50     71.073   132.278
9390.12     71.025   120.814
9526.70     70.763   110.249
9665.27     70.466   100.952
9805.86     70.250    92.865
9948.49     70.311    85.733
10093.2     70.751    76.589
10240.0     71.024    65.037
10388.9     71.376    52.871
10540.1     71.557    37.390
10693.4     71.211    21.747
10848.9     70.435     7.155
11006.7     69.496    -2.594
11166.8     69.034   -11.455
11329.2     68.770   -18.514
11494.0     69.279   -28.170
11661.2     69.656   -42.612
11830.8     69.449   -60.297
12002.9     68.439   -74.929
12177.5     67.601   -85.379
12354.6     67.126   -93.883
12534.3     67.187  -103.355
12716.6     67.279  -116.685
12901.6     66.863  -131.603
13089.2     66.157  -144.467
13279.6     65.520  -155.644
13472.8     64.986  -164.531
13668.8     65.053  -173.058
13867.6     65.472   173.881
14069.3     65.346   156.658
14273.9     64.768   140.851
14481.5     63.901   127.024
14692.2     63.062   115.375
14905.9     62.693   106.789
15122.7     62.675    94.795
15342.7     62.592    79.737
15565.8     61.753    66.707
15792.2     60.994    59.226
16021.9     61.475    52.296
16255.0     62.255    39.445
16491.4     62.622    22.148
16731.3     62.307     6.259
16974.7     62.137    -5.286
17221.6     62.481   -16.173
17472.1     63.452   -30.810
17726.2     63.867   -50.413
17984.0     63.695   -66.311
18245.6     64.309   -78.720
18511.0     65.580   -97.455
18780.2     66.140  -120.931
19053.4     66.075  -140.651
19330.5     66.713  -160.711
19611.7     66.984   176.420
19897.0     67.486   153.745
20186.4     67.676   127.488
20480.0     67.431   102.561
20777.9     67.081    78.331
21080.1     66.503    55.428
21386.7     66.369    36.007
21697.8     66.897    11.105
22013.4     66.229   -16.180
22333.6     65.509   -39.014
22658.4     64.955   -56.123
22988.0     65.662   -74.885
23322.4     66.630   -96.989
23661.6     67.942  -125.084
24005.8     68.469  -158.085
24355.0     68.263   171.794
24709.2     68.644   146.606
25068.6     69.944   116.562
25433.2     71.210    78.491
25803.2     71.516    33.599
26178.5     70.275   -10.374
26559.3     68.515   -47.077
26945.6     66.704   -80.910
27337.5     64.935  -105.384
27735.2     65.173  -132.686
28138.6     65.052  -167.191
28547.9     64.457   154.967
28963.1     63.051   117.252
29384.4     61.024    83.940
29811.8     58.938    58.529
30245.4     58.385    39.299
30685.3     59.246    11.818
31131.7     60.028   -22.377
31584.5     60.078   -61.301
32043.9     59.993  -102.115
32510.0     58.786  -142.206
32982.8     57.172  -175.648
33462.6     58.718   159.189
33949.3     59.765   106.014
34443.1     59.646    49.209
34944.1     57.435    -4.082
35452.4     55.272   -56.486
35968.0     52.740  -105.776
36491.2     50.619  -147.869
37022.0     50.563   156.142
37560.5     49.678    93.732
38106.8     46.868    26.178
38661.1     46.909   -15.399
39223.4     48.357   -80.171
39793.9     48.374  -153.933
