Freq[Hz]     dBSPL  Phase[Deg]
5.00000     37.480  -111.783
5.07273     37.620  -115.093
5.14651     37.769  -118.604
5.22137     37.899  -121.631
5.29732     38.047  -124.622
5.37437     38.196  -127.437
5.45254     38.357  -130.133
5.53185     38.514  -132.661
5.61231     38.683  -135.014
5.69394     38.891  -137.308
5.77676     39.060  -139.147
5.86079     39.285  -141.116
5.94604     39.523  -142.867
6.03252     39.773  -144.514
6.12027     40.033  -146.055
6.20929     40.314  -147.606
6.29961     40.613  -149.053
6.39124     40.898  -150.461
6.48420     41.210  -151.888
6.57851     41.534  -153.346
6.67420     41.861  -154.851
6.77128     42.166  -156.213
6.86977     42.519  -157.796
6.96969     42.818  -159.230
7.07107     43.152  -160.845
7.17392     43.482  -162.378
7.27827     43.788  -163.859
7.38413     44.062  -165.253
7.49154     44.369  -166.777
7.60050     44.652  -168.177
7.71105     44.932  -169.628
7.82321     45.227  -171.003
7.93701     45.498  -172.333
8.05245     45.758  -173.603
8.16958     46.022  -174.840
8.28841     46.276  -176.091
8.40896     46.527  -177.237
8.53128     46.779  -178.458
8.65537     47.057  -179.681
8.78126     47.284   179.189
8.90899     47.545   178.035
9.03857     47.777   176.865
9.17004     47.994   175.741
9.30342     48.229   174.599
9.43874     48.411   173.565
9.57603     48.646   172.516
9.71532     48.833   171.524
9.85663     49.021   170.587
10.0000     49.183   169.742
10.1455     49.370   168.954
10.2930     49.567   168.246
10.4427     49.718   167.661
10.5946     49.922   167.104
10.7487     50.081   166.654
10.9051     50.299   166.185
11.0637     50.507   165.751
11.2246     50.707   165.323
11.3879     50.926   164.909
11.5535     51.172   164.398
11.7216     51.386   163.875
11.8921     51.632   163.254
12.0650     51.859   162.618
12.2405     52.086   161.906
12.4186     52.292   161.135
12.5992     52.509   160.308
12.7825     52.712   159.443
12.9684     52.896   158.605
13.1570     53.064   157.699
13.3484     53.237   156.809
13.5426     53.375   155.937
13.7395     53.500   155.109
13.9394     53.608   154.313
14.1421     53.722   153.526
14.3478     53.819   152.782
14.5565     53.884   152.179
14.7683     53.943   151.637
14.9831     54.007   151.165
15.2010     54.055   150.791
15.4221     54.108   150.501
15.6464     54.149   150.325
15.8740     54.212   150.163
16.1049     54.239   150.160
16.3392     54.286   150.126
16.5768     54.310   150.134
16.8179     54.321   150.162
17.0626     54.351   150.094
17.3107     54.336   150.224
17.5625     54.280   150.469
17.8180     54.197   150.876
18.0771     54.090   151.571
18.3401     53.957   152.649
18.6068     53.833   154.051
18.8775     53.711   155.915
19.1521     53.608   158.385
19.4306     53.556   161.053
19.7133     53.562   164.274
20.0000     53.633   167.815
20.2909     53.790   171.532
20.5860     54.016   174.977
20.8855     54.300   178.062
21.1893     54.589  -178.688
21.4975     54.900  -175.328
21.8102     55.249  -171.928
22.1274     55.614  -168.190
22.4492     56.071  -164.326
22.7758     56.581  -160.544
23.1071     57.171  -156.864
23.4432     57.858  -153.111
23.7841     58.643  -149.464
24.1301     59.490  -146.554
24.4811     60.414  -144.066
24.8372     61.396  -142.215
25.1984     62.428  -140.887
25.5649     63.442  -140.448
25.9368     64.487  -140.668
26.3141     65.482  -141.697
26.6968     66.443  -143.451
27.0851     67.283  -145.844
27.4791     67.982  -148.586
27.8788     68.557  -151.301
28.2843     69.025  -153.388
28.6957     69.416  -154.650
29.1131     69.874  -154.926
29.5365     70.447  -154.613
29.9661     71.186  -154.347
30.4020     72.027  -154.733
30.8442     72.947  -156.119
31.2929     73.859  -158.462
31.7480     74.688  -161.532
32.2098     75.522  -165.566
32.6783     76.279  -170.031
33.1536     76.936  -174.500
33.6359     77.513  -179.012
34.1251     77.966   176.873
34.6215     78.345   172.970
35.1250     78.675   169.184
35.6359     78.992   165.210
36.1543     79.277   161.349
36.6802     79.541   157.537
37.2137     79.757   153.774
37.7550     79.922   150.196
38.3041     80.049   146.786
38.8613     80.144   143.521
39.4265     80.216   140.534
40.0000     80.272   137.742
40.5818     80.327   135.214
41.1721     80.385   132.805
41.7710     80.451   130.535
42.3785     80.520   128.360
42.9949     80.593   126.246
43.6203     80.665   124.204
44.2548     80.744   122.235
44.8985     80.817   120.310
45.5515     80.900   118.397
46.2141     80.972   116.510
46.8863     81.051   114.609
47.5683     81.117   112.755
48.2602     81.180   110.953
48.9621     81.237   109.208
49.6743     81.294   107.528
50.3968     81.361   105.862
51.1299     81.422   104.179
51.8736     81.470   102.527
52.6281     81.520   100.916
53.3936     81.569    99.361
54.1702     81.611    97.833
54.9581     81.658    96.340
55.7575     81.697    94.879
56.5685     81.729    93.468
57.3914     81.763    92.117
58.2261     81.804    90.830
59.0730     81.852    89.521
59.9323     81.899    88.230
60.8040     81.942    86.895
61.6884     81.981    85.533
62.5857     82.017    84.217
63.4960     82.043    82.990
64.4196     82.073    81.808
65.3566     82.102    80.660
66.3073     82.140    79.519
67.2717     82.181    78.383
68.2502     82.219    77.259
69.2429     82.269    76.152
70.2501     82.318    75.026
71.2719     82.363    73.874
72.3086     82.412    72.697
73.3603     82.451    71.509
74.4274     82.486    70.313
75.5099     82.515    69.116
76.6083     82.546    67.927
77.7226     82.562    66.769
78.8531     82.580    65.661
80.0000     82.594    64.585
81.1636     82.614    63.552
82.3442     82.636    62.539
83.5419     82.659    61.549
84.7570     82.684    60.544
85.9899     82.709    59.548
87.2406     82.738    58.565
88.5096     82.770    57.590
89.7970     82.807    56.603
91.1031     82.850    55.587
92.4282     82.890    54.493
93.7726     82.931    53.336
95.1366     82.960    52.149
96.5204     82.975    50.905
97.9243     82.974    49.696
99.3486     82.966    48.593
100.794     82.951    47.563
102.260     82.952    46.572
103.747     82.953    45.615
105.256     82.965    44.644
106.787     82.973    43.615
108.340     82.970    42.553
109.916     82.967    41.527
111.515     82.954    40.539
113.137     82.938    39.611
114.783     82.922    38.780
116.452     82.919    38.043
118.146     82.928    37.320
119.865     82.968    36.564
121.608     83.012    35.706
123.377     83.067    34.708
125.171     83.105    33.576
126.992     83.138    32.388
128.839     83.150    31.180
130.713     83.162    29.976
132.615     83.161    28.787
134.543     83.157    27.575
136.500     83.136    26.368
138.486     83.120    25.237
140.500     83.099    24.121
142.544     83.080    23.082
144.617     83.062    22.096
146.721     83.072    21.042
148.855     83.086    19.826
151.020     83.082    18.433
153.217     83.042    16.925
155.445     82.957    15.506
157.706     82.844    14.422
160.000     82.754    13.758
162.327     82.717    13.271
164.688     82.736    12.594
167.084     82.764    11.604
169.514     82.773    10.392
171.980     82.754     9.040
174.481     82.712     7.749
177.019     82.657     6.585
179.594     82.609     5.458
182.206     82.559     4.353
184.856     82.504     3.243
187.545     82.448     2.191
190.273     82.387     1.179
193.041     82.338     0.190
195.849     82.293    -0.780
198.697     82.253    -1.732
201.587     82.221    -2.719
204.520     82.203    -3.835
207.494     82.177    -5.127
210.512     82.126    -6.460
213.574     82.053    -7.727
216.681     81.957    -8.902
219.833     81.866    -9.837
223.030     81.808   -10.658
226.274     81.791   -11.634
229.565     81.765   -12.826
232.905     81.719   -14.056
236.292     81.676   -15.544
239.729     81.572   -17.108
243.216     81.424   -18.350
246.754     81.305   -19.297
250.343     81.176   -20.169
253.984     81.079   -20.773
257.678     81.033   -21.523
261.426     80.979   -22.362
265.229     80.939   -23.224
269.087     80.917   -24.277
273.001     80.906   -25.383
276.972     80.882   -26.709
281.000     80.833   -28.201
285.088     80.775   -29.824
289.234     80.679   -31.660
293.441     80.514   -33.388
297.709     80.315   -34.825
302.040     80.092   -35.999
306.433     79.926   -36.634
310.890     79.823   -37.142
315.412     79.748   -37.998
320.000     79.656   -39.063
324.655     79.550   -40.188
329.377     79.432   -41.326
334.168     79.305   -42.432
339.028     79.168   -43.557
343.959     79.001   -44.755
348.962     78.774   -45.920
354.038     78.544   -46.217
359.188     78.470   -46.076
364.412     78.484   -46.457
369.713     78.528   -47.460
375.090     78.504   -48.872
380.546     78.412   -50.215
386.081     78.306   -51.274
391.697     78.265   -52.277
397.394     78.205   -53.827
403.175     78.105   -55.373
409.039     77.935   -56.883
414.989     77.703   -57.944
421.025     77.485   -58.058
427.149     77.422   -57.841
433.362     77.456   -58.218
439.665     77.497   -58.987
446.060     77.501   -60.343
452.548     77.453   -61.832
459.131     77.363   -63.364
465.809     77.231   -64.638
472.584     77.105   -65.727
479.458     76.975   -67.042
486.432     76.776   -68.256
493.507     76.596   -69.207
500.686     76.390   -70.101
507.968     76.172   -70.798
515.357     75.975   -71.325
522.853     75.753   -71.850
530.458     75.523   -72.255
538.174     75.288   -72.474
546.002     75.040   -72.480
553.943     74.806   -72.252
562.001     74.562   -71.749
570.175     74.365   -70.967
578.469     74.194   -69.957
586.883     74.063   -68.801
595.419     73.979   -67.487
604.080     73.949   -66.157
612.866     73.971   -64.808
621.780     74.051   -63.602
630.824     74.187   -62.489
640.000     74.362   -61.730
649.309     74.582   -61.234
658.753     74.816   -61.118
668.335     75.061   -61.303
678.056     75.316   -61.854
687.919     75.563   -62.704
697.925     75.817   -63.881
708.077     76.039   -65.336
718.376     76.246   -67.116
728.825     76.421   -69.081
739.426     76.572   -71.280
750.181     76.687   -73.615
761.093     76.771   -76.133
772.163     76.814   -78.705
783.394     76.824   -81.408
794.789     76.804   -84.074
806.349     76.737   -86.837
818.078     76.628   -89.536
829.977     76.484   -92.220
842.050     76.311   -94.725
854.298     76.095   -97.186
866.724     75.855   -99.376
879.330     75.580  -101.421
892.120     75.293  -103.133
905.097     74.988  -104.608
918.262     74.702  -105.717
931.618     74.410  -106.592
945.169     74.153  -107.094
958.917     73.927  -107.389
972.864     73.759  -107.474
987.015     73.624  -107.521
1001.37     73.557  -107.498
1015.94     73.540  -107.656
1030.71     73.589  -107.911
1045.71     73.688  -108.591
1060.92     73.819  -109.681
1076.35     73.931  -111.277
1092.00     74.041  -113.138
1107.89     74.136  -115.169
1124.00     74.205  -117.667
1140.35     74.236  -120.648
1156.94     74.224  -123.497
1173.77     74.136  -126.368
1190.84     74.000  -129.397
1208.16     73.824  -132.191
1225.73     73.621  -134.793
1243.56     73.421  -137.105
1261.65     73.210  -139.224
1280.00     73.006  -141.198
1298.62     72.819  -143.055
1317.51     72.665  -144.624
1336.67     72.548  -146.241
1356.11     72.466  -147.997
1375.84     72.427  -150.025
1395.85     72.411  -152.170
1416.15     72.388  -154.649
1436.75     72.353  -157.544
1457.65     72.289  -160.941
1478.85     72.171  -164.492
1500.36     72.004  -167.955
1522.19     71.773  -171.547
1544.33     71.482  -175.022
1566.79     71.139  -178.144
1589.58     70.725   178.932
1612.70     70.296   176.612
1636.16     69.875   174.851
1659.95     69.494   173.684
1684.10     69.145   172.986
1708.60     68.899   172.682
1733.45     68.760   172.472
1758.66     68.735   172.229
1784.24     68.798   171.641
1810.19     68.946   170.588
1836.52     69.135   168.924
1863.24     69.346   166.677
1890.34     69.552   163.853
1917.83     69.752   160.391
1945.73     69.897   156.434
1974.03     69.968   152.190
2002.74     69.967   147.642
2031.87     69.901   143.212
2061.43     69.782   139.033
2091.41     69.636   135.098
2121.83     69.499   131.485
2152.69     69.410   128.113
2184.01     69.377   124.672
2215.77     69.390   120.933
2248.00     69.402   116.576
2280.70     69.372   111.538
2313.87     69.249   106.143
2347.53     69.019   100.735
2381.68     68.688    95.640
2416.32     68.289    91.176
2451.46     67.861    87.345
2487.12     67.478    84.056
2523.30     67.186    80.934
2560.00     66.970    77.495
2597.24     66.758    73.478
2635.01     66.476    68.988
2673.34     66.036    64.113
2712.23     65.460    59.640
2751.68     64.781    56.035
2791.70     64.073    53.508
2832.31     63.390    51.981
2873.50     62.741    51.283
2915.30     62.149    51.388
2957.70     61.667    52.293
3000.72     61.362    53.891
3044.37     61.294    55.753
3088.65     61.468    56.751
3133.58     61.760    56.174
3179.16     62.012    54.050
3225.40     62.120    51.134
3272.31     62.081    48.093
3319.91     61.938    45.323
3368.20     61.761    42.938
3417.19     61.565    40.683
3466.89     61.307    38.524
3517.32     60.910    36.787
3568.48     60.435    36.404
3620.39     60.055    37.961
3673.05     60.018    40.895
3726.47     60.430    43.023
3780.67     61.038    42.451
3835.67     61.519    39.307
3891.46     61.688    34.967
3948.06     61.514    31.184
4005.49     61.185    29.353
4063.75     61.012    29.562
4122.86     61.152    29.983
4182.82     61.449    28.902
4243.66     61.700    26.508
4305.39     61.692    24.272
4368.01     61.627    22.393
4431.55     61.582    20.999
4496.01     61.536    19.627
4561.40     61.425    18.391
4627.75     61.273    17.849
4695.06     61.182    17.955
4763.35     61.199    17.999
4832.64     61.216    17.657
4902.93     61.184    17.661
4974.24     61.258    18.693
5046.60     61.629    19.784
5120.00     62.232    19.062
5194.47     62.773    16.050
5270.03     63.068    11.569
5346.68     63.081     6.674
5424.45     62.872     2.047
5503.35     62.454    -1.858
5583.40     61.911    -4.741
5664.61     61.329    -6.461
5747.01     60.742    -6.858
5830.60     60.249    -5.755
5915.41     59.952    -3.774
6001.45     59.842    -1.645
6088.74     59.945     0.038
6177.30     60.231    -0.130
6267.15     60.430    -2.324
6358.31     60.435    -4.931
6450.80     60.418    -6.896
6544.62     60.471    -8.961
6639.82     60.491   -11.850
6736.40     60.300   -15.589
6834.38     59.828   -18.679
6933.79     59.384   -19.506
7034.64     59.282   -20.129
7136.96     59.129   -22.435
7240.77     58.602   -23.267
7346.09     58.198   -20.405
7452.94     58.328   -16.042
7561.35     58.997   -13.320
7671.33     59.821   -14.901
7782.91     60.216   -19.837
7896.12     60.118   -24.849
8010.97     59.738   -29.286
8127.49     59.086   -31.737
8245.71     58.606   -30.291
8365.65     58.655   -28.958
8487.33     58.656   -30.337
8610.78     58.346   -31.849
8736.03     57.922   -32.137
8863.09     57.634   -30.549
8992.01     57.798   -28.961
9122.80     58.038   -30.395
9255.50     58.025   -33.352
9390.12     57.745   -37.226
9526.70     57.012   -40.250
9665.27     56.257   -39.963
9805.86     55.957   -38.334
9948.49     56.086   -37.847
10093.2     56.273   -40.110
10240.0     55.975   -43.485
10388.9     55.632   -44.991
10540.1     55.493   -49.182
10693.4     54.834   -54.387
10848.9     53.815   -55.411
11006.7     53.425   -50.115
11166.8     53.853   -50.621
11329.2     53.430   -53.688
11494.0     53.178   -54.745
11661.2     52.919   -58.024
11830.8     52.165   -60.400
12002.9     51.206   -58.510
12177.5     50.586   -52.214
12354.6     50.999   -45.661
12534.3     51.569   -47.690
12716.6     51.522   -51.395
12901.6     50.885   -54.004
13089.2     49.972   -49.592
13279.6     49.916   -43.343
13472.8     50.324   -41.944
13668.8     50.649   -43.119
13867.6     50.830   -45.453
14069.3     50.392   -50.477
14273.9     49.094   -52.927
14481.5     48.162   -48.957
14692.2     48.138   -43.718
14905.9     48.420   -42.301
15122.7     47.874   -44.203
15342.7     47.396   -42.005
15565.8     47.093   -39.660
15792.2     46.866   -35.777
16021.9     47.709   -33.806
16255.0     47.723   -39.676
16491.4     47.041   -40.426
16731.3     46.723   -34.951
16974.7     47.341   -31.193
17221.6     47.447   -32.717
17472.1     47.403   -37.608
17726.2     46.552   -37.197
17984.0     46.535   -29.031
18245.6     47.418   -26.842
18511.0     47.997   -28.694
18780.2     48.026   -33.389
19053.4     48.202   -34.230
19330.5     48.841   -35.382
19611.7     48.859   -39.042
19897.0     49.164   -41.653
20186.4     49.699   -48.135
20480.0     49.238   -54.653
20777.9     48.888   -61.446
21080.1     47.981   -64.830
21386.7     47.373   -58.393
21697.8     48.669   -60.556
22013.4     48.612   -69.137
22333.6     47.559   -71.195
22658.4     48.181   -65.694
22988.0     49.493   -70.136
23322.4     50.144   -76.194
23661.6     50.738   -88.784
24005.8     49.960   -95.175
24355.0     49.807   -99.004
24709.2     50.568  -101.952
25068.6     51.251  -113.460
25433.2     51.630  -127.215
25803.2     51.221  -144.871
26178.5     50.025  -161.306
26559.3     47.964  -173.054
26945.6     46.272  -179.718
27337.5     44.894   178.583
27735.2     45.123   174.635
28138.6     44.669   168.639
28547.9     44.039   160.932
28963.1     42.205   157.446
29384.4     40.227   156.473
29811.8     38.611   159.053
30245.4     37.968   159.757
30685.3     37.998   159.183
31131.7     39.244   156.315
31584.5     39.925   146.058
32043.9     40.238   134.975
32510.0     38.920   124.520
32982.8     36.988   119.428
33462.6     38.444   127.892
33949.3     39.814   102.596
34443.1     39.958    77.649
34944.1     37.057    58.287
35452.4     34.028    42.578
35968.0     30.337    25.725
36491.2     27.361    12.852
37022.0     27.650   -10.627
37560.5     25.957   -40.420
38106.8     24.323   -70.568
38661.1     23.706   -76.266
39223.4     25.514   -95.498
39793.9     24.544  -140.210
