Freq[Hz]     dBSPL  Phase[Deg]
5.00000     37.128  -112.216
5.07273     37.268  -115.533
5.14651     37.417  -119.050
5.22137     37.547  -122.084
5.29732     37.695  -125.082
5.37437     37.843  -127.903
5.45254     38.005  -130.606
5.53185     38.162  -133.141
5.61231     38.330  -135.501
5.69394     38.539  -137.802
5.77676     38.708  -139.648
5.86079     38.932  -141.624
5.94604     39.170  -143.383
6.03252     39.420  -145.037
6.12027     39.680  -146.585
6.20929     39.961  -148.145
6.29961     40.260  -149.600
6.39124     40.546  -151.015
6.48420     40.858  -152.450
6.57851     41.181  -153.917
6.67420     41.509  -155.430
6.77128     41.813  -156.801
6.86977     42.167  -158.392
6.96969     42.466  -159.835
7.07107     42.800  -161.458
7.17392     43.129  -163.000
7.27827     43.435  -164.490
7.38413     43.709  -165.894
7.49154     44.017  -167.427
7.60050     44.300  -168.837
7.71105     44.580  -170.297
7.82321     44.874  -171.681
7.93701     45.146  -173.022
8.05245     45.405  -174.302
8.16958     45.670  -175.549
8.28841     45.923  -176.810
8.40896     46.174  -177.966
8.53128     46.427  -179.198
8.65537     46.705   179.568
8.78126     46.932   178.428
8.90899     47.193   177.262
9.03857     47.425   176.081
9.17004     47.642   174.945
9.30342     47.877   173.792
9.43874     48.059   172.746
9.57603     48.293   171.685
9.71532     48.480   170.681
9.85663     48.669   169.732
10.0000     48.830   168.874
10.1455     49.018   168.074
10.2930     49.214   167.353
10.4427     49.366   166.755
10.5946     49.569   166.185
10.7487     49.728   165.722
10.9051     49.946   165.239
11.0637     50.155   164.791
11.2246     50.354   164.349
11.3879     50.574   163.921
11.5535     50.820   163.396
11.7216     51.033   162.858
11.8921     51.280   162.222
12.0650     51.507   161.571
12.2405     51.734   160.844
12.4186     51.939   160.057
12.5992     52.157   159.215
12.7825     52.360   158.334
12.9684     52.543   157.480
13.1570     52.712   156.558
13.3484     52.885   155.651
13.5426     53.023   154.762
13.7395     53.147   153.917
13.9394     53.255   153.103
14.1421     53.369   152.299
14.3478     53.467   151.538
14.5565     53.531   150.916
14.7683     53.590   150.356
14.9831     53.655   149.865
15.2010     53.702   149.472
15.4221     53.756   149.164
15.6464     53.796   148.967
15.8740     53.860   148.786
16.1049     53.886   148.763
16.3392     53.933   148.708
16.5768     53.957   148.696
16.8179     53.968   148.703
17.0626     53.998   148.613
17.3107     53.983   148.722
17.5625     53.928   148.946
17.8180     53.845   149.330
18.0771     53.738   150.003
18.3401     53.605   151.058
18.6068     53.480   152.437
18.8775     53.358   154.278
19.1521     53.256   156.723
19.4306     53.203   159.367
19.7133     53.209   162.564
20.0000     53.281   166.080
20.2909     53.438   169.772
20.5860     53.664   173.191
20.8855     53.947   176.250
21.1893     54.237   179.473
21.4975     54.548  -177.193
21.8102     54.896  -173.820
22.1274     55.262  -170.110
22.4492     55.718  -166.274
22.7758     56.228  -162.520
23.1071     56.819  -158.868
23.4432     57.506  -155.145
23.7841     58.291  -151.527
24.1301     59.138  -148.647
24.4811     60.061  -146.190
24.8372     61.044  -144.370
25.1984     62.076  -143.073
25.5649     63.089  -142.666
25.9368     64.135  -142.918
26.3141     65.130  -143.979
26.6968     66.090  -145.767
27.0851     66.930  -148.194
27.4791     67.630  -150.970
27.8788     68.205  -153.719
28.2843     68.672  -155.842
28.6957     69.063  -157.140
29.1131     69.521  -157.452
29.5365     70.095  -157.175
29.9661     70.834  -156.946
30.4020     71.674  -157.370
30.8442     72.595  -158.795
31.2929     73.506  -161.177
31.7480     74.335  -164.286
32.2098     75.170  -168.361
32.6783     75.927  -172.866
33.1536     76.583  -177.376
33.6359     77.160   178.070
34.1251     77.613   173.912
34.6215     77.993   169.967
35.1250     78.323   166.137
35.6359     78.639   162.118
36.1543     78.925   158.213
36.6802     79.188   154.355
37.2137     79.405   150.544
37.7550     79.571   146.919
38.3041     79.698   143.459
38.8613     79.794   140.144
39.4265     79.866   137.105
40.0000     79.924   134.260
40.5818     79.980   131.680
41.1721     80.039   129.217
41.7710     80.107   126.893
42.3785     80.177   124.662
42.9949     80.251   122.492
43.6203     80.326   120.393
44.2548     80.406   118.367
44.8985     80.482   116.385
45.5515     80.567   114.413
46.2141     80.642   112.468
46.8863     80.724   110.508
47.5683     80.793   108.594
48.2602     80.858   106.732
48.9621     80.918   104.927
49.6743     80.979   103.186
50.3968     81.050   101.459
51.1299     81.115    99.715
51.8736     81.166    98.001
52.6281     81.220    96.327
53.3936     81.273    94.711
54.1702     81.318    93.121
54.9581     81.371    91.566
55.7575     81.415    90.043
56.5685     81.451    88.571
57.3914     81.489    87.157
58.2261     81.536    85.808
59.0730     81.588    84.436
59.9323     81.641    83.083
60.8040     81.688    81.686
61.6884     81.734    80.262
62.5857     81.776    78.885
63.4960     81.807    77.597
64.4196     81.842    76.354
65.3566     81.877    75.144
66.3073     81.922    73.944
67.2717     81.968    72.745
68.2502     82.014    71.563
69.2429     82.070    70.397
70.2501     82.126    69.211
71.2719     82.177    68.001
72.3086     82.233    66.765
73.3603     82.280    65.519
74.4274     82.321    64.266
75.5099     82.358    63.014
76.6083     82.395    61.769
77.7226     82.418    60.555
78.8531     82.446    59.392
80.0000     82.467    58.263
81.1636     82.495    57.178
82.3442     82.524    56.112
83.5419     82.555    55.071
84.7570     82.589    54.016
85.9899     82.623    52.970
87.2406     82.660    51.939
88.5096     82.700    50.916
89.7970     82.746    49.884
91.1031     82.797    48.822
92.4282     82.847    47.684
93.7726     82.896    46.485
95.1366     82.934    45.257
96.5204     82.959    43.972
97.9243     82.965    42.725
99.3486     82.967    41.584
100.794     82.963    40.518
102.260     82.972    39.493
103.747     82.983    38.503
105.256     83.006    37.502
106.787     83.023    36.443
108.340     83.031    35.354
109.916     83.038    34.302
111.515     83.034    33.291
113.137     83.029    32.341
114.783     83.024    31.490
116.452     83.031    30.736
118.146     83.051    29.998
119.865     83.101    29.228
121.608     83.155    28.359
123.377     83.222    27.353
125.171     83.272    26.215
126.992     83.316    25.023
128.839     83.340    23.815
130.713     83.364    22.614
132.615     83.373    21.430
134.543     83.382    20.226
136.500     83.374    19.030
138.486     83.369    17.913
140.500     83.361    16.814
142.544     83.354    15.797
144.617     83.349    14.835
146.721     83.373    13.808
148.855     83.400    12.623
151.020     83.411    11.266
153.217     83.383     9.796
155.445     83.313     8.419
157.706     83.213     7.382
160.000     83.139     6.769
162.327     83.116     6.337
164.688     83.150     5.720
167.084     83.195     4.793
169.514     83.220     3.649
171.980     83.218     2.370
174.481     83.193     1.158
177.019     83.155     0.075
179.594     83.126    -0.964
182.206     83.095    -1.976
184.856     83.059    -2.990
187.545     83.021    -3.939
190.273     82.981    -4.843
193.041     82.954    -5.721
195.849     82.930    -6.572
198.697     82.914    -7.399
201.587     82.905    -8.258
204.520     82.912    -9.241
207.494     82.912   -10.394
210.512     82.887   -11.583
213.574     82.845   -12.701
216.681     82.777   -13.720
219.833     82.717   -14.497
223.030     82.691   -15.154
226.274     82.705   -15.961
229.565     82.715   -16.982
232.905     82.705   -18.035
236.292     82.702   -19.345
239.729     82.638   -20.726
243.216     82.533   -21.784
246.754     82.457   -22.544
250.343     82.375   -23.228
253.984     82.328   -23.643
257.678     82.331   -24.204
261.426     82.332   -24.856
265.229     82.349   -25.533
269.087     82.384   -26.403
273.001     82.435   -27.333
276.972     82.476   -28.486
281.000     82.494   -29.811
285.088     82.505   -31.278
289.234     82.483   -32.964
293.441     82.391   -34.555
297.709     82.272   -35.869
302.040     82.129   -36.930
306.433     82.046   -37.469
310.890     82.030   -37.896
315.412     82.042   -38.693
320.000     82.039   -39.713
324.655     82.026   -40.817
329.377     82.000   -41.952
334.168     81.967   -43.077
339.028     81.926   -44.242
343.959     81.855   -45.492
348.962     81.725   -46.727
354.038     81.592   -47.110
359.188     81.615   -47.075
364.412     81.725   -47.580
369.713     81.864   -48.728
375.090     81.934   -50.299
380.546     81.934   -51.818
386.081     81.918   -53.066
391.697     81.966   -54.272
397.394     81.993   -56.036
403.175     81.979   -57.809
409.039     81.896   -59.553
414.989     81.749   -60.854
421.025     81.617   -61.214
427.149     81.641   -61.252
433.362     81.764   -61.892
439.665     81.897   -62.932
446.060     81.999   -64.571
452.548     82.052   -66.359
459.131     82.072   -68.211
465.809     82.055   -69.830
472.584     82.054   -71.300
479.458     82.058   -73.041
486.432     82.005   -74.731
493.507     81.984   -76.228
500.686     81.946   -77.749
507.968     81.909   -79.183
515.357     81.904   -80.569
522.853     81.883   -82.117
530.458     81.861   -83.716
538.174     81.836   -85.344
546.002     81.796   -86.980
553.943     81.763   -88.634
562.001     81.704   -90.269
570.175     81.669   -91.896
578.469     81.626   -93.532
586.883     81.582   -95.250
595.419     81.534   -96.971
604.080     81.482   -98.792
612.866     81.422  -100.615
621.780     81.358  -102.550
630.824     81.293  -104.439
640.000     81.209  -106.507
649.309     81.127  -108.592
658.753     81.016  -110.786
668.335     80.886  -112.971
678.056     80.738  -115.203
687.919     80.568  -117.415
697.925     80.390  -119.633
708.077     80.175  -121.816
718.376     79.939  -123.992
728.825     79.677  -126.046
739.426     79.393  -128.004
750.181     79.085  -129.793
761.093     78.760  -131.419
772.163     78.417  -132.783
783.394     78.067  -133.936
794.789     77.725  -134.743
806.349     77.381  -135.325
818.078     77.055  -135.586
829.977     76.762  -135.613
842.050     76.521  -135.361
854.298     76.320  -135.037
866.724     76.185  -134.603
879.330     76.096  -134.284
892.120     76.068  -134.074
905.097     76.072  -134.153
918.262     76.129  -134.505
931.618     76.179  -135.249
945.169     76.242  -136.269
958.917     76.285  -137.616
972.864     76.317  -139.195
987.015     76.297  -140.991
1001.37     76.256  -142.819
1015.94     76.177  -144.727
1030.71     76.092  -146.509
1045.71     75.998  -148.342
1060.92     75.901  -150.159
1076.35     75.765  -151.948
1092.00     75.636  -153.556
1107.89     75.538  -155.125
1124.00     75.447  -156.688
1140.35     75.378  -158.318
1156.94     75.339  -160.021
1173.77     75.289  -161.834
1190.84     75.270  -163.825
1208.16     75.269  -165.973
1225.73     75.285  -168.430
1243.56     75.324  -171.147
1261.65     75.350  -174.262
1280.00     75.385  -177.758
1298.62     75.389   178.334
1317.51     75.348   174.331
1336.67     75.291   170.028
1356.11     75.202   165.491
1375.84     75.095   160.794
1395.85     74.972   156.218
1416.15     74.828   151.564
1436.75     74.676   146.836
1457.65     74.527   142.008
1478.85     74.379   137.291
1500.36     74.256   132.712
1522.19     74.162   128.207
1544.33     74.100   123.753
1566.79     74.080   119.458
1589.58     74.093   115.096
1612.70     74.168   110.859
1636.16     74.291   106.601
1659.95     74.459   102.374
1684.10     74.647    97.998
1708.60     74.869    93.674
1733.45     75.091    89.411
1758.66     75.340    85.155
1784.24     75.580    80.808
1810.19     75.815    76.591
1836.52     76.027    72.476
1863.24     76.224    68.581
1890.34     76.403    64.881
1917.83     76.577    61.330
1945.73     76.729    57.931
1974.03     76.851    54.757
2002.74     76.950    51.711
2031.87     77.029    48.947
2061.43     77.086    46.450
2091.41     77.122    44.187
2121.83     77.140    42.180
2152.69     77.153    40.474
2184.01     77.161    38.999
2215.77     77.172    37.722
2248.00     77.169    36.527
2280.70     77.154    35.340
2313.87     77.109    34.196
2347.53     77.028    33.120
2381.68     76.893    32.191
2416.32     76.700    31.565
2451.46     76.446    31.350
2487.12     76.151    31.635
2523.30     75.842    32.500
2560.00     75.541    33.885
2597.24     75.253    35.735
2635.01     74.978    38.014
2673.34     74.707    40.833
2712.23     74.482    44.190
2751.68     74.338    48.015
2791.70     74.295    52.026
2832.31     74.341    55.864
2873.50     74.439    59.360
2915.30     74.546    62.487
2957.70     74.634    65.402
3000.72     74.707    68.255
3044.37     74.771    71.056
3088.65     74.813    73.737
3133.58     74.819    76.307
3179.16     74.771    78.886
3225.40     74.677    81.749
3272.31     74.552    84.971
3319.91     74.418    88.511
3368.20     74.297    92.305
3417.19     74.189    96.221
3466.89     74.070   100.205
3517.32     73.899   104.253
3568.48     73.672   108.669
3620.39     73.403   113.804
3673.05     73.147   120.028
3726.47     73.023   127.332
3780.67     73.120   134.830
3835.67     73.400   141.414
3891.46     73.683   146.781
3948.06     73.836   151.639
4005.49     73.921   157.026
4063.75     74.107   162.795
4122.86     74.398   167.710
4182.82     74.584   171.139
4243.66     74.443   174.276
4305.39     74.020   179.381
4368.01     73.698  -172.522
4431.55     73.828  -163.352
4496.01     74.281  -155.950
4561.40     74.696  -150.720
4627.75     74.909  -146.370
4695.06     74.947  -141.845
4763.35     74.908  -136.829
4832.64     74.824  -131.444
4902.93     74.701  -125.701
4974.24     74.559  -119.503
5046.60     74.428  -112.972
5120.00     74.300  -106.418
5194.47     74.090   -99.687
5270.03     73.814   -92.015
5346.68     73.633   -83.143
5424.45     73.650   -74.122
5503.35     73.784   -65.889
5583.40     73.860   -58.662
5664.61     73.792   -51.576
5747.01     73.648   -43.844
5830.60     73.528   -35.792
5915.41     73.362   -27.903
6001.45     73.054   -19.406
6088.74     72.737    -9.387
6177.30     72.595     1.356
6267.15     72.554    11.965
6358.31     72.537    22.531
6450.80     72.570    33.302
6544.62     72.738    43.980
6639.82     72.954    53.580
6736.40     73.006    62.576
6834.38     72.982    72.206
6933.79     72.999    81.739
7034.64     72.873    90.600
7136.96     72.524   100.342
7240.77     72.189   111.841
7346.09     71.966   123.716
7452.94     71.683   136.137
7561.35     71.523   150.599
7671.33     71.765   164.790
7782.91     72.058   176.939
7896.12     72.234  -171.393
8010.97     72.349  -160.095
8127.49     72.343  -148.559
8245.71     72.419  -136.274
8365.65     72.550  -125.564
8487.33     72.282  -115.806
8610.78     71.642  -103.627
8736.03     71.018   -87.828
8863.09     70.898   -69.635
8992.01     71.273   -53.405
9122.80     71.602   -39.666
9255.50     71.791   -27.027
9390.12     71.730   -14.648
9526.70     71.461    -0.984
9665.27     71.172    14.321
9805.86     70.968    31.105
9948.49     71.030    49.194
10093.2     71.478    65.712
10240.0     71.762    80.102
10388.9     72.102    94.311
10540.1     72.282   105.702
10693.4     71.948   117.298
10848.9     71.182   130.254
11006.7     70.243   148.470
11166.8     69.772   167.991
11329.2     69.498  -170.190
11494.0     70.009  -150.519
11661.2     70.397  -135.298
11830.8     70.196  -122.901
12002.9     69.194  -107.079
12177.5     68.336   -86.745
12354.6     67.820   -63.817
12534.3     67.863   -41.238
12716.6     67.968   -22.160
12901.6     67.566    -4.348
13089.2     66.878    15.894
13279.6     66.251    38.178
13472.8     65.707    63.262
13668.8     65.759    89.406
13867.6     66.176   111.640
14069.3     66.064   130.394
14273.9     65.519   151.080
14481.5     64.694   174.167
14692.2     63.882  -160.291
14905.9     63.479  -131.126
15122.7     63.424  -104.602
15342.7     63.324   -80.545
15565.8     62.481   -53.957
15792.2     61.732   -21.299
16021.9     62.223    12.410
16255.0     62.992    40.829
16491.4     63.353    65.569
16731.3     63.048    92.333
16974.7     62.895   123.892
17221.6     63.225   156.579
17472.1     64.157  -173.572
17726.2     64.568  -147.985
17984.0     64.419  -118.171
18245.6     65.042   -84.454
18511.0     66.294   -56.306
18780.2     66.846   -32.000
19053.4     66.796    -3.217
19330.5     67.450    25.820
19611.7     67.728    52.770
19897.0     68.226    80.632
20186.4     68.412   105.717
20480.0     68.170   132.873
20777.9     67.824   161.436
21080.1     67.242  -167.890
21386.7     67.103  -132.975
21697.8     67.625  -102.757
22013.4     66.955   -74.075
22333.6     66.244   -40.157
22658.4     65.695     0.253
22988.0     66.394    39.905
23322.4     67.366    77.140
23661.6     68.685   109.176
24005.8     69.213   137.169
24355.0     69.000   168.966
24709.2     69.379  -153.398
25068.6     70.677  -119.746
25433.2     71.946   -93.205
25803.2     72.251   -72.549
26178.5     71.009   -49.982
26559.3     69.255   -19.172
26945.6     67.445    15.432
27337.5     65.672    60.465
27735.2     65.912   103.691
28138.6     65.791   140.674
28547.9     65.192   175.375
28963.1     63.788  -148.740
29384.4     61.760  -107.372
29811.8     59.673   -57.049
30245.4     59.120     0.599
30685.3     59.985    51.124
31131.7     60.767    96.028
31584.5     60.814   137.378
32043.9     60.728   177.991
32510.0     59.522  -139.475
32982.8     57.906   -89.095
33462.6     59.453   -29.218
33949.3     60.502     3.875
34443.1     60.382    34.610
34944.1     58.171    70.136
35452.4     56.008   107.819
35968.0     53.476   149.918
36491.2     51.355  -159.422
37022.0     51.298  -121.309
37560.5     50.414   -88.280
38106.8     47.602   -58.983
38661.1     47.646    -2.317
39223.4     49.093    32.581
39793.9     49.111    59.960
