Freq[Hz]     dBSPL  Phase[Deg]
5.00000     37.480  -111.783
5.07273     37.620  -115.093
5.14651     37.769  -118.603
5.22137     37.899  -121.631
5.29732     38.047  -124.622
5.37437     38.196  -127.437
5.45254     38.357  -130.133
5.53185     38.514  -132.661
5.61231     38.683  -135.014
5.69394     38.891  -137.308
5.77676     39.060  -139.147
5.86079     39.285  -141.116
5.94604     39.523  -142.867
6.03252     39.773  -144.514
6.12027     40.033  -146.055
6.20929     40.314  -147.606
6.29961     40.613  -149.053
6.39124     40.898  -150.461
6.48420     41.210  -151.888
6.57851     41.534  -153.346
6.67420     41.861  -154.851
6.77128     42.166  -156.213
6.86977     42.519  -157.796
6.96969     42.818  -159.230
7.07107     43.152  -160.845
7.17392     43.482  -162.378
7.27827     43.788  -163.859
7.38413     44.062  -165.253
7.49154     44.369  -166.777
7.60050     44.652  -168.177
7.71105     44.932  -169.628
7.82321     45.227  -171.003
7.93701     45.498  -172.333
8.05245     45.758  -173.603
8.16958     46.022  -174.840
8.28841     46.276  -176.091
8.40896     46.527  -177.237
8.53128     46.779  -178.458
8.65537     47.057  -179.681
8.78126     47.284   179.189
8.90899     47.545   178.035
9.03857     47.777   176.865
9.17004     47.994   175.741
9.30342     48.229   174.599
9.43874     48.411   173.565
9.57603     48.646   172.516
9.71532     48.833   171.524
9.85663     49.021   170.587
10.0000     49.183   169.742
10.1455     49.370   168.954
10.2930     49.567   168.246
10.4427     49.718   167.661
10.5946     49.922   167.104
10.7487     50.081   166.654
10.9051     50.299   166.185
11.0637     50.507   165.751
11.2246     50.707   165.323
11.3879     50.926   164.909
11.5535     51.172   164.398
11.7216     51.386   163.875
11.8921     51.632   163.254
12.0650     51.859   162.618
12.2405     52.086   161.906
12.4186     52.292   161.135
12.5992     52.509   160.308
12.7825     52.712   159.443
12.9684     52.896   158.605
13.1570     53.064   157.699
13.3484     53.237   156.809
13.5426     53.375   155.937
13.7395     53.500   155.109
13.9394     53.608   154.313
14.1421     53.722   153.526
14.3478     53.819   152.782
14.5565     53.884   152.179
14.7683     53.943   151.637
14.9831     54.007   151.165
15.2010     54.055   150.791
15.4221     54.108   150.501
15.6464     54.149   150.325
15.8740     54.212   150.163
16.1049     54.239   150.160
16.3392     54.286   150.126
16.5768     54.310   150.134
16.8179     54.321   150.162
17.0626     54.351   150.094
17.3107     54.336   150.224
17.5625     54.280   150.469
17.8180     54.197   150.876
18.0771     54.090   151.571
18.3401     53.957   152.649
18.6068     53.833   154.051
18.8775     53.711   155.915
19.1521     53.608   158.385
19.4306     53.556   161.053
19.7133     53.562   164.274
20.0000     53.633   167.815
20.2909     53.790   171.532
20.5860     54.016   174.977
20.8855     54.300   178.062
21.1893     54.589  -178.688
21.4975     54.900  -175.328
21.8102     55.249  -171.928
22.1274     55.614  -168.190
22.4492     56.071  -164.326
22.7758     56.581  -160.544
23.1071     57.171  -156.864
23.4432     57.858  -153.111
23.7841     58.643  -149.464
24.1301     59.490  -146.554
24.4811     60.414  -144.066
24.8372     61.396  -142.215
25.1984     62.428  -140.887
25.5649     63.442  -140.448
25.9368     64.487  -140.668
26.3141     65.482  -141.696
26.6968     66.443  -143.451
27.0851     67.283  -145.844
27.4791     67.982  -148.586
27.8788     68.557  -151.301
28.2843     69.025  -153.388
28.6957     69.416  -154.650
29.1131     69.874  -154.926
29.5365     70.447  -154.613
29.9661     71.186  -154.347
30.4020     72.027  -154.733
30.8442     72.947  -156.119
31.2929     73.859  -158.462
31.7480     74.688  -161.532
32.2098     75.522  -165.566
32.6783     76.279  -170.031
33.1536     76.936  -174.500
33.6359     77.513  -179.012
34.1251     77.966   176.873
34.6215     78.345   172.970
35.1250     78.675   169.184
35.6359     78.992   165.210
36.1543     79.277   161.349
36.6802     79.541   157.537
37.2137     79.757   153.773
37.7550     79.924   150.194
38.3041     80.051   146.782
38.8613     80.147   143.515
39.4265     80.220   140.526
40.0000     80.278   137.731
40.5818     80.335   135.202
41.1721     80.395   132.791
41.7710     80.463   130.518
42.3785     80.534   128.342
42.9949     80.610   126.225
43.6203     80.684   124.181
44.2548     80.766   122.212
44.8985     80.843   120.285
45.5515     80.930   118.372
46.2141     81.005   116.486
46.8863     81.088   114.584
47.5683     81.158   112.732
48.2602     81.225   110.931
48.9621     81.287   109.189
49.6743     81.348   107.512
50.3968     81.421   105.851
51.1299     81.487   104.172
51.8736     81.540   102.526
52.6281     81.596   100.921
53.3936     81.651    99.374
54.1702     81.698    97.856
54.9581     81.751    96.373
55.7575     81.798    94.922
56.5685     81.836    93.524
57.3914     81.877    92.187
58.2261     81.925    90.915
59.0730     81.980    89.622
59.9323     82.034    88.349
60.8040     82.085    87.034
61.6884     82.132    85.693
62.5857     82.176    84.400
63.4960     82.209    83.197
64.4196     82.248    82.042
65.3566     82.286    80.921
66.3073     82.332    79.810
67.2717     82.383    78.705
68.2502     82.430    77.615
69.2429     82.489    76.544
70.2501     82.547    75.456
71.2719     82.602    74.345
72.3086     82.661    73.209
73.3603     82.710    72.066
74.4274     82.755    70.916
75.5099     82.794    69.770
76.6083     82.835    68.632
77.7226     82.862    67.528
78.8531     82.892    66.477
80.0000     82.917    65.460
81.1636     82.948    64.490
82.3442     82.981    63.542
83.5419     83.015    62.621
84.7570     83.052    61.687
85.9899     83.089    60.765
87.2406     83.130    59.859
88.5096     83.174    58.965
89.7970     83.223    58.062
91.1031     83.279    57.133
92.4282     83.332    56.130
93.7726     83.386    55.067
95.1366     83.427    53.978
96.5204     83.456    52.835
97.9243     83.467    51.732
99.3486     83.473    50.738
100.794     83.472    49.822
102.260     83.487    48.948
103.747     83.502    48.112
105.256     83.528    47.268
106.787     83.550    46.369
108.340     83.562    45.442
109.916     83.573    44.555
111.515     83.575    43.712
113.137     83.574    42.933
114.783     83.573    42.256
116.452     83.586    41.678
118.146     83.610    41.119
119.865     83.666    40.532
121.608     83.725    39.849
123.377     83.798    39.032
125.171     83.852    38.086
126.992     83.902    37.090
128.839     83.930    36.080
130.713     83.959    35.080
132.615     83.975    34.101
134.543     83.989    33.105
136.500     83.986    32.121
138.486     83.988    31.220
140.500     83.984    30.340
142.544     83.985    29.545
144.617     83.986    28.808
146.721     84.016    28.011
148.855     84.049    27.060
151.020     84.066    25.940
153.217     84.046    24.711
155.445     83.982    23.579
157.706     83.889    22.792
160.000     83.822    22.431
162.327     83.806    22.255
164.688     83.848    21.899
167.084     83.898    21.238
169.514     83.931    20.363
171.980     83.937    19.357
174.481     83.920    18.422
177.019     83.891    17.621
179.594     83.870    16.868
182.206     83.846    16.146
184.856     83.819    15.426
187.545     83.792    14.777
190.273     83.761    14.177
193.041     83.742    13.607
195.849     83.729    13.068
198.697     83.722    12.557
201.587     83.724    12.020
204.520     83.741    11.364
207.494     83.751    10.540
210.512     83.738     9.686
213.574     83.705     8.909
216.681     83.650     8.233
219.833     83.602     7.805
223.030     83.588     7.501
226.274     83.615     7.051
229.565     83.639     6.392
232.905     83.642     5.704
236.292     83.652     4.765
239.729     83.603     3.759
243.216     83.512     3.079
246.754     83.452     2.703
250.343     83.385     2.405
253.984     83.354     2.380
257.678     83.374     2.214
261.426     83.391     1.960
265.229     83.424     1.683
269.087     83.478     1.218
273.001     83.548     0.696
276.972     83.606    -0.046
281.000     83.645    -0.958
285.088     83.676    -2.009
289.234     83.672    -3.276
293.441     83.603    -4.447
297.709     83.502    -5.337
302.040     83.380    -5.973
306.433     83.320    -6.086
310.890     83.325    -6.085
315.412     83.359    -6.451
320.000     83.380    -7.042
324.655     83.388    -7.713
329.377     83.385    -8.417
334.168     83.374    -9.107
339.028     83.357    -9.838
343.959     83.308   -10.653
348.962     83.203   -11.451
354.038     83.093   -11.397
359.188     83.139   -10.926
364.412     83.272   -10.996
369.713     83.433   -11.707
375.090     83.526   -12.842
380.546     83.548   -13.925
386.081     83.554   -14.739
391.697     83.623   -15.512
397.394     83.670   -16.844
403.175     83.675   -18.183
409.039     83.611   -19.497
414.989     83.481   -20.371
421.025     83.366   -20.308
427.149     83.405   -19.925
433.362     83.542   -20.144
439.665     83.687   -20.761
446.060     83.798   -21.976
452.548     83.860   -23.337
459.131     83.886   -24.760
465.809     83.875   -25.952
472.584     83.875   -26.990
479.458     83.880   -28.292
486.432     83.825   -29.539
493.507     83.798   -30.581
500.686     83.752   -31.640
507.968     83.705   -32.596
515.357     83.685   -33.494
522.853     83.646   -34.528
530.458     83.604   -35.595
538.174     83.556   -36.660
546.002     83.489   -37.709
553.943     83.427   -38.736
562.001     83.337   -39.713
570.175     83.267   -40.631
578.469     83.188   -41.522
586.883     83.108   -42.436
595.419     83.023   -43.311
604.080     82.934   -44.222
612.866     82.839   -45.089
621.780     82.741   -45.994
630.824     82.645   -46.805
640.000     82.537   -47.718
649.309     82.431   -48.588
658.753     82.308   -49.493
668.335     82.172   -50.329
678.056     82.032   -51.148
687.919     81.879   -51.891
697.925     81.734   -52.584
708.077     81.567   -53.196
718.376     81.400   -53.784
728.825     81.225   -54.231
739.426     81.053   -54.600
750.181     80.879   -54.826
761.093     80.713   -54.975
772.163     80.551   -54.956
783.394     80.407   -54.884
794.789     80.284   -54.640
806.349     80.173   -54.409
818.078     80.080   -54.094
829.977     80.014   -53.811
842.050     79.977   -53.467
854.298     79.955   -53.276
866.724     79.959   -53.077
879.330     79.970   -53.069
892.120     80.000   -53.118
905.097     80.027   -53.360
918.262     80.078   -53.698
931.618     80.105   -54.247
945.169     80.133   -54.846
958.917     80.140   -55.579
972.864     80.143   -56.338
987.015     80.105   -57.156
1001.37     80.063   -57.851
1015.94     80.002   -58.530
1030.71     79.955   -58.992
1045.71     79.922   -59.477
1060.92     79.906   -59.935
1076.35     79.872   -60.415
1092.00     79.858   -60.756
1107.89     79.876   -61.114
1124.00     79.906   -61.551
1140.35     79.955   -62.146
1156.94     80.019   -62.780
1173.77     80.058   -63.513
1190.84     80.112   -64.383
1208.16     80.168   -65.287
1225.73     80.230   -66.328
1243.56     80.305   -67.445
1261.65     80.366   -68.740
1280.00     80.433   -70.209
1298.62     80.476   -71.868
1317.51     80.484   -73.437
1336.67     80.482   -75.105
1356.11     80.462   -76.809
1375.84     80.430   -78.522
1395.85     80.390   -80.046
1416.15     80.332   -81.536
1436.75     80.271   -82.974
1457.65     80.212   -84.400
1478.85     80.154   -85.657
1500.36     80.108   -86.793
1522.19     80.087   -87.843
1544.33     80.089   -88.885
1566.79     80.123   -89.871
1589.58     80.185   -91.025
1612.70     80.284   -92.271
1636.16     80.406   -93.763
1659.95     80.546   -95.481
1684.10     80.681   -97.568
1708.60     80.815   -99.864
1733.45     80.913  -102.272
1758.66     81.015  -104.904
1784.24     81.085  -107.811
1810.19     81.133  -110.738
1836.52     81.147  -113.695
1863.24     81.142  -116.588
1890.34     81.122  -119.425
1917.83     81.106  -122.307
1945.73     81.077  -125.213
1974.03     81.031  -128.086
2002.74     80.972  -131.049
2031.87     80.905  -133.917
2061.43     80.828  -136.691
2091.41     80.746  -139.399
2121.83     80.663  -142.010
2152.69     80.597  -144.480
2184.01     80.550  -146.915
2215.77     80.526  -149.357
2248.00     80.505  -151.960
2280.70     80.484  -154.759
2313.87     80.440  -157.648
2347.53     80.374  -160.507
2381.68     80.283  -163.236
2416.32     80.181  -165.706
2451.46     80.082  -167.938
2487.12     80.022  -170.001
2523.30     80.007  -172.042
2560.00     80.034  -174.240
2597.24     80.072  -176.707
2635.01     80.092  -179.409
2673.34     80.066   177.644
2712.23     79.995   174.780
2751.68     79.893   172.165
2791.70     79.788   169.861
2832.31     79.696   167.771
2873.50     79.620   165.748
2915.30     79.554   163.679
2957.70     79.485   161.614
3000.72     79.407   159.644
3044.37     79.325   157.826
3088.65     79.258   156.163
3133.58     79.217   154.500
3179.16     79.192   152.668
3225.40     79.159   150.696
3272.31     79.083   148.663
3319.91     78.958   146.774
3368.20     78.820   145.264
3417.19     78.710   144.027
3466.89     78.631   142.823
3517.32     78.533   141.412
3568.48     78.384   140.028
3620.39     78.180   139.085
3673.05     77.983   138.931
3726.47     77.890   139.406
3780.67     77.935   139.734
3835.67     78.047   139.301
3891.46     78.097   138.184
3948.06     78.017   137.087
4005.49     77.883   136.833
4063.75     77.853   137.385
4122.86     77.985   137.756
4182.82     78.181   137.085
4243.66     78.284   135.490
4305.39     78.228   133.896
4368.01     78.097   133.035
4431.55     78.007   132.787
4496.01     77.974   132.574
4561.40     77.933   132.186
4627.75     77.856   132.006
4695.06     77.789   132.247
4763.35     77.791   132.638
4832.64     77.831   132.836
4902.93     77.880   132.860
4974.24     77.950   132.715
5046.60     78.023   132.130
5120.00     78.033   131.072
5194.47     77.908   130.082
5270.03     77.697   129.908
5346.68     77.537   130.698
5424.45     77.514   131.711
5503.35     77.549   132.229
5583.40     77.529   132.440
5664.61     77.485   132.948
5747.01     77.504   133.638
5830.60     77.577   133.886
5915.41     77.609   133.581
6001.45     77.545   133.512
6088.74     77.472   133.746
6177.30     77.430   134.005
6267.15     77.321   133.880
6358.31     77.047   134.181
6450.80     76.756   135.956
6544.62     76.676   138.755
6639.82     76.819   141.161
6736.40     77.032   142.588
6834.38     77.250   143.329
6933.79     77.440   143.353
7034.64     77.500   142.646
7136.96     77.398   142.154
7240.77     77.262   142.372
7346.09     77.117   142.593
7452.94     76.861   143.379
7561.35     76.673   145.699
7671.33     76.693   147.835
7782.91     76.683   149.156
7896.12     76.628   150.909
8010.97     76.623   152.745
8127.49     76.644   155.044
8245.71     76.926   157.580
8365.65     77.327   157.643
8487.33     77.413   156.184
8610.78     77.223   155.505
8736.03     76.897   156.195
8863.09     76.686   158.648
8992.01     76.726   160.792
9122.80     76.714   162.176
9255.50     76.713   164.000
9390.12     76.789   165.374
9526.70     76.771   166.226
9665.27     76.705   167.850
9805.86     76.765   169.634
9948.49     76.826   170.894
10093.2     76.854   171.600
10240.0     76.651   173.137
10388.9     76.863   176.598
10540.1     77.273   176.442
10693.4     77.341   175.175
10848.9     77.158   173.525
11006.7     76.839   173.923
11166.8     76.594   173.214
11329.2     75.926   174.512
11494.0     75.570   178.130
11661.2     75.513  -178.087
11830.8     75.620  -176.700
12002.9     75.550  -175.439
12177.5     75.477  -175.408
12354.6     75.082  -174.749
12534.3     74.700  -172.690
12716.6     74.465  -170.134
12901.6     74.229  -168.069
13089.2     74.098  -165.344
13279.6     74.031  -164.934
13472.8     73.474  -164.354
13668.8     72.881  -161.058
13867.6     72.691  -156.920
14069.3     72.392  -155.251
14273.9     71.993  -151.912
14481.5     71.614  -148.269
14692.2     71.317  -145.183
14905.9     70.969  -141.190
15122.7     70.503  -137.475
15342.7     70.267  -132.730
15565.8     70.027  -127.922
15792.2     69.757  -123.466
16021.9     69.738  -120.242
16255.0     69.269  -117.088
16491.4     68.577  -111.305
16731.3     68.198  -103.523
16974.7     68.304   -95.603
17221.6     68.422   -90.225
17472.1     68.264   -84.652
17726.2     68.204   -76.100
17984.0     68.881   -66.884
18245.6     69.863   -63.007
18511.0     70.462   -61.483
18780.2     70.776   -60.592
19053.4     70.746   -58.079
19330.5     71.044   -54.448
19611.7     71.321   -52.033
19897.0     71.825   -50.987
20186.4     71.693   -52.050
20480.0     71.492   -48.317
20777.9     71.736   -46.478
21080.1     71.349   -45.582
21386.7     71.101   -37.564
21697.8     72.466   -34.966
22013.4     72.217   -40.323
22333.6     71.296   -37.965
22658.4     71.147   -27.696
22988.0     72.115   -22.851
23322.4     72.855   -21.478
23661.6     73.302   -22.277
24005.8     73.590   -19.969
24355.0     74.449   -19.117
24709.2     75.283   -21.034
25068.6     76.165   -24.150
25433.2     77.328   -32.676
25803.2     77.369   -48.850
26178.5     75.736   -61.263
26559.3     73.873   -65.398
26945.6     71.809   -67.738
27337.5     69.688   -56.044
27735.2     70.131   -46.551
28138.6     70.472   -45.781
28547.9     70.080   -47.911
28963.1     69.194   -46.837
29384.4     68.275   -42.008
29811.8     67.847   -33.002
30245.4     68.616   -23.809
30685.3     70.088   -22.042
31131.7     71.065   -28.354
31584.5     70.852   -35.843
32043.9     70.384   -41.352
32510.0     69.124   -44.229
32982.8     67.795   -39.938
33462.6     69.374   -31.946
33949.3     69.541   -46.872
34443.1     68.679   -57.372
34944.1     66.980   -62.074
35452.4     65.414   -68.128
35968.0     63.554   -69.799
36491.2     62.560   -65.347
37022.0     62.663   -75.206
37560.5     61.556   -92.858
38106.8     56.509  -104.841
38661.1     55.098   -95.262
39223.4     54.899   -99.784
39793.9     54.468  -114.463
