5.00000	-1.765	-171.650
5.07273	-1.167	-171.406
5.14651	-0.570	-171.160
5.22137	0.028	-170.909
5.29732	0.626	-170.655
5.37437	1.224	-170.397
5.45254	1.821	-170.136
5.53185	2.419	-169.870
5.61231	3.017	-169.601
5.69394	3.615	-169.328
5.77676	4.213	-169.051
5.86079	4.810	-168.769
5.94604	5.408	-168.484
6.03252	6.006	-168.195
6.12027	6.604	-167.901
6.20929	7.201	-167.603
6.29961	7.799	-167.301
6.39124	8.397	-166.995
6.48420	8.995	-166.683
6.57851	9.592	-166.368
6.67420	10.190	-166.048
6.77128	10.788	-165.723
6.86977	11.386	-165.393
6.96969	11.983	-165.059
7.07107	12.581	-164.720
7.17392	13.179	-164.376
7.27827	13.777	-164.026
7.38413	14.374	-163.672
7.49154	14.972	-163.313
7.60050	15.570	-162.948
7.71105	16.168	-162.578
7.82321	16.765	-162.203
7.93701	17.363	-161.822
8.05245	17.961	-161.436
8.16958	18.559	-161.044
8.28841	19.156	-160.646
8.40896	19.754	-160.243
8.53128	20.352	-159.834
8.65537	20.950	-159.418
8.78126	21.547	-158.997
8.90899	22.145	-158.570
9.03857	22.743	-158.136
9.17004	23.341	-157.696
9.30342	23.938	-157.250
9.43874	24.536	-156.797
9.57603	25.134	-156.338
9.71532	25.732	-155.871
9.85663	26.329	-155.399
10.0000	26.927	-154.919
10.1455	27.525	-154.432
10.2930	28.122	-153.938
10.4427	28.720	-153.437
10.5946	29.318	-152.929
10.7487	29.916	-152.413
10.9051	30.513	-151.890
11.0637	31.111	-151.360
11.2246	31.709	-150.821
11.3879	32.306	-150.275
11.5535	32.904	-149.720
11.7216	33.502	-149.158
11.8921	34.099	-148.588
12.0650	34.697	-148.009
12.2405	35.295	-147.422
12.4186	35.892	-146.826
12.5992	36.490	-146.221
12.7825	37.088	-145.608
12.9684	37.685	-144.986
13.1570	38.283	-144.355
13.3484	38.881	-143.714
13.5426	39.478	-143.065
13.7395	40.076	-142.406
13.9394	40.674	-141.737
14.1421	41.271	-141.059
14.3478	41.869	-140.370
14.5565	42.467	-139.672
14.7683	43.064	-138.964
14.9831	43.662	-138.245
15.2010	44.259	-137.516
15.4221	44.857	-136.776
15.6464	45.455	-136.025
15.8740	46.052	-135.264
16.1049	46.650	-134.491
16.3392	47.247	-133.707
16.5768	47.845	-132.912
16.8179	48.443	-132.105
17.0626	49.040	-131.287
17.3107	49.638	-130.456
17.5625	50.442	-127.568
17.8180	51.345	-125.321
18.0771	52.271	-123.694
18.3401	53.077	-123.657
18.6068	53.830	-123.985
18.8775	54.476	-124.622
19.1521	55.023	-125.204
19.4306	55.450	-125.410
19.7133	55.839	-125.030
20.0000	56.193	-123.863
20.2909	56.602	-121.935
20.5860	57.099	-119.654
20.8855	57.756	-116.947
21.1893	58.522	-114.669
21.4975	59.389	-112.938
21.8102	60.276	-112.134
22.1274	61.187	-111.783
22.4492	62.056	-112.142
22.7758	62.895	-112.694
23.1071	63.662	-113.488
23.4432	64.413	-114.351
23.7841	65.132	-115.078
24.1301	65.865	-115.761
24.4811	66.619	-116.425
24.8372	67.381	-117.251
25.1984	68.163	-118.135
25.5649	68.937	-119.249
25.9368	69.729	-120.622
26.3141	70.534	-122.127
26.6968	71.320	-123.929
27.0851	72.100	-125.934
27.4791	72.869	-128.142
27.8788	73.652	-130.601
28.2843	74.397	-133.305
28.6957	75.140	-136.203
29.1131	75.857	-139.396
29.5365	76.555	-142.797
29.9661	77.214	-146.504
30.4020	77.827	-150.378
30.8442	78.416	-154.487
31.2929	78.961	-158.791
31.7480	79.433	-163.061
32.2098	79.894	-167.735
32.6783	80.322	-172.352
33.1536	80.704	-176.708
33.6359	81.068	179.110
34.1251	81.388	175.316
34.6215	81.685	171.675
35.1250	81.973	168.029
35.6359	82.242	164.099
36.1543	82.493	160.103
36.6802	82.708	156.099
37.2137	82.885	152.030
37.7550	83.006	148.153
38.3041	83.087	144.391
38.8613	83.138	140.799
39.4265	83.155	137.430
40.0000	83.158	134.287
40.5818	83.150	131.401
41.1721	83.144	128.691
41.7710	83.143	126.139
42.3785	83.145	123.729
42.9949	83.155	121.402
43.6203	83.167	119.164
44.2548	83.182	117.011
44.8985	83.196	114.918
45.5515	83.225	112.877
46.2141	83.250	110.893
46.8863	83.278	108.890
47.5683	83.305	106.904
48.2602	83.322	104.938
48.9621	83.335	103.004
49.6743	83.341	101.142
50.3968	83.345	99.365
51.1299	83.349	97.648
51.8736	83.352	95.988
52.6281	83.367	94.358
53.3936	83.378	92.754
54.1702	83.384	91.189
54.9581	83.396	89.638
55.7575	83.404	88.143
56.5685	83.412	86.689
57.3914	83.427	85.278
58.2261	83.440	83.904
59.0730	83.456	82.526
59.9323	83.474	81.176
60.8040	83.492	79.803
61.6884	83.514	78.418
62.5857	83.531	77.069
63.4960	83.545	75.758
64.4196	83.565	74.485
65.3566	83.587	73.167
66.3073	83.615	71.859
67.2717	83.632	70.490
68.2502	83.649	69.131
69.2429	83.661	67.794
70.2501	83.666	66.471
71.2719	83.669	65.121
72.3086	83.656	63.799
73.3603	83.640	62.528
74.4274	83.617	61.333
75.5099	83.588	60.256
76.6083	83.571	59.265
77.7226	83.564	58.319
78.8531	83.572	57.376
80.0000	83.583	56.369
81.1636	83.598	55.321
82.3442	83.600	54.257
83.5419	83.607	53.247
84.7570	83.618	52.249
85.9899	83.629	51.269
87.2406	83.642	50.296
88.5096	83.669	49.289
89.7970	83.689	48.244
91.1031	83.713	47.166
92.4282	83.744	45.999
93.7726	83.763	44.787
95.1366	83.776	43.550
96.5204	83.771	42.255
97.9243	83.748	40.987
99.3486	83.711	39.836
100.794	83.673	38.780
102.260	83.643	37.810
103.747	83.626	36.880
105.256	83.625	35.880
106.787	83.617	34.726
108.340	83.588	33.535
109.916	83.536	32.392
111.515	83.474	31.374
113.137	83.401	30.545
114.783	83.334	29.919
116.452	83.292	29.393
118.146	83.283	28.916
119.865	83.299	28.392
121.608	83.336	27.747
123.377	83.380	26.903
125.171	83.415	25.903
126.992	83.437	24.822
128.839	83.433	23.763
130.713	83.441	22.729
132.615	83.445	21.661
134.543	83.440	20.488
136.500	83.416	19.305
138.486	83.368	18.249
140.500	83.330	17.346
142.544	83.312	16.543
144.617	83.311	15.737
146.721	83.335	14.777
148.855	83.364	13.604
151.020	83.380	12.141
153.217	83.344	10.465
155.445	83.229	8.894
157.706	83.075	7.751
160.000	82.940	7.172
162.327	82.883	6.962
164.688	82.899	6.507
167.084	82.929	5.550
169.514	82.931	4.218
171.980	82.868	2.781
174.481	82.745	1.617
177.019	82.610	0.922
179.594	82.526	0.515
182.206	82.514	0.140
184.856	82.531	-0.485
187.545	82.537	-1.380
190.273	82.524	-2.462
193.041	82.484	-3.558
195.849	82.415	-4.458
198.697	82.361	-5.207
201.587	82.340	-5.927
204.520	82.354	-6.822
207.494	82.345	-7.901
210.512	82.313	-8.934
213.574	82.295	-10.014
216.681	82.264	-11.181
219.833	82.219	-12.276
223.030	82.188	-13.367
226.274	82.159	-14.546
229.565	82.112	-15.810
232.905	82.062	-17.086
236.292	81.992	-18.603
239.729	81.854	-20.129
243.216	81.675	-20.999
246.754	81.544	-21.524
250.343	81.464	-22.074
253.984	81.420	-22.609
257.678	81.393	-23.371
261.426	81.364	-24.049
265.229	81.374	-24.772
269.087	81.419	-25.917
273.001	81.420	-27.458
276.972	81.365	-29.071
281.000	81.307	-30.662
285.088	81.222	-32.495
289.234	81.106	-34.225
293.441	80.929	-35.998
297.709	80.685	-37.411
302.040	80.444	-38.201
306.433	80.254	-38.753
310.890	80.121	-39.131
315.412	80.030	-39.913
320.000	79.914	-40.865
324.655	79.781	-41.716
329.377	79.636	-42.557
334.168	79.483	-43.198
339.028	79.359	-43.723
343.959	79.258	-44.358
348.962	79.150	-44.945
354.038	79.088	-45.691
359.188	79.000	-46.505
364.412	78.927	-47.423
369.713	78.865	-48.679
375.090	78.723	-50.351
380.546	78.445	-51.917
386.081	78.135	-52.367
391.697	77.923	-52.357
397.394	77.739	-52.573
403.175	77.580	-52.334
409.039	77.465	-52.083
414.989	77.412	-52.117
421.025	77.368	-52.031
427.149	77.408	-52.116
433.362	77.442	-53.018
439.665	77.366	-53.746
446.060	77.332	-54.126
452.548	77.307	-54.720
459.131	77.284	-55.405
465.809	77.260	-56.187
472.584	77.203	-57.075
479.458	77.153	-57.834
486.432	77.099	-58.580
493.507	77.065	-59.366
500.686	76.975	-60.194
507.968	76.871	-60.707
515.357	76.799	-61.129
522.853	76.722	-61.401
530.458	76.687	-61.739
538.174	76.623	-62.059
546.002	76.584	-62.271
553.943	76.555	-62.541
562.001	76.520	-62.703
570.175	76.523	-62.739
578.469	76.540	-62.839
586.883	76.585	-62.875
595.419	76.664	-62.977
604.080	76.765	-63.176
612.866	76.893	-63.507
621.780	77.043	-64.041
630.824	77.199	-64.698
640.000	77.373	-65.562
649.309	77.550	-66.643
658.753	77.731	-67.914
668.335	77.911	-69.412
678.056	78.084	-71.114
687.919	78.246	-73.020
697.925	78.392	-75.115
708.077	78.521	-77.382
718.376	78.628	-79.802
728.825	78.711	-82.364
739.426	78.767	-85.045
750.181	78.795	-87.825
761.093	78.793	-90.683
772.163	78.759	-93.593
783.394	78.693	-96.533
794.789	78.593	-99.473
806.349	78.461	-102.387
818.078	78.295	-105.242
829.977	78.097	-108.007
842.050	77.869	-110.649
854.298	77.613	-113.131
866.724	77.335	-115.421
879.330	77.039	-117.487
892.120	76.733	-119.305
905.097	76.425	-120.860
918.262	76.125	-122.150
931.618	75.844	-123.198
945.169	75.591	-124.041
958.917	75.376	-124.755
972.864	75.200	-125.431
987.015	75.050	-126.108
1001.37	74.939	-126.828
1015.94	74.859	-127.668
1030.71	74.805	-128.650
1045.71	74.799	-129.903
1060.92	74.790	-131.513
1076.35	74.764	-133.442
1092.00	74.718	-135.588
1107.89	74.674	-137.788
1124.00	74.586	-140.334
1140.35	74.445	-143.151
1156.94	74.278	-145.865
1173.77	74.054	-148.511
1190.84	73.777	-151.114
1208.16	73.475	-153.492
1225.73	73.159	-155.613
1243.56	72.850	-157.495
1261.65	72.550	-159.177
1280.00	72.248	-160.713
1298.62	71.973	-162.164
1317.51	71.727	-163.542
1336.67	71.499	-164.867
1356.11	71.293	-166.276
1375.84	71.113	-167.872
1395.85	70.950	-169.643
1416.15	70.789	-171.579
1436.75	70.606	-173.695
1457.65	70.396	-175.956
1478.85	70.171	-178.259
1500.36	69.945	179.496
1522.19	69.695	177.287
1544.33	69.446	175.192
1566.79	69.215	173.201
1589.58	68.994	171.273
1612.70	68.808	169.378
1636.16	68.661	167.457
1659.95	68.558	165.453
1684.10	68.485	163.317
1708.60	68.454	161.032
1733.45	68.471	158.596
1758.66	68.533	155.895
1784.24	68.629	152.812
1810.19	68.753	149.307
1836.52	68.882	145.347
1863.24	68.981	141.010
1890.34	69.042	136.432
1917.83	69.030	131.626
1945.73	68.943	126.998
1974.03	68.780	122.904
2002.74	68.566	119.551
2031.87	68.384	117.189
2061.43	68.309	115.604
2091.41	68.380	114.214
2121.83	68.583	112.339
2152.69	68.829	109.549
2184.01	69.008	105.913
2215.77	69.026	101.826
2248.00	68.814	97.816
2280.70	68.348	94.822
2313.87	67.738	93.978
2347.53	67.139	95.945
2381.68	66.743	99.976
2416.32	66.727	104.291
2451.46	67.033	107.605
2487.12	67.427	109.238
2523.30	67.704	109.710
2560.00	67.819	109.967
2597.24	67.831	110.627
2635.01	67.809	111.800
2673.34	67.791	113.196
2712.23	67.772	114.582
2751.68	67.715	115.956
2791.70	67.611	117.509
2832.31	67.478	119.347
2873.50	67.324	121.340
2915.30	67.130	123.347
2957.70	66.855	125.507
3000.72	66.479	128.280
3044.37	66.040	132.202
3088.65	65.667	137.463
3133.58	65.454	143.572
3179.16	65.411	149.679
3225.40	65.449	155.285
3272.31	65.497	160.553
3319.91	65.556	165.774
3368.20	65.668	170.966
3417.19	65.852	175.799
3466.89	66.068	179.923
3517.32	66.246	-176.842
3568.48	66.313	-174.076
3620.39	66.257	-171.244
3673.05	66.118	-168.034
3726.47	65.948	-164.416
3780.67	65.775	-160.576
3835.67	65.573	-156.595
3891.46	65.315	-152.281
3948.06	65.028	-147.304
4005.49	64.774	-141.542
4063.75	64.623	-135.164
4122.86	64.617	-128.609
4182.82	64.744	-122.516
4243.66	64.915	-117.381
4305.39	65.020	-113.006
4368.01	65.034	-108.838
4431.55	64.990	-104.677
4496.01	64.898	-100.557
4561.40	64.725	-96.371
4627.75	64.481	-91.640
4695.06	64.263	-86.128
4763.35	64.141	-80.417
4832.64	64.043	-75.174
4902.93	63.859	-70.211
4974.24	63.581	-64.799
5046.60	63.297	-58.569
5120.00	63.072	-51.559
5194.47	62.924	-43.760
5270.03	62.877	-35.363
5346.68	62.951	-27.106
5424.45	63.113	-19.877
5503.35	63.265	-14.046
5583.40	63.298	-9.143
5664.61	63.178	-4.242
5747.01	62.957	1.240
5830.60	62.693	7.556
5915.41	62.444	14.977
6001.45	62.340	23.756
6088.74	62.512	32.745
6177.30	62.817	39.972
6267.15	62.949	45.426
6358.31	62.793	50.687
6450.80	62.501	57.045
6544.62	62.292	64.442
6639.82	62.255	71.903
6736.40	62.269	78.587
6834.38	62.190	84.922
6933.79	62.056	91.752
7034.64	61.897	98.879
7136.96	61.638	106.120
7240.77	61.329	113.943
7346.09	61.085	122.488
7452.94	60.892	131.912
7561.35	60.850	142.045
7671.33	61.034	151.217
7782.91	61.186	158.861
7896.12	61.196	166.243
8010.97	61.164	173.770
8127.49	61.113	-178.319
8245.71	61.177	-170.543
8365.65	61.172	-165.083
8487.33	60.604	-159.924
8610.78	59.646	-150.908
8736.03	58.808	-137.435
8863.09	58.644	-121.423
8992.01	59.194	-108.331
9122.80	59.745	-99.209
9255.50	59.976	-92.697
9390.12	59.639	-86.818
9526.70	58.831	-77.772
9665.27	58.180	-63.961
9805.86	58.205	-48.628
9948.49	58.657	-35.447
10093.2	59.137	-25.261
10240.0	59.321	-16.342
10388.9	59.525	-7.991
10540.1	59.406	-2.062
10693.4	58.704	5.067
10848.9	57.757	15.269
11006.7	57.195	31.378
11166.8	57.292	44.799
11329.2	56.987	57.191
11494.0	56.995	68.534
11661.2	56.672	77.709
11830.8	55.992	86.633
12002.9	54.704	101.512
12177.5	54.475	120.479
12354.6	54.508	135.951
12534.3	54.880	149.860
12716.6	54.661	158.661
12901.6	53.709	170.940
13089.2	53.023	-172.112
13279.6	52.827	-154.717
13472.8	52.778	-137.469
13668.8	53.202	-122.106
13867.6	53.442	-110.538
14069.3	52.927	-100.227
14273.9	51.894	-87.131
14481.5	50.628	-69.678
14692.2	50.090	-47.374
14905.9	50.345	-27.645
15122.7	49.865	-13.470
15342.7	49.325	5.358
15565.8	48.548	26.659
15792.2	48.403	52.219
16021.9	49.237	73.550
16255.0	49.575	88.785
16491.4	49.236	106.261
16731.3	48.779	126.687
16974.7	48.937	149.701
17221.6	49.358	167.261
17472.1	49.291	-175.328
17726.2	48.872	-153.258
17984.0	48.997	-127.348
18245.6	50.099	-105.709
18511.0	50.961	-88.763
18780.2	51.400	-72.770
19053.4	51.564	-52.759
19330.5	52.029	-34.682
19611.7	52.307	-16.727
19897.0	52.805	0.047
20186.4	52.667	14.336
20480.0	52.139	30.614
20777.9	51.705	49.178
21080.1	50.787	69.994
21386.7	50.499	98.867
21697.8	51.259	120.104
22013.4	50.620	135.094
22333.6	49.839	161.014
22658.4	50.181	-168.285
22988.0	51.192	-146.167
23322.4	51.791	-123.435
23661.6	52.980	-101.479
