5.00000	-1.551	-171.384
5.07273	-0.953	-171.137
5.14651	-0.356	-170.886
5.22137	0.242	-170.631
5.29732	0.840	-170.373
5.37437	1.438	-170.111
5.45254	2.036	-169.845
5.53185	2.633	-169.576
5.61231	3.231	-169.302
5.69394	3.829	-169.025
5.77676	4.427	-168.743
5.86079	5.024	-168.458
5.94604	5.622	-168.168
6.03252	6.220	-167.874
6.12027	6.818	-167.576
6.20929	7.415	-167.273
6.29961	8.013	-166.966
6.39124	8.611	-166.655
6.48420	9.209	-166.339
6.57851	9.807	-166.018
6.67420	10.404	-165.693
6.77128	11.002	-165.363
6.86977	11.600	-165.028
6.96969	12.198	-164.688
7.07107	12.795	-164.344
7.17392	13.393	-163.994
7.27827	13.991	-163.639
7.38413	14.589	-163.279
7.49154	15.186	-162.914
7.60050	15.784	-162.544
7.71105	16.382	-162.168
7.82321	16.980	-161.787
7.93701	17.577	-161.400
8.05245	18.175	-161.007
8.16958	18.773	-160.609
8.28841	19.371	-160.205
8.40896	19.968	-159.796
8.53128	20.566	-159.380
8.65537	21.164	-158.958
8.78126	21.762	-158.530
8.90899	22.359	-158.096
9.03857	22.957	-157.655
9.17004	23.555	-157.208
9.30342	24.153	-156.755
9.43874	24.750	-156.295
9.57603	25.348	-155.828
9.71532	25.946	-155.355
9.85663	26.543	-154.874
10.0000	27.141	-154.387
10.1455	27.739	-153.892
10.2930	28.337	-153.391
10.4427	28.934	-152.882
10.5946	29.532	-152.366
10.7487	30.130	-151.842
10.9051	30.727	-151.310
11.0637	31.325	-150.771
11.2246	31.923	-150.224
11.3879	32.520	-149.669
11.5535	33.118	-149.106
11.7216	33.716	-148.535
11.8921	34.314	-147.955
12.0650	34.911	-147.367
12.2405	35.509	-146.770
12.4186	36.107	-146.165
12.5992	36.704	-145.551
12.7825	37.302	-144.928
12.9684	37.900	-144.296
13.1570	38.497	-143.655
13.3484	39.095	-143.004
13.5426	39.693	-142.344
13.7395	40.290	-141.675
13.9394	40.888	-140.996
14.1421	41.485	-140.306
14.3478	42.083	-139.607
14.5565	42.681	-138.898
14.7683	43.278	-138.178
14.9831	43.876	-137.448
15.2010	44.474	-136.707
15.4221	45.071	-135.955
15.6464	45.669	-135.193
15.8740	46.266	-134.419
16.1049	46.864	-133.634
16.3392	47.462	-132.838
16.5768	48.059	-132.030
16.8179	48.657	-131.211
17.0626	49.254	-130.379
17.3107	49.852	-129.536
17.5625	50.657	-126.633
17.8180	51.559	-124.373
18.0771	52.485	-122.732
18.3401	53.291	-122.681
18.6068	54.045	-122.995
18.8775	54.690	-123.618
19.1521	55.237	-124.186
19.4306	55.665	-124.377
19.7133	56.053	-123.982
20.0000	56.407	-122.799
20.2909	56.817	-120.856
20.5860	57.313	-118.558
20.8855	57.970	-115.836
21.1893	58.736	-113.542
21.4975	59.603	-111.794
21.8102	60.491	-110.973
22.1274	61.401	-110.606
22.4492	62.270	-110.948
22.7758	63.109	-111.483
23.1071	63.876	-112.259
23.4432	64.627	-113.103
23.7841	65.346	-113.813
24.1301	66.079	-114.477
24.4811	66.833	-115.122
24.8372	67.595	-115.930
25.1984	68.377	-116.795
25.5649	69.151	-117.889
25.9368	69.943	-119.242
26.3141	70.748	-120.728
26.6968	71.534	-122.509
27.0851	72.314	-124.493
27.4791	73.083	-126.680
27.8788	73.866	-129.118
28.2843	74.612	-131.800
28.6957	75.354	-134.677
29.1131	76.071	-137.848
29.5365	76.769	-141.226
29.9661	77.428	-144.910
30.4020	78.041	-148.761
30.8442	78.630	-152.846
31.2929	79.175	-157.126
31.7480	79.648	-161.372
32.2098	80.109	-166.021
32.6783	80.536	-170.614
33.1536	80.918	-174.944
33.6359	81.282	-179.101
34.1251	81.602	177.131
34.6215	81.899	173.517
35.1250	82.187	169.897
35.6359	82.457	165.995
36.1543	82.708	162.027
36.6802	82.922	158.050
37.2137	83.100	154.009
37.7550	83.222	150.160
38.3041	83.304	146.427
38.8613	83.356	142.864
39.4265	83.374	139.525
40.0000	83.380	136.412
40.5818	83.374	133.557
41.1721	83.370	130.878
41.7710	83.372	128.359
42.3785	83.378	125.981
42.9949	83.390	123.689
43.6203	83.407	121.485
44.2548	83.425	119.368
44.8985	83.444	117.312
45.5515	83.476	115.307
46.2141	83.506	113.362
46.8863	83.539	111.399
47.5683	83.572	109.454
48.2602	83.594	107.530
48.9621	83.612	105.640
49.6743	83.625	103.821
50.3968	83.635	102.091
51.1299	83.646	100.421
51.8736	83.655	98.810
52.6281	83.677	97.232
53.3936	83.695	95.679
54.1702	83.710	94.168
54.9581	83.728	92.673
55.7575	83.745	91.235
56.5685	83.761	89.840
57.3914	83.784	88.490
58.2261	83.806	87.178
59.0730	83.831	85.866
59.9323	83.858	84.583
60.8040	83.886	83.278
61.6884	83.917	81.965
62.5857	83.945	80.690
63.4960	83.968	79.454
64.4196	83.999	78.259
65.3566	84.031	77.021
66.3073	84.070	75.797
67.2717	84.097	74.512
68.2502	84.126	73.241
69.2429	84.149	71.995
70.2501	84.165	70.765
71.2719	84.180	69.512
72.3086	84.180	68.287
73.3603	84.176	67.119
74.4274	84.165	66.029
75.5099	84.149	65.059
76.6083	84.145	64.179
77.7226	84.151	63.347
78.8531	84.172	62.522
80.0000	84.197	61.635
81.1636	84.226	60.711
82.3442	84.242	59.775
83.5419	84.262	58.896
84.7570	84.288	58.033
85.9899	84.313	57.191
87.2406	84.341	56.361
88.5096	84.383	55.499
89.7970	84.418	54.605
91.1031	84.457	53.680
92.4282	84.504	52.671
93.7726	84.538	51.622
95.1366	84.566	50.552
96.5204	84.578	49.427
97.9243	84.571	48.336
99.3486	84.551	47.365
100.794	84.529	46.494
102.260	84.516	45.714
103.747	84.516	44.979
105.256	84.533	44.177
106.787	84.543	43.229
108.340	84.531	42.248
109.916	84.496	41.320
111.515	84.453	40.523
113.137	84.397	39.920
114.783	84.350	39.525
116.452	84.326	39.237
118.146	84.335	39.004
119.865	84.372	38.728
121.608	84.428	38.340
123.377	84.492	37.758
125.171	84.547	37.026
126.992	84.589	36.220
128.839	84.605	35.442
130.713	84.634	34.697
132.615	84.658	33.923
134.543	84.675	33.052
136.500	84.673	32.179
138.486	84.647	31.439
140.500	84.631	30.859
142.544	84.636	30.389
144.617	84.658	29.922
146.721	84.705	29.310
148.855	84.758	28.492
151.020	84.798	27.393
153.217	84.786	26.090
155.445	84.696	24.899
157.706	84.568	24.145
160.000	84.459	23.966
162.327	84.428	24.163
164.688	84.472	24.124
167.084	84.529	23.593
169.514	84.559	22.696
171.980	84.525	21.705
174.481	84.432	20.997
177.019	84.328	20.766
179.594	84.274	20.834
182.206	84.294	20.946
184.856	84.343	20.816
187.545	84.383	20.428
190.273	84.404	19.863
193.041	84.400	19.295
195.849	84.368	18.934
198.697	84.353	18.735
201.587	84.371	18.575
204.520	84.425	18.252
207.494	84.457	17.757
210.512	84.469	17.318
213.574	84.496	16.842
216.681	84.513	16.291
219.833	84.516	15.822
223.030	84.535	15.368
226.274	84.558	14.835
229.565	84.567	14.229
232.905	84.573	13.618
236.292	84.564	12.777
239.729	84.487	11.934
243.216	84.373	11.756
246.754	84.310	11.930
250.343	84.301	12.084
253.984	84.331	12.258
257.678	84.380	12.209
261.426	84.432	12.248
265.229	84.526	12.240
269.087	84.660	11.812
273.001	84.752	10.986
276.972	84.794	10.082
281.000	84.834	9.196
285.088	84.852	8.057
289.234	84.842	7.011
293.441	84.776	5.911
297.709	84.646	5.153
302.040	84.524	5.003
306.433	84.456	5.069
310.890	84.446	5.290
315.412	84.481	5.079
320.000	84.493	4.675
324.655	84.492	4.343
329.377	84.479	3.994
334.168	84.459	3.814
339.028	84.469	3.720
343.959	84.500	3.489
348.962	84.523	3.278
354.038	84.592	2.879
359.188	84.633	2.390
364.412	84.689	1.778
369.713	84.751	0.809
375.090	84.733	-0.593
380.546	84.575	-1.903
386.081	84.382	-2.111
391.697	84.284	-1.875
397.394	84.211	-1.876
403.175	84.159	-1.434
409.039	84.147	-0.995
414.989	84.196	-0.853
421.025	84.252	-0.602
427.149	84.387	-0.537
433.362	84.514	-1.301
439.665	84.529	-1.907
446.060	84.586	-2.187
452.548	84.650	-2.705
459.131	84.715	-3.343
465.809	84.775	-4.109
472.584	84.804	-5.019
479.458	84.834	-5.843
486.432	84.858	-6.703
493.507	84.900	-7.658
500.686	84.880	-8.710
507.968	84.841	-9.506
515.357	84.827	-10.268
522.853	84.798	-10.938
530.458	84.799	-11.729
538.174	84.757	-12.553
546.002	84.723	-13.306
553.943	84.681	-14.144
562.001	84.608	-14.877
570.175	84.552	-15.466
578.469	84.484	-16.071
586.883	84.420	-16.536
595.419	84.366	-16.958
604.080	84.313	-17.339
612.866	84.267	-17.685
621.780	84.227	-18.045
630.824	84.184	-18.321
640.000	84.152	-18.585
649.309	84.122	-18.843
658.753	84.099	-19.068
668.335	84.085	-19.299
678.056	84.076	-19.527
687.919	84.074	-19.767
697.925	84.077	-20.017
708.077	84.086	-20.283
718.376	84.099	-20.569
728.825	84.116	-20.879
739.426	84.138	-21.219
750.181	84.161	-21.592
761.093	84.188	-22.002
772.163	84.217	-22.451
783.394	84.246	-22.940
794.789	84.275	-23.472
806.349	84.305	-24.048
818.078	84.333	-24.669
829.977	84.359	-25.334
842.050	84.382	-26.044
854.298	84.401	-26.799
866.724	84.415	-27.595
879.330	84.422	-28.432
892.120	84.423	-29.305
905.097	84.415	-30.210
918.262	84.397	-31.140
931.618	84.369	-32.088
945.169	84.329	-33.044
958.917	84.277	-34.003
972.864	84.210	-34.965
987.015	84.112	-35.861
1001.37	84.001	-36.625
1015.94	83.880	-37.239
1030.71	83.753	-37.656
1045.71	83.657	-37.954
1060.92	83.559	-38.203
1076.35	83.459	-38.334
1092.00	83.368	-38.316
1107.89	83.323	-38.199
1124.00	83.287	-38.077
1140.35	83.267	-37.939
1156.94	83.272	-37.847
1173.77	83.280	-37.772
1190.84	83.312	-37.692
1208.16	83.365	-37.685
1225.73	83.438	-37.784
1243.56	83.529	-38.035
1261.65	83.626	-38.472
1280.00	83.729	-39.146
1298.62	83.819	-40.034
1317.51	83.861	-40.965
1336.67	83.896	-41.965
1356.11	83.917	-43.062
1375.84	83.918	-44.172
1395.85	83.895	-45.177
1416.15	83.858	-46.112
1436.75	83.809	-47.034
1457.65	83.752	-47.916
1478.85	83.697	-48.707
1500.36	83.642	-49.374
1522.19	83.591	-50.045
1544.33	83.546	-50.696
1566.79	83.509	-51.378
1589.58	83.474	-52.202
1612.70	83.430	-53.130
1636.16	83.369	-54.165
1659.95	83.280	-55.281
1684.10	83.149	-56.517
1708.60	82.971	-57.686
1733.45	82.754	-58.594
1758.66	82.499	-59.340
1784.24	82.204	-59.827
1810.19	81.898	-59.929
1836.52	81.598	-59.688
1863.24	81.306	-59.156
1890.34	81.042	-58.449
1917.83	80.793	-57.739
1945.73	80.534	-57.070
1974.03	80.235	-56.359
2002.74	79.887	-55.455
2031.87	79.492	-54.097
2061.43	79.079	-52.085
2091.41	78.692	-49.369
2121.83	78.372	-46.070
2152.69	78.146	-42.476
2184.01	78.001	-38.886
2215.77	77.899	-35.462
2248.00	77.807	-32.220
2280.70	77.698	-28.980
2313.87	77.584	-25.443
2347.53	77.505	-21.529
2381.68	77.490	-17.414
2416.32	77.548	-13.360
2451.46	77.656	-9.628
2487.12	77.772	-6.352
2523.30	77.836	-3.357
2560.00	77.829	-0.265
2597.24	77.773	3.312
2635.01	77.731	7.595
2673.34	77.781	12.434
2712.23	77.973	17.304
2751.68	78.273	21.578
2791.70	78.593	25.033
2832.31	78.853	27.842
2873.50	79.019	30.393
2915.30	79.101	33.150
2957.70	79.158	36.445
3000.72	79.251	40.166
3044.37	79.403	43.941
3088.65	79.594	47.565
3133.58	79.792	50.983
3179.16	79.991	54.326
3225.40	80.211	57.727
3272.31	80.462	60.969
3319.91	80.731	63.903
3368.20	80.994	66.567
3417.19	81.241	69.067
3466.89	81.478	71.464
3517.32	81.705	73.622
3568.48	81.911	75.577
3620.39	82.074	77.435
3673.05	82.192	79.388
3726.47	82.300	81.606
3780.67	82.443	83.962
3835.67	82.624	86.141
3891.46	82.800	87.971
3948.06	82.937	89.597
4005.49	83.039	91.281
4063.75	83.146	93.081
4122.86	83.272	94.759
4182.82	83.383	96.083
4243.66	83.424	97.196
4305.39	83.391	98.567
4368.01	83.336	100.470
4431.55	83.322	102.713
4496.01	83.354	104.908
4561.40	83.394	106.904
4627.75	83.417	108.871
4695.06	83.444	110.942
4763.35	83.487	112.955
4832.64	83.518	114.757
4902.93	83.513	116.527
4974.24	83.492	118.459
5046.60	83.485	120.415
5120.00	83.464	122.206
5194.47	83.375	124.017
5270.03	83.219	126.325
5346.68	83.072	129.418
5424.45	83.038	133.058
5503.35	83.133	136.548
5583.40	83.295	139.383
5664.61	83.438	141.565
5747.01	83.505	143.399
5830.60	83.481	145.377
5915.41	83.417	147.924
6001.45	83.403	151.044
6088.74	83.497	154.247
6177.30	83.673	156.905
6267.15	83.826	158.680
6358.31	83.836	160.016
6450.80	83.722	162.023
6544.62	83.640	164.967
6639.82	83.667	167.951
6736.40	83.696	170.426
6834.38	83.656	172.989
6933.79	83.622	176.014
7034.64	83.617	179.152
7136.96	83.626	-177.455
7240.77	83.724	-173.902
7346.09	83.878	-170.964
7452.94	83.971	-168.213
7561.35	84.124	-165.087
7671.33	84.380	-162.933
7782.91	84.482	-161.892
7896.12	84.402	-160.488
8010.97	84.234	-158.560
8127.49	83.996	-155.385
8245.71	83.994	-150.969
8365.65	84.192	-148.143
8487.33	84.183	-146.388
8610.78	84.058	-143.820
8736.03	83.915	-140.762
8863.09	83.814	-136.968
8992.01	83.852	-133.509
9122.80	83.817	-130.715
9255.50	83.716	-127.483
9390.12	83.635	-124.204
9526.70	83.449	-120.952
9665.27	83.216	-116.370
9805.86	83.204	-111.154
9948.49	83.313	-106.846
10093.2	83.349	-103.604
10240.0	83.125	-99.303
10388.9	83.293	-93.200
10540.1	83.583	-90.630
10693.4	83.445	-88.168
10848.9	83.159	-84.321
11006.7	83.061	-78.170
11166.8	83.197	-74.377
11329.2	82.953	-69.517
11494.0	83.009	-63.320
11661.2	83.241	-57.763
11830.8	83.459	-54.351
12002.9	83.431	-49.985
12177.5	83.521	-45.912
12354.6	83.451	-41.532
12534.3	83.443	-36.389
12716.6	83.543	-31.295
12901.6	83.559	-26.795
13089.2	83.634	-20.990
13279.6	83.922	-16.797
13472.8	83.872	-13.305
13668.8	83.742	-8.036
13867.6	83.902	-2.159
14069.3	83.935	2.002
14273.9	83.999	7.584
14481.5	84.127	12.814
14692.2	84.246	16.719
14905.9	84.217	21.739
15122.7	84.162	27.267
15342.7	84.416	32.169
15565.8	84.378	36.477
15792.2	84.242	42.369
16021.9	84.517	47.682
16255.0	84.526	52.005
16491.4	84.458	57.568
16731.3	84.561	62.353
16974.7	84.522	66.934
17221.6	84.390	72.704
17472.1	84.422	78.528
17726.2	84.469	83.590
17984.0	84.346	88.779
18245.6	84.252	94.709
18511.0	84.268	100.701
18780.2	84.215	106.349
19053.4	84.186	113.165
19330.5	84.301	118.169
19611.7	84.063	123.517
19897.0	84.125	129.993
20186.4	84.046	134.722
20480.0	83.901	140.700
20777.9	83.711	145.360
21080.1	83.158	151.821
21386.7	82.886	160.389
21697.8	82.728	168.529
22013.4	82.679	177.176
22333.6	82.692	-175.451
22658.4	82.544	-166.117
22988.0	82.783	-156.849
23322.4	83.173	-147.233
23661.6	83.800	-140.511
