5.00000	-0.949	-170.670
5.07273	-0.351	-170.413
5.14651	0.247	-170.151
5.22137	0.844	-169.886
5.29732	1.442	-169.617
5.37437	2.040	-169.344
5.45254	2.638	-169.067
5.53185	3.235	-168.786
5.61231	3.833	-168.501
5.69394	4.431	-168.212
5.77676	5.029	-167.919
5.86079	5.626	-167.621
5.94604	6.224	-167.319
6.03252	6.822	-167.013
6.12027	7.420	-166.702
6.20929	8.018	-166.387
6.29961	8.615	-166.067
6.39124	9.213	-165.742
6.48420	9.811	-165.413
6.57851	10.409	-165.079
6.67420	11.006	-164.740
6.77128	11.604	-164.396
6.86977	12.202	-164.047
6.96969	12.800	-163.693
7.07107	13.397	-163.334
7.17392	13.995	-162.970
7.27827	14.593	-162.600
7.38413	15.191	-162.226
7.49154	15.788	-161.845
7.60050	16.386	-161.459
7.71105	16.984	-161.068
7.82321	17.582	-160.670
7.93701	18.179	-160.267
8.05245	18.777	-159.858
8.16958	19.375	-159.443
8.28841	19.973	-159.022
8.40896	20.570	-158.595
8.53128	21.168	-158.162
8.65537	21.766	-157.723
8.78126	22.364	-157.277
8.90899	22.961	-156.824
9.03857	23.559	-156.365
9.17004	24.157	-155.900
9.30342	24.755	-155.427
9.43874	25.352	-154.948
9.57603	25.950	-154.462
9.71532	26.548	-153.968
9.85663	27.145	-153.468
10.0000	27.743	-152.960
10.1455	28.341	-152.445
10.2930	28.939	-151.922
10.4427	29.536	-151.392
10.5946	30.134	-150.854
10.7487	30.732	-150.308
10.9051	31.329	-149.754
11.0637	31.927	-149.192
11.2246	32.525	-148.622
11.3879	33.123	-148.044
11.5535	33.720	-147.457
11.7216	34.318	-146.862
11.8921	34.916	-146.258
12.0650	35.513	-145.645
12.2405	36.111	-145.024
12.4186	36.709	-144.393
12.5992	37.306	-143.753
12.7825	37.904	-143.104
12.9684	38.502	-142.445
13.1570	39.099	-141.777
13.3484	39.697	-141.099
13.5426	40.295	-140.412
13.7395	40.892	-139.714
13.9394	41.490	-139.006
14.1421	42.088	-138.288
14.3478	42.685	-137.559
14.5565	43.283	-136.820
14.7683	43.880	-136.070
14.9831	44.478	-135.309
15.2010	45.076	-134.538
15.4221	45.673	-133.754
15.6464	46.271	-132.960
15.8740	46.868	-132.154
16.1049	47.466	-131.336
16.3392	48.064	-130.506
16.5768	48.661	-129.665
16.8179	49.259	-128.811
17.0626	49.856	-127.944
17.3107	50.454	-127.065
17.5625	51.259	-124.127
17.8180	52.161	-121.830
18.0771	53.087	-120.152
18.3401	53.893	-120.064
18.6068	54.647	-120.340
18.8775	55.292	-120.924
19.1521	55.839	-121.452
19.4306	56.267	-121.604
19.7133	56.655	-121.168
20.0000	57.009	-119.945
20.2909	57.419	-117.960
20.5860	57.915	-115.621
20.8855	58.572	-112.856
21.1893	59.338	-110.518
21.4975	60.205	-108.726
21.8102	61.093	-107.861
22.1274	62.003	-107.448
22.4492	62.872	-107.744
22.7758	63.711	-108.232
23.1071	64.478	-108.961
23.4432	65.229	-109.758
23.7841	65.948	-110.418
24.1301	66.682	-111.034
24.4811	67.435	-111.629
24.8372	68.197	-112.385
25.1984	68.979	-113.199
25.5649	69.753	-114.241
25.9368	70.545	-115.541
26.3141	71.350	-116.972
26.6968	72.136	-118.699
27.0851	72.916	-120.628
27.4791	73.685	-122.758
27.8788	74.468	-125.139
28.2843	75.214	-127.764
28.6957	75.956	-130.582
29.1131	76.673	-133.693
29.5365	77.371	-137.010
29.9661	78.030	-140.633
30.4020	78.643	-144.422
30.8442	79.233	-148.445
31.2929	79.778	-152.660
31.7480	80.250	-156.841
32.2098	80.711	-161.425
32.6783	81.138	-165.950
33.1536	81.520	-170.213
33.6359	81.884	-174.300
34.1251	82.204	-177.998
34.6215	82.501	178.458
35.1250	82.789	174.910
35.6359	83.059	171.081
36.1543	83.310	167.186
36.6802	83.525	163.284
37.2137	83.701	159.319
37.7550	83.822	155.547
38.3041	83.904	151.891
38.8613	83.955	148.406
39.4265	83.972	145.146
40.0000	83.977	142.113
40.5818	83.969	139.339
41.1721	83.964	136.743
41.7710	83.964	134.305
42.3785	83.967	132.011
42.9949	83.977	129.804
43.6203	83.991	127.685
44.2548	84.007	125.654
44.8985	84.022	123.685
45.5515	84.053	121.767
46.2141	84.079	119.911
46.8863	84.109	118.038
47.5683	84.137	116.183
48.2602	84.156	114.351
48.9621	84.171	112.553
49.6743	84.180	110.828
50.3968	84.185	109.193
51.1299	84.191	107.618
51.8736	84.196	106.103
52.6281	84.213	104.622
53.3936	84.227	103.169
54.1702	84.236	101.756
54.9581	84.250	100.361
55.7575	84.261	99.024
56.5685	84.272	97.732
57.3914	84.289	96.485
58.2261	84.306	95.278
59.0730	84.324	94.070
59.9323	84.345	92.894
60.8040	84.367	91.697
61.6884	84.391	90.492
62.5857	84.412	89.326
63.4960	84.430	88.201
64.4196	84.453	87.118
65.3566	84.479	85.992
66.3073	84.509	84.881
67.2717	84.531	83.712
68.2502	84.551	82.556
69.2429	84.568	81.427
70.2501	84.576	80.315
71.2719	84.583	79.181
72.3086	84.575	78.076
73.3603	84.563	77.029
74.4274	84.544	76.062
75.5099	84.519	75.215
76.6083	84.507	74.459
77.7226	84.505	73.753
78.8531	84.517	73.054
80.0000	84.533	72.296
81.1636	84.552	71.502
82.3442	84.559	70.695
83.5419	84.570	69.948
84.7570	84.586	69.218
85.9899	84.602	68.510
87.2406	84.621	67.814
88.5096	84.653	67.089
89.7970	84.679	66.332
91.1031	84.707	65.546
92.4282	84.744	64.677
93.7726	84.768	63.768
95.1366	84.786	62.841
96.5204	84.787	61.859
97.9243	84.769	60.912
99.3486	84.738	60.088
100.794	84.707	59.363
102.260	84.681	58.732
103.747	84.670	58.147
105.256	84.675	57.496
106.787	84.674	56.699
108.340	84.651	55.872
109.916	84.605	55.098
111.515	84.549	54.456
113.137	84.482	54.011
114.783	84.421	53.775
116.452	84.385	53.646
118.146	84.383	53.574
119.865	84.407	53.461
121.608	84.449	53.236
123.377	84.500	52.818
125.171	84.542	52.253
126.992	84.570	51.615
128.839	84.574	51.006
130.713	84.588	50.430
132.615	84.598	49.828
134.543	84.601	49.129
136.500	84.585	48.430
138.486	84.545	47.866
140.500	84.513	47.464
142.544	84.503	47.172
144.617	84.510	46.884
146.721	84.543	46.453
148.855	84.580	45.818
151.020	84.602	44.901
153.217	84.574	43.783
155.445	84.468	42.780
157.706	84.323	42.214
160.000	84.196	42.223
162.327	84.148	42.611
164.688	84.174	42.764
167.084	84.213	42.428
169.514	84.224	41.726
171.980	84.171	40.931
174.481	84.057	40.421
177.019	83.934	40.389
179.594	83.859	40.660
182.206	83.859	40.973
184.856	83.886	41.049
187.545	83.905	40.867
190.273	83.903	40.510
193.041	83.875	40.152
195.849	83.819	40.002
198.697	83.779	40.018
201.587	83.770	40.074
204.520	83.798	39.969
207.494	83.803	39.694
210.512	83.788	39.478
213.574	83.785	39.228
216.681	83.771	38.906
219.833	83.744	38.671
223.030	83.730	38.452
226.274	83.719	38.158
229.565	83.694	37.795
232.905	83.664	37.432
236.292	83.617	36.845
239.729	83.501	36.261
243.216	83.346	36.347
246.754	83.240	36.791
250.343	83.187	37.225
253.984	83.171	37.685
257.678	83.173	37.933
261.426	83.175	38.278
265.229	83.217	38.589
269.087	83.297	38.490
273.001	83.333	38.006
276.972	83.317	37.460
281.000	83.297	36.948
285.088	83.253	36.202
289.234	83.179	35.567
293.441	83.047	34.898
297.709	82.849	34.596
302.040	82.656	34.925
306.433	82.515	35.497
310.890	82.433	36.249
315.412	82.395	36.603
320.000	82.331	36.791
324.655	82.254	37.083
329.377	82.164	37.392
334.168	82.068	37.904
339.028	82.001	38.539
343.959	81.957	39.071
348.962	81.905	39.658
354.038	81.900	40.094
359.188	81.870	40.474
364.412	81.855	40.764
369.713	81.851	40.732
375.090	81.768	40.299
380.546	81.548	39.990
386.081	81.296	40.815
391.697	81.145	42.115
397.394	81.022	43.206
403.175	80.924	44.771
409.039	80.872	46.358
414.989	80.886	47.675
421.025	80.912	49.123
427.149	81.024	50.407
433.362	81.133	50.879
439.665	81.135	51.525
446.060	81.186	52.512
452.548	81.250	53.272
459.131	81.321	53.921
465.809	81.396	54.448
472.584	81.442	54.830
479.458	81.500	55.296
486.432	81.557	55.720
493.507	81.638	56.037
500.686	81.664	56.241
507.968	81.676	56.676
515.357	81.720	57.117
522.853	81.754	57.612
530.458	81.821	57.948
538.174	81.850	58.201
546.002	81.891	58.470
553.943	81.925	58.597
562.001	81.930	58.760
570.175	81.950	58.998
578.469	81.959	59.144
586.883	81.966	59.353
595.419	81.979	59.526
604.080	81.984	59.659
612.866	81.988	59.750
621.780	81.985	59.752
630.824	81.967	59.769
640.000	81.942	59.735
649.309	81.901	59.659
658.753	81.848	59.574
668.335	81.781	59.455
678.056	81.697	59.332
687.919	81.592	59.206
697.925	81.467	59.098
708.077	81.319	59.027
718.376	81.148	59.015
728.825	80.953	59.083
739.426	80.732	59.254
750.181	80.489	59.560
761.093	80.222	60.031
772.163	79.936	60.696
783.394	79.634	61.591
794.789	79.319	62.745
806.349	78.999	64.185
818.078	78.683	65.927
829.977	78.379	67.975
842.050	78.100	70.314
854.298	77.853	72.905
866.724	77.649	75.688
879.330	77.493	78.583
892.120	77.385	81.497
905.097	77.325	84.341
918.262	77.302	87.033
931.618	77.307	89.518
945.169	77.327	91.758
958.917	77.349	93.748
972.864	77.359	95.492
987.015	77.331	97.077
1001.37	77.275	98.608
1015.94	77.185	100.145
1030.71	77.062	101.789
1045.71	76.941	103.516
1060.92	76.785	105.316
1076.35	76.596	107.326
1092.00	76.388	109.631
1107.89	76.220	112.207
1124.00	76.040	115.035
1140.35	75.867	118.184
1156.94	75.746	121.449
1173.77	75.650	124.874
1190.84	75.600	128.507
1208.16	75.608	132.105
1225.73	75.664	135.563
1243.56	75.764	138.779
1261.65	75.884	141.696
1280.00	76.021	144.293
1298.62	76.146	146.541
1317.51	76.216	148.608
1336.67	76.272	150.537
1356.11	76.301	152.304
1375.84	76.291	154.004
1395.85	76.241	155.804
1416.15	76.157	157.695
1436.75	76.035	159.655
1457.65	75.873	161.772
1478.85	75.693	164.172
1500.36	75.513	166.930
1522.19	75.326	170.002
1544.33	75.161	173.408
1566.79	75.040	177.075
1589.58	74.963	-179.106
1612.70	74.944	-175.291
1636.16	74.973	-171.622
1659.95	75.035	-168.200
1684.10	75.109	-165.092
1708.60	75.174	-162.237
1733.45	75.225	-159.494
1758.66	75.260	-156.902
1784.24	75.269	-154.394
1810.19	75.268	-151.861
1836.52	75.270	-149.322
1863.24	75.275	-146.802
1890.34	75.301	-144.383
1917.83	75.336	-142.236
1945.73	75.370	-140.425
1974.03	75.379	-138.949
2002.74	75.350	-137.816
2031.87	75.280	-136.934
2061.43	75.168	-136.246
2091.41	75.011	-135.794
2121.83	74.816	-135.545
2152.69	74.587	-135.527
2184.01	74.322	-135.819
2215.77	74.015	-136.482
2248.00	73.640	-137.593
2280.70	73.184	-139.150
2313.87	72.656	-141.100
2347.53	72.059	-143.384
2381.68	71.403	-145.965
2416.32	70.718	-148.812
2451.46	70.037	-151.960
2487.12	69.423	-155.557
2523.30	68.926	-159.836
2560.00	68.590	-164.965
2597.24	68.434	-170.977
2635.01	68.462	-177.739
2673.34	68.672	174.980
2712.23	69.008	167.566
2751.68	69.413	160.380
2791.70	69.835	153.754
2832.31	70.236	147.878
2873.50	70.596	142.800
2915.30	70.902	138.592
2957.70	71.169	135.275
3000.72	71.414	132.718
3044.37	71.652	130.678
3088.65	71.886	128.908
3133.58	72.101	127.161
3179.16	72.267	125.309
3225.40	72.364	123.454
3272.31	72.374	121.728
3319.91	72.309	120.350
3368.20	72.224	119.436
3417.19	72.163	118.796
3466.89	72.141	118.094
3517.32	72.122	117.086
3568.48	72.068	115.754
3620.39	71.961	114.398
3673.05	71.833	113.328
3726.47	71.757	112.523
3780.67	71.777	111.467
3835.67	71.849	109.684
3891.46	71.893	107.194
3948.06	71.868	104.428
4005.49	71.815	101.833
4063.75	71.813	99.365
4122.86	71.889	96.555
4182.82	72.001	93.022
4243.66	72.079	88.790
4305.39	72.088	84.197
4368.01	72.039	79.465
4431.55	71.922	74.610
4496.01	71.714	69.843
4561.40	71.415	65.617
4627.75	71.092	62.344
4695.06	70.857	59.849
4763.35	70.741	57.406
4832.64	70.671	54.550
4902.93	70.582	51.431
4974.24	70.485	48.314
5046.60	70.403	45.046
5120.00	70.299	41.407
5194.47	70.103	37.726
5270.03	69.834	34.725
5346.68	69.620	32.693
5424.45	69.581	30.846
5503.35	69.661	28.271
5583.40	69.749	24.839
5664.61	69.800	20.868
5747.01	69.810	16.488
5830.60	69.740	11.829
5915.41	69.572	7.385
6001.45	69.384	3.661
6088.74	69.293	0.403
6177.30	69.317	-3.325
6267.15	69.323	-7.934
6358.31	69.200	-12.715
6450.80	69.030	-16.702
6544.62	68.985	-20.053
6639.82	69.091	-23.843
6736.40	69.238	-28.515
6834.38	69.369	-33.939
6933.79	69.435	-40.286
7034.64	69.307	-47.212
7136.96	68.990	-53.356
7240.77	68.702	-58.339
7346.09	68.478	-63.225
7452.94	68.191	-67.382
7561.35	68.101	-69.900
7671.33	68.409	-73.400
7782.91	68.756	-79.384
7896.12	68.973	-86.663
8010.97	69.016	-94.839
8127.49	68.819	-102.388
8245.71	68.722	-108.785
8365.65	68.707	-116.989
8487.33	68.273	-126.218
8610.78	67.520	-133.005
8736.03	66.860	-136.248
8863.09	66.798	-137.215
8992.01	67.335	-140.950
9122.80	67.796	-148.484
9255.50	67.949	-157.652
9390.12	67.810	-166.882
9526.70	67.492	-175.173
9665.27	67.106	178.414
9805.86	66.998	174.158
9948.49	67.371	169.292
10093.2	67.901	160.847
10240.0	68.095	150.620
10388.9	68.345	140.350
10540.1	68.383	127.041
10693.4	67.826	114.072
10848.9	66.845	103.240
11006.7	65.999	98.101
11166.8	65.891	92.172
11329.2	65.859	86.004
11494.0	66.291	76.645
11661.2	66.383	63.649
11830.8	65.868	48.781
12002.9	64.564	38.565
12177.5	63.736	33.393
12354.6	63.493	28.311
12534.3	63.684	20.446
12716.6	63.704	8.748
12901.6	63.090	-3.274
13089.2	62.282	-11.844
13279.6	61.772	-19.034
13472.8	61.434	-24.971
13668.8	61.715	-31.952
13867.6	62.162	-44.195
14069.3	61.788	-59.510
14273.9	60.926	-71.640
14481.5	59.805	-80.994
14692.2	59.071	-86.682
14905.9	59.182	-91.930
15122.7	59.190	-102.900
15342.7	58.758	-115.537
15565.8	57.787	-122.552
15792.2	57.420	-125.079
16021.9	58.401	-130.677
16255.0	59.125	-144.049
16491.4	58.879	-159.035
16731.3	58.220	-168.687
16974.7	58.519	-175.184
17221.6	59.152	175.046
17472.1	59.825	160.927
17726.2	59.762	145.672
17984.0	59.640	135.978
18245.6	60.480	125.811
18511.0	61.506	108.927
18780.2	61.809	90.411
19053.4	61.854	75.298
19330.5	62.415	58.512
19611.7	62.660	40.291
19897.0	63.301	21.393
20186.4	63.430	-2.081
20480.0	63.031	-22.943
20777.9	62.666	-43.377
21080.1	62.004	-63.345
21386.7	61.366	-78.826
21697.8	61.730	-96.494
22013.4	61.187	-118.772
22333.6	60.322	-136.400
22658.4	60.015	-146.240
22988.0	61.186	-161.715
23322.4	62.209	177.748
23661.6	63.187	152.138
