5.00000	-1.405	-171.207
5.07273	-0.808	-170.957
5.14651	-0.210	-170.703
5.22137	0.388	-170.446
5.29732	0.986	-170.185
5.37437	1.584	-169.921
5.45254	2.181	-169.652
5.53185	2.779	-169.380
5.61231	3.377	-169.103
5.69394	3.975	-168.823
5.77676	4.572	-168.539
5.86079	5.170	-168.250
5.94604	5.768	-167.957
6.03252	6.366	-167.660
6.12027	6.963	-167.359
6.20929	7.561	-167.053
6.29961	8.159	-166.743
6.39124	8.757	-166.428
6.48420	9.354	-166.109
6.57851	9.952	-165.785
6.67420	10.550	-165.456
6.77128	11.148	-165.123
6.86977	11.746	-164.784
6.96969	12.343	-164.441
7.07107	12.941	-164.093
7.17392	13.539	-163.740
7.27827	14.137	-163.381
7.38413	14.734	-163.018
7.49154	15.332	-162.649
7.60050	15.930	-162.274
7.71105	16.528	-161.895
7.82321	17.125	-161.509
7.93701	17.723	-161.119
8.05245	18.321	-160.722
8.16958	18.919	-160.320
8.28841	19.516	-159.912
8.40896	20.114	-159.497
8.53128	20.712	-159.077
8.65537	21.310	-158.651
8.78126	21.907	-158.219
8.90899	22.505	-157.780
9.03857	23.103	-157.335
9.17004	23.700	-156.883
9.30342	24.298	-156.425
9.43874	24.896	-155.960
9.57603	25.494	-155.489
9.71532	26.091	-155.010
9.85663	26.689	-154.525
10.0000	27.287	-154.032
10.1455	27.885	-153.533
10.2930	28.482	-153.026
10.4427	29.080	-152.512
10.5946	29.678	-151.990
10.7487	30.275	-151.461
10.9051	30.873	-150.924
11.0637	31.471	-150.379
11.2246	32.068	-149.826
11.3879	32.666	-149.265
11.5535	33.264	-148.696
11.7216	33.862	-148.119
11.8921	34.459	-147.533
12.0650	35.057	-146.939
12.2405	35.655	-146.337
12.4186	36.252	-145.725
12.5992	36.850	-145.105
12.7825	37.448	-144.475
12.9684	38.045	-143.836
13.1570	38.643	-143.189
13.3484	39.241	-142.531
13.5426	39.838	-141.864
13.7395	40.436	-141.188
13.9394	41.034	-140.501
14.1421	41.631	-139.805
14.3478	42.229	-139.098
14.5565	42.826	-138.382
14.7683	43.424	-137.654
14.9831	44.022	-136.917
15.2010	44.619	-136.168
15.4221	45.217	-135.409
15.6464	45.815	-134.638
15.8740	46.412	-133.857
16.1049	47.010	-133.063
16.3392	47.607	-132.259
16.5768	48.205	-131.443
16.8179	48.802	-130.614
17.0626	49.400	-129.774
17.3107	49.998	-128.922
17.5625	50.802	-126.011
17.8180	51.705	-123.741
18.0771	52.631	-122.091
18.3401	53.436	-122.031
18.6068	54.190	-122.336
18.8775	54.836	-122.949
19.1521	55.382	-123.507
19.4306	55.810	-123.688
19.7133	56.199	-123.283
20.0000	56.553	-122.090
20.2909	56.962	-120.137
20.5860	57.459	-117.829
20.8855	58.115	-115.096
21.1893	58.882	-112.791
21.4975	59.749	-111.032
21.8102	60.636	-110.200
22.1274	61.547	-109.822
22.4492	62.416	-110.152
22.7758	63.255	-110.675
23.1071	64.022	-111.440
23.4432	64.773	-112.272
23.7841	65.492	-112.970
24.1301	66.225	-113.622
24.4811	66.979	-114.254
24.8372	67.741	-115.049
25.1984	68.523	-115.902
25.5649	69.297	-116.983
25.9368	70.088	-118.323
26.3141	70.894	-119.795
26.6968	71.680	-121.562
27.0851	72.459	-123.533
27.4791	73.229	-125.706
27.8788	74.012	-128.129
28.2843	74.757	-130.798
28.6957	75.499	-133.660
29.1131	76.217	-136.816
29.5365	76.915	-140.179
29.9661	77.574	-143.847
30.4020	78.187	-147.683
30.8442	78.776	-151.753
31.2929	79.321	-156.017
31.7480	79.793	-160.247
32.2098	80.254	-164.880
32.6783	80.681	-169.456
33.1536	81.063	-173.769
33.6359	81.427	-177.908
34.1251	81.747	178.341
34.6215	82.044	174.744
35.1250	82.332	171.143
35.6359	82.602	167.258
36.1543	82.853	163.308
36.6802	83.068	159.350
37.2137	83.245	155.329
37.7550	83.366	151.499
38.3041	83.447	147.786
38.8613	83.498	144.244
39.4265	83.515	140.925
40.0000	83.518	137.833
40.5818	83.510	134.998
41.1721	83.504	132.340
41.7710	83.502	129.842
42.3785	83.505	127.485
42.9949	83.514	125.214
43.6203	83.527	123.031
44.2548	83.541	120.935
44.8985	83.556	118.899
45.5515	83.584	116.915
46.2141	83.609	114.989
46.8863	83.638	113.047
47.5683	83.664	111.121
48.2602	83.681	109.216
48.9621	83.694	107.344
49.6743	83.700	105.545
50.3968	83.704	103.832
51.1299	83.708	102.180
51.8736	83.711	100.586
52.6281	83.726	99.023
53.3936	83.736	97.486
54.1702	83.743	95.990
54.9581	83.755	94.509
55.7575	83.762	93.085
56.5685	83.771	91.703
57.3914	83.785	90.364
58.2261	83.798	89.063
59.0730	83.814	87.761
59.9323	83.832	86.487
60.8040	83.850	85.190
61.6884	83.872	83.884
62.5857	83.889	82.614
63.4960	83.903	81.383
64.4196	83.923	80.192
65.3566	83.944	78.956
66.3073	83.972	77.732
67.2717	83.989	76.448
68.2502	84.006	75.176
69.2429	84.018	73.926
70.2501	84.022	72.691
71.2719	84.026	71.432
72.3086	84.013	70.200
73.3603	83.997	69.022
74.4274	83.973	67.921
75.5099	83.944	66.939
76.6083	83.927	66.045
77.7226	83.920	65.196
78.8531	83.928	64.353
80.0000	83.939	63.446
81.1636	83.953	62.501
82.3442	83.955	61.541
83.5419	83.962	60.636
84.7570	83.973	59.745
85.9899	83.983	58.873
87.2406	83.997	58.010
88.5096	84.023	57.114
89.7970	84.044	56.182
91.1031	84.067	55.218
92.4282	84.099	54.166
93.7726	84.117	53.072
95.1366	84.129	51.955
96.5204	84.125	50.781
97.9243	84.101	49.636
99.3486	84.064	48.609
100.794	84.026	47.680
102.260	83.996	46.838
103.747	83.979	46.038
105.256	83.978	45.169
106.787	83.969	44.150
108.340	83.940	43.094
109.916	83.887	42.088
111.515	83.826	41.210
113.137	83.753	40.522
114.783	83.686	40.040
116.452	83.643	39.659
118.146	83.634	39.330
119.865	83.650	38.955
121.608	83.687	38.462
123.377	83.731	37.772
125.171	83.766	36.929
126.992	83.787	36.006
128.839	83.783	35.107
130.713	83.790	34.236
132.615	83.794	33.333
134.543	83.790	32.327
136.500	83.766	31.313
138.486	83.717	30.430
140.500	83.679	29.701
142.544	83.661	29.075
144.617	83.660	28.450
146.721	83.683	27.671
148.855	83.712	26.683
151.020	83.728	25.407
153.217	83.691	23.921
155.445	83.576	22.543
157.706	83.422	21.595
160.000	83.287	21.214
162.327	83.229	21.205
164.688	83.245	20.954
167.084	83.276	20.203
169.514	83.276	19.081
171.980	83.214	17.856
174.481	83.090	16.908
177.019	82.956	16.431
179.594	82.871	16.245
182.206	82.859	16.095
184.856	82.875	15.698
187.545	82.882	15.034
190.273	82.867	14.186
193.041	82.827	13.327
195.849	82.759	12.669
198.697	82.704	12.164
201.587	82.683	11.691
204.520	82.697	11.047
207.494	82.687	10.223
210.512	82.655	9.448
213.574	82.636	8.629
216.681	82.604	7.728
219.833	82.559	6.902
223.030	82.528	6.084
226.274	82.498	5.182
229.565	82.451	4.199
232.905	82.400	3.207
236.292	82.329	1.979
239.729	82.190	0.745
243.216	82.011	0.172
246.754	81.879	-0.052
250.343	81.798	-0.296
253.984	81.753	-0.522
257.678	81.726	-0.970
261.426	81.695	-1.328
265.229	81.705	-1.728
269.087	81.748	-2.545
273.001	81.748	-3.753
276.972	81.692	-5.028
281.000	81.633	-6.277
285.088	81.546	-7.761
289.234	81.429	-9.138
293.441	81.250	-10.553
297.709	81.004	-11.601
302.040	80.762	-12.022
306.433	80.570	-12.198
310.890	80.435	-12.195
315.412	80.343	-12.589
320.000	80.224	-13.147
324.655	80.088	-13.599
329.377	79.941	-14.034
334.168	79.786	-14.263
339.028	79.661	-14.369
343.959	79.557	-14.578
348.962	79.447	-14.733
354.038	79.383	-15.040
359.188	79.293	-15.409
364.412	79.218	-15.875
369.713	79.154	-16.673
375.090	79.010	-17.882
380.546	78.730	-18.977
386.081	78.419	-18.950
391.697	78.205	-18.457
397.394	78.019	-18.183
403.175	77.858	-17.447
409.039	77.741	-16.694
414.989	77.686	-16.219
421.025	77.640	-15.618
427.149	77.678	-15.181
433.362	77.709	-15.555
439.665	77.631	-15.748
446.060	77.594	-15.585
452.548	77.566	-15.630
459.131	77.538	-15.758
465.809	77.509	-15.974
472.584	77.448	-16.287
479.458	77.392	-16.462
486.432	77.331	-16.614
493.507	77.290	-16.795
500.686	77.192	-17.004
507.968	77.079	-16.884
515.357	76.998	-16.658
522.853	76.911	-16.266
530.458	76.864	-15.921
538.174	76.789	-15.538
546.002	76.739	-15.025
553.943	76.699	-14.548
562.001	76.654	-13.939
570.175	76.648	-13.182
578.469	76.656	-12.466
586.883	76.696	-11.665
595.419	76.771	-10.912
604.080	76.871	-10.241
612.866	76.999	-9.689
621.780	77.152	-9.330
630.824	77.313	-9.087
640.000	77.494	-9.046
649.309	77.680	-9.218
658.753	77.870	-9.576
668.335	78.061	-10.159
678.056	78.245	-10.944
687.919	78.420	-11.929
697.925	78.579	-13.100
708.077	78.720	-14.438
718.376	78.841	-15.926
728.825	78.937	-17.549
739.426	79.005	-19.285
750.181	79.046	-21.112
761.093	79.057	-23.010
772.163	79.035	-24.953
783.394	78.982	-26.916
794.789	78.894	-28.872
806.349	78.774	-30.791
818.078	78.620	-32.643
829.977	78.433	-34.395
842.050	78.216	-36.013
854.298	77.970	-37.461
866.724	77.701	-38.706
879.330	77.414	-39.715
892.120	77.115	-40.460
905.097	76.812	-40.927
918.262	76.516	-41.108
931.618	76.238	-41.024
945.169	75.987	-40.708
958.917	75.773	-40.232
972.864	75.598	-39.685
987.015	75.450	-39.107
1001.37	75.343	-38.539
1015.94	75.270	-38.061
1030.71	75.225	-37.701
1045.71	75.229	-37.588
1060.92	75.234	-37.814
1076.35	75.225	-38.341
1092.00	75.196	-39.070
1107.89	75.171	-39.835
1124.00	75.103	-40.931
1140.35	74.983	-42.285
1156.94	74.837	-43.513
1173.77	74.635	-44.651
1190.84	74.380	-45.730
1208.16	74.099	-46.558
1225.73	73.805	-47.099
1243.56	73.516	-47.369
1261.65	73.236	-47.402
1280.00	72.952	-47.259
1298.62	72.697	-46.988
1317.51	72.469	-46.589
1336.67	72.260	-46.097
1356.11	72.072	-45.646
1375.84	71.909	-45.323
1395.85	71.762	-45.103
1416.15	71.615	-44.978
1436.75	71.444	-44.958
1457.65	71.244	-44.990
1478.85	71.029	-44.956
1500.36	70.815	-44.752
1522.19	70.578	-44.385
1544.33	70.349	-43.786
1566.79	70.144	-42.972
1589.58	69.959	-41.991
1612.70	69.816	-40.912
1636.16	69.717	-39.820
1659.95	69.663	-38.789
1684.10	69.640	-37.873
1708.60	69.652	-37.106
1733.45	69.699	-36.495
1758.66	69.783	-36.149
1784.24	69.889	-36.186
1810.19	70.006	-36.650
1836.52	70.111	-37.580
1863.24	70.169	-38.897
1890.34	70.172	-40.471
1917.83	70.094	-42.285
1945.73	69.936	-43.973
1974.03	69.705	-45.231
2002.74	69.438	-45.913
2031.87	69.217	-45.904
2061.43	69.106	-45.505
2091.41	69.128	-45.311
2121.83	69.247	-45.899
2152.69	69.373	-47.576
2184.01	69.412	-50.206
2215.77	69.287	-53.407
2248.00	68.934	-56.720
2280.70	68.327	-59.296
2313.87	67.571	-60.095
2347.53	66.837	-58.479
2381.68	66.352	-54.897
2416.32	66.255	-50.702
2451.46	66.494	-47.353
2487.12	66.899	-45.930
2523.30	67.254	-46.249
2560.00	67.469	-47.466
2597.24	67.556	-48.850
2635.01	67.562	-50.056
2673.34	67.525	-51.162
2712.23	67.465	-52.208
2751.68	67.366	-53.255
2791.70	67.211	-54.171
2832.31	67.003	-54.724
2873.50	66.764	-54.788
2915.30	66.536	-54.368
2957.70	66.347	-53.651
3000.72	66.184	-52.803
3044.37	66.017	-51.781
3088.65	65.861	-50.410
3133.58	65.745	-48.604
3179.16	65.717	-46.566
3225.40	65.787	-44.699
3272.31	65.915	-43.240
3319.91	66.064	-42.224
3368.20	66.218	-41.563
3417.19	66.372	-41.212
3466.89	66.519	-41.228
3517.32	66.631	-41.780
3568.48	66.671	-42.688
3620.39	66.612	-43.696
3673.05	66.447	-44.536
3726.47	66.201	-44.898
3780.67	65.938	-44.692
3835.67	65.691	-44.116
3891.46	65.436	-43.358
3948.06	65.154	-42.251
4005.49	64.881	-40.414
4063.75	64.729	-37.889
4122.86	64.763	-35.452
4182.82	64.916	-33.939
4243.66	65.048	-33.459
4305.39	65.092	-33.423
4368.01	65.078	-33.411
4431.55	65.035	-33.542
4496.01	64.937	-33.957
4561.40	64.730	-34.380
4627.75	64.433	-34.200
4695.06	64.157	-33.185
4763.35	63.972	-31.933
4832.64	63.810	-31.114
4902.93	63.548	-30.537
4974.24	63.160	-29.267
5046.60	62.773	-26.645
5120.00	62.544	-23.049
5194.47	62.511	-19.307
5270.03	62.651	-15.935
5346.68	62.942	-13.482
5424.45	63.286	-12.507
5503.35	63.523	-13.073
5583.40	63.527	-14.405
5664.61	63.303	-15.300
5747.01	62.968	-15.176
5830.60	62.614	-13.982
5915.41	62.313	-11.545
6001.45	62.239	-7.934
6088.74	62.503	-4.835
6177.30	62.876	-3.954
6267.15	63.038	-4.861
6358.31	62.888	-5.994
6450.80	62.559	-6.016
6544.62	62.272	-4.767
6639.82	62.172	-3.344
6736.40	62.137	-2.853
6834.38	61.982	-2.582
6933.79	61.793	-1.501
7034.64	61.666	-0.442
7136.96	61.458	0.065
7240.77	61.133	1.178
7346.09	60.885	3.262
7452.94	60.780	5.639
7561.35	60.820	8.079
7671.33	61.007	9.701
7782.91	61.125	10.014
7896.12	61.069	10.244
8010.97	60.970	10.884
8127.49	60.916	11.663
8245.71	61.031	11.680
8365.65	61.074	9.038
8487.33	60.551	5.959
8610.78	59.629	6.550
8736.03	58.783	11.609
8863.09	58.559	19.458
8992.01	59.058	24.593
9122.80	59.657	25.159
9255.50	59.956	22.437
9390.12	59.628	19.117
9526.70	58.788	19.115
9665.27	58.081	24.074
9805.86	58.077	30.455
9948.49	58.519	34.501
10093.2	59.018	35.301
10240.0	59.231	34.539
10388.9	59.464	33.100
10540.1	59.431	28.663
10693.4	58.775	25.005
10848.9	57.733	25.239
11006.7	57.149	31.629
11166.8	57.359	34.094
11329.2	57.138	35.230
11494.0	57.185	35.169
11661.2	56.820	33.236
11830.8	56.105	31.156
12002.9	54.833	34.727
12177.5	54.619	41.877
12354.6	54.548	46.120
12534.3	54.859	48.901
12716.6	54.623	45.954
12901.6	53.684	46.094
13089.2	53.033	50.508
13279.6	52.838	55.521
13472.8	52.756	60.316
13668.8	53.143	62.981
13867.6	53.395	61.489
14069.3	52.900	58.434
14273.9	51.859	58.125
14481.5	50.526	62.348
14692.2	50.021	70.757
14905.9	50.347	75.675
15122.7	49.773	76.087
15342.7	49.226	80.562
15565.8	48.444	87.331
15792.2	48.380	97.573
16021.9	49.300	102.989
16255.0	49.627	102.898
16491.4	49.242	105.077
16731.3	48.772	109.889
16974.7	48.972	116.607
17221.6	49.451	117.259
17472.1	49.349	118.226
17726.2	48.871	124.116
17984.0	49.045	132.682
18245.6	50.176	136.663
18511.0	51.017	136.172
18780.2	51.368	135.115
19053.4	51.625	136.359
19330.5	52.049	136.401
19611.7	52.314	135.865
19897.0	52.810	133.780
20186.4	52.648	129.090
20480.0	52.048	126.508
20777.9	51.557	125.783
21080.1	50.649	126.349
21386.7	50.492	133.574
21697.8	51.279	134.035
22013.4	50.589	128.523
22333.6	49.806	133.046
22658.4	50.212	141.648
22988.0	51.197	141.933
23322.4	51.774	142.172
23661.6	53.355	137.931
