5.00000	-1.405	-171.207
5.07273	-0.808	-170.957
5.14651	-0.210	-170.703
5.22137	0.388	-170.446
5.29732	0.986	-170.185
5.37437	1.584	-169.921
5.45254	2.181	-169.652
5.53185	2.779	-169.380
5.61231	3.377	-169.103
5.69394	3.975	-168.823
5.77676	4.572	-168.539
5.86079	5.170	-168.250
5.94604	5.768	-167.957
6.03252	6.366	-167.660
6.12027	6.963	-167.359
6.20929	7.561	-167.053
6.29961	8.159	-166.743
6.39124	8.757	-166.428
6.48420	9.354	-166.109
6.57851	9.952	-165.785
6.67420	10.550	-165.456
6.77128	11.148	-165.123
6.86977	11.746	-164.784
6.96969	12.343	-164.441
7.07107	12.941	-164.093
7.17392	13.539	-163.740
7.27827	14.137	-163.381
7.38413	14.734	-163.018
7.49154	15.332	-162.649
7.60050	15.930	-162.274
7.71105	16.528	-161.895
7.82321	17.125	-161.509
7.93701	17.723	-161.119
8.05245	18.321	-160.722
8.16958	18.919	-160.320
8.28841	19.516	-159.912
8.40896	20.114	-159.497
8.53128	20.712	-159.077
8.65537	21.310	-158.651
8.78126	21.907	-158.219
8.90899	22.505	-157.780
9.03857	23.103	-157.335
9.17004	23.700	-156.883
9.30342	24.298	-156.425
9.43874	24.896	-155.960
9.57603	25.494	-155.489
9.71532	26.091	-155.010
9.85663	26.689	-154.525
10.0000	27.287	-154.032
10.1455	27.885	-153.533
10.2930	28.482	-153.026
10.4427	29.080	-152.512
10.5946	29.678	-151.990
10.7487	30.275	-151.461
10.9051	30.873	-150.924
11.0637	31.471	-150.379
11.2246	32.068	-149.826
11.3879	32.666	-149.265
11.5535	33.264	-148.696
11.7216	33.862	-148.119
11.8921	34.459	-147.533
12.0650	35.057	-146.939
12.2405	35.655	-146.337
12.4186	36.252	-145.725
12.5992	36.850	-145.105
12.7825	37.448	-144.475
12.9684	38.045	-143.836
13.1570	38.643	-143.189
13.3484	39.241	-142.531
13.5426	39.838	-141.864
13.7395	40.436	-141.188
13.9394	41.034	-140.501
14.1421	41.631	-139.805
14.3478	42.229	-139.098
14.5565	42.826	-138.382
14.7683	43.424	-137.654
14.9831	44.022	-136.917
15.2010	44.619	-136.168
15.4221	45.217	-135.409
15.6464	45.815	-134.638
15.8740	46.412	-133.857
16.1049	47.010	-133.063
16.3392	47.607	-132.259
16.5768	48.205	-131.443
16.8179	48.802	-130.614
17.0626	49.400	-129.774
17.3107	49.998	-128.922
17.5625	50.802	-126.011
17.8180	51.705	-123.741
18.0771	52.631	-122.091
18.3401	53.436	-122.031
18.6068	54.190	-122.336
18.8775	54.836	-122.949
19.1521	55.382	-123.507
19.4306	55.810	-123.688
19.7133	56.199	-123.283
20.0000	56.553	-122.090
20.2909	56.962	-120.137
20.5860	57.459	-117.829
20.8855	58.115	-115.096
21.1893	58.882	-112.791
21.4975	59.749	-111.032
21.8102	60.636	-110.200
22.1274	61.547	-109.822
22.4492	62.416	-110.152
22.7758	63.255	-110.675
23.1071	64.022	-111.440
23.4432	64.773	-112.272
23.7841	65.492	-112.970
24.1301	66.225	-113.622
24.4811	66.979	-114.254
24.8372	67.741	-115.049
25.1984	68.523	-115.902
25.5649	69.297	-116.983
25.9368	70.088	-118.323
26.3141	70.894	-119.795
26.6968	71.680	-121.562
27.0851	72.459	-123.533
27.4791	73.229	-125.706
27.8788	74.012	-128.129
28.2843	74.757	-130.798
28.6957	75.499	-133.660
29.1131	76.217	-136.816
29.5365	76.915	-140.179
29.9661	77.574	-143.847
30.4020	78.187	-147.683
30.8442	78.776	-151.753
31.2929	79.321	-156.017
31.7480	79.793	-160.247
32.2098	80.254	-164.880
32.6783	80.681	-169.456
33.1536	81.063	-173.769
33.6359	81.427	-177.908
34.1251	81.747	178.341
34.6215	82.044	174.744
35.1250	82.332	171.143
35.6359	82.602	167.258
36.1543	82.853	163.308
36.6802	83.068	159.351
37.2137	83.245	155.332
37.7550	83.366	151.505
38.3041	83.446	147.796
38.8613	83.497	144.259
39.4265	83.514	140.945
40.0000	83.516	137.860
40.5818	83.508	135.032
41.1721	83.501	132.382
41.7710	83.499	129.891
42.3785	83.501	127.543
42.9949	83.509	125.281
43.6203	83.522	123.109
44.2548	83.535	121.021
44.8985	83.548	118.995
45.5515	83.575	117.021
46.2141	83.599	115.106
46.8863	83.626	113.174
47.5683	83.651	111.258
48.2602	83.667	109.364
48.9621	83.677	107.501
49.6743	83.682	105.711
50.3968	83.684	104.008
51.1299	83.686	102.365
51.8736	83.687	100.779
52.6281	83.699	99.226
53.3936	83.707	97.698
54.1702	83.712	96.208
54.9581	83.720	94.735
55.7575	83.726	93.316
56.5685	83.731	91.940
57.3914	83.743	90.607
58.2261	83.753	89.311
59.0730	83.765	88.012
59.9323	83.780	86.741
60.8040	83.796	85.446
61.6884	83.814	84.141
62.5857	83.828	82.872
63.4960	83.837	81.639
64.4196	83.854	80.446
65.3566	83.872	79.208
66.3073	83.895	77.980
67.2717	83.909	76.690
68.2502	83.921	75.411
69.2429	83.930	74.154
70.2501	83.930	72.910
71.2719	83.929	71.639
72.3086	83.912	70.395
73.3603	83.892	69.204
74.4274	83.864	68.088
75.5099	83.830	67.089
76.6083	83.809	66.176
77.7226	83.797	65.307
78.8531	83.800	64.442
80.0000	83.807	63.511
81.1636	83.817	62.540
82.3442	83.814	61.552
83.5419	83.816	60.617
84.7570	83.822	59.694
85.9899	83.828	58.788
87.2406	83.837	57.888
88.5096	83.859	56.954
89.7970	83.874	55.981
91.1031	83.893	54.974
92.4282	83.919	53.876
93.7726	83.933	52.734
95.1366	83.940	51.564
96.5204	83.931	50.337
97.9243	83.903	49.135
99.3486	83.861	48.049
100.794	83.819	47.056
102.260	83.784	46.149
103.747	83.762	45.279
105.256	83.757	44.337
106.787	83.745	43.242
108.340	83.711	42.107
109.916	83.655	41.017
111.515	83.589	40.052
113.137	83.511	39.273
114.783	83.441	38.696
116.452	83.394	38.216
118.146	83.381	37.784
119.865	83.395	37.301
121.608	83.428	36.697
123.377	83.468	35.889
125.171	83.501	34.923
126.992	83.520	33.874
128.839	83.513	32.844
130.713	83.518	31.836
132.615	83.520	30.789
134.543	83.513	29.635
136.500	83.487	28.469
138.486	83.438	27.425
140.500	83.398	26.530
142.544	83.379	25.732
144.617	83.378	24.926
146.721	83.402	23.962
148.855	83.430	22.780
151.020	83.446	21.303
153.217	83.410	19.609
155.445	83.296	18.015
157.706	83.143	16.843
160.000	83.010	16.229
162.327	82.954	15.979
164.688	82.973	15.478
167.084	83.006	14.469
169.514	83.011	13.077
171.980	82.952	11.573
174.481	82.832	10.335
177.019	82.702	9.559
179.594	82.623	9.063
182.206	82.617	8.593
184.856	82.639	7.862
187.545	82.652	6.853
190.273	82.645	5.647
193.041	82.612	4.418
195.849	82.551	3.375
198.697	82.505	2.474
201.587	82.492	1.589
204.520	82.515	0.518
207.494	82.515	-0.747
210.512	82.494	-1.979
213.574	82.485	-3.270
216.681	82.465	-4.661
219.833	82.431	-5.993
223.030	82.411	-7.335
226.274	82.392	-8.781
229.565	82.358	-10.324
232.905	82.318	-11.896
236.292	82.261	-13.724
239.729	82.133	-15.576
243.216	81.966	-16.787
246.754	81.845	-17.672
250.343	81.775	-18.597
253.984	81.741	-19.525
257.678	81.723	-20.696
261.426	81.702	-21.801
265.229	81.717	-22.967
269.087	81.769	-24.571
273.001	81.774	-26.588
276.972	81.721	-28.693
281.000	81.661	-30.789
285.088	81.573	-33.141
289.234	81.452	-35.404
293.441	81.266	-37.718
297.709	81.009	-39.680
302.040	80.754	-41.026
306.433	80.544	-42.136
310.890	80.386	-43.071
315.412	80.267	-44.407
320.000	80.117	-45.903
324.655	79.947	-47.287
329.377	79.760	-48.640
334.168	79.560	-49.775
339.028	79.387	-50.763
343.959	79.231	-51.828
348.962	79.066	-52.808
354.038	78.946	-53.907
359.188	78.798	-55.030
364.412	78.667	-56.218
369.713	78.547	-57.699
375.090	78.351	-59.552
380.546	78.024	-61.256
386.081	77.671	-61.803
391.697	77.427	-61.855
397.394	77.219	-62.103
403.175	77.048	-61.873
409.039	76.934	-61.622
414.989	76.898	-61.657
421.025	76.885	-61.583
427.149	76.970	-61.706
433.362	77.063	-62.688
439.665	77.061	-63.554
446.060	77.114	-64.144
452.548	77.188	-65.031
459.131	77.275	-66.108
465.809	77.368	-67.392
472.584	77.436	-68.908
479.458	77.516	-70.430
486.432	77.593	-72.082
493.507	77.688	-73.936
500.686	77.725	-75.986
507.968	77.739	-77.898
515.357	77.776	-79.893
522.853	77.793	-81.919
530.458	77.833	-84.178
538.174	77.821	-86.586
546.002	77.807	-89.034
553.943	77.773	-91.671
562.001	77.696	-94.306
570.175	77.619	-96.891
578.469	77.515	-99.578
586.883	77.396	-102.204
595.419	77.267	-104.853
604.080	77.118	-107.515
612.866	76.951	-110.185
621.780	76.766	-112.890
630.824	76.551	-115.513
640.000	76.320	-118.104
649.309	76.063	-120.642
658.753	75.785	-123.072
668.335	75.486	-125.400
678.056	75.166	-127.576
687.919	74.828	-129.582
697.925	74.472	-131.372
708.077	74.105	-132.907
718.376	73.734	-134.152
728.825	73.366	-135.077
739.426	73.012	-135.663
750.181	72.686	-135.915
761.093	72.403	-135.854
772.163	72.176	-135.543
783.394	72.017	-135.076
794.789	71.934	-134.573
806.349	71.926	-134.170
818.078	71.988	-133.997
829.977	72.108	-134.165
842.050	72.269	-134.750
854.298	72.455	-135.794
866.724	72.647	-137.303
879.330	72.831	-139.265
892.120	72.992	-141.645
905.097	73.119	-144.393
918.262	73.202	-147.461
931.618	73.232	-150.786
945.169	73.200	-154.310
958.917	73.102	-157.967
972.864	72.927	-161.694
987.015	72.654	-165.347
1001.37	72.293	-168.767
1015.94	71.843	-171.815
1030.71	71.304	-174.290
1045.71	70.715	-176.051
1060.92	70.055	-176.897
1076.35	69.348	-176.342
1092.00	68.685	-174.153
1107.89	68.263	-170.602
1124.00	68.089	-165.676
1140.35	68.316	-160.247
1156.94	68.870	-156.294
1173.77	69.620	-154.094
1190.84	70.523	-153.732
1208.16	71.405	-155.216
1225.73	72.202	-158.129
1243.56	72.891	-162.116
1261.65	73.452	-166.900
1280.00	73.906	-172.759
1298.62	74.206	-179.055
1317.51	74.320	175.004
1336.67	74.299	168.585
1356.11	74.119	161.814
1375.84	73.774	155.423
1395.85	73.306	150.074
1416.15	72.708	145.531
1436.75	71.946	141.771
1457.65	71.050	139.510
1478.85	70.187	139.437
1500.36	69.560	141.463
1522.19	69.256	144.972
1544.33	69.387	148.413
1566.79	69.877	150.293
1589.58	70.567	149.892
1612.70	71.254	147.233
1636.16	71.829	142.876
1659.95	72.247	137.378
1684.10	72.496	130.767
1708.60	72.554	123.862
1733.45	72.443	117.462
1758.66	72.174	110.935
1784.24	71.735	104.610
1810.19	71.183	99.230
1836.52	70.572	95.010
1863.24	69.965	92.064
1890.34	69.457	90.247
1917.83	69.088	89.006
1945.73	68.903	87.866
1974.03	68.860	86.310
2002.74	68.898	83.917
2031.87	68.957	80.808
2061.43	68.992	77.181
2091.41	68.981	72.992
2121.83	68.917	68.686
2152.69	68.808	64.426
2184.01	68.668	60.294
2215.77	68.504	56.308
2248.00	68.307	52.255
2280.70	68.071	48.179
2313.87	67.814	44.364
2347.53	67.542	40.897
2381.68	67.267	37.845
2416.32	67.014	35.258
2451.46	66.804	32.935
2487.12	66.675	30.670
2523.30	66.632	28.256
2560.00	66.652	25.433
2597.24	66.691	22.103
2635.01	66.711	18.314
2673.34	66.682	13.829
2712.23	66.604	9.192
2751.68	66.483	4.556
2791.70	66.339	-0.015
2832.31	66.186	-4.522
2873.50	66.019	-9.221
2915.30	65.837	-14.160
2957.70	65.645	-19.182
3000.72	65.434	-24.303
3044.37	65.186	-29.747
3088.65	64.898	-35.288
3133.58	64.537	-41.077
3179.16	64.089	-46.951
3225.40	63.593	-52.226
3272.31	63.039	-57.124
3319.91	62.471	-61.549
3368.20	61.963	-65.393
3417.19	61.531	-68.988
3466.89	61.151	-72.620
3517.32	60.736	-76.616
3568.48	60.268	-80.318
3620.39	59.752	-83.100
3673.05	59.266	-84.475
3726.47	59.004	-84.518
3780.67	59.075	-84.231
3835.67	59.484	-85.110
3891.46	60.047	-88.131
3948.06	60.587	-93.204
4005.49	61.010	-99.709
4063.75	61.291	-106.856
4122.86	61.455	-114.318
4182.82	61.519	-122.318
4243.66	61.461	-130.942
4305.39	61.229	-139.970
4368.01	60.767	-149.006
4431.55	60.059	-157.503
4496.01	59.199	-164.508
4561.40	58.345	-170.412
4627.75	57.606	-175.920
4695.06	56.866	178.053
4763.35	55.998	171.827
4832.64	55.008	166.099
4902.93	54.014	161.163
4974.24	53.035	157.080
5046.60	52.052	155.342
5120.00	51.267	158.482
5194.47	50.987	164.549
5270.03	51.348	166.861
5346.68	52.149	163.015
5424.45	52.980	154.910
5503.35	53.564	143.997
5583.40	53.719	132.022
5664.61	53.465	121.792
5747.01	53.139	114.789
5830.60	53.072	108.439
5915.41	53.072	98.171
6001.45	52.680	83.689
6088.74	51.735	67.500
6177.30	50.332	51.034
6267.15	48.650	36.436
6358.31	47.005	47.914
6450.80	45.819	111.889
6544.62	46.292	107.059
6639.82	48.178	91.680
6736.40	49.755	73.245
6834.38	50.784	54.060
6933.79	51.498	36.438
7034.64	52.083	19.354
7136.96	52.193	2.532
7240.77	51.666	-10.456
7346.09	51.008	-17.985
7452.94	50.304	-26.392
7561.35	49.098	-35.807
7671.33	47.575	-39.557
7782.91	46.131	-29.721
7896.12	45.128	-7.346
8010.97	45.465	-9.201
8127.49	46.937	-25.113
8245.71	48.482	-46.567
8365.65	49.410	-71.083
8487.33	49.430	-92.462
8610.78	49.064	-106.861
8736.03	48.688	-115.922
8863.09	48.412	-123.588
8992.01	47.888	-134.295
9122.80	46.687	-136.608
9255.50	45.224	-129.952
9390.12	44.535	-131.834
9526.70	45.302	-143.779
9665.27	46.026	-157.576
9805.86	46.832	-169.218
9948.49	47.875	173.399
10093.2	48.202	158.986
10240.0	47.634	148.276
10388.9	46.794	142.620
10540.1	45.884	138.056
10693.4	44.305	124.891
10848.9	42.915	104.726
11006.7	43.067	93.052
11166.8	44.569	73.419
11329.2	46.064	52.018
11494.0	46.622	55.025
11661.2	46.193	52.691
11830.8	44.984	43.679
12002.9	42.962	34.444
12177.5	41.141	17.445
12354.6	39.548	-5.753
12534.3	40.187	-24.605
12716.6	41.967	-33.329
12901.6	42.407	-43.212
13089.2	42.332	-44.718
13279.6	41.345	-58.621
13472.8	39.612	-73.301
13668.8	38.350	-92.826
13867.6	38.128	-103.388
14069.3	38.746	-121.825
14273.9	39.256	-124.111
14481.5	38.878	-131.762
14692.2	37.662	-149.126
14905.9	36.102	-174.495
15122.7	35.878	172.260
15342.7	35.082	155.519
15565.8	34.809	133.853
15792.2	34.934	123.739
16021.9	35.523	111.523
16255.0	34.607	97.664
16491.4	34.125	76.154
16731.3	33.835	58.570
16974.7	35.530	49.202
17221.6	36.301	31.356
17472.1	36.227	4.876
17726.2	36.399	-13.196
17984.0	35.361	-37.520
18245.6	36.770	-54.591
18511.0	38.150	-70.890
18780.2	38.992	-97.412
19053.4	38.663	-129.898
19330.5	38.638	-157.358
19611.7	38.273	179.391
19897.0	39.580	153.594
20186.4	40.061	120.852
20480.0	39.146	86.888
20777.9	38.501	58.225
21080.1	38.149	30.382
21386.7	39.007	0.495
21697.8	39.080	-33.947
22013.4	38.190	-66.111
22333.6	37.570	-94.207
22658.4	37.715	-117.411
22988.0	38.059	-148.563
23322.4	38.624	-176.522
23661.6	39.556	133.263
