5.00000	-0.978	-170.703
5.07273	-0.380	-170.446
5.14651	0.218	-170.185
5.22137	0.815	-169.921
5.29732	1.413	-169.652
5.37437	2.011	-169.380
5.45254	2.609	-169.103
5.53185	3.206	-168.823
5.61231	3.804	-168.539
5.69394	4.402	-168.250
5.77676	5.000	-167.957
5.86079	5.598	-167.660
5.94604	6.195	-167.359
6.03252	6.793	-167.053
6.12027	7.391	-166.743
6.20929	7.989	-166.428
6.29961	8.586	-166.109
6.39124	9.184	-165.785
6.48420	9.782	-165.456
6.57851	10.380	-165.123
6.67420	10.977	-164.784
6.77128	11.575	-164.441
6.86977	12.173	-164.093
6.96969	12.771	-163.740
7.07107	13.368	-163.381
7.17392	13.966	-163.018
7.27827	14.564	-162.649
7.38413	15.162	-162.274
7.49154	15.760	-161.895
7.60050	16.357	-161.510
7.71105	16.955	-161.119
7.82321	17.553	-160.722
7.93701	18.151	-160.320
8.05245	18.748	-159.912
8.16958	19.346	-159.498
8.28841	19.944	-159.077
8.40896	20.541	-158.651
8.53128	21.139	-158.219
8.65537	21.737	-157.780
8.78126	22.335	-157.335
8.90899	22.932	-156.883
9.03857	23.530	-156.425
9.17004	24.128	-155.960
9.30342	24.726	-155.489
9.43874	25.323	-155.010
9.57603	25.921	-154.525
9.71532	26.519	-154.033
9.85663	27.117	-153.533
10.0000	27.714	-153.026
10.1455	28.312	-152.512
10.2930	28.910	-151.990
10.4427	29.507	-151.461
10.5946	30.105	-150.924
10.7487	30.703	-150.379
10.9051	31.301	-149.826
11.0637	31.898	-149.265
11.2246	32.496	-148.696
11.3879	33.094	-148.119
11.5535	33.691	-147.534
11.7216	34.289	-146.939
11.8921	34.887	-146.337
12.0650	35.484	-145.725
12.2405	36.082	-145.105
12.4186	36.680	-144.475
12.5992	37.277	-143.837
12.7825	37.875	-143.189
12.9684	38.473	-142.531
13.1570	39.070	-141.865
13.3484	39.668	-141.188
13.5426	40.266	-140.502
13.7395	40.863	-139.805
13.9394	41.461	-139.099
14.1421	42.059	-138.382
14.3478	42.656	-137.655
14.5565	43.254	-136.917
14.7683	43.852	-136.168
14.9831	44.449	-135.409
15.2010	45.047	-134.638
15.4221	45.644	-133.857
15.6464	46.242	-133.064
15.8740	46.840	-132.259
16.1049	47.437	-131.443
16.3392	48.035	-130.615
16.5768	48.632	-129.774
16.8179	49.230	-128.922
17.0626	49.827	-128.057
17.3107	50.425	-127.180
17.5625	51.230	-124.243
17.8180	52.132	-121.948
18.0771	53.058	-120.272
18.3401	53.864	-120.185
18.6068	54.618	-120.463
18.8775	55.263	-121.049
19.1521	55.810	-121.579
19.4306	56.238	-121.733
19.7133	56.626	-121.299
20.0000	56.980	-120.077
20.2909	57.390	-118.095
20.5860	57.886	-115.757
20.8855	58.543	-112.994
21.1893	59.310	-110.659
21.4975	60.176	-108.869
21.8102	61.064	-108.006
22.1274	61.974	-107.595
22.4492	62.843	-107.893
22.7758	63.683	-108.383
23.1071	64.449	-109.114
23.4432	65.201	-109.913
23.7841	65.919	-110.576
24.1301	66.653	-111.194
24.4811	67.406	-111.791
24.8372	68.168	-112.550
25.1984	68.950	-113.366
25.5649	69.725	-114.411
25.9368	70.516	-115.713
26.3141	71.321	-117.147
26.6968	72.108	-118.876
27.0851	72.887	-120.808
27.4791	73.656	-122.941
27.8788	74.439	-125.324
28.2843	75.185	-127.951
28.6957	75.927	-130.772
29.1131	76.644	-133.886
29.5365	77.342	-137.206
29.9661	78.001	-140.832
30.4020	78.615	-144.623
30.8442	79.204	-148.649
31.2929	79.749	-152.868
31.7480	80.221	-157.052
32.2098	80.682	-161.638
32.6783	81.109	-166.167
33.1536	81.491	-170.433
33.6359	81.855	-174.524
34.1251	82.175	-178.225
34.6215	82.472	178.228
35.1250	82.760	174.677
35.6359	83.030	170.844
36.1543	83.281	166.946
36.6802	83.496	163.041
37.2137	83.674	159.073
37.7550	83.794	155.296
38.3041	83.876	151.637
38.8613	83.927	148.148
39.4265	83.945	144.884
40.0000	83.950	141.847
40.5818	83.943	139.069
41.1721	83.938	136.468
41.7710	83.938	134.026
42.3785	83.943	131.728
42.9949	83.953	129.517
43.6203	83.969	127.394
44.2548	83.985	125.359
44.8985	84.002	123.386
45.5515	84.033	121.465
46.2141	84.061	119.605
46.8863	84.092	117.728
47.5683	84.121	115.870
48.2602	84.142	114.034
48.9621	84.158	112.234
49.6743	84.169	110.505
50.3968	84.176	108.866
51.1299	84.184	107.288
51.8736	84.191	105.771
52.6281	84.209	104.288
53.3936	84.224	102.831
54.1702	84.235	101.417
54.9581	84.251	100.020
55.7575	84.264	98.681
56.5685	84.277	97.387
57.3914	84.297	96.140
58.2261	84.315	94.931
59.0730	84.336	93.723
59.9323	84.360	92.546
60.8040	84.384	91.349
61.6884	84.411	90.144
62.5857	84.434	88.978
63.4960	84.454	87.854
64.4196	84.480	86.772
65.3566	84.508	85.647
66.3073	84.542	84.539
67.2717	84.566	83.372
68.2502	84.590	82.218
69.2429	84.608	81.092
70.2501	84.620	79.983
71.2719	84.630	78.853
72.3086	84.625	77.753
73.3603	84.616	76.710
74.4274	84.600	75.748
75.5099	84.579	74.907
76.6083	84.570	74.158
77.7226	84.571	73.458
78.8531	84.587	72.766
80.0000	84.607	72.016
81.1636	84.629	71.229
82.3442	84.640	70.431
83.5419	84.655	69.693
84.7570	84.674	68.972
85.9899	84.694	68.275
87.2406	84.717	67.591
88.5096	84.752	66.877
89.7970	84.782	66.133
91.1031	84.815	65.359
92.4282	84.855	64.503
93.7726	84.884	63.610
95.1366	84.906	62.696
96.5204	84.911	61.731
97.9243	84.897	60.800
99.3486	84.870	59.992
100.794	84.843	59.286
102.260	84.822	58.673
103.747	84.816	58.107
105.256	84.826	57.476
106.787	84.828	56.701
108.340	84.810	55.894
109.916	84.768	55.144
111.515	84.718	54.526
113.137	84.655	54.105
114.783	84.600	53.894
116.452	84.568	53.791
118.146	84.571	53.747
119.865	84.600	53.661
121.608	84.648	53.466
123.377	84.704	53.078
125.171	84.752	52.544
126.992	84.785	51.937
128.839	84.794	51.361
130.713	84.814	50.820
132.615	84.830	50.253
134.543	84.839	49.591
136.500	84.829	48.929
138.486	84.794	48.404
140.500	84.768	48.041
142.544	84.765	47.790
144.617	84.778	47.545
146.721	84.816	47.156
148.855	84.860	46.565
151.020	84.889	45.696
153.217	84.868	44.624
155.445	84.769	43.670
157.706	84.630	43.154
160.000	84.511	43.214
162.327	84.469	43.655
164.688	84.503	43.862
167.084	84.549	43.579
169.514	84.568	42.934
171.980	84.523	42.198
174.481	84.417	41.746
177.019	84.302	41.776
179.594	84.236	42.109
182.206	84.244	42.486
184.856	84.280	42.627
187.545	84.307	42.511
190.273	84.315	42.222
193.041	84.296	41.934
195.849	84.250	41.856
198.697	84.219	41.944
201.587	84.221	42.074
204.520	84.261	42.044
207.494	84.277	41.847
210.512	84.272	41.709
213.574	84.281	41.540
216.681	84.280	41.297
219.833	84.264	41.144
223.030	84.264	41.008
226.274	84.267	40.799
229.565	84.255	40.523
232.905	84.240	40.247
236.292	84.206	39.745
239.729	84.106	39.249
243.216	83.968	39.425
246.754	83.878	39.958
250.343	83.843	40.481
253.984	83.845	41.032
257.678	83.865	41.369
261.426	83.886	41.802
265.229	83.948	42.201
269.087	84.049	42.189
273.001	84.108	41.792
276.972	84.114	41.330
281.000	84.117	40.899
285.088	84.098	40.233
289.234	84.049	39.674
293.441	83.943	39.078
297.709	83.771	38.846
302.040	83.607	39.237
306.433	83.495	39.868
310.890	83.442	40.673
315.412	83.434	41.072
320.000	83.402	41.300
324.655	83.356	41.625
329.377	83.299	41.958
334.168	83.235	42.485
339.028	83.202	43.125
343.959	83.191	43.652
348.962	83.175	44.225
354.038	83.205	44.635
359.188	83.209	44.978
364.412	83.229	45.222
369.713	83.258	45.131
375.090	83.209	44.628
380.546	83.024	44.236
386.081	82.805	44.965
391.697	82.686	46.155
397.394	82.594	47.122
403.175	82.527	48.546
409.039	82.505	49.980
414.989	82.546	51.125
421.025	82.598	52.388
427.149	82.733	53.470
433.362	82.862	53.725
439.665	82.885	54.140
446.060	82.952	54.879
452.548	83.029	55.377
459.131	83.110	55.751
465.809	83.190	55.989
472.584	83.240	56.072
479.458	83.296	56.228
486.432	83.347	56.336
493.507	83.417	56.330
500.686	83.427	56.208
507.968	83.417	56.318
515.357	83.434	56.440
522.853	83.436	56.625
530.458	83.465	56.661
538.174	83.451	56.633
546.002	83.440	56.643
553.943	83.419	56.538
562.001	83.362	56.502
570.175	83.315	56.580
578.469	83.250	56.611
586.883	83.181	56.754
595.419	83.111	56.917
604.080	83.032	57.102
612.866	82.947	57.310
621.780	82.855	57.504
630.824	82.744	57.790
640.000	82.628	58.111
649.309	82.499	58.474
658.753	82.360	58.923
668.335	82.211	59.435
678.056	82.051	60.045
687.919	81.881	60.753
697.925	81.701	61.586
708.077	81.514	62.559
718.376	81.322	63.687
728.825	81.128	64.985
739.426	80.936	66.461
750.181	80.751	68.118
761.093	80.578	69.956
772.163	80.423	71.963
783.394	80.289	74.115
794.789	80.184	76.379
806.349	80.109	78.714
818.078	80.066	81.072
829.977	80.055	83.399
842.050	80.073	85.647
854.298	80.116	87.774
866.724	80.175	89.747
879.330	80.246	91.546
892.120	80.320	93.163
905.097	80.389	94.607
918.262	80.448	95.892
931.618	80.488	97.046
945.169	80.506	98.096
958.917	80.499	99.081
972.864	80.463	100.025
987.015	80.380	101.027
1001.37	80.269	102.181
1015.94	80.135	103.529
1030.71	79.984	105.141
1045.71	79.857	106.951
1060.92	79.724	108.899
1076.35	79.590	111.058
1092.00	79.467	113.438
1107.89	79.400	115.938
1124.00	79.346	118.488
1140.35	79.315	121.066
1156.94	79.314	123.544
1173.77	79.312	125.967
1190.84	79.330	128.359
1208.16	79.357	130.649
1225.73	79.391	132.834
1243.56	79.430	134.896
1261.65	79.460	136.833
1280.00	79.479	138.614
1298.62	79.478	140.285
1317.51	79.429	142.011
1336.67	79.365	143.777
1356.11	79.280	145.556
1375.84	79.176	147.406
1395.85	79.055	149.414
1416.15	78.918	151.562
1436.75	78.757	153.828
1457.65	78.572	156.277
1478.85	78.383	158.982
1500.36	78.204	161.979
1522.19	78.024	165.270
1544.33	77.872	168.855
1566.79	77.763	172.669
1589.58	77.700	176.631
1612.70	77.690	-179.406
1636.16	77.728	-175.562
1659.95	77.799	-171.920
1684.10	77.887	-168.527
1708.60	77.974	-165.335
1733.45	78.053	-162.223
1758.66	78.130	-159.216
1784.24	78.198	-156.272
1810.19	78.271	-153.315
1836.52	78.357	-150.379
1863.24	78.453	-147.496
1890.34	78.576	-144.740
1917.83	78.715	-142.264
1945.73	78.856	-140.107
1974.03	78.977	-138.241
2002.74	79.072	-136.658
2031.87	79.139	-135.256
2061.43	79.182	-133.977
2091.41	79.208	-132.874
2121.83	79.221	-131.938
2152.69	79.230	-131.235
2184.01	79.230	-130.870
2215.77	79.210	-130.943
2248.00	79.147	-131.570
2280.70	79.017	-132.783
2313.87	78.804	-134.456
2347.53	78.493	-136.456
2381.68	78.085	-138.616
2416.32	77.594	-140.753
2451.46	77.043	-142.798
2487.12	76.483	-144.733
2523.30	75.970	-146.725
2560.00	75.537	-149.076
2597.24	75.188	-152.112
2635.01	74.907	-156.037
2673.34	74.677	-160.985
2712.23	74.474	-166.732
2751.68	74.288	-172.934
2791.70	74.130	-179.195
2832.31	74.019	174.825
2873.50	73.969	169.304
2915.30	73.995	164.405
2957.70	74.110	160.148
3000.72	74.304	156.420
3044.37	74.557	153.048
3088.65	74.846	149.904
3133.58	75.135	146.853
3179.16	75.395	143.849
3225.40	75.601	141.022
3272.31	75.736	138.437
3319.91	75.809	136.257
3368.20	75.861	134.564
3417.19	75.924	133.188
3466.89	76.007	131.842
3517.32	76.074	130.305
3568.48	76.096	128.596
3620.39	76.056	126.969
3673.05	75.977	125.681
3726.47	75.921	124.744
3780.67	75.925	123.789
3835.67	75.964	122.456
3891.46	75.989	120.759
3948.06	75.986	118.970
4005.49	76.003	117.238
4063.75	76.080	115.266
4122.86	76.195	112.632
4182.82	76.276	109.255
4243.66	76.270	105.519
4305.39	76.199	101.929
4368.01	76.138	98.499
4431.55	76.098	94.880
4496.01	76.039	90.856
4561.40	75.903	86.640
4627.75	75.690	82.744
4695.06	75.476	79.436
4763.35	75.321	76.443
4832.64	75.217	73.390
4902.93	75.132	70.166
4974.24	75.051	66.801
5046.60	74.958	63.249
5120.00	74.821	59.560
5194.47	74.610	56.102
5270.03	74.362	53.372
5346.68	74.183	51.494
5424.45	74.173	49.821
5503.35	74.305	47.541
5583.40	74.481	44.248
5664.61	74.603	40.083
5747.01	74.620	35.535
5830.60	74.545	31.115
5915.41	74.433	27.035
6001.45	74.334	23.235
6088.74	74.277	19.563
6177.30	74.279	15.648
6267.15	74.267	11.130
6358.31	74.131	6.540
6450.80	73.953	3.010
6544.62	73.968	0.284
6639.82	74.195	-3.411
6736.40	74.396	-8.555
6834.38	74.486	-14.130
6933.79	74.545	-19.887
7034.64	74.535	-26.142
7136.96	74.406	-32.292
7240.77	74.251	-38.013
7346.09	74.048	-43.828
7452.94	73.700	-48.733
7561.35	73.500	-51.668
7671.33	73.674	-55.102
7782.91	73.887	-60.419
7896.12	74.028	-66.248
8010.97	74.151	-72.691
8127.49	74.167	-79.186
8245.71	74.279	-85.358
8365.65	74.438	-93.360
8487.33	74.266	-102.537
8610.78	73.790	-110.609
8736.03	73.170	-116.368
8863.09	72.811	-119.281
8992.01	72.956	-122.682
9122.80	73.247	-128.097
9255.50	73.556	-135.118
9390.12	73.713	-143.677
9526.70	73.599	-152.282
9665.27	73.367	-159.496
9805.86	73.272	-165.735
9948.49	73.350	-171.970
10093.2	73.565	-179.493
10240.0	73.642	172.708
10388.9	74.094	164.971
10540.1	74.514	152.603
10693.4	74.355	139.400
10848.9	73.753	127.033
11006.7	72.999	118.528
11166.8	72.547	109.889
11329.2	71.916	103.628
11494.0	72.000	98.523
11661.2	72.399	89.910
11830.8	72.517	76.620
12002.9	71.921	64.340
12177.5	71.277	54.255
12354.6	70.645	46.554
12534.3	70.463	39.625
12716.6	70.501	29.981
12901.6	70.202	18.430
13089.2	69.744	8.008
13279.6	69.207	-2.702
13472.8	68.439	-11.182
13668.8	68.054	-17.364
13867.6	68.241	-25.547
14069.3	68.108	-37.914
14273.9	67.706	-49.005
14481.5	67.213	-59.379
14692.2	66.678	-70.410
14905.9	65.999	-78.778
15122.7	65.516	-86.334
15342.7	65.630	-95.505
15565.8	65.247	-106.915
15792.2	64.454	-115.650
16021.9	64.157	-122.108
16255.0	64.150	-127.746
16491.4	64.586	-135.721
16731.3	64.821	-148.189
16974.7	64.701	-158.918
17221.6	64.536	-166.725
17472.1	65.065	-173.572
17726.2	66.004	174.175
17984.0	66.360	159.526
18245.6	66.583	147.644
18511.0	67.505	135.640
18780.2	68.288	117.638
19053.4	68.268	101.253
19330.5	68.849	86.605
19611.7	69.322	68.080
19897.0	69.790	49.102
20186.4	69.875	28.116
20480.0	69.832	8.574
20777.9	69.563	-13.017
21080.1	68.657	-30.329
21386.7	68.749	-41.651
21697.8	69.883	-63.694
22013.4	69.127	-88.375
22333.6	68.594	-105.214
22658.4	68.539	-121.204
22988.0	68.867	-139.831
23322.4	68.943	-157.628
23661.6	69.777	-173.940
