5.00000	-1.480	-171.297
5.07273	-0.882	-171.048
5.14651	-0.284	-170.796
5.22137	0.313	-170.541
5.29732	0.911	-170.281
5.37437	1.509	-170.018
5.45254	2.107	-169.751
5.53185	2.704	-169.480
5.61231	3.302	-169.205
5.69394	3.900	-168.926
5.77676	4.498	-168.643
5.86079	5.096	-168.356
5.94604	5.693	-168.065
6.03252	6.291	-167.769
6.12027	6.889	-167.469
6.20929	7.487	-167.165
6.29961	8.084	-166.857
6.39124	8.682	-166.543
6.48420	9.280	-166.226
6.57851	9.878	-165.904
6.67420	10.475	-165.577
6.77128	11.073	-165.245
6.86977	11.671	-164.908
6.96969	12.269	-164.567
7.07107	12.866	-164.221
7.17392	13.464	-163.869
7.27827	14.062	-163.513
7.38413	14.660	-163.151
7.49154	15.257	-162.784
7.60050	15.855	-162.412
7.71105	16.453	-162.034
7.82321	17.051	-161.651
7.93701	17.648	-161.262
8.05245	18.246	-160.868
8.16958	18.844	-160.467
8.28841	19.442	-160.061
8.40896	20.039	-159.649
8.53128	20.637	-159.231
8.65537	21.235	-158.808
8.78126	21.833	-158.377
8.90899	22.430	-157.941
9.03857	23.028	-157.498
9.17004	23.626	-157.049
9.30342	24.224	-156.593
9.43874	24.821	-156.131
9.57603	25.419	-155.662
9.71532	26.017	-155.186
9.85663	26.615	-154.703
10.0000	27.212	-154.213
10.1455	27.810	-153.716
10.2930	28.408	-153.212
10.4427	29.005	-152.700
10.5946	29.603	-152.181
10.7487	30.201	-151.655
10.9051	30.799	-151.121
11.0637	31.396	-150.579
11.2246	31.994	-150.029
11.3879	32.592	-149.471
11.5535	33.189	-148.905
11.7216	33.787	-148.331
11.8921	34.385	-147.748
12.0650	34.982	-147.157
12.2405	35.580	-146.558
12.4186	36.178	-145.949
12.5992	36.775	-145.332
12.7825	37.373	-144.706
12.9684	37.971	-144.071
13.1570	38.568	-143.426
13.3484	39.166	-142.772
13.5426	39.764	-142.109
13.7395	40.361	-141.436
13.9394	40.959	-140.753
14.1421	41.557	-140.061
14.3478	42.154	-139.358
14.5565	42.752	-138.645
14.7683	43.349	-137.921
14.9831	43.947	-137.187
15.2010	44.545	-136.443
15.4221	45.142	-135.687
15.6464	45.740	-134.921
15.8740	46.338	-134.143
16.1049	46.935	-133.355
16.3392	47.533	-132.554
16.5768	48.130	-131.742
16.8179	48.728	-130.918
17.0626	49.325	-130.083
17.3107	49.923	-129.235
17.5625	50.728	-126.328
17.8180	51.630	-124.063
18.0771	52.556	-122.418
18.3401	53.362	-122.362
18.6068	54.116	-122.672
18.8775	54.761	-123.290
19.1521	55.308	-123.853
19.4306	55.736	-124.039
19.7133	56.124	-123.639
20.0000	56.478	-122.451
20.2909	56.888	-120.504
20.5860	57.384	-118.201
20.8855	58.041	-115.473
21.1893	58.807	-113.174
21.4975	59.674	-111.420
21.8102	60.562	-110.594
22.1274	61.472	-110.222
22.4492	62.341	-110.558
22.7758	63.180	-111.087
23.1071	63.947	-111.857
23.4432	64.699	-112.696
23.7841	65.417	-113.400
24.1301	66.151	-114.058
24.4811	66.904	-114.697
24.8372	67.666	-115.498
25.1984	68.448	-116.357
25.5649	69.222	-117.445
25.9368	70.014	-118.792
26.3141	70.819	-120.270
26.6968	71.606	-122.045
27.0851	72.385	-124.023
27.4791	73.154	-126.203
27.8788	73.937	-128.633
28.2843	74.683	-131.309
28.6957	75.425	-134.178
29.1131	76.142	-137.342
29.5365	76.840	-140.712
29.9661	77.499	-144.389
30.4020	78.112	-148.232
30.8442	78.702	-152.310
31.2929	79.247	-156.582
31.7480	79.719	-160.821
32.2098	80.180	-165.462
32.6783	80.607	-170.046
33.1536	80.989	-174.368
33.6359	81.353	-178.516
34.1251	81.673	177.724
34.6215	81.970	174.118
35.1250	82.258	170.508
35.6359	82.528	166.614
36.1543	82.779	162.655
36.6802	82.994	158.687
37.2137	83.172	154.656
37.7550	83.293	150.816
38.3041	83.375	147.092
38.8613	83.427	143.538
39.4265	83.446	140.208
40.0000	83.452	137.106
40.5818	83.445	134.260
41.1721	83.442	131.592
41.7710	83.444	129.081
42.3785	83.449	126.714
42.9949	83.462	124.432
43.6203	83.479	122.239
44.2548	83.498	120.132
44.8985	83.516	118.087
45.5515	83.549	116.092
46.2141	83.579	114.158
46.8863	83.613	112.206
47.5683	83.645	110.272
48.2602	83.668	108.360
48.9621	83.686	106.482
49.6743	83.699	104.675
50.3968	83.709	102.956
51.1299	83.720	101.299
51.8736	83.731	99.700
52.6281	83.752	98.134
53.3936	83.771	96.595
54.1702	83.785	95.096
54.9581	83.805	93.615
55.7575	83.821	92.190
56.5685	83.838	90.810
57.3914	83.861	89.473
58.2261	83.884	88.176
59.0730	83.909	86.878
59.9323	83.936	85.610
60.8040	83.965	84.321
61.6884	83.997	83.022
62.5857	84.025	81.763
63.4960	84.049	80.543
64.4196	84.080	79.365
65.3566	84.112	78.143
66.3073	84.151	76.936
67.2717	84.180	75.669
68.2502	84.208	74.415
69.2429	84.233	73.187
70.2501	84.249	71.974
71.2719	84.265	70.739
72.3086	84.265	69.533
73.3603	84.262	68.385
74.4274	84.251	67.314
75.5099	84.236	66.364
76.6083	84.232	65.504
77.7226	84.238	64.692
78.8531	84.260	63.888
80.0000	84.286	63.023
81.1636	84.315	62.121
82.3442	84.331	61.207
83.5419	84.353	60.350
84.7570	84.378	59.510
85.9899	84.404	58.692
87.2406	84.434	57.884
88.5096	84.475	57.047
89.7970	84.512	56.178
91.1031	84.552	55.278
92.4282	84.599	54.295
93.7726	84.634	53.271
95.1366	84.663	52.227
96.5204	84.675	51.130
97.9243	84.669	50.065
99.3486	84.649	49.122
100.794	84.629	48.279
102.260	84.616	47.529
103.747	84.617	46.823
105.256	84.634	46.051
106.787	84.645	45.133
108.340	84.634	44.182
109.916	84.600	43.285
111.515	84.558	42.520
113.137	84.503	41.950
114.783	84.456	41.588
116.452	84.433	41.333
118.146	84.444	41.134
119.865	84.481	40.893
121.608	84.537	40.540
123.377	84.602	39.994
125.171	84.658	39.298
126.992	84.701	38.529
128.839	84.718	37.788
130.713	84.748	37.081
132.615	84.773	36.347
134.543	84.791	35.515
136.500	84.789	34.683
138.486	84.765	33.984
140.500	84.749	33.445
142.544	84.755	33.017
144.617	84.778	32.594
146.721	84.827	32.024
148.855	84.881	31.251
151.020	84.921	30.197
153.217	84.910	28.939
155.445	84.822	27.796
157.706	84.694	27.089
160.000	84.587	26.957
162.327	84.557	27.204
164.688	84.601	27.214
167.084	84.661	26.733
169.514	84.691	25.888
171.980	84.658	24.949
174.481	84.566	24.293
177.019	84.464	24.116
179.594	84.411	24.239
182.206	84.433	24.405
184.856	84.484	24.332
187.545	84.525	24.000
190.273	84.548	23.493
193.041	84.545	22.984
195.849	84.514	22.682
198.697	84.500	22.545
201.587	84.520	22.446
204.520	84.576	22.184
207.494	84.610	21.752
210.512	84.625	21.376
213.574	84.653	20.966
216.681	84.671	20.479
219.833	84.677	20.078
223.030	84.698	19.691
226.274	84.724	19.226
229.565	84.735	18.688
232.905	84.744	18.147
236.292	84.736	17.376
239.729	84.663	16.604
243.216	84.551	16.498
246.754	84.491	16.742
250.343	84.485	16.971
253.984	84.517	17.217
257.678	84.571	17.243
261.426	84.625	17.355
265.229	84.723	17.422
269.087	84.859	17.068
273.001	84.956	16.317
276.972	85.000	15.487
281.000	85.044	14.676
285.088	85.066	13.613
289.234	85.060	12.642
293.441	84.998	11.616
297.709	84.872	10.933
302.040	84.754	10.857
306.433	84.689	10.996
310.890	84.682	11.291
315.412	84.723	11.154
320.000	84.739	10.823
324.655	84.740	10.564
329.377	84.730	10.288
334.168	84.714	10.181
339.028	84.727	10.162
343.959	84.761	10.003
348.962	84.788	9.865
354.038	84.859	9.541
359.188	84.902	9.126
364.412	84.959	8.590
369.713	85.024	7.699
375.090	85.008	6.375
380.546	84.851	5.146
386.081	84.659	5.019
391.697	84.562	5.340
397.394	84.488	5.424
403.175	84.436	5.955
409.039	84.426	6.487
414.989	84.474	6.724
421.025	84.529	7.072
427.149	84.664	7.238
433.362	84.790	6.580
439.665	84.806	6.082
446.060	84.861	5.914
452.548	84.924	5.512
459.131	84.988	4.996
465.809	85.048	4.354
472.584	85.074	3.575
479.458	85.106	2.884
486.432	85.130	2.162
493.507	85.172	1.351
500.686	85.153	0.447
507.968	85.114	-0.197
515.357	85.102	-0.802
522.853	85.076	-1.312
530.458	85.079	-1.938
538.174	85.041	-2.593
546.002	85.012	-3.176
553.943	84.975	-3.840
562.001	84.909	-4.398
570.175	84.860	-4.811
578.469	84.801	-5.240
586.883	84.746	-5.531
595.419	84.703	-5.781
604.080	84.662	-5.993
612.866	84.628	-6.176
621.780	84.602	-6.379
630.824	84.572	-6.504
640.000	84.555	-6.626
649.309	84.539	-6.749
658.753	84.531	-6.848
668.335	84.530	-6.963
678.056	84.535	-7.083
687.919	84.545	-7.222
697.925	84.559	-7.379
708.077	84.577	-7.555
718.376	84.598	-7.754
728.825	84.621	-7.979
739.426	84.647	-8.232
750.181	84.673	-8.514
761.093	84.700	-8.827
772.163	84.726	-9.170
783.394	84.753	-9.543
794.789	84.779	-9.946
806.349	84.804	-10.380
818.078	84.826	-10.844
829.977	84.847	-11.338
842.050	84.865	-11.863
854.298	84.880	-12.418
866.724	84.890	-13.003
879.330	84.895	-13.618
892.120	84.894	-14.260
905.097	84.887	-14.927
918.262	84.872	-15.614
931.618	84.847	-16.317
945.169	84.813	-17.028
958.917	84.766	-17.742
972.864	84.706	-18.460
987.015	84.616	-19.113
1001.37	84.514	-19.635
1015.94	84.400	-20.009
1030.71	84.282	-20.182
1045.71	84.196	-20.236
1060.92	84.106	-20.235
1076.35	84.017	-20.110
1092.00	83.937	-19.831
1107.89	83.903	-19.445
1124.00	83.881	-19.053
1140.35	83.878	-18.645
1156.94	83.902	-18.284
1173.77	83.930	-17.947
1190.84	83.984	-17.620
1208.16	84.061	-17.380
1225.73	84.157	-17.259
1243.56	84.271	-17.301
1261.65	84.390	-17.536
1280.00	84.514	-18.020
1298.62	84.624	-18.716
1317.51	84.685	-19.437
1336.67	84.738	-20.226
1356.11	84.778	-21.108
1375.84	84.798	-21.987
1395.85	84.797	-22.741
1416.15	84.785	-23.417
1436.75	84.763	-24.080
1457.65	84.736	-24.710
1478.85	84.712	-25.249
1500.36	84.692	-25.656
1522.19	84.678	-26.072
1544.33	84.671	-26.455
1566.79	84.674	-26.848
1589.58	84.681	-27.358
1612.70	84.687	-27.933
1636.16	84.684	-28.573
1659.95	84.666	-29.258
1684.10	84.621	-30.037
1708.60	84.551	-30.748
1733.45	84.461	-31.227
1758.66	84.357	-31.606
1784.24	84.237	-31.836
1810.19	84.122	-31.826
1836.52	84.022	-31.627
1863.24	83.935	-31.276
1890.34	83.875	-30.846
1917.83	83.832	-30.481
1945.73	83.792	-30.182
1974.03	83.732	-29.876
2002.74	83.653	-29.502
2031.87	83.563	-28.906
2061.43	83.480	-28.018
2091.41	83.423	-26.897
2121.83	83.407	-25.616
2152.69	83.439	-24.319
2184.01	83.507	-23.136
2215.77	83.591	-22.140
2248.00	83.670	-21.333
2280.70	83.730	-20.638
2313.87	83.773	-19.904
2347.53	83.811	-19.062
2381.68	83.852	-18.118
2416.32	83.908	-17.119
2451.46	83.980	-16.166
2487.12	84.064	-15.378
2523.30	84.132	-14.775
2560.00	84.165	-14.274
2597.24	84.153	-13.720
2635.01	84.101	-12.947
2673.34	84.033	-11.878
2712.23	83.982	-10.460
2751.68	83.975	-8.855
2791.70	84.014	-7.309
2832.31	84.076	-6.032
2873.50	84.126	-5.103
2915.30	84.125	-4.402
2957.70	84.062	-3.594
3000.72	83.959	-2.424
3044.37	83.862	-0.886
3088.65	83.805	0.872
3133.58	83.785	2.528
3179.16	83.768	3.941
3225.40	83.716	5.350
3272.31	83.631	6.937
3319.91	83.552	8.867
3368.20	83.529	11.040
3417.19	83.570	13.088
3466.89	83.636	14.752
3517.32	83.673	15.958
3568.48	83.651	17.099
3620.39	83.585	18.493
3673.05	83.515	20.213
3726.47	83.481	22.142
3780.67	83.490	24.041
3835.67	83.513	25.780
3891.46	83.525	27.440
3948.06	83.539	29.187
4005.49	83.591	30.955
4063.75	83.681	32.465
4122.86	83.760	33.545
4182.82	83.776	34.367
4243.66	83.723	35.370
4305.39	83.653	36.855
4368.01	83.624	38.669
4431.55	83.642	40.465
4496.01	83.679	42.098
4561.40	83.713	43.678
4627.75	83.758	45.332
4695.06	83.840	46.997
4763.35	83.954	48.439
4832.64	84.066	49.534
4902.93	84.151	50.429
4974.24	84.220	51.254
5046.60	84.284	51.928
5120.00	84.316	52.370
5194.47	84.268	52.755
5270.03	84.129	53.559
5346.68	83.975	55.187
5424.45	83.926	57.490
5503.35	84.016	59.705
5583.40	84.183	61.213
5664.61	84.323	61.928
5747.01	84.357	62.258
5830.60	84.279	62.900
5915.41	84.174	64.286
6001.45	84.142	66.280
6088.74	84.232	68.311
6177.30	84.414	69.759
6267.15	84.587	70.263
6358.31	84.637	70.126
6450.80	84.553	70.333
6544.62	84.448	71.269
6639.82	84.400	72.387
6736.40	84.340	73.242
6834.38	84.208	74.264
6933.79	84.058	75.856
7034.64	83.921	77.922
7136.96	83.844	80.645
7240.77	83.941	83.570
7346.09	84.148	85.516
7452.94	84.284	86.844
7561.35	84.430	88.361
7671.33	84.636	89.094
7782.91	84.698	88.998
7896.12	84.620	89.343
8010.97	84.484	90.116
8127.49	84.291	92.060
8245.71	84.352	95.139
8365.65	84.621	96.433
8487.33	84.682	96.456
8610.78	84.617	97.094
8736.03	84.517	98.104
8863.09	84.438	99.829
8992.01	84.484	101.384
9122.80	84.491	102.309
9255.50	84.454	103.276
9390.12	84.397	103.936
9526.70	84.187	104.559
9665.27	83.892	106.562
9805.86	83.769	109.341
9948.49	83.742	111.608
10093.2	83.686	113.152
10240.0	83.420	115.632
10388.9	83.523	119.690
10540.1	83.713	120.326
10693.4	83.476	121.156
10848.9	83.121	123.634
11006.7	83.003	128.719
11166.8	83.198	131.276
11329.2	83.063	134.512
11494.0	83.223	138.488
11661.2	83.479	141.684
11830.8	83.705	143.016
12002.9	83.712	145.359
12177.5	83.874	147.390
12354.6	83.905	149.454
12534.3	83.985	151.876
12716.6	84.109	154.055
12901.6	84.114	156.032
13089.2	84.224	159.471
13279.6	84.566	160.960
13472.8	84.537	161.617
13668.8	84.430	164.249
13867.6	84.653	167.370
14069.3	84.743	168.434
14273.9	84.816	170.752
14481.5	84.918	172.913
14692.2	85.026	173.966
14905.9	85.030	176.065
15122.7	85.005	178.376
15342.7	85.258	179.963
15565.8	85.205	-179.021
15792.2	85.070	-176.451
16021.9	85.323	-174.661
16255.0	85.265	-173.836
16491.4	85.127	-171.476
16731.3	85.202	-169.809
16974.7	85.165	-168.760
17221.6	84.975	-166.871
17472.1	84.882	-164.851
17726.2	84.749	-163.200
17984.0	84.480	-161.089
18245.6	84.262	-158.337
18511.0	84.083	-155.592
18780.2	83.774	-152.528
19053.4	83.641	-147.812
19330.5	83.580	-145.257
19611.7	83.144	-141.591
19897.0	83.125	-136.198
20186.4	83.053	-132.240
20480.0	83.011	-126.867
20777.9	83.173	-122.743
21080.1	83.065	-118.495
21386.7	83.128	-113.482
21697.8	83.162	-108.062
22013.4	83.453	-101.797
22333.6	83.904	-97.460
22658.4	84.283	-92.753
22988.0	84.768	-89.000
23322.4	85.281	-84.157
23661.6	86.188	-82.153
