5.00000	-1.013	-170.744
5.07273	-0.415	-170.487
5.14651	0.183	-170.227
5.22137	0.780	-169.963
5.29732	1.378	-169.695
5.37437	1.976	-169.423
5.45254	2.574	-169.147
5.53185	3.171	-168.868
5.61231	3.769	-168.584
5.69394	4.367	-168.296
5.77676	4.965	-168.004
5.86079	5.562	-167.707
5.94604	6.160	-167.407
6.03252	6.758	-167.102
6.12027	7.356	-166.792
6.20929	7.954	-166.478
6.29961	8.551	-166.160
6.39124	9.149	-165.836
6.48420	9.747	-165.508
6.57851	10.345	-165.176
6.67420	10.942	-164.838
6.77128	11.540	-164.496
6.86977	12.138	-164.148
6.96969	12.736	-163.796
7.07107	13.333	-163.438
7.17392	13.931	-163.076
7.27827	14.529	-162.708
7.38413	15.127	-162.334
7.49154	15.724	-161.955
7.60050	16.322	-161.571
7.71105	16.920	-161.181
7.82321	17.518	-160.785
7.93701	18.115	-160.384
8.05245	18.713	-159.977
8.16958	19.311	-159.564
8.28841	19.909	-159.144
8.40896	20.506	-158.719
8.53128	21.104	-158.288
8.65537	21.702	-157.850
8.78126	22.300	-157.406
8.90899	22.897	-156.955
9.03857	23.495	-156.498
9.17004	24.093	-156.034
9.30342	24.691	-155.564
9.43874	25.288	-155.087
9.57603	25.886	-154.602
9.71532	26.484	-154.111
9.85663	27.081	-153.613
10.0000	27.679	-153.107
10.1455	28.277	-152.594
10.2930	28.875	-152.073
10.4427	29.472	-151.545
10.5946	30.070	-151.009
10.7487	30.668	-150.466
10.9051	31.265	-149.914
11.0637	31.863	-149.355
11.2246	32.461	-148.787
11.3879	33.059	-148.211
11.5535	33.656	-147.627
11.7216	34.254	-147.034
11.8921	34.852	-146.433
12.0650	35.449	-145.823
12.2405	36.047	-145.204
12.4186	36.645	-144.576
12.5992	37.242	-143.938
12.7825	37.840	-143.292
12.9684	38.438	-142.636
13.1570	39.035	-141.971
13.3484	39.633	-141.296
13.5426	40.231	-140.611
13.7395	40.828	-139.916
13.9394	41.426	-139.211
14.1421	42.024	-138.496
14.3478	42.621	-137.770
14.5565	43.219	-137.034
14.7683	43.816	-136.287
14.9831	44.414	-135.530
15.2010	45.012	-134.761
15.4221	45.609	-133.981
15.6464	46.207	-133.190
15.8740	46.804	-132.387
16.1049	47.402	-131.573
16.3392	48.000	-130.747
16.5768	48.597	-129.908
16.8179	49.195	-129.058
17.0626	49.792	-128.195
17.3107	50.390	-127.320
17.5625	51.195	-124.385
17.8180	52.097	-122.092
18.0771	53.023	-120.418
18.3401	53.829	-120.333
18.6068	54.583	-120.613
18.8775	55.228	-121.201
19.1521	55.775	-121.734
19.4306	56.203	-121.890
19.7133	56.591	-121.458
20.0000	56.945	-120.239
20.2909	57.355	-118.259
20.5860	57.851	-115.923
20.8855	58.508	-113.163
21.1893	59.274	-110.830
21.4975	60.141	-109.042
21.8102	61.029	-108.182
22.1274	61.939	-107.774
22.4492	62.808	-108.074
22.7758	63.647	-108.567
23.1071	64.414	-109.301
23.4432	65.165	-110.103
23.7841	65.884	-110.768
24.1301	66.618	-111.388
24.4811	67.371	-111.988
24.8372	68.133	-112.750
25.1984	68.915	-113.569
25.5649	69.689	-114.617
25.9368	70.481	-115.922
26.3141	71.286	-117.359
26.6968	72.072	-119.091
27.0851	72.852	-121.026
27.4791	73.621	-123.162
27.8788	74.404	-125.549
28.2843	75.150	-128.180
28.6957	75.892	-131.004
29.1131	76.609	-134.121
29.5365	77.307	-137.445
29.9661	77.966	-141.074
30.4020	78.579	-144.869
30.8442	79.169	-148.898
31.2929	79.714	-153.120
31.7480	80.186	-157.308
32.2098	80.647	-161.898
32.6783	81.074	-166.431
33.1536	81.456	-170.700
33.6359	81.820	-174.795
34.1251	82.140	-178.500
34.6215	82.437	177.949
35.1250	82.725	174.394
35.6359	82.995	170.557
36.1543	83.246	166.655
36.6802	83.461	162.744
37.2137	83.638	158.772
37.7550	83.759	154.992
38.3041	83.841	151.327
38.8613	83.892	147.835
39.4265	83.911	144.566
40.0000	83.916	141.525
40.5818	83.909	138.742
41.1721	83.904	136.137
41.7710	83.905	133.691
42.3785	83.909	131.388
42.9949	83.921	129.172
43.6203	83.937	127.045
44.2548	83.954	125.004
44.8985	83.971	123.027
45.5515	84.002	121.101
46.2141	84.031	119.237
46.8863	84.063	117.356
47.5683	84.093	115.492
48.2602	84.113	113.652
48.9621	84.130	111.846
49.6743	84.141	110.113
50.3968	84.149	108.469
51.1299	84.157	106.887
51.8736	84.165	105.365
52.6281	84.185	103.877
53.3936	84.201	102.416
54.1702	84.213	100.997
54.9581	84.229	99.595
55.7575	84.243	98.252
56.5685	84.258	96.955
57.3914	84.278	95.702
58.2261	84.298	94.488
59.0730	84.319	93.276
59.9323	84.344	92.094
60.8040	84.369	90.893
61.6884	84.398	89.683
62.5857	84.422	88.514
63.4960	84.443	87.385
64.4196	84.470	86.298
65.3566	84.499	85.170
66.3073	84.534	84.056
67.2717	84.560	82.885
68.2502	84.584	81.728
69.2429	84.605	80.598
70.2501	84.617	79.485
71.2719	84.628	78.350
72.3086	84.625	77.246
73.3603	84.617	76.200
74.4274	84.603	75.234
75.5099	84.583	74.390
76.6083	84.575	73.636
77.7226	84.578	72.933
78.8531	84.595	72.238
80.0000	84.617	71.484
81.1636	84.641	70.694
82.3442	84.653	69.893
83.5419	84.669	69.152
84.7570	84.690	68.428
85.9899	84.711	67.728
87.2406	84.737	67.041
88.5096	84.773	66.325
89.7970	84.805	65.577
91.1031	84.839	64.801
92.4282	84.881	63.943
93.7726	84.912	63.047
95.1366	84.935	62.131
96.5204	84.942	61.164
97.9243	84.931	60.231
99.3486	84.905	59.421
100.794	84.880	58.713
102.260	84.862	58.099
103.747	84.856	57.531
105.256	84.869	56.899
106.787	84.873	56.122
108.340	84.857	55.315
109.916	84.817	54.564
111.515	84.769	53.945
113.137	84.708	53.523
114.783	84.655	53.312
116.452	84.626	53.209
118.146	84.630	53.164
119.865	84.662	53.079
121.608	84.711	52.884
123.377	84.770	52.497
125.171	84.820	51.962
126.992	84.855	51.357
128.839	84.867	50.782
130.713	84.889	50.242
132.615	84.908	49.677
134.543	84.919	49.017
136.500	84.911	48.357
138.486	84.879	47.833
140.500	84.856	47.473
142.544	84.854	47.224
144.617	84.870	46.982
146.721	84.911	46.596
148.855	84.958	46.009
151.020	84.990	45.143
153.217	84.972	44.075
155.445	84.875	43.124
157.706	84.740	42.612
160.000	84.623	42.677
162.327	84.585	43.123
164.688	84.621	43.335
167.084	84.671	43.058
169.514	84.693	42.419
171.980	84.650	41.688
174.481	84.548	41.242
177.019	84.437	41.279
179.594	84.374	41.618
182.206	84.386	42.003
184.856	84.425	42.151
187.545	84.456	42.043
190.273	84.468	41.762
193.041	84.453	41.482
195.849	84.411	41.413
198.697	84.385	41.510
201.587	84.391	41.649
204.520	84.434	41.629
207.494	84.455	41.441
210.512	84.456	41.313
213.574	84.470	41.153
216.681	84.472	40.922
219.833	84.462	40.779
223.030	84.468	40.654
226.274	84.477	40.457
229.565	84.470	40.191
232.905	84.460	39.925
236.292	84.434	39.435
239.729	84.340	38.950
243.216	84.208	39.136
246.754	84.126	39.680
250.343	84.097	40.213
253.984	84.106	40.774
257.678	84.135	41.119
261.426	84.165	41.561
265.229	84.236	41.967
269.087	84.346	41.961
273.001	84.413	41.568
276.972	84.429	41.110
281.000	84.442	40.682
285.088	84.433	40.015
289.234	84.395	39.455
293.441	84.300	38.854
297.709	84.140	38.613
302.040	83.988	38.994
306.433	83.887	39.610
310.890	83.847	40.398
315.412	83.852	40.775
320.000	83.832	40.977
324.655	83.800	41.271
329.377	83.755	41.568
334.168	83.705	42.053
339.028	83.685	42.647
343.959	83.688	43.122
348.962	83.684	43.637
354.038	83.726	43.984
359.188	83.743	44.259
364.412	83.775	44.428
369.713	83.817	44.257
375.090	83.778	43.669
380.546	83.604	43.187
386.081	83.396	43.821
391.697	83.285	44.911
397.394	83.202	45.773
403.175	83.142	47.090
409.039	83.125	48.411
414.989	83.172	49.442
421.025	83.227	50.585
427.149	83.365	51.547
433.362	83.496	51.681
439.665	83.519	51.972
446.060	83.583	52.588
452.548	83.658	52.964
459.131	83.737	53.216
465.809	83.811	53.333
472.584	83.854	53.299
479.458	83.902	53.342
486.432	83.943	53.340
493.507	84.002	53.231
500.686	84.001	53.012
507.968	83.977	53.035
515.357	83.980	53.077
522.853	83.966	53.193
530.458	83.979	53.173
538.174	83.946	53.102
546.002	83.917	53.084
553.943	83.877	52.967
562.001	83.801	52.938
570.175	83.735	53.041
578.469	83.652	53.119
586.883	83.563	53.330
595.419	83.477	53.586
604.080	83.382	53.888
612.866	83.283	54.240
621.780	83.180	54.602
630.824	83.063	55.083
640.000	82.944	55.621
649.309	82.816	56.228
658.753	82.685	56.939
668.335	82.551	57.732
678.056	82.414	58.633
687.919	82.276	59.637
697.925	82.138	60.759
708.077	82.004	62.006
718.376	81.874	63.377
728.825	81.754	64.871
739.426	81.645	66.479
750.181	81.551	68.188
761.093	81.475	69.979
772.163	81.420	71.830
783.394	81.386	73.711
794.789	81.375	75.591
806.349	81.384	77.439
818.078	81.414	79.222
829.977	81.459	80.914
842.050	81.517	82.495
854.298	81.582	83.949
866.724	81.650	85.271
879.330	81.714	86.461
892.120	81.771	87.526
905.097	81.815	88.485
918.262	81.844	89.354
931.618	81.852	90.161
945.169	81.839	90.931
958.917	81.803	91.691
972.864	81.742	92.459
987.015	81.641	93.322
1001.37	81.518	94.359
1015.94	81.377	95.600
1030.71	81.228	97.100
1045.71	81.109	98.777
1060.92	80.987	100.557
1076.35	80.867	102.500
1092.00	80.760	104.616
1107.89	80.702	106.823
1124.00	80.653	109.032
1140.35	80.619	111.235
1156.94	80.605	113.362
1173.77	80.585	115.459
1190.84	80.574	117.557
1208.16	80.572	119.612
1225.73	80.573	121.624
1243.56	80.582	123.571
1261.65	80.588	125.438
1280.00	80.587	127.199
1298.62	80.574	128.871
1317.51	80.523	130.589
1336.67	80.461	132.355
1356.11	80.387	134.129
1375.84	80.296	135.950
1395.85	80.191	137.895
1416.15	80.070	139.962
1436.75	79.928	142.147
1457.65	79.767	144.517
1478.85	79.605	147.139
1500.36	79.453	150.035
1522.19	79.311	153.213
1544.33	79.203	156.640
1566.79	79.141	160.228
1589.58	79.130	163.871
1612.70	79.168	167.416
1636.16	79.240	170.760
1659.95	79.331	173.852
1684.10	79.421	176.650
1708.60	79.490	179.276
1733.45	79.533	-178.075
1758.66	79.559	-175.459
1784.24	79.564	-172.795
1810.19	79.567	-169.950
1836.52	79.587	-166.950
1863.24	79.628	-163.845
1890.34	79.712	-160.749
1917.83	79.831	-157.865
1945.73	79.969	-155.267
1974.03	80.098	-152.947
2002.74	80.211	-150.904
2031.87	80.300	-149.005
2061.43	80.371	-147.166
2091.41	80.430	-145.410
2121.83	80.490	-143.705
2152.69	80.564	-142.117
2184.01	80.654	-140.776
2215.77	80.750	-139.808
2248.00	80.827	-139.334
2280.70	80.861	-139.384
2313.87	80.834	-139.850
2347.53	80.731	-140.584
2381.68	80.551	-141.407
2416.32	80.311	-142.149
2451.46	80.036	-142.747
2487.12	79.769	-143.262
2523.30	79.538	-143.919
2560.00	79.347	-144.995
2597.24	79.174	-146.695
2635.01	78.984	-149.093
2673.34	78.752	-152.248
2712.23	78.462	-155.874
2751.68	78.116	-159.722
2791.70	77.746	-163.590
2832.31	77.388	-167.354
2873.50	77.074	-171.054
2915.30	76.831	-174.725
2957.70	76.674	-178.426
3000.72	76.597	177.796
3044.37	76.583	173.937
3088.65	76.620	170.075
3133.58	76.691	166.233
3179.16	76.782	162.466
3225.40	76.882	158.916
3272.31	76.974	155.616
3319.91	77.064	152.664
3368.20	77.172	150.090
3417.19	77.311	147.722
3466.89	77.469	145.331
3517.32	77.604	142.744
3568.48	77.678	140.105
3620.39	77.679	137.723
3673.05	77.637	135.856
3726.47	77.615	134.514
3780.67	77.658	133.299
3835.67	77.738	131.814
3891.46	77.797	130.038
3948.06	77.814	128.256
4005.49	77.833	126.679
4063.75	77.900	125.084
4122.86	78.003	123.065
4182.82	78.084	120.517
4243.66	78.110	117.746
4305.39	78.118	115.062
4368.01	78.160	112.250
4431.55	78.216	108.814
4496.01	78.204	104.753
4561.40	78.057	100.530
4627.75	77.805	96.864
4695.06	77.560	93.996
4763.35	77.397	91.460
4832.64	77.295	88.769
4902.93	77.213	85.864
4974.24	77.150	82.804
5046.60	77.104	79.408
5120.00	77.020	75.590
5194.47	76.834	71.806
5270.03	76.578	68.789
5346.68	76.386	66.781
5424.45	76.373	65.008
5503.35	76.488	62.538
5583.40	76.610	59.186
5664.61	76.677	55.325
5747.01	76.687	51.316
5830.60	76.660	47.372
5915.41	76.618	43.617
6001.45	76.603	40.081
6088.74	76.654	36.491
6177.30	76.748	32.298
6267.15	76.766	27.319
6358.31	76.609	22.324
6450.80	76.374	18.456
6544.62	76.274	15.635
6639.82	76.369	12.603
6736.40	76.546	8.783
6834.38	76.762	4.323
6933.79	76.987	-1.137
7034.64	77.077	-7.634
7136.96	76.975	-13.973
7240.77	76.847	-19.605
7346.09	76.736	-25.374
7452.94	76.512	-30.832
7561.35	76.338	-34.962
7671.33	76.375	-39.303
7782.91	76.383	-44.626
7896.12	76.345	-49.748
8010.97	76.347	-55.032
8127.49	76.333	-59.994
8245.71	76.565	-64.749
8365.65	76.917	-72.062
8487.33	76.917	-80.917
8610.78	76.636	-88.903
8736.03	76.231	-95.436
8863.09	75.954	-100.081
8992.01	75.969	-104.997
9122.80	75.992	-110.796
9255.50	76.054	-116.560
9390.12	76.187	-123.223
9526.70	76.217	-130.676
9665.27	76.184	-137.527
9805.86	76.268	-144.428
9948.49	76.344	-151.955
10093.2	76.390	-160.210
10240.0	76.213	-167.712
10388.9	76.450	-173.500
10540.1	76.869	176.717
10693.4	76.917	165.664
10848.9	76.703	154.252
11006.7	76.350	144.721
11166.8	76.052	134.055
11329.2	75.346	125.463
11494.0	75.018	119.169
11661.2	75.004	112.561
11830.8	75.120	103.052
12002.9	74.997	93.229
12177.5	74.859	82.280
12354.6	74.418	71.986
12534.3	74.022	63.044
12716.6	73.808	54.305
12901.6	73.573	44.682
13089.2	73.414	35.419
13279.6	73.296	23.835
13472.8	72.702	12.376
13668.8	72.097	3.604
13867.6	71.924	-4.645
14069.3	71.622	-15.707
14273.9	71.202	-25.399
14481.5	70.792	-34.819
14692.2	70.482	-45.008
14905.9	70.105	-54.539
15122.7	69.603	-64.459
15342.7	69.368	-73.368
15565.8	69.122	-82.815
15792.2	68.798	-92.814
16021.9	68.706	-103.959
16255.0	68.218	-115.063
16491.4	67.586	-123.523
16731.3	67.313	-130.654
16974.7	67.426	-138.554
17221.6	67.482	-149.028
17472.1	67.341	-158.759
17726.2	67.398	-165.811
17984.0	68.092	-173.644
18245.6	68.975	173.078
18511.0	69.549	158.066
18780.2	69.913	142.094
19053.4	69.882	127.111
19330.5	70.185	113.225
19611.7	70.498	97.732
19897.0	71.005	80.442
20186.4	70.890	60.904
20480.0	70.715	45.687
20777.9	70.917	27.785
21080.1	70.438	8.974
21386.7	70.171	-2.414
21697.8	71.531	-19.865
22013.4	71.226	-45.558
22333.6	70.324	-63.257
22658.4	70.240	-73.875
22988.0	71.153	-90.860
23322.4	71.795	-111.425
23661.6	72.145	-133.830
