5.00000	-1.405	-171.207
5.07273	-0.808	-170.957
5.14651	-0.210	-170.703
5.22137	0.388	-170.446
5.29732	0.986	-170.185
5.37437	1.584	-169.921
5.45254	2.181	-169.652
5.53185	2.779	-169.380
5.61231	3.377	-169.103
5.69394	3.975	-168.823
5.77676	4.572	-168.539
5.86079	5.170	-168.250
5.94604	5.768	-167.957
6.03252	6.366	-167.660
6.12027	6.963	-167.359
6.20929	7.561	-167.053
6.29961	8.159	-166.743
6.39124	8.757	-166.428
6.48420	9.354	-166.109
6.57851	9.952	-165.785
6.67420	10.550	-165.456
6.77128	11.148	-165.123
6.86977	11.746	-164.784
6.96969	12.343	-164.441
7.07107	12.941	-164.093
7.17392	13.539	-163.740
7.27827	14.137	-163.381
7.38413	14.734	-163.018
7.49154	15.332	-162.649
7.60050	15.930	-162.274
7.71105	16.528	-161.895
7.82321	17.125	-161.509
7.93701	17.723	-161.119
8.05245	18.321	-160.722
8.16958	18.919	-160.320
8.28841	19.516	-159.912
8.40896	20.114	-159.497
8.53128	20.712	-159.077
8.65537	21.310	-158.651
8.78126	21.907	-158.219
8.90899	22.505	-157.780
9.03857	23.103	-157.335
9.17004	23.700	-156.883
9.30342	24.298	-156.425
9.43874	24.896	-155.960
9.57603	25.494	-155.489
9.71532	26.091	-155.010
9.85663	26.689	-154.525
10.0000	27.287	-154.032
10.1455	27.885	-153.533
10.2930	28.482	-153.026
10.4427	29.080	-152.512
10.5946	29.678	-151.990
10.7487	30.275	-151.461
10.9051	30.873	-150.924
11.0637	31.471	-150.379
11.2246	32.068	-149.826
11.3879	32.666	-149.265
11.5535	33.264	-148.696
11.7216	33.862	-148.119
11.8921	34.459	-147.533
12.0650	35.057	-146.939
12.2405	35.655	-146.337
12.4186	36.252	-145.725
12.5992	36.850	-145.105
12.7825	37.448	-144.475
12.9684	38.045	-143.836
13.1570	38.643	-143.189
13.3484	39.241	-142.531
13.5426	39.838	-141.864
13.7395	40.436	-141.188
13.9394	41.034	-140.501
14.1421	41.631	-139.805
14.3478	42.229	-139.098
14.5565	42.826	-138.382
14.7683	43.424	-137.654
14.9831	44.022	-136.917
15.2010	44.619	-136.168
15.4221	45.217	-135.409
15.6464	45.815	-134.638
15.8740	46.412	-133.857
16.1049	47.010	-133.063
16.3392	47.607	-132.259
16.5768	48.205	-131.443
16.8179	48.802	-130.614
17.0626	49.400	-129.774
17.3107	49.998	-128.922
17.5625	50.802	-126.011
17.8180	51.705	-123.741
18.0771	52.631	-122.091
18.3401	53.436	-122.031
18.6068	54.190	-122.336
18.8775	54.836	-122.949
19.1521	55.382	-123.507
19.4306	55.810	-123.688
19.7133	56.199	-123.283
20.0000	56.553	-122.090
20.2909	56.962	-120.137
20.5860	57.459	-117.829
20.8855	58.115	-115.096
21.1893	58.882	-112.791
21.4975	59.749	-111.032
21.8102	60.636	-110.200
22.1274	61.547	-109.822
22.4492	62.416	-110.152
22.7758	63.255	-110.675
23.1071	64.022	-111.440
23.4432	64.773	-112.272
23.7841	65.492	-112.970
24.1301	66.225	-113.622
24.4811	66.979	-114.254
24.8372	67.741	-115.049
25.1984	68.523	-115.902
25.5649	69.297	-116.983
25.9368	70.088	-118.323
26.3141	70.894	-119.795
26.6968	71.680	-121.562
27.0851	72.459	-123.533
27.4791	73.229	-125.706
27.8788	74.012	-128.129
28.2843	74.757	-130.798
28.6957	75.499	-133.660
29.1131	76.217	-136.816
29.5365	76.915	-140.179
29.9661	77.574	-143.847
30.4020	78.187	-147.683
30.8442	78.776	-151.753
31.2929	79.321	-156.017
31.7480	79.793	-160.247
32.2098	80.254	-164.880
32.6783	80.681	-169.456
33.1536	81.063	-173.769
33.6359	81.427	-177.908
34.1251	81.747	178.341
34.6215	82.044	174.744
35.1250	82.332	171.143
35.6359	82.602	167.258
36.1543	82.853	163.308
36.6802	83.068	159.350
37.2137	83.246	155.328
37.7550	83.367	151.499
38.3041	83.449	147.785
38.8613	83.501	144.243
39.4265	83.519	140.923
40.0000	83.524	137.832
40.5818	83.518	134.997
41.1721	83.514	132.339
41.7710	83.514	129.841
42.3785	83.520	127.485
42.9949	83.531	125.216
43.6203	83.547	123.034
44.2548	83.565	120.939
44.8985	83.583	118.906
45.5515	83.614	116.924
46.2141	83.643	115.002
46.8863	83.676	113.064
47.5683	83.706	111.142
48.2602	83.728	109.242
48.9621	83.745	107.376
49.6743	83.757	105.582
50.3968	83.765	103.877
51.1299	83.775	102.232
51.8736	83.783	100.647
52.6281	83.803	99.094
53.3936	83.819	97.567
54.1702	83.833	96.082
54.9581	83.850	94.613
55.7575	83.865	93.202
56.5685	83.880	91.835
57.3914	83.901	90.511
58.2261	83.921	89.227
59.0730	83.944	87.942
59.9323	83.969	86.687
60.8040	83.995	85.410
61.6884	84.025	84.125
62.5857	84.050	82.878
63.4960	84.072	81.671
64.4196	84.101	80.506
65.3566	84.130	79.296
66.3073	84.167	78.101
67.2717	84.192	76.847
68.2502	84.219	75.606
69.2429	84.240	74.391
70.2501	84.253	73.190
71.2719	84.267	71.968
72.3086	84.264	70.774
73.3603	84.258	69.637
74.4274	84.244	68.578
75.5099	84.225	67.641
76.6083	84.219	66.792
77.7226	84.222	65.992
78.8531	84.241	65.199
80.0000	84.263	64.345
81.1636	84.289	63.454
82.3442	84.302	62.551
83.5419	84.320	61.705
84.7570	84.342	60.876
85.9899	84.364	60.068
87.2406	84.390	59.271
88.5096	84.428	58.444
89.7970	84.462	57.585
91.1031	84.497	56.694
92.4282	84.541	55.720
93.7726	84.572	54.706
95.1366	84.597	53.672
96.5204	84.606	52.583
97.9243	84.595	51.528
99.3486	84.572	50.593
100.794	84.547	49.759
102.260	84.531	49.015
103.747	84.527	48.317
105.256	84.541	47.553
106.787	84.547	46.643
108.340	84.531	45.698
109.916	84.494	44.809
111.515	84.447	44.050
113.137	84.389	43.486
114.783	84.337	43.130
116.452	84.309	42.881
118.146	84.316	42.687
119.865	84.348	42.452
121.608	84.400	42.103
123.377	84.460	41.561
125.171	84.512	40.870
126.992	84.549	40.105
128.839	84.562	39.367
130.713	84.586	38.663
132.615	84.607	37.931
134.543	84.620	37.102
136.500	84.613	36.270
138.486	84.583	35.573
140.500	84.563	35.036
142.544	84.563	34.608
144.617	84.580	34.186
146.721	84.623	33.616
148.855	84.671	32.842
151.020	84.707	31.787
153.217	84.690	30.527
155.445	84.596	29.382
157.706	84.462	28.672
160.000	84.348	28.538
162.327	84.311	28.780
164.688	84.350	28.787
167.084	84.403	28.301
169.514	84.426	27.452
171.980	84.387	26.508
174.481	84.287	25.845
177.019	84.178	25.661
179.594	84.118	25.777
182.206	84.132	25.936
184.856	84.175	25.855
187.545	84.209	25.515
190.273	84.223	24.999
193.041	84.211	24.480
195.849	84.172	24.169
198.697	84.149	24.021
201.587	84.160	23.912
204.520	84.206	23.640
207.494	84.229	23.197
210.512	84.234	22.810
213.574	84.251	22.388
216.681	84.258	21.892
219.833	84.252	21.479
223.030	84.261	21.080
226.274	84.274	20.606
229.565	84.272	20.059
232.905	84.267	19.509
236.292	84.245	18.730
239.729	84.156	17.952
243.216	84.030	17.841
246.754	83.953	18.083
250.343	83.930	18.310
253.984	83.945	18.558
257.678	83.980	18.589
261.426	84.016	18.709
265.229	84.094	18.790
269.087	84.210	18.452
273.001	84.286	17.722
276.972	84.309	16.920
281.000	84.330	16.142
285.088	84.329	15.119
289.234	84.301	14.195
293.441	84.215	13.224
297.709	84.064	12.604
302.040	83.922	12.600
306.433	83.831	12.821
310.890	83.801	13.206
315.412	83.816	13.172
320.000	83.808	12.952
324.655	83.785	12.815
329.377	83.752	12.670
334.168	83.712	12.705
339.028	83.704	12.838
343.959	83.716	12.842
348.962	83.723	12.874
354.038	83.776	12.728
359.188	83.801	12.498
364.412	83.844	12.153
369.713	83.894	11.457
375.090	83.864	10.334
380.546	83.696	9.307
386.081	83.496	9.385
391.697	83.391	9.909
397.394	83.313	10.198
403.175	83.258	10.932
409.039	83.245	11.659
414.989	83.293	12.090
421.025	83.350	12.625
427.149	83.488	12.972
433.362	83.620	12.483
439.665	83.641	12.146
446.060	83.704	12.127
452.548	83.775	11.863
459.131	83.848	11.471
465.809	83.918	10.940
472.584	83.956	10.253
479.458	83.996	9.641
486.432	84.030	8.980
493.507	84.080	8.210
500.686	84.069	7.330
507.968	84.037	6.691
515.357	84.029	6.071
522.853	84.005	5.527
530.458	84.008	4.847
538.174	83.966	4.119
546.002	83.928	3.447
553.943	83.877	2.679
562.001	83.794	2.003
570.175	83.720	1.464
578.469	83.630	0.902
586.883	83.538	0.480
595.419	83.450	0.104
604.080	83.355	-0.222
612.866	83.261	-0.498
621.780	83.165	-0.764
630.824	83.060	-0.913
640.000	82.957	-1.011
649.309	82.851	-1.054
658.753	82.746	-1.005
668.335	82.645	-0.896
678.056	82.546	-0.710
687.919	82.453	-0.456
697.925	82.366	-0.130
708.077	82.285	0.266
718.376	82.216	0.726
728.825	82.157	1.236
739.426	82.112	1.785
750.181	82.080	2.357
761.093	82.064	2.934
772.163	82.062	3.495
783.394	82.075	4.023
794.789	82.103	4.496
806.349	82.141	4.896
818.078	82.188	5.208
829.977	82.243	5.420
842.050	82.300	5.525
854.298	82.357	5.519
866.724	82.410	5.404
879.330	82.456	5.186
892.120	82.491	4.877
905.097	82.513	4.490
918.262	82.520	4.043
931.618	82.510	3.555
945.169	82.479	3.050
958.917	82.431	2.544
972.864	82.361	2.048
987.015	82.256	1.642
1001.37	82.135	1.397
1015.94	82.000	1.331
1030.71	81.861	1.495
1045.71	81.754	1.800
1060.92	81.647	2.171
1076.35	81.542	2.665
1092.00	81.448	3.296
1107.89	81.403	4.000
1124.00	81.364	4.681
1140.35	81.337	5.343
1156.94	81.331	5.940
1173.77	81.319	6.514
1190.84	81.319	7.099
1208.16	81.332	7.652
1225.73	81.356	8.161
1243.56	81.396	8.594
1261.65	81.441	8.923
1280.00	81.489	9.117
1298.62	81.532	9.172
1317.51	81.542	9.211
1336.67	81.550	9.244
1356.11	81.552	9.226
1375.84	81.544	9.195
1395.85	81.523	9.230
1416.15	81.492	9.331
1436.75	81.452	9.483
1457.65	81.406	9.736
1478.85	81.368	10.129
1500.36	81.346	10.665
1522.19	81.344	11.293
1544.33	81.372	11.974
1566.79	81.439	12.616
1589.58	81.542	13.098
1612.70	81.668	13.347
1636.16	81.804	13.319
1659.95	81.934	13.009
1684.10	82.042	12.372
1708.60	82.114	11.576
1733.45	82.148	10.835
1758.66	82.151	10.039
1784.24	82.115	9.276
1810.19	82.061	8.721
1836.52	82.004	8.375
1863.24	81.953	8.233
1890.34	81.930	8.218
1917.83	81.934	8.148
1945.73	81.957	7.955
1974.03	81.974	7.634
2002.74	81.979	7.176
2031.87	81.965	6.718
2061.43	81.935	6.370
2091.41	81.900	6.151
2121.83	81.879	6.124
2152.69	81.892	6.239
2184.01	81.952	6.342
2215.77	82.054	6.265
2248.00	82.176	5.849
2280.70	82.290	5.018
2313.87	82.369	3.879
2347.53	82.394	2.601
2381.68	82.361	1.398
2416.32	82.286	0.469
2451.46	82.195	-0.123
2487.12	82.128	-0.431
2523.30	82.102	-0.646
2560.00	82.109	-0.989
2597.24	82.116	-1.560
2635.01	82.089	-2.303
2673.34	82.002	-3.099
2712.23	81.862	-3.591
2751.68	81.706	-3.576
2791.70	81.577	-3.075
2832.31	81.512	-2.297
2873.50	81.510	-1.542
2915.30	81.549	-1.044
2957.70	81.590	-0.809
3000.72	81.615	-0.705
3044.37	81.624	-0.635
3088.65	81.631	-0.547
3133.58	81.637	-0.569
3179.16	81.627	-0.783
3225.40	81.579	-1.027
3272.31	81.475	-1.205
3319.91	81.329	-1.074
3368.20	81.191	-0.511
3417.19	81.096	0.286
3466.89	81.042	1.015
3517.32	80.984	1.441
3568.48	80.887	1.724
3620.39	80.737	2.175
3673.05	80.561	3.020
3726.47	80.409	4.272
3780.67	80.314	5.641
3835.67	80.251	6.854
3891.46	80.171	7.950
3948.06	80.064	9.241
4005.49	79.981	10.943
4063.75	79.985	12.789
4122.86	80.069	14.226
4182.82	80.155	14.982
4243.66	80.166	15.345
4305.39	80.102	15.875
4368.01	80.026	16.780
4431.55	79.989	17.811
4496.01	79.953	18.541
4561.40	79.883	19.216
4627.75	79.777	20.103
4695.06	79.687	21.291
4763.35	79.634	22.504
4832.64	79.583	23.565
4902.93	79.515	24.628
4974.24	79.454	25.783
5046.60	79.406	26.813
5120.00	79.327	27.631
5194.47	79.169	28.611
5270.03	78.971	30.276
5346.68	78.838	32.716
5424.45	78.853	35.343
5503.35	78.985	37.408
5583.40	79.138	38.614
5664.61	79.224	39.191
5747.01	79.203	39.627
5830.60	79.094	40.500
5915.41	78.988	42.069
6001.45	78.966	43.994
6088.74	79.036	45.669
6177.30	79.135	46.702
6267.15	79.160	47.095
6358.31	79.026	47.546
6450.80	78.814	49.177
6544.62	78.739	51.919
6639.82	78.860	54.301
6736.40	79.000	55.716
6834.38	79.091	56.964
6933.79	79.220	58.214
7034.64	79.364	58.904
7136.96	79.437	59.308
7240.77	79.480	59.746
7346.09	79.473	59.801
7452.94	79.323	60.082
7561.35	79.185	61.446
7671.33	79.189	62.637
7782.91	79.125	63.147
7896.12	78.966	64.202
8010.97	78.790	65.717
8127.49	78.592	68.378
8245.71	78.711	72.003
8365.65	79.070	73.316
8487.33	79.186	73.009
8610.78	79.120	73.246
8736.03	78.979	74.121
8863.09	78.898	76.041
8992.01	78.987	77.440
9122.80	78.964	77.897
9255.50	78.825	78.990
9390.12	78.735	80.542
9526.70	78.630	82.220
9665.27	78.595	85.052
9805.86	78.864	87.436
9948.49	79.147	87.738
10093.2	79.192	86.546
10240.0	78.793	86.699
10388.9	78.714	90.124
10540.1	78.925	90.899
10693.4	78.883	91.320
10848.9	78.786	92.163
11006.7	78.857	94.210
11166.8	79.044	93.109
11329.2	78.716	92.622
11494.0	78.483	93.566
11661.2	78.287	95.061
11830.8	78.103	95.701
12002.9	77.831	98.399
12177.5	77.944	100.144
12354.6	77.905	100.571
12534.3	77.758	100.543
12716.6	77.434	100.883
12901.6	76.987	102.420
13089.2	76.756	106.146
13279.6	76.884	107.825
13472.8	76.694	108.131
13668.8	76.416	109.521
13867.6	76.278	111.211
14069.3	75.926	111.770
14273.9	75.599	114.366
14481.5	75.372	116.956
14692.2	75.171	118.352
14905.9	74.870	120.977
15122.7	74.598	123.577
15342.7	74.559	125.111
15565.8	74.114	126.698
15792.2	73.616	130.829
16021.9	73.700	134.525
16255.0	73.580	136.647
16491.4	73.372	138.848
16731.3	73.010	140.026
16974.7	72.497	144.337
17221.6	72.387	150.123
17472.1	72.617	153.740
17726.2	72.623	154.715
17984.0	72.208	157.742
18245.6	72.126	163.642
18511.0	72.706	167.660
18780.2	73.095	166.741
19053.4	72.688	166.696
19330.5	72.513	170.060
19611.7	72.559	172.677
19897.0	72.954	173.793
20186.4	72.855	170.718
20480.0	72.194	170.432
20777.9	71.458	171.736
21080.1	70.431	176.526
21386.7	70.038	-171.746
21697.8	71.641	-165.840
22013.4	71.689	-170.447
22333.6	71.331	-168.536
22658.4	71.245	-162.779
22988.0	71.750	-160.710
23322.4	71.820	-157.934
23661.6	72.506	-151.880
