5.00000	-1.725	-171.600
5.07273	-1.127	-171.355
5.14651	-0.530	-171.108
5.22137	0.068	-170.857
5.29732	0.666	-170.602
5.37437	1.264	-170.343
5.45254	1.861	-170.081
5.53185	2.459	-169.815
5.61231	3.057	-169.545
5.69394	3.655	-169.271
5.77676	4.253	-168.993
5.86079	4.850	-168.711
5.94604	5.448	-168.424
6.03252	6.046	-168.134
6.12027	6.644	-167.840
6.20929	7.241	-167.541
6.29961	7.839	-167.238
6.39124	8.437	-166.930
6.48420	9.035	-166.618
6.57851	9.632	-166.302
6.67420	10.230	-165.981
6.77128	10.828	-165.655
6.86977	11.426	-165.324
6.96969	12.023	-164.989
7.07107	12.621	-164.649
7.17392	13.219	-164.303
7.27827	13.817	-163.953
7.38413	14.415	-163.598
7.49154	15.012	-163.237
7.60050	15.610	-162.872
7.71105	16.208	-162.501
7.82321	16.806	-162.124
7.93701	17.403	-161.742
8.05245	18.001	-161.355
8.16958	18.599	-160.962
8.28841	19.197	-160.563
8.40896	19.794	-160.158
8.53128	20.392	-159.748
8.65537	20.990	-159.331
8.78126	21.587	-158.909
8.90899	22.185	-158.480
9.03857	22.783	-158.045
9.17004	23.381	-157.604
9.30342	23.978	-157.156
9.43874	24.576	-156.702
9.57603	25.174	-156.241
9.71532	25.772	-155.774
9.85663	26.369	-155.300
10.0000	26.967	-154.818
10.1455	27.565	-154.330
10.2930	28.162	-153.835
10.4427	28.760	-153.332
10.5946	29.358	-152.823
10.7487	29.956	-152.305
10.9051	30.553	-151.781
11.0637	31.151	-151.248
11.2246	31.749	-150.708
11.3879	32.346	-150.160
11.5535	32.944	-149.604
11.7216	33.542	-149.040
11.8921	34.139	-148.468
12.0650	34.737	-147.888
12.2405	35.335	-147.299
12.4186	35.933	-146.701
12.5992	36.530	-146.095
12.7825	37.128	-145.480
12.9684	37.726	-144.856
13.1570	38.323	-144.223
13.3484	38.921	-143.580
13.5426	39.518	-142.929
13.7395	40.116	-142.268
13.9394	40.714	-141.597
14.1421	41.311	-140.916
14.3478	41.909	-140.226
14.5565	42.507	-139.526
14.7683	43.104	-138.815
14.9831	43.702	-138.094
15.2010	44.300	-137.363
15.4221	44.897	-136.621
15.6464	45.495	-135.868
15.8740	46.092	-135.104
16.1049	46.690	-134.329
16.3392	47.287	-133.543
16.5768	47.885	-132.745
16.8179	48.483	-131.936
17.0626	49.080	-131.115
17.3107	49.678	-130.282
17.5625	50.482	-127.391
17.8180	51.385	-125.142
18.0771	52.311	-123.512
18.3401	53.117	-123.472
18.6068	53.870	-123.798
18.8775	54.516	-124.432
19.1521	55.063	-125.012
19.4306	55.491	-125.215
19.7133	55.879	-124.832
20.0000	56.233	-123.662
20.2909	56.642	-121.732
20.5860	57.139	-119.447
20.8855	57.796	-116.737
21.1893	58.562	-114.456
21.4975	59.429	-112.721
21.8102	60.316	-111.914
22.1274	61.227	-111.561
22.4492	62.096	-111.916
22.7758	62.935	-112.465
23.1071	63.702	-113.256
23.4432	64.453	-114.115
23.7841	65.172	-114.839
24.1301	65.905	-115.518
24.4811	66.659	-116.179
24.8372	67.421	-117.001
25.1984	68.203	-117.882
25.5649	68.977	-118.992
25.9368	69.769	-120.361
26.3141	70.574	-121.863
26.6968	71.360	-123.661
27.0851	72.140	-125.662
27.4791	72.909	-127.866
27.8788	73.692	-130.320
28.2843	74.437	-133.021
28.6957	75.180	-135.915
29.1131	75.897	-139.104
29.5365	76.595	-142.500
29.9661	77.254	-146.203
30.4020	77.867	-150.072
30.8442	78.456	-154.177
31.2929	79.001	-158.476
31.7480	79.474	-162.742
32.2098	79.935	-167.411
32.6783	80.362	-172.024
33.1536	80.744	-176.375
33.6359	81.108	179.448
34.1251	81.428	175.659
34.6215	81.725	172.023
35.1250	82.013	168.382
35.6359	82.283	164.458
36.1543	82.533	160.467
36.6802	82.748	156.467
37.2137	82.925	152.405
37.7550	83.046	148.534
38.3041	83.127	144.777
38.8613	83.177	141.192
39.4265	83.194	137.829
40.0000	83.197	134.693
40.5818	83.189	131.814
41.1721	83.183	129.111
41.7710	83.182	126.566
42.3785	83.185	124.163
42.9949	83.193	121.845
43.6203	83.206	119.614
44.2548	83.220	117.469
44.8985	83.234	115.384
45.5515	83.262	113.350
46.2141	83.287	111.375
46.8863	83.315	109.380
47.5683	83.341	107.402
48.2602	83.357	105.444
48.9621	83.370	103.519
49.6743	83.376	101.664
50.3968	83.379	99.895
51.1299	83.383	98.186
51.8736	83.385	96.534
52.6281	83.399	94.914
53.3936	83.410	93.318
54.1702	83.416	91.760
54.9581	83.426	90.218
55.7575	83.434	88.730
56.5685	83.441	87.286
57.3914	83.455	85.883
58.2261	83.467	84.516
59.0730	83.482	83.146
59.9323	83.499	81.805
60.8040	83.517	80.439
61.6884	83.538	79.061
62.5857	83.555	77.720
63.4960	83.567	76.417
64.4196	83.586	75.151
65.3566	83.607	73.840
66.3073	83.634	72.540
67.2717	83.650	71.177
68.2502	83.666	69.825
69.2429	83.678	68.495
70.2501	83.681	67.178
71.2719	83.682	65.834
72.3086	83.669	64.517
73.3603	83.652	63.253
74.4274	83.628	62.064
75.5099	83.598	60.992
76.6083	83.579	60.006
77.7226	83.571	59.065
78.8531	83.578	58.127
80.0000	83.588	57.124
81.1636	83.602	56.080
82.3442	83.603	55.021
83.5419	83.608	54.014
84.7570	83.618	53.020
85.9899	83.627	52.043
87.2406	83.640	51.073
88.5096	83.665	50.068
89.7970	83.685	49.026
91.1031	83.706	47.948
92.4282	83.737	46.782
93.7726	83.754	45.572
95.1366	83.765	44.335
96.5204	83.759	43.040
97.9243	83.735	41.772
99.3486	83.696	40.621
100.794	83.657	39.563
102.260	83.625	38.592
103.747	83.607	37.660
105.256	83.605	36.656
106.787	83.596	35.499
108.340	83.566	34.305
109.916	83.512	33.157
111.515	83.449	32.134
113.137	83.374	31.299
114.783	83.306	30.668
116.452	83.262	30.135
118.146	83.252	29.650
119.865	83.267	29.118
121.608	83.302	28.465
123.377	83.345	27.611
125.171	83.379	26.601
126.992	83.399	25.509
128.839	83.394	24.437
130.713	83.400	23.391
132.615	83.403	22.308
134.543	83.397	21.121
136.500	83.372	19.923
138.486	83.323	18.850
140.500	83.283	17.929
142.544	83.264	17.108
144.617	83.261	16.282
146.721	83.284	15.302
148.855	83.312	14.107
151.020	83.326	12.621
153.217	83.288	10.921
155.445	83.173	9.324
157.706	83.018	8.155
160.000	82.881	7.548
162.327	82.823	7.309
164.688	82.838	6.822
167.084	82.867	5.833
169.514	82.867	4.467
171.980	82.803	2.994
174.481	82.678	1.793
177.019	82.543	1.058
179.594	82.457	0.611
182.206	82.444	0.194
184.856	82.459	-0.475
187.545	82.464	-1.417
190.273	82.449	-2.547
193.041	82.407	-3.693
195.849	82.337	-4.646
198.697	82.282	-5.448
201.587	82.258	-6.226
204.520	82.270	-7.180
207.494	82.259	-8.320
210.512	82.226	-9.418
213.574	82.205	-10.564
216.681	82.172	-11.800
219.833	82.125	-12.966
223.030	82.091	-14.130
226.274	82.058	-15.387
229.565	82.010	-16.730
232.905	81.956	-18.088
236.292	81.882	-19.690
239.729	81.739	-21.303
243.216	81.556	-22.263
246.754	81.420	-22.881
250.343	81.335	-23.526
253.984	81.286	-24.158
257.678	81.252	-25.021
261.426	81.216	-25.800
265.229	81.218	-26.628
269.087	81.255	-27.879
273.001	81.249	-29.528
276.972	81.184	-31.250
281.000	81.115	-32.950
285.088	81.019	-34.893
289.234	80.890	-36.734
293.441	80.700	-38.616
297.709	80.442	-40.138
302.040	80.188	-41.035
306.433	79.981	-41.692
310.890	79.831	-42.172
315.412	79.723	-43.053
320.000	79.587	-44.098
324.655	79.436	-45.041
329.377	79.272	-45.965
334.168	79.098	-46.687
339.028	78.955	-47.287
343.959	78.833	-47.990
348.962	78.704	-48.641
354.038	78.622	-49.447
359.188	78.515	-50.317
364.412	78.423	-51.291
369.713	78.342	-52.602
375.090	78.183	-54.331
380.546	77.889	-55.957
386.081	77.563	-56.470
391.697	77.337	-56.530
397.394	77.140	-56.822
403.175	76.967	-56.667
409.039	76.841	-56.514
414.989	76.777	-56.658
421.025	76.723	-56.695
427.149	76.752	-56.920
433.362	76.773	-57.978
439.665	76.684	-58.881
446.060	76.634	-59.455
452.548	76.591	-60.262
459.131	76.547	-61.178
465.809	76.497	-62.209
472.584	76.409	-63.360
479.458	76.322	-64.394
486.432	76.223	-65.424
493.507	76.136	-66.496
500.686	75.984	-67.603
507.968	75.807	-68.381
515.357	75.652	-69.045
522.853	75.479	-69.517
530.458	75.336	-69.998
538.174	75.151	-70.381
546.002	74.980	-70.556
553.943	74.813	-70.667
562.001	74.631	-70.524
570.175	74.487	-70.093
578.469	74.360	-69.559
586.883	74.272	-68.792
595.419	74.232	-67.934
604.080	74.237	-67.043
612.866	74.293	-66.187
621.780	74.399	-65.478
630.824	74.542	-64.878
640.000	74.729	-64.513
649.309	74.945	-64.424
658.753	75.187	-64.610
668.335	75.445	-65.124
678.056	75.710	-65.953
687.919	75.975	-67.096
697.925	76.231	-68.538
708.077	76.473	-70.257
718.376	76.696	-72.228
728.825	76.894	-74.428
739.426	77.066	-76.831
750.181	77.207	-79.409
761.093	77.316	-82.135
772.163	77.390	-84.980
783.394	77.428	-87.914
794.789	77.430	-90.909
806.349	77.393	-93.934
818.078	77.319	-96.955
829.977	77.206	-99.938
842.050	77.057	-102.848
854.298	76.872	-105.646
866.724	76.654	-108.294
879.330	76.408	-110.749
892.120	76.138	-112.974
905.097	75.851	-114.936
918.262	75.558	-116.603
931.618	75.269	-117.972
945.169	74.996	-119.044
958.917	74.753	-119.864
972.864	74.549	-120.510
987.015	74.376	-121.019
1001.37	74.257	-121.450
1015.94	74.190	-121.918
1030.71	74.172	-122.494
1045.71	74.224	-123.354
1060.92	74.295	-124.629
1076.35	74.372	-126.319
1092.00	74.441	-128.341
1107.89	74.508	-130.529
1124.00	74.547	-133.208
1140.35	74.542	-136.334
1156.94	74.495	-139.443
1173.77	74.383	-142.598
1190.84	74.214	-145.886
1208.16	74.004	-149.042
1225.73	73.762	-152.008
1243.56	73.505	-154.771
1261.65	73.236	-157.335
1280.00	72.948	-159.807
1298.62	72.672	-162.125
1317.51	72.413	-164.214
1336.67	72.170	-166.259
1356.11	71.952	-168.422
1375.84	71.762	-170.784
1395.85	71.591	-173.311
1416.15	71.414	-176.099
1436.75	71.203	-179.269
1457.65	70.935	177.196
1478.85	70.613	173.532
1500.36	70.248	170.025
1522.19	69.796	166.548
1544.33	69.292	163.406
1566.79	68.757	160.745
1589.58	68.182	158.612
1612.70	67.643	157.097
1636.16	67.177	156.057
1659.95	66.815	155.230
1684.10	66.548	154.390
1708.60	66.383	153.213
1733.45	66.306	151.539
1758.66	66.285	149.404
1784.24	66.301	146.784
1810.19	66.357	143.704
1836.52	66.448	140.161
1863.24	66.563	136.153
1890.34	66.707	131.651
1917.83	66.857	126.496
1945.73	66.979	120.875
1974.03	67.037	115.046
2002.74	67.017	109.215
2031.87	66.941	103.956
2061.43	66.862	99.625
2091.41	66.852	96.272
2121.83	67.015	93.623
2152.69	67.399	90.931
2184.01	67.948	87.402
2215.77	68.549	82.605
2248.00	69.083	76.441
2280.70	69.435	69.170
2313.87	69.537	61.647
2347.53	69.367	54.594
2381.68	68.959	48.742
2416.32	68.394	44.772
2451.46	67.787	42.955
2487.12	67.308	43.113
2523.30	67.059	43.983
2560.00	66.998	44.290
2597.24	66.973	43.663
2635.01	66.849	42.483
2673.34	66.544	41.269
2712.23	66.112	40.901
2751.68	65.609	41.739
2791.70	65.088	43.689
2832.31	64.600	46.535
2873.50	64.167	50.261
2915.30	63.843	54.928
2957.70	63.684	60.141
3000.72	63.686	65.202
3044.37	63.779	69.525
3088.65	63.873	72.871
3133.58	63.905	75.544
3179.16	63.860	77.993
3225.40	63.764	80.652
3272.31	63.643	83.547
3319.91	63.518	86.587
3368.20	63.399	89.625
3417.19	63.266	92.550
3466.89	63.082	95.451
3517.32	62.808	98.586
3568.48	62.480	102.568
3620.39	62.188	107.822
3673.05	62.050	114.229
3726.47	62.144	120.760
3780.67	62.400	126.048
3835.67	62.659	129.720
3891.46	62.803	132.343
3948.06	62.797	134.732
4005.49	62.668	137.492
4063.75	62.448	140.957
4122.86	62.177	145.425
4182.82	61.933	151.130
4243.66	61.841	157.559
4305.39	61.916	163.498
4368.01	62.034	168.344
4431.55	62.091	172.261
4496.01	62.051	175.832
4561.40	61.915	179.508
4627.75	61.700	-176.263
4695.06	61.489	-171.213
4763.35	61.360	-165.781
4832.64	61.278	-160.521
4902.93	61.180	-155.149
4974.24	61.135	-148.920
5046.60	61.281	-142.103
5120.00	61.590	-136.107
5194.47	61.866	-131.633
5270.03	61.994	-128.158
5346.68	62.003	-125.031
5424.45	61.957	-121.987
5503.35	61.852	-119.275
5583.40	61.637	-116.781
5664.61	61.275	-113.878
5747.01	60.781	-109.785
5830.60	60.275	-103.740
5915.41	59.951	-96.055
6001.45	59.873	-88.151
6088.74	59.946	-81.043
6177.30	60.115	-75.082
6267.15	60.306	-70.609
6358.31	60.383	-67.192
6450.80	60.350	-63.497
6544.62	60.335	-59.410
6639.82	60.322	-55.759
6736.40	60.170	-52.364
6834.38	59.908	-48.079
6933.79	59.737	-42.714
7034.64	59.659	-37.809
7136.96	59.440	-33.661
7240.77	59.036	-28.129
7346.09	58.744	-19.732
7452.94	58.791	-9.285
7561.35	59.257	0.843
7671.33	59.907	7.223
7782.91	60.231	10.307
7896.12	60.173	12.935
8010.97	59.892	15.552
8127.49	59.343	19.641
8245.71	58.921	27.269
8365.65	58.913	35.252
8487.33	58.788	41.361
8610.78	58.357	47.769
8736.03	57.849	55.638
8863.09	57.510	65.336
8992.01	57.587	75.410
9122.80	57.765	83.031
9255.50	57.741	89.078
9390.12	57.491	94.144
9526.70	56.907	99.483
9665.27	56.333	107.675
9805.86	56.174	117.132
9948.49	56.404	125.293
10093.2	56.619	130.865
10240.0	56.294	136.085
10388.9	55.903	143.823
10540.1	55.675	149.497
10693.4	55.049	153.568
10848.9	54.157	160.886
11006.7	53.749	175.078
11166.8	54.025	-175.084
11329.2	53.570	-168.215
11494.0	53.336	-159.721
11661.2	53.000	-152.506
11830.8	52.170	-144.277
12002.9	51.040	-131.063
12177.5	50.369	-113.559
12354.6	50.832	-96.739
12534.3	51.419	-88.186
12716.6	51.330	-81.183
12901.6	50.646	-72.538
13089.2	49.769	-57.591
13279.6	49.665	-40.029
13472.8	50.053	-26.975
13668.8	50.366	-16.615
13867.6	50.536	-7.287
14069.3	50.126	-0.881
14273.9	48.839	8.462
14481.5	47.864	24.913
14692.2	47.826	42.729
14905.9	48.179	56.328
15122.7	47.674	66.872
15342.7	47.124	82.695
15565.8	46.735	98.776
15792.2	46.539	115.661
16021.9	47.397	131.199
16255.0	47.505	138.229
16491.4	46.876	150.846
16731.3	46.498	170.895
16974.7	46.940	-169.889
17221.6	47.084	-157.505
17472.1	47.057	-147.859
17726.2	46.292	-132.756
17984.0	46.094	-106.998
18245.6	46.977	-89.549
18511.0	47.482	-75.076
18780.2	47.537	-64.232
19053.4	47.662	-48.471
19330.5	48.197	-32.105
19611.7	48.195	-19.641
19897.0	48.554	-6.332
20186.4	49.008	5.264
20480.0	48.482	16.643
20777.9	47.948	28.108
21080.1	47.114	41.082
21386.7	46.680	64.306
21697.8	47.908	81.341
22013.4	47.782	91.583
22333.6	46.875	106.259
22658.4	47.590	130.973
22988.0	48.845	147.144
23322.4	49.411	161.358
23661.6	50.101	166.678
