5.00000	-1.183	-170.942
5.07273	-0.585	-170.688
5.14651	0.012	-170.431
5.22137	0.610	-170.170
5.29732	1.208	-169.905
5.37437	1.806	-169.636
5.45254	2.403	-169.364
5.53185	3.001	-169.087
5.61231	3.599	-168.806
5.69394	4.197	-168.522
5.77676	4.795	-168.233
5.86079	5.392	-167.940
5.94604	5.990	-167.642
6.03252	6.588	-167.341
6.12027	7.186	-167.035
6.20929	7.783	-166.724
6.29961	8.381	-166.409
6.39124	8.979	-166.090
6.48420	9.577	-165.765
6.57851	10.174	-165.437
6.67420	10.772	-165.103
6.77128	11.370	-164.764
6.86977	11.968	-164.421
6.96969	12.565	-164.072
7.07107	13.163	-163.719
7.17392	13.761	-163.360
7.27827	14.359	-162.996
7.38413	14.956	-162.627
7.49154	15.554	-162.252
7.60050	16.152	-161.872
7.71105	16.750	-161.487
7.82321	17.348	-161.095
7.93701	17.945	-160.698
8.05245	18.543	-160.296
8.16958	19.141	-159.887
8.28841	19.738	-159.473
8.40896	20.336	-159.052
8.53128	20.934	-158.626
8.65537	21.532	-158.193
8.78126	22.129	-157.754
8.90899	22.727	-157.308
9.03857	23.325	-156.856
9.17004	23.923	-156.398
9.30342	24.520	-155.933
9.43874	25.118	-155.461
9.57603	25.716	-154.982
9.71532	26.314	-154.496
9.85663	26.911	-154.003
10.0000	27.509	-153.503
10.1455	28.107	-152.996
10.2930	28.704	-152.481
10.4427	29.302	-151.959
10.5946	29.900	-151.429
10.7487	30.498	-150.892
10.9051	31.095	-150.346
11.0637	31.693	-149.793
11.2246	32.291	-149.232
11.3879	32.888	-148.662
11.5535	33.486	-148.085
11.7216	34.084	-147.499
11.8921	34.681	-146.904
12.0650	35.279	-146.301
12.2405	35.877	-145.689
12.4186	36.474	-145.068
12.5992	37.072	-144.438
12.7825	37.670	-143.799
12.9684	38.267	-143.150
13.1570	38.865	-142.492
13.3484	39.463	-141.825
13.5426	40.060	-141.148
13.7395	40.658	-140.461
13.9394	41.256	-139.764
14.1421	41.853	-139.056
14.3478	42.451	-138.339
14.5565	43.049	-137.611
14.7683	43.646	-136.873
14.9831	44.244	-136.124
15.2010	44.841	-135.364
15.4221	45.439	-134.592
15.6464	46.037	-133.810
15.8740	46.634	-133.016
16.1049	47.232	-132.211
16.3392	47.829	-131.394
16.5768	48.427	-130.565
16.8179	49.025	-129.724
17.0626	49.622	-128.871
17.3107	50.220	-128.006
17.5625	51.024	-125.081
17.8180	51.927	-122.798
18.0771	52.853	-121.135
18.3401	53.659	-121.060
18.6068	54.412	-121.351
18.8775	55.058	-121.949
19.1521	55.605	-122.493
19.4306	56.033	-122.660
19.7133	56.421	-122.240
20.0000	56.775	-121.031
20.2909	57.184	-119.063
20.5860	57.681	-116.739
20.8855	58.338	-113.990
21.1893	59.104	-111.669
21.4975	59.971	-109.894
21.8102	60.858	-109.046
22.1274	61.769	-108.651
22.4492	62.638	-108.964
22.7758	63.477	-109.470
23.1071	64.244	-110.217
23.4432	64.995	-111.032
23.7841	65.714	-111.711
24.1301	66.447	-112.345
24.4811	67.201	-112.959
24.8372	67.963	-113.735
25.1984	68.745	-114.568
25.5649	69.519	-115.630
25.9368	70.311	-116.950
26.3141	71.116	-118.402
26.6968	71.902	-120.149
27.0851	72.682	-122.100
27.4791	73.451	-124.252
27.8788	74.234	-126.654
28.2843	74.979	-129.301
28.6957	75.722	-132.141
29.1131	76.439	-135.275
29.5365	77.137	-138.615
29.9661	77.796	-142.261
30.4020	78.409	-146.074
30.8442	78.998	-150.121
31.2929	79.543	-154.360
31.7480	80.015	-158.567
32.2098	80.477	-163.175
32.6783	80.904	-167.726
33.1536	81.286	-172.014
33.6359	81.650	-176.128
34.1251	81.970	-179.853
34.6215	82.267	176.576
35.1250	82.555	173.002
35.6359	82.825	169.144
36.1543	83.075	165.222
36.6802	83.290	161.292
37.2137	83.467	157.300
37.7550	83.588	153.501
38.3041	83.668	149.819
38.8613	83.719	146.309
39.4265	83.736	143.023
40.0000	83.738	139.965
40.5818	83.730	137.165
41.1721	83.723	134.543
41.7710	83.722	132.080
42.3785	83.724	129.761
42.9949	83.732	127.527
43.6203	83.744	125.382
44.2548	83.758	123.325
44.8985	83.771	121.328
45.5515	83.798	119.383
46.2141	83.822	117.499
46.8863	83.850	115.597
47.5683	83.875	113.712
48.2602	83.890	111.849
48.9621	83.902	110.019
49.6743	83.907	108.261
50.3968	83.909	106.591
51.1299	83.911	104.982
51.8736	83.913	103.431
52.6281	83.925	101.912
53.3936	83.934	100.419
54.1702	83.939	98.966
54.9581	83.948	97.529
55.7575	83.954	96.149
56.5685	83.960	94.811
57.3914	83.972	93.517
58.2261	83.983	92.261
59.0730	83.996	91.003
59.9323	84.011	89.774
60.8040	84.028	88.522
61.6884	84.046	87.260
62.5857	84.061	86.035
63.4960	84.072	84.848
64.4196	84.089	83.701
65.3566	84.108	82.509
66.3073	84.132	81.330
67.2717	84.147	80.089
68.2502	84.160	78.860
69.2429	84.169	77.655
70.2501	84.170	76.464
71.2719	84.170	75.247
72.3086	84.154	74.058
73.3603	84.135	72.923
74.4274	84.108	71.864
75.5099	84.075	70.924
76.6083	84.055	70.070
77.7226	84.045	69.263
78.8531	84.049	68.461
80.0000	84.056	67.594
81.1636	84.068	66.688
82.3442	84.066	65.767
83.5419	84.069	64.900
84.7570	84.076	64.047
85.9899	84.082	63.213
87.2406	84.093	62.386
88.5096	84.115	61.525
89.7970	84.132	60.629
91.1031	84.152	59.699
92.4282	84.179	58.681
93.7726	84.194	57.620
95.1366	84.203	56.533
96.5204	84.194	55.390
97.9243	84.167	54.274
99.3486	84.126	53.276
100.794	84.085	52.374
102.260	84.051	51.560
103.747	84.030	50.785
105.256	84.026	49.938
106.787	84.015	48.942
108.340	83.982	47.907
109.916	83.926	46.921
111.515	83.861	46.061
113.137	83.783	45.389
114.783	83.713	44.921
116.452	83.666	44.554
118.146	83.655	44.236
119.865	83.669	43.870
121.608	83.701	43.385
123.377	83.743	42.700
125.171	83.775	41.860
126.992	83.794	40.938
128.839	83.787	40.038
130.713	83.792	39.163
132.615	83.793	38.253
134.543	83.786	37.238
136.500	83.760	36.213
138.486	83.710	35.315
140.500	83.669	34.568
142.544	83.649	33.922
144.617	83.647	33.271
146.721	83.669	32.466
148.855	83.697	31.446
151.020	83.711	30.136
153.217	83.674	28.611
155.445	83.559	27.190
157.706	83.403	26.195
160.000	83.267	25.764
162.327	83.210	25.698
164.688	83.226	25.386
167.084	83.257	24.571
169.514	83.258	23.377
171.980	83.196	22.077
174.481	83.073	21.047
177.019	82.940	20.482
179.594	82.856	20.204
182.206	82.846	19.955
184.856	82.864	19.451
187.545	82.872	18.674
190.273	82.860	17.707
193.041	82.822	16.721
195.849	82.755	15.928
198.697	82.704	15.281
201.587	82.685	14.656
204.520	82.701	13.853
207.494	82.694	12.862
210.512	82.666	11.908
213.574	82.650	10.904
216.681	82.622	9.805
219.833	82.580	8.775
223.030	82.550	7.739
226.274	82.523	6.608
229.565	82.479	5.387
232.905	82.431	4.144
236.292	82.362	2.655
239.729	82.225	1.148
243.216	82.046	0.292
246.754	81.915	-0.232
250.343	81.834	-0.786
253.984	81.788	-1.334
257.678	81.758	-2.116
261.426	81.724	-2.822
265.229	81.729	-3.582
269.087	81.767	-4.770
273.001	81.760	-6.360
276.972	81.694	-8.028
281.000	81.623	-9.679
285.088	81.522	-11.576
289.234	81.388	-13.372
293.441	81.190	-15.212
297.709	80.922	-16.692
302.040	80.654	-17.545
306.433	80.434	-18.154
310.890	80.266	-18.581
315.412	80.137	-19.401
320.000	79.980	-20.376
324.655	79.803	-21.234
329.377	79.610	-22.058
334.168	79.406	-22.663
339.028	79.229	-23.120
343.959	79.072	-23.658
348.962	78.906	-24.115
354.038	78.787	-24.698
359.188	78.643	-25.317
364.412	78.514	-26.012
369.713	78.398	-27.014
375.090	78.207	-28.406
380.546	77.884	-29.667
386.081	77.534	-29.793
391.697	77.291	-29.445
397.394	77.082	-29.315
403.175	76.907	-28.728
409.039	76.785	-28.138
414.989	76.734	-27.851
421.025	76.704	-27.470
427.149	76.764	-27.298
433.362	76.826	-27.991
439.665	76.786	-28.571
446.060	76.794	-28.874
452.548	76.815	-29.469
459.131	76.843	-30.241
465.809	76.868	-31.207
472.584	76.861	-32.390
479.458	76.858	-33.556
486.432	76.843	-34.828
493.507	76.840	-36.273
500.686	76.771	-37.887
507.968	76.671	-39.330
515.357	76.584	-40.822
522.853	76.469	-42.308
530.458	76.367	-43.988
538.174	76.203	-45.775
546.002	76.027	-47.556
553.943	75.820	-49.474
562.001	75.557	-51.333
570.175	75.282	-53.079
578.469	74.965	-54.852
586.883	74.618	-56.479
595.419	74.244	-58.030
604.080	73.832	-59.474
612.866	73.385	-60.779
621.780	72.899	-61.945
630.824	72.365	-62.812
640.000	71.795	-63.381
649.309	71.185	-63.564
658.753	70.545	-63.231
668.335	69.886	-62.290
678.056	69.225	-60.592
687.919	68.593	-58.044
697.925	68.024	-54.558
708.077	67.565	-50.177
718.376	67.254	-45.112
728.825	67.120	-39.752
739.426	67.165	-34.588
750.181	67.369	-30.063
761.093	67.692	-26.484
772.163	68.089	-23.952
783.394	68.515	-22.436
794.789	68.934	-21.830
806.349	69.320	-22.001
818.078	69.658	-22.814
829.977	69.934	-24.147
842.050	70.141	-25.890
854.298	70.275	-27.948
866.724	70.330	-30.232
879.330	70.303	-32.665
892.120	70.190	-35.161
905.097	69.989	-37.634
918.262	69.694	-39.984
931.618	69.304	-42.096
945.169	68.815	-43.811
958.917	68.229	-44.945
972.864	67.552	-45.255
987.015	66.788	-44.352
1001.37	65.997	-41.805
1015.94	65.258	-37.308
1030.71	64.692	-30.825
1045.71	64.468	-23.149
1060.92	64.639	-15.653
1076.35	65.200	-9.630
1092.00	65.986	-5.587
1107.89	66.790	-3.728
1124.00	67.631	-3.628
1140.35	68.434	-5.190
1156.94	69.045	-7.542
1173.77	69.499	-10.556
1190.84	69.847	-14.372
1208.16	70.041	-18.432
1225.73	70.087	-22.543
1243.56	69.997	-26.550
1261.65	69.763	-30.298
1280.00	69.352	-33.914
1298.62	68.792	-36.683
1317.51	68.136	-37.936
1336.67	67.357	-37.565
1356.11	66.547	-34.841
1375.84	65.944	-29.724
1395.85	65.734	-23.747
1416.15	65.966	-18.252
1436.75	66.591	-14.365
1457.65	67.445	-13.087
1478.85	68.276	-14.255
1500.36	68.916	-16.946
1522.19	69.420	-21.143
1544.33	69.725	-26.107
1566.79	69.824	-31.511
1589.58	69.717	-37.533
1612.70	69.386	-43.418
1636.16	68.841	-48.861
1659.95	68.091	-53.549
1684.10	67.096	-57.322
1708.60	65.944	-59.293
1733.45	64.786	-58.917
1758.66	63.664	-56.142
1784.24	62.810	-51.287
1810.19	62.441	-46.173
1836.52	62.456	-42.743
1863.24	62.595	-41.780
1890.34	62.654	-43.020
1917.83	62.514	-46.162
1945.73	62.068	-50.310
1974.03	61.251	-54.796
2002.74	60.005	-59.227
2031.87	58.276	-62.338
2061.43	56.006	-62.642
2091.41	53.196	-57.180
2121.83	50.507	-41.692
2152.69	49.495	-18.963
2184.01	50.102	-1.846
2215.77	50.724	7.178
2248.00	50.627	12.776
2280.70	49.623	21.208
2313.87	48.657	40.047
2347.53	49.798	65.111
2381.68	52.589	79.989
2416.32	55.243	84.738
2451.46	57.304	84.829
2487.12	58.827	83.018
2523.30	59.926	80.835
2560.00	60.777	78.959
2597.24	61.526	77.371
2635.01	62.277	75.649
2673.34	63.110	73.406
2712.23	63.908	70.835
2751.68	64.528	67.627
2791.70	64.952	63.657
2832.31	65.191	59.291
2873.50	65.259	54.802
2915.30	65.160	50.568
2957.70	64.938	47.056
3000.72	64.643	44.482
3044.37	64.328	42.809
3088.65	64.078	41.946
3133.58	63.925	41.356
3179.16	63.865	40.469
3225.40	63.852	39.096
3272.31	63.824	37.183
3319.91	63.763	34.967
3368.20	63.692	32.669
3417.19	63.629	30.189
3466.89	63.573	27.323
3517.32	63.480	23.800
3568.48	63.318	19.994
3620.39	63.082	16.274
3673.05	62.801	12.860
3726.47	62.540	9.799
3780.67	62.357	6.742
3835.67	62.240	3.245
3891.46	62.121	-0.849
3948.06	61.955	-5.266
4005.49	61.758	-9.593
4063.75	61.590	-13.726
4122.86	61.461	-18.176
4182.82	61.305	-23.533
4243.66	61.022	-29.654
4305.39	60.585	-35.608
4368.01	60.058	-40.636
4431.55	59.532	-44.714
4496.01	59.054	-48.317
4561.40	58.587	-52.070
4627.75	58.063	-56.075
4695.06	57.464	-59.968
4763.35	56.787	-63.277
4832.64	56.031	-65.320
4902.93	55.334	-65.463
4974.24	54.949	-64.373
5046.60	54.983	-64.084
5120.00	55.229	-65.832
5194.47	55.439	-69.157
5270.03	55.536	-73.140
5346.68	55.566	-77.145
5424.45	55.631	-80.961
5503.35	55.789	-85.280
5583.40	55.976	-90.837
5664.61	56.060	-97.476
5747.01	55.959	-104.540
5830.60	55.654	-111.477
5915.41	55.162	-117.879
6001.45	54.612	-122.761
6088.74	54.224	-125.520
6177.30	53.991	-127.227
6267.15	53.681	-128.674
6358.31	53.365	-129.815
6450.80	53.308	-131.564
6544.62	53.393	-133.209
6639.82	53.482	-133.523
6736.40	53.749	-136.259
6834.38	54.176	-143.016
6933.79	54.559	-150.939
7034.64	54.841	-159.164
7136.96	54.901	-167.510
7240.77	54.848	-174.563
7346.09	54.878	179.335
7452.94	54.910	174.241
7561.35	55.129	171.044
7671.33	55.769	165.267
7782.91	56.456	154.855
7896.12	56.845	142.447
8010.97	56.835	129.995
8127.49	56.519	118.892
8245.71	56.192	108.288
8365.65	55.813	97.730
8487.33	55.237	89.773
8610.78	54.613	84.878
8736.03	54.211	81.591
8863.09	54.376	77.198
8992.01	55.047	69.987
9122.80	55.788	58.928
9255.50	56.296	45.098
9390.12	56.491	30.927
9526.70	56.205	17.774
9665.27	55.736	6.849
9805.86	55.502	-3.858
9948.49	55.412	-14.150
10093.2	55.288	-26.663
10240.0	54.826	-39.239
10388.9	54.577	-49.309
10540.1	54.501	-61.720
10693.4	54.129	-76.447
10848.9	53.516	-91.085
11006.7	52.744	-102.950
11166.8	52.579	-113.130
11329.2	52.452	-126.029
11494.0	52.310	-139.519
11661.2	51.949	-157.030
11830.8	50.927	-178.046
12002.9	49.016	162.762
12177.5	47.542	151.083
12354.6	46.750	146.078
12534.3	46.335	143.229
12716.6	45.621	130.555
12901.6	44.595	116.325
13089.2	43.577	101.611
13279.6	41.881	92.909
13472.8	40.085	91.898
13668.8	40.175	86.796
13867.6	41.660	69.519
14069.3	40.854	75.520
14273.9	39.013	108.447
14481.5	37.351	115.017
14692.2	37.530	107.857
14905.9	39.203	90.128
15122.7	39.543	71.403
15342.7	39.817	57.286
15565.8	40.292	44.243
15792.2	40.846	29.818
16021.9	41.997	16.044
16255.0	42.671	1.029
16491.4	42.985	-17.894
16731.3	43.603	-40.613
16974.7	43.869	-63.352
17221.6	44.429	-85.957
17472.1	44.916	-103.823
17726.2	44.977	-124.866
17984.0	45.444	-136.504
18245.6	46.166	-157.860
18511.0	46.855	177.097
18780.2	47.209	144.657
19053.4	46.982	112.944
19330.5	47.317	85.386
19611.7	47.481	53.053
19897.0	47.867	25.725
20186.4	47.489	-4.401
20480.0	45.927	-36.289
20777.9	44.858	-71.736
21080.1	44.122	-112.046
21386.7	42.795	-147.966
21697.8	42.057	179.294
22013.4	40.038	152.794
22333.6	36.851	119.814
22658.4	36.396	91.608
22988.0	38.764	57.478
23322.4	39.295	24.133
23661.6	40.770	1.141
