5.00000	-1.013	-170.744
5.07273	-0.415	-170.487
5.14651	0.183	-170.227
5.22137	0.780	-169.963
5.29732	1.378	-169.695
5.37437	1.976	-169.423
5.45254	2.574	-169.147
5.53185	3.171	-168.868
5.61231	3.769	-168.584
5.69394	4.367	-168.296
5.77676	4.965	-168.004
5.86079	5.562	-167.707
5.94604	6.160	-167.407
6.03252	6.758	-167.102
6.12027	7.356	-166.792
6.20929	7.954	-166.478
6.29961	8.551	-166.160
6.39124	9.149	-165.836
6.48420	9.747	-165.508
6.57851	10.345	-165.176
6.67420	10.942	-164.838
6.77128	11.540	-164.496
6.86977	12.138	-164.148
6.96969	12.736	-163.796
7.07107	13.333	-163.438
7.17392	13.931	-163.076
7.27827	14.529	-162.708
7.38413	15.127	-162.334
7.49154	15.724	-161.955
7.60050	16.322	-161.571
7.71105	16.920	-161.181
7.82321	17.518	-160.785
7.93701	18.115	-160.384
8.05245	18.713	-159.977
8.16958	19.311	-159.564
8.28841	19.909	-159.144
8.40896	20.506	-158.719
8.53128	21.104	-158.288
8.65537	21.702	-157.850
8.78126	22.300	-157.406
8.90899	22.897	-156.955
9.03857	23.495	-156.498
9.17004	24.093	-156.034
9.30342	24.691	-155.564
9.43874	25.288	-155.087
9.57603	25.886	-154.602
9.71532	26.484	-154.111
9.85663	27.081	-153.613
10.0000	27.679	-153.107
10.1455	28.277	-152.594
10.2930	28.875	-152.073
10.4427	29.472	-151.545
10.5946	30.070	-151.009
10.7487	30.668	-150.466
10.9051	31.265	-149.914
11.0637	31.863	-149.355
11.2246	32.461	-148.787
11.3879	33.059	-148.211
11.5535	33.656	-147.627
11.7216	34.254	-147.034
11.8921	34.852	-146.433
12.0650	35.449	-145.823
12.2405	36.047	-145.204
12.4186	36.645	-144.576
12.5992	37.242	-143.938
12.7825	37.840	-143.292
12.9684	38.438	-142.636
13.1570	39.035	-141.971
13.3484	39.633	-141.296
13.5426	40.231	-140.611
13.7395	40.828	-139.916
13.9394	41.426	-139.211
14.1421	42.024	-138.496
14.3478	42.621	-137.770
14.5565	43.219	-137.034
14.7683	43.816	-136.287
14.9831	44.414	-135.530
15.2010	45.012	-134.761
15.4221	45.609	-133.981
15.6464	46.207	-133.190
15.8740	46.804	-132.387
16.1049	47.402	-131.573
16.3392	48.000	-130.747
16.5768	48.597	-129.908
16.8179	49.195	-129.058
17.0626	49.792	-128.195
17.3107	50.390	-127.320
17.5625	51.195	-124.385
17.8180	52.097	-122.092
18.0771	53.023	-120.418
18.3401	53.829	-120.333
18.6068	54.583	-120.613
18.8775	55.228	-121.201
19.1521	55.775	-121.734
19.4306	56.203	-121.890
19.7133	56.591	-121.458
20.0000	56.945	-120.239
20.2909	57.355	-118.259
20.5860	57.851	-115.923
20.8855	58.508	-113.163
21.1893	59.274	-110.830
21.4975	60.141	-109.042
21.8102	61.029	-108.182
22.1274	61.939	-107.774
22.4492	62.808	-108.074
22.7758	63.647	-108.567
23.1071	64.414	-109.301
23.4432	65.165	-110.103
23.7841	65.884	-110.768
24.1301	66.618	-111.388
24.4811	67.371	-111.988
24.8372	68.133	-112.750
25.1984	68.915	-113.569
25.5649	69.689	-114.617
25.9368	70.481	-115.922
26.3141	71.286	-117.359
26.6968	72.072	-119.091
27.0851	72.852	-121.026
27.4791	73.621	-123.162
27.8788	74.404	-125.549
28.2843	75.150	-128.180
28.6957	75.892	-131.004
29.1131	76.609	-134.121
29.5365	77.307	-137.445
29.9661	77.966	-141.074
30.4020	78.579	-144.869
30.8442	79.169	-148.898
31.2929	79.714	-153.120
31.7480	80.186	-157.308
32.2098	80.647	-161.898
32.6783	81.074	-166.431
33.1536	81.456	-170.700
33.6359	81.820	-174.795
34.1251	82.140	-178.500
34.6215	82.437	177.949
35.1250	82.725	174.394
35.6359	82.995	170.557
36.1543	83.246	166.655
36.6802	83.461	162.745
37.2137	83.637	158.774
37.7550	83.758	154.994
38.3041	83.839	151.332
38.8613	83.890	147.841
39.4265	83.907	144.575
40.0000	83.910	141.537
40.5818	83.902	138.756
41.1721	83.896	136.153
41.7710	83.895	133.710
42.3785	83.897	131.410
42.9949	83.907	129.197
43.6203	83.919	127.072
44.2548	83.934	125.034
44.8985	83.948	123.059
45.5515	83.976	121.136
46.2141	84.002	119.272
46.8863	84.030	117.392
47.5683	84.056	115.530
48.2602	84.073	113.690
48.9621	84.086	111.883
49.6743	84.092	110.150
50.3968	84.096	108.505
51.1299	84.100	106.920
51.8736	84.103	105.396
52.6281	84.117	103.904
53.3936	84.128	102.438
54.1702	84.135	101.014
54.9581	84.146	99.606
55.7575	84.154	98.256
56.5685	84.162	96.950
57.3914	84.176	95.688
58.2261	84.189	94.464
59.0730	84.205	93.240
59.9323	84.223	92.046
60.8040	84.241	90.830
61.6884	84.263	89.606
62.5857	84.279	88.420
63.4960	84.293	87.273
64.4196	84.313	86.167
65.3566	84.334	85.019
66.3073	84.362	83.883
67.2717	84.379	82.687
68.2502	84.396	81.506
69.2429	84.408	80.348
70.2501	84.412	79.207
71.2719	84.415	78.041
72.3086	84.402	76.905
73.3603	84.386	75.824
74.4274	84.362	74.822
75.5099	84.333	73.939
76.6083	84.315	73.146
77.7226	84.309	72.401
78.8531	84.316	71.661
80.0000	84.327	70.860
81.1636	84.341	70.022
82.3442	84.343	69.170
83.5419	84.350	68.376
84.7570	84.361	67.596
85.9899	84.371	66.837
87.2406	84.385	66.089
88.5096	84.411	65.309
89.7970	84.431	64.495
91.1031	84.454	63.651
92.4282	84.485	62.721
93.7726	84.504	61.750
95.1366	84.516	60.757
96.5204	84.511	59.710
97.9243	84.487	58.693
99.3486	84.450	57.797
100.794	84.412	56.999
102.260	84.382	56.292
103.747	84.364	55.628
105.256	84.363	54.896
106.787	84.355	54.016
108.340	84.325	53.102
109.916	84.272	52.240
111.515	84.211	51.507
113.137	84.137	50.967
114.783	84.070	50.634
116.452	84.027	50.405
118.146	84.018	50.230
119.865	84.034	50.011
121.608	84.070	49.677
123.377	84.114	49.147
125.171	84.149	48.466
126.992	84.170	47.708
128.839	84.166	46.976
130.713	84.173	46.275
132.615	84.177	45.544
134.543	84.172	44.713
136.500	84.148	43.876
138.486	84.100	43.173
140.500	84.061	42.626
142.544	84.043	42.184
144.617	84.041	41.745
146.721	84.065	41.157
148.855	84.094	40.360
151.020	84.109	39.280
153.217	84.072	37.992
155.445	83.957	36.814
157.706	83.803	36.070
160.000	83.668	35.895
162.327	83.610	36.095
164.688	83.626	36.056
167.084	83.656	35.520
169.514	83.656	34.615
171.980	83.594	33.612
174.481	83.470	32.888
177.019	83.335	32.638
179.594	83.250	32.683
182.206	83.238	32.767
184.856	83.254	32.606
187.545	83.261	32.182
190.273	83.246	31.578
193.041	83.206	30.966
195.849	83.137	30.558
198.697	83.082	30.307
201.587	83.061	30.092
204.520	83.074	29.709
207.494	83.064	29.150
210.512	83.032	28.643
213.574	83.013	28.096
216.681	82.981	27.471
219.833	82.936	26.925
223.030	82.904	26.391
226.274	82.873	25.776
229.565	82.826	25.085
232.905	82.775	24.389
236.292	82.704	23.461
239.729	82.564	22.532
243.216	82.385	22.268
246.754	82.252	22.356
250.343	82.171	22.430
253.984	82.125	22.526
257.678	82.097	22.405
261.426	82.065	22.378
265.229	82.074	22.314
269.087	82.116	21.838
273.001	82.116	20.977
276.972	82.059	20.053
281.000	81.998	19.162
285.088	81.910	18.039
289.234	81.791	17.030
293.441	81.611	15.989
297.709	81.363	15.320
302.040	81.120	15.284
306.433	80.926	15.499
310.890	80.789	15.900
315.412	80.694	15.910
320.000	80.573	15.763
324.655	80.436	15.728
329.377	80.287	15.718
334.168	80.129	15.920
339.028	80.002	16.252
343.959	79.896	16.488
348.962	79.784	16.787
354.038	79.717	16.939
359.188	79.625	17.036
364.412	79.548	17.044
369.713	79.482	16.726
375.090	79.337	16.006
380.546	79.055	15.405
386.081	78.741	15.933
391.697	78.526	16.934
397.394	78.339	17.723
403.175	78.176	18.980
409.039	78.058	20.261
414.989	78.002	21.269
421.025	77.955	22.411
427.149	77.991	23.395
433.362	78.021	23.575
439.665	77.941	23.942
446.060	77.902	24.671
452.548	77.871	25.200
459.131	77.842	25.653
465.809	77.810	26.025
472.584	77.744	26.308
479.458	77.684	26.739
486.432	77.618	27.201
493.507	77.571	27.646
500.686	77.466	28.074
507.968	77.345	28.843
515.357	77.255	29.732
522.853	77.158	30.803
530.458	77.100	31.846
538.174	77.012	32.946
546.002	76.949	34.197
553.943	76.896	35.436
562.001	76.836	36.831
570.175	76.817	38.400
578.469	76.813	39.951
586.883	76.842	41.611
595.419	76.908	43.246
604.080	77.001	44.817
612.866	77.125	46.286
621.780	77.275	47.574
630.824	77.437	48.757
640.000	77.620	49.745
649.309	77.811	50.526
658.753	78.008	51.125
668.335	78.207	51.502
678.056	78.401	51.680
687.919	78.585	51.662
697.925	78.755	51.461
708.077	78.908	51.097
718.376	79.039	50.589
728.825	79.146	49.950
739.426	79.226	49.205
750.181	79.279	48.374
761.093	79.300	47.480
772.163	79.289	46.549
783.394	79.246	45.605
794.789	79.169	44.676
806.349	79.058	43.792
818.078	78.913	42.983
829.977	78.734	42.283
842.050	78.525	41.725
854.298	78.286	41.346
866.724	78.022	41.180
879.330	77.739	41.261
892.120	77.441	41.619
905.097	77.139	42.270
918.262	76.840	43.226
931.618	76.558	44.471
945.169	76.300	45.976
958.917	76.079	47.673
972.864	75.895	49.474
987.015	75.740	51.342
1001.37	75.625	53.232
1015.94	75.547	55.060
1030.71	75.499	56.793
1045.71	75.503	58.295
1060.92	75.509	59.470
1076.35	75.504	60.350
1092.00	75.480	61.030
1107.89	75.458	61.679
1124.00	75.395	61.992
1140.35	75.280	62.041
1156.94	75.136	62.221
1173.77	74.932	62.491
1190.84	74.673	62.812
1208.16	74.382	63.389
1225.73	74.072	64.263
1243.56	73.762	65.428
1261.65	73.453	66.859
1280.00	73.134	68.491
1298.62	72.835	70.304
1317.51	72.560	72.310
1336.67	72.299	74.456
1356.11	72.055	76.606
1375.84	71.834	78.674
1395.85	71.627	80.684
1416.15	71.414	82.633
1436.75	71.170	84.501
1457.65	70.885	86.351
1478.85	70.571	88.330
1500.36	70.246	90.585
1522.19	69.880	93.126
1544.33	69.507	96.072
1566.79	69.151	99.445
1589.58	68.808	103.230
1612.70	68.518	107.350
1636.16	68.288	111.694
1659.95	68.127	116.141
1684.10	68.024	120.628
1708.60	67.986	125.049
1733.45	68.014	129.331
1758.66	68.108	133.375
1784.24	68.253	137.007
1810.19	68.433	140.118
1836.52	68.614	142.650
1863.24	68.756	144.688
1890.34	68.849	146.393
1917.83	68.867	147.824
1945.73	68.817	149.358
1974.03	68.721	151.278
2002.74	68.622	153.660
2031.87	68.604	156.438
2061.43	68.711	159.164
2091.41	68.931	161.211
2121.83	69.202	162.111
2152.69	69.434	161.723
2184.01	69.549	160.287
2215.77	69.489	158.182
2248.00	69.210	155.762
2280.70	68.692	153.686
2313.87	68.029	152.754
2347.53	67.358	153.479
2381.68	66.851	155.829
2416.32	66.548	159.189
2451.46	66.403	161.720
2487.12	66.477	162.298
2523.30	66.622	160.987
2560.00	66.698	158.190
2597.24	66.653	154.489
2635.01	66.487	150.307
2673.34	66.222	145.702
2712.23	65.905	140.923
2751.68	65.567	136.060
2791.70	65.213	131.228
2832.31	64.835	126.610
2873.50	64.427	122.417
2915.30	64.020	119.035
2957.70	63.695	116.682
3000.72	63.522	115.227
3044.37	63.529	114.257
3088.65	63.708	113.144
3133.58	63.994	111.556
3179.16	64.324	109.401
3225.40	64.648	106.884
3272.31	64.959	104.207
3319.91	65.259	101.517
3368.20	65.562	98.807
3417.19	65.869	95.898
3466.89	66.157	92.601
3517.32	66.377	88.746
3568.48	66.474	84.661
3620.39	66.430	80.732
3673.05	66.273	77.300
3726.47	66.071	74.576
3780.67	65.895	72.350
3835.67	65.744	70.213
3891.46	65.561	68.061
3948.06	65.327	66.257
4005.49	65.112	65.158
4063.75	65.029	64.421
4122.86	65.093	63.151
4182.82	65.205	60.790
4243.66	65.259	57.543
4305.39	65.236	53.980
4368.01	65.180	50.311
4431.55	65.101	46.332
4496.01	64.956	41.960
4561.40	64.700	37.582
4627.75	64.368	33.800
4695.06	64.070	30.741
4763.35	63.862	27.809
4832.64	63.682	24.509
4902.93	63.447	21.108
4974.24	63.156	18.326
5046.60	62.900	16.401
5120.00	62.762	14.675
5194.47	62.732	12.450
5270.03	62.766	9.668
5346.68	62.869	6.367
5424.45	63.024	2.294
5503.35	63.132	-2.733
5583.40	63.109	-8.186
5664.61	62.971	-13.229
5747.01	62.784	-17.623
5830.60	62.572	-21.528
5915.41	62.360	-24.829
6001.45	62.288	-27.505
6088.74	62.460	-30.798
6177.30	62.702	-35.986
6267.15	62.747	-42.534
6358.31	62.542	-48.846
6450.80	62.263	-53.778
6544.62	62.101	-57.712
6639.82	62.097	-62.150
6736.40	62.099	-67.833
6834.38	61.988	-73.705
6933.79	61.858	-79.112
7034.64	61.730	-85.019
7136.96	61.472	-91.351
7240.77	61.126	-96.750
7346.09	60.878	-101.269
7452.94	60.751	-105.655
7561.35	60.785	-109.874
7671.33	61.011	-114.982
7782.91	61.182	-121.759
7896.12	61.165	-129.038
8010.97	61.049	-136.356
8127.49	60.897	-143.574
8245.71	60.899	-151.020
8365.65	60.894	-160.654
8487.33	60.406	-170.629
8610.78	59.583	-177.290
8736.03	58.815	179.714
8863.09	58.589	178.932
8992.01	59.030	175.458
9122.80	59.563	167.748
9255.50	59.860	157.227
9390.12	59.634	146.196
9526.70	58.927	137.841
9665.27	58.266	133.440
9805.86	58.204	130.271
9948.49	58.611	125.167
10093.2	59.110	116.794
10240.0	59.324	106.583
10388.9	59.534	95.487
10540.1	59.460	81.313
10693.4	58.757	68.039
10848.9	57.752	58.830
11006.7	57.195	54.977
11166.8	57.360	47.002
11329.2	57.147	38.059
11494.0	57.205	27.747
11661.2	56.855	15.390
11830.8	56.154	2.772
12002.9	54.964	-4.385
12177.5	54.708	-8.848
12354.6	54.649	-15.814
12534.3	54.915	-24.961
12716.6	54.687	-39.157
12901.6	53.765	-50.720
13089.2	53.083	-58.302
13279.6	52.885	-65.344
13472.8	52.807	-72.829
13668.8	53.175	-82.767
13867.6	53.408	-97.117
14069.3	52.898	-113.129
14273.9	51.833	-126.315
14481.5	50.554	-134.980
14692.2	50.040	-140.224
14905.9	50.357	-148.726
15122.7	49.885	-161.461
15342.7	49.292	-171.603
15565.8	48.465	-179.039
15792.2	48.394	177.020
16021.9	49.325	167.926
16255.0	49.685	153.369
16491.4	49.248	139.933
16731.3	48.829	130.154
16974.7	49.106	121.808
17221.6	49.541	106.788
17472.1	49.499	92.307
17726.2	49.081	82.072
17984.0	49.270	74.139
18245.6	50.392	61.520
18511.0	51.239	44.072
18780.2	51.570	25.583
19053.4	51.766	8.933
19330.5	52.204	-8.586
19611.7	52.489	-27.075
19897.0	52.944	-47.710
20186.4	52.789	-70.918
20480.0	52.193	-92.178
20777.9	51.688	-112.041
21080.1	50.757	-130.948
21386.7	50.518	-144.042
21697.8	51.256	-163.748
22013.4	50.629	171.316
22333.6	49.933	155.938
22658.4	50.272	143.173
22988.0	51.311	122.878
23322.4	51.999	102.522
23661.6	53.347	74.232
