5.00000	-1.405	-171.207
5.07273	-0.808	-170.957
5.14651	-0.210	-170.703
5.22137	0.388	-170.446
5.29732	0.986	-170.185
5.37437	1.584	-169.921
5.45254	2.181	-169.652
5.53185	2.779	-169.380
5.61231	3.377	-169.103
5.69394	3.975	-168.823
5.77676	4.572	-168.539
5.86079	5.170	-168.250
5.94604	5.768	-167.957
6.03252	6.366	-167.660
6.12027	6.963	-167.359
6.20929	7.561	-167.053
6.29961	8.159	-166.743
6.39124	8.757	-166.428
6.48420	9.354	-166.109
6.57851	9.952	-165.785
6.67420	10.550	-165.456
6.77128	11.148	-165.123
6.86977	11.746	-164.784
6.96969	12.343	-164.441
7.07107	12.941	-164.093
7.17392	13.539	-163.740
7.27827	14.137	-163.381
7.38413	14.734	-163.018
7.49154	15.332	-162.649
7.60050	15.930	-162.274
7.71105	16.528	-161.895
7.82321	17.125	-161.509
7.93701	17.723	-161.119
8.05245	18.321	-160.722
8.16958	18.919	-160.320
8.28841	19.516	-159.912
8.40896	20.114	-159.497
8.53128	20.712	-159.077
8.65537	21.310	-158.651
8.78126	21.907	-158.219
8.90899	22.505	-157.780
9.03857	23.103	-157.335
9.17004	23.700	-156.883
9.30342	24.298	-156.425
9.43874	24.896	-155.960
9.57603	25.494	-155.489
9.71532	26.091	-155.010
9.85663	26.689	-154.525
10.0000	27.287	-154.032
10.1455	27.885	-153.533
10.2930	28.482	-153.026
10.4427	29.080	-152.512
10.5946	29.678	-151.990
10.7487	30.275	-151.461
10.9051	30.873	-150.924
11.0637	31.471	-150.379
11.2246	32.068	-149.826
11.3879	32.666	-149.265
11.5535	33.264	-148.696
11.7216	33.862	-148.119
11.8921	34.459	-147.533
12.0650	35.057	-146.939
12.2405	35.655	-146.337
12.4186	36.252	-145.725
12.5992	36.850	-145.105
12.7825	37.448	-144.475
12.9684	38.045	-143.836
13.1570	38.643	-143.189
13.3484	39.241	-142.531
13.5426	39.838	-141.864
13.7395	40.436	-141.188
13.9394	41.034	-140.501
14.1421	41.631	-139.805
14.3478	42.229	-139.098
14.5565	42.826	-138.382
14.7683	43.424	-137.654
14.9831	44.022	-136.917
15.2010	44.619	-136.168
15.4221	45.217	-135.409
15.6464	45.815	-134.638
15.8740	46.412	-133.857
16.1049	47.010	-133.063
16.3392	47.607	-132.259
16.5768	48.205	-131.443
16.8179	48.802	-130.614
17.0626	49.400	-129.774
17.3107	49.998	-128.922
17.5625	50.802	-126.011
17.8180	51.705	-123.741
18.0771	52.631	-122.091
18.3401	53.436	-122.031
18.6068	54.190	-122.336
18.8775	54.836	-122.949
19.1521	55.382	-123.507
19.4306	55.810	-123.688
19.7133	56.199	-123.283
20.0000	56.553	-122.090
20.2909	56.962	-120.137
20.5860	57.459	-117.829
20.8855	58.115	-115.096
21.1893	58.882	-112.791
21.4975	59.749	-111.032
21.8102	60.636	-110.200
22.1274	61.547	-109.822
22.4492	62.416	-110.152
22.7758	63.255	-110.675
23.1071	64.022	-111.440
23.4432	64.773	-112.272
23.7841	65.492	-112.970
24.1301	66.225	-113.622
24.4811	66.979	-114.254
24.8372	67.741	-115.049
25.1984	68.523	-115.902
25.5649	69.297	-116.983
25.9368	70.088	-118.323
26.3141	70.894	-119.795
26.6968	71.680	-121.562
27.0851	72.459	-123.533
27.4791	73.229	-125.706
27.8788	74.012	-128.129
28.2843	74.757	-130.798
28.6957	75.499	-133.660
29.1131	76.217	-136.816
29.5365	76.915	-140.179
29.9661	77.574	-143.847
30.4020	78.187	-147.683
30.8442	78.776	-151.753
31.2929	79.321	-156.017
31.7480	79.793	-160.247
32.2098	80.254	-164.880
32.6783	80.681	-169.456
33.1536	81.063	-173.769
33.6359	81.427	-177.908
34.1251	81.747	178.341
34.6215	82.044	174.744
35.1250	82.332	171.143
35.6359	82.602	167.258
36.1543	82.853	163.308
36.6802	83.068	159.349
37.2137	83.245	155.327
37.7550	83.366	151.497
38.3041	83.448	147.782
38.8613	83.499	144.238
39.4265	83.516	140.917
40.0000	83.520	137.823
40.5818	83.513	134.986
41.1721	83.508	132.326
41.7710	83.507	129.825
42.3785	83.511	127.465
42.9949	83.520	125.192
43.6203	83.535	123.006
44.2548	83.550	120.907
44.8985	83.566	118.869
45.5515	83.596	116.881
46.2141	83.622	114.954
46.8863	83.653	113.009
47.5683	83.681	111.081
48.2602	83.700	109.174
48.9621	83.714	107.301
49.6743	83.723	105.500
50.3968	83.728	103.787
51.1299	83.735	102.134
51.8736	83.740	100.539
52.6281	83.757	98.977
53.3936	83.770	97.441
54.1702	83.780	95.946
54.9581	83.794	94.466
55.7575	83.804	93.044
56.5685	83.816	91.665
57.3914	83.833	90.329
58.2261	83.849	89.032
59.0730	83.868	87.734
59.9323	83.889	86.466
60.8040	83.911	85.175
61.6884	83.935	83.875
62.5857	83.956	82.613
63.4960	83.974	81.390
64.4196	83.997	80.208
65.3566	84.022	78.981
66.3073	84.053	77.768
67.2717	84.074	76.496
68.2502	84.095	75.236
69.2429	84.111	74.000
70.2501	84.119	72.779
71.2719	84.127	71.536
72.3086	84.119	70.320
73.3603	84.107	69.160
74.4274	84.087	68.078
75.5099	84.063	67.116
76.6083	84.051	66.242
77.7226	84.048	65.416
78.8531	84.061	64.596
80.0000	84.077	63.715
81.1636	84.096	62.796
82.3442	84.103	61.863
83.5419	84.114	60.987
84.7570	84.130	60.127
85.9899	84.145	59.287
87.2406	84.165	58.456
88.5096	84.196	57.595
89.7970	84.223	56.700
91.1031	84.251	55.774
92.4282	84.288	54.762
93.7726	84.311	53.709
95.1366	84.329	52.636
96.5204	84.331	51.506
97.9243	84.313	50.408
99.3486	84.281	49.431
100.794	84.250	48.552
102.260	84.225	47.763
103.747	84.214	47.018
105.256	84.219	46.205
106.787	84.217	45.245
108.340	84.194	44.250
109.916	84.148	43.307
111.515	84.093	42.495
113.137	84.026	41.875
114.783	83.965	41.463
116.452	83.929	41.155
118.146	83.927	40.901
119.865	83.950	40.604
121.608	83.993	40.191
123.377	84.044	39.584
125.171	84.086	38.827
126.992	84.114	37.993
128.839	84.117	37.186
130.713	84.131	36.409
132.615	84.142	35.603
134.543	84.145	34.697
136.500	84.129	33.788
138.486	84.088	33.011
140.500	84.057	32.393
142.544	84.047	31.881
144.617	84.054	31.372
146.721	84.086	30.715
148.855	84.123	29.851
151.020	84.146	28.702
153.217	84.118	27.348
155.445	84.012	26.106
157.706	83.867	25.297
160.000	83.740	25.060
162.327	83.691	25.199
164.688	83.717	25.099
167.084	83.757	24.505
169.514	83.767	23.543
171.980	83.715	22.484
174.481	83.600	21.705
177.019	83.478	21.401
179.594	83.403	21.395
182.206	83.403	21.428
184.856	83.430	21.220
187.545	83.449	20.750
190.273	83.446	20.100
193.041	83.418	19.445
195.849	83.363	18.995
198.697	83.322	18.705
201.587	83.314	18.450
204.520	83.342	18.031
207.494	83.347	17.437
210.512	83.332	16.897
213.574	83.329	16.319
216.681	83.315	15.664
219.833	83.287	15.090
223.030	83.274	14.528
226.274	83.263	13.887
229.565	83.238	13.171
232.905	83.207	12.450
236.292	83.160	11.499
239.729	83.044	10.546
243.216	82.889	10.258
246.754	82.784	10.323
250.343	82.731	10.372
253.984	82.714	10.441
257.678	82.717	10.293
261.426	82.718	10.236
265.229	82.761	10.139
269.087	82.841	9.626
273.001	82.877	8.723
276.972	82.860	7.751
281.000	82.840	6.806
285.088	82.796	5.622
289.234	82.723	4.542
293.441	82.591	3.422
297.709	82.392	2.662
302.040	82.200	2.526
306.433	82.059	2.627
310.890	81.977	2.901
315.412	81.939	2.770
320.000	81.875	2.466
324.655	81.797	2.259
329.377	81.707	2.061
334.168	81.611	2.059
339.028	81.545	2.173
343.959	81.500	2.176
348.962	81.448	2.226
354.038	81.444	2.118
359.188	81.413	1.946
364.412	81.399	1.675
369.713	81.395	1.074
375.090	81.311	0.064
380.546	81.091	-0.830
386.081	80.840	-0.599
391.697	80.689	0.099
397.394	80.565	0.579
403.175	80.468	1.524
409.039	80.416	2.482
414.989	80.430	3.161
421.025	80.455	3.961
427.149	80.567	4.589
433.362	80.676	4.394
439.665	80.679	4.364
446.060	80.729	4.665
452.548	80.794	4.729
459.131	80.864	4.673
465.809	80.939	4.483
472.584	80.986	4.139
479.458	81.043	3.867
486.432	81.100	3.543
493.507	81.181	3.102
500.686	81.207	2.535
507.968	81.219	2.190
515.357	81.263	1.839
522.853	81.297	1.530
530.458	81.364	1.051
538.174	81.393	0.477
546.002	81.434	-0.093
553.943	81.468	-0.818
562.001	81.473	-1.518
570.175	81.493	-2.156
578.469	81.501	-2.898
586.883	81.509	-3.591
595.419	81.521	-4.332
604.080	81.527	-5.126
612.866	81.530	-5.976
621.780	81.528	-6.928
630.824	81.509	-7.879
640.000	81.484	-8.895
649.309	81.443	-9.967
658.753	81.390	-11.062
668.335	81.323	-12.205
678.056	81.238	-13.367
687.919	81.134	-14.548
697.925	81.009	-15.724
708.077	80.860	-16.879
718.376	80.690	-17.990
728.825	80.495	-19.036
739.426	80.274	-19.994
750.181	80.031	-20.834
761.093	79.765	-21.525
772.163	79.479	-22.037
783.394	79.177	-22.335
794.789	78.864	-22.392
806.349	78.544	-22.178
818.078	78.230	-21.680
829.977	77.928	-20.893
842.050	77.650	-19.834
854.298	77.406	-18.542
866.724	77.204	-17.077
879.330	77.051	-15.521
892.120	76.947	-13.965
905.097	76.890	-12.501
918.262	76.871	-11.210
931.618	76.879	-10.146
945.169	76.903	-9.346
958.917	76.929	-8.817
972.864	76.943	-8.552
987.015	76.920	-8.466
1001.37	76.868	-8.453
1015.94	76.784	-8.453
1030.71	76.669	-8.365
1045.71	76.556	-8.215
1060.92	76.409	-8.013
1076.35	76.231	-7.624
1092.00	76.036	-6.966
1107.89	75.883	-6.065
1124.00	75.720	-4.944
1140.35	75.567	-3.538
1156.94	75.468	-2.055
1173.77	75.394	-0.453
1190.84	75.367	1.312
1208.16	75.398	3.002
1225.73	75.477	4.514
1243.56	75.599	5.748
1261.65	75.742	6.650
1280.00	75.900	7.198
1298.62	76.049	7.365
1317.51	76.144	7.318
1336.67	76.225	7.097
1356.11	76.282	6.675
1375.84	76.302	6.145
1395.85	76.284	5.666
1416.15	76.233	5.229
1436.75	76.146	4.803
1457.65	76.022	4.471
1478.85	75.880	4.350
1500.36	75.738	4.512
1522.19	75.585	4.902
1544.33	75.449	5.548
1566.79	75.349	6.386
1589.58	75.282	7.319
1612.70	75.263	8.221
1636.16	75.281	8.973
1659.95	75.325	9.492
1684.10	75.373	9.711
1708.60	75.408	9.699
1733.45	75.424	9.604
1758.66	75.418	9.385
1784.24	75.380	9.122
1810.19	75.326	8.958
1836.52	75.268	8.911
1863.24	75.211	8.986
1890.34	75.179	9.127
1917.83	75.165	9.171
1945.73	75.164	9.061
1974.03	75.154	8.797
2002.74	75.126	8.381
2031.87	75.077	7.925
2061.43	75.012	7.513
2091.41	74.932	7.136
2121.83	74.848	6.849
2152.69	74.773	6.643
2184.01	74.709	6.455
2215.77	74.653	6.241
2248.00	74.585	5.965
2280.70	74.496	5.671
2313.87	74.395	5.439
2347.53	74.287	5.362
2381.68	74.180	5.500
2416.32	74.094	5.887
2451.46	74.044	6.493
2487.12	74.054	7.133
2523.30	74.115	7.557
2560.00	74.203	7.616
2597.24	74.282	7.295
2635.01	74.318	6.691
2673.34	74.288	5.924
2712.23	74.191	5.297
2751.68	74.048	5.024
2791.70	73.890	5.181
2832.31	73.749	5.719
2873.50	73.635	6.479
2915.30	73.548	7.327
2957.70	73.482	8.195
3000.72	73.430	9.089
3044.37	73.393	9.999
3088.65	73.375	10.851
3133.58	73.364	11.499
3179.16	73.331	11.870
3225.40	73.248	12.146
3272.31	73.091	12.523
3319.91	72.873	13.318
3368.20	72.654	14.721
3417.19	72.485	16.565
3466.89	72.382	18.502
3517.32	72.305	20.260
3568.48	72.215	21.836
3620.39	72.085	23.549
3673.05	71.940	25.747
3726.47	71.856	28.476
3780.67	71.889	31.238
3835.67	72.003	33.464
3891.46	72.109	35.057
3948.06	72.145	36.420
4005.49	72.142	38.072
4063.75	72.186	40.005
4122.86	72.308	41.673
4182.82	72.452	42.607
4243.66	72.525	42.914
4305.39	72.499	43.127
4368.01	72.419	43.499
4431.55	72.301	43.913
4496.01	72.121	44.319
4561.40	71.844	45.067
4627.75	71.517	46.705
4695.06	71.258	49.228
4763.35	71.122	51.922
4832.64	71.045	54.222
4902.93	70.953	56.224
4974.24	70.847	58.227
5046.60	70.755	60.135
5120.00	70.640	61.730
5194.47	70.431	63.349
5270.03	70.149	65.754
5346.68	69.928	69.240
5424.45	69.889	72.994
5503.35	69.973	76.086
5583.40	70.061	78.392
5664.61	70.107	80.265
5747.01	70.110	81.869
5830.60	70.036	83.327
5915.41	69.870	85.105
6001.45	69.684	87.689
6088.74	69.594	90.822
6177.30	69.615	93.594
6267.15	69.615	95.613
6358.31	69.488	97.588
6450.80	69.319	100.469
6544.62	69.277	104.070
6639.82	69.384	107.317
6736.40	69.531	109.800
6834.38	69.663	111.643
6933.79	69.731	112.661
7034.64	69.604	113.213
7136.96	69.289	114.660
7240.77	69.003	117.370
7346.09	68.780	120.289
7452.94	68.493	124.052
7561.35	68.404	129.565
7671.33	68.712	134.211
7782.91	69.058	136.491
7896.12	69.275	137.594
8010.97	69.317	137.918
8127.49	69.119	138.990
8245.71	69.022	141.339
8365.65	69.007	142.007
8487.33	68.573	141.778
8610.78	67.820	144.124
8736.03	67.160	150.148
8863.09	67.099	158.582
8992.01	67.635	164.386
9122.80	68.097	166.532
9255.50	68.251	167.183
9390.12	68.111	167.917
9526.70	67.793	169.735
9665.27	67.408	173.576
9805.86	67.300	179.723
9948.49	67.672	-174.589
10093.2	68.202	-172.327
10240.0	68.396	-171.691
10388.9	68.646	-170.940
10540.1	68.684	-173.069
10693.4	68.127	-174.694
10848.9	67.146	-174.017
11006.7	66.300	-167.480
11166.8	66.192	-161.562
11329.2	66.161	-155.712
11494.0	66.593	-152.879
11661.2	66.684	-153.504
11830.8	66.170	-155.822
12002.9	64.866	-153.305
12177.5	64.037	-145.558
12354.6	63.795	-137.534
12534.3	63.986	-132.103
12716.6	64.006	-130.310
12901.6	63.392	-128.646
13089.2	62.584	-123.330
13279.6	62.074	-116.432
13472.8	61.736	-108.078
13668.8	62.017	-100.559
13867.6	62.464	-98.092
14069.3	62.090	-98.481
14273.9	61.228	-95.470
14481.5	60.107	-89.461
14692.2	59.372	-79.563
14905.9	59.484	-68.998
15122.7	59.492	-63.925
15342.7	59.060	-60.287
15565.8	58.089	-50.789
15792.2	57.722	-36.564
16021.9	58.703	-25.166
16255.0	59.427	-21.293
16491.4	59.180	-18.785
16731.3	58.521	-10.688
16974.7	58.821	0.822
17221.6	59.454	9.322
17472.1	60.127	13.737
17726.2	60.064	17.286
17984.0	59.941	26.670
18245.6	60.782	35.858
18511.0	61.808	38.610
18780.2	62.111	40.017
19053.4	62.156	45.117
19330.5	62.717	48.837
19611.7	62.962	51.420
19897.0	63.603	53.630
20186.4	63.732	51.570
20480.0	63.333	52.434
20777.9	62.967	54.042
21080.1	62.306	56.435
21386.7	61.667	63.642
21697.8	62.031	68.992
22013.4	61.489	70.066
22333.6	60.624	76.130
22658.4	60.316	90.326
22988.0	61.488	99.238
23322.4	62.510	103.441
23661.6	63.489	102.932
