5.00000	-1.405	-171.207
5.07273	-0.808	-170.957
5.14651	-0.210	-170.703
5.22137	0.388	-170.446
5.29732	0.986	-170.185
5.37437	1.584	-169.921
5.45254	2.181	-169.652
5.53185	2.779	-169.380
5.61231	3.377	-169.103
5.69394	3.975	-168.823
5.77676	4.572	-168.539
5.86079	5.170	-168.250
5.94604	5.768	-167.957
6.03252	6.366	-167.660
6.12027	6.963	-167.359
6.20929	7.561	-167.053
6.29961	8.159	-166.743
6.39124	8.757	-166.428
6.48420	9.354	-166.109
6.57851	9.952	-165.785
6.67420	10.550	-165.456
6.77128	11.148	-165.123
6.86977	11.746	-164.784
6.96969	12.343	-164.441
7.07107	12.941	-164.093
7.17392	13.539	-163.740
7.27827	14.137	-163.381
7.38413	14.734	-163.018
7.49154	15.332	-162.649
7.60050	15.930	-162.274
7.71105	16.528	-161.895
7.82321	17.125	-161.509
7.93701	17.723	-161.119
8.05245	18.321	-160.722
8.16958	18.919	-160.320
8.28841	19.516	-159.912
8.40896	20.114	-159.497
8.53128	20.712	-159.077
8.65537	21.310	-158.651
8.78126	21.907	-158.219
8.90899	22.505	-157.780
9.03857	23.103	-157.335
9.17004	23.700	-156.883
9.30342	24.298	-156.425
9.43874	24.896	-155.960
9.57603	25.494	-155.489
9.71532	26.091	-155.010
9.85663	26.689	-154.525
10.0000	27.287	-154.032
10.1455	27.885	-153.533
10.2930	28.482	-153.026
10.4427	29.080	-152.512
10.5946	29.678	-151.990
10.7487	30.275	-151.461
10.9051	30.873	-150.924
11.0637	31.471	-150.379
11.2246	32.068	-149.826
11.3879	32.666	-149.265
11.5535	33.264	-148.696
11.7216	33.862	-148.119
11.8921	34.459	-147.533
12.0650	35.057	-146.939
12.2405	35.655	-146.337
12.4186	36.252	-145.725
12.5992	36.850	-145.105
12.7825	37.448	-144.475
12.9684	38.045	-143.836
13.1570	38.643	-143.189
13.3484	39.241	-142.531
13.5426	39.838	-141.864
13.7395	40.436	-141.188
13.9394	41.034	-140.501
14.1421	41.631	-139.805
14.3478	42.229	-139.098
14.5565	42.826	-138.382
14.7683	43.424	-137.654
14.9831	44.022	-136.917
15.2010	44.619	-136.168
15.4221	45.217	-135.409
15.6464	45.815	-134.638
15.8740	46.412	-133.857
16.1049	47.010	-133.063
16.3392	47.607	-132.259
16.5768	48.205	-131.443
16.8179	48.802	-130.614
17.0626	49.400	-129.774
17.3107	49.998	-128.922
17.5625	50.802	-126.011
17.8180	51.705	-123.741
18.0771	52.631	-122.091
18.3401	53.436	-122.031
18.6068	54.190	-122.336
18.8775	54.836	-122.949
19.1521	55.382	-123.507
19.4306	55.810	-123.688
19.7133	56.199	-123.283
20.0000	56.553	-122.090
20.2909	56.962	-120.137
20.5860	57.459	-117.829
20.8855	58.115	-115.096
21.1893	58.882	-112.791
21.4975	59.749	-111.032
21.8102	60.636	-110.200
22.1274	61.547	-109.822
22.4492	62.416	-110.152
22.7758	63.255	-110.675
23.1071	64.022	-111.440
23.4432	64.773	-112.272
23.7841	65.492	-112.970
24.1301	66.225	-113.622
24.4811	66.979	-114.254
24.8372	67.741	-115.049
25.1984	68.523	-115.902
25.5649	69.297	-116.983
25.9368	70.088	-118.323
26.3141	70.894	-119.795
26.6968	71.680	-121.562
27.0851	72.459	-123.533
27.4791	73.229	-125.706
27.8788	74.012	-128.129
28.2843	74.757	-130.798
28.6957	75.499	-133.660
29.1131	76.217	-136.816
29.5365	76.915	-140.179
29.9661	77.574	-143.847
30.4020	78.187	-147.683
30.8442	78.776	-151.753
31.2929	79.321	-156.017
31.7480	79.793	-160.247
32.2098	80.254	-164.880
32.6783	80.681	-169.456
33.1536	81.063	-173.769
33.6359	81.427	-177.908
34.1251	81.747	178.341
34.6215	82.044	174.744
35.1250	82.332	171.143
35.6359	82.602	167.258
36.1543	82.853	163.308
36.6802	83.068	159.351
37.2137	83.245	155.331
37.7550	83.366	151.504
38.3041	83.446	147.794
38.8613	83.497	144.257
39.4265	83.514	140.942
40.0000	83.516	137.856
40.5818	83.508	135.027
41.1721	83.501	132.376
41.7710	83.499	129.884
42.3785	83.501	127.534
42.9949	83.509	125.271
43.6203	83.521	123.096
44.2548	83.534	121.008
44.8985	83.548	118.981
45.5515	83.575	117.004
46.2141	83.598	115.087
46.8863	83.626	113.153
47.5683	83.651	111.235
48.2602	83.666	109.339
48.9621	83.677	107.475
49.6743	83.682	105.683
50.3968	83.683	103.978
51.1299	83.686	102.333
51.8736	83.687	100.746
52.6281	83.699	99.190
53.3936	83.707	97.659
54.1702	83.712	96.169
54.9581	83.720	94.693
55.7575	83.726	93.273
56.5685	83.731	91.895
57.3914	83.743	90.559
58.2261	83.753	89.261
59.0730	83.766	87.961
59.9323	83.781	86.688
60.8040	83.796	85.391
61.6884	83.814	84.084
62.5857	83.828	82.813
63.4960	83.838	81.580
64.4196	83.855	80.385
65.3566	83.872	79.144
66.3073	83.896	77.915
67.2717	83.910	76.624
68.2502	83.923	75.343
69.2429	83.931	74.085
70.2501	83.931	72.839
71.2719	83.931	71.568
72.3086	83.914	70.322
73.3603	83.894	69.130
74.4274	83.865	68.013
75.5099	83.832	67.014
76.6083	83.811	66.100
77.7226	83.800	65.230
78.8531	83.803	64.364
80.0000	83.810	63.433
81.1636	83.820	62.462
82.3442	83.817	61.474
83.5419	83.820	60.538
84.7570	83.826	59.616
85.9899	83.831	58.710
87.2406	83.841	57.810
88.5096	83.862	56.876
89.7970	83.879	55.904
91.1031	83.898	54.896
92.4282	83.924	53.799
93.7726	83.938	52.657
95.1366	83.945	51.490
96.5204	83.937	50.262
97.9243	83.909	49.062
99.3486	83.867	47.977
100.794	83.825	46.986
102.260	83.790	46.080
103.747	83.769	45.212
105.256	83.763	44.272
106.787	83.751	43.179
108.340	83.717	42.046
109.916	83.661	40.959
111.515	83.596	39.997
113.137	83.519	39.221
114.783	83.448	38.647
116.452	83.401	38.170
118.146	83.389	37.741
119.865	83.402	37.262
121.608	83.435	36.661
123.377	83.476	35.858
125.171	83.509	34.896
126.992	83.527	33.852
128.839	83.520	32.827
130.713	83.525	31.823
132.615	83.526	30.782
134.543	83.521	29.634
136.500	83.494	28.472
138.486	83.445	27.433
140.500	83.405	26.545
142.544	83.385	25.753
144.617	83.384	24.954
146.721	83.407	23.996
148.855	83.436	22.822
151.020	83.451	21.353
153.217	83.415	19.667
155.445	83.301	18.081
157.706	83.148	16.917
160.000	83.014	16.312
162.327	82.958	16.071
164.688	82.976	15.579
167.084	83.009	14.580
169.514	83.013	13.199
171.980	82.953	11.706
174.481	82.833	10.479
177.019	82.704	9.713
179.594	82.623	9.229
182.206	82.616	8.770
184.856	82.636	8.053
187.545	82.649	7.057
190.273	82.641	5.864
193.041	82.606	4.649
195.849	82.545	3.620
198.697	82.498	2.733
201.587	82.484	1.863
204.520	82.506	0.808
207.494	82.505	-0.441
210.512	82.483	-1.657
213.574	82.473	-2.931
216.681	82.451	-4.305
219.833	82.415	-5.618
223.030	82.393	-6.943
226.274	82.373	-8.368
229.565	82.337	-9.892
232.905	82.295	-11.443
236.292	82.236	-13.251
239.729	82.107	-15.081
243.216	81.937	-16.271
246.754	81.815	-17.133
250.343	81.744	-18.036
253.984	81.706	-18.939
257.678	81.686	-20.085
261.426	81.662	-21.164
265.229	81.677	-22.305
269.087	81.725	-23.882
273.001	81.728	-25.872
276.972	81.673	-27.949
281.000	81.611	-30.017
285.088	81.521	-32.340
289.234	81.397	-34.572
293.441	81.208	-36.854
297.709	80.949	-38.786
302.040	80.691	-40.099
306.433	80.479	-41.177
310.890	80.319	-42.079
315.412	80.198	-43.380
320.000	80.047	-44.843
324.655	79.874	-46.193
329.377	79.685	-47.512
334.168	79.484	-48.613
339.028	79.310	-49.567
343.959	79.153	-50.599
348.962	78.986	-51.548
354.038	78.866	-52.616
359.188	78.718	-53.711
364.412	78.587	-54.871
369.713	78.466	-56.327
375.090	78.270	-58.160
380.546	77.944	-59.845
386.081	77.592	-60.378
391.697	77.348	-60.419
397.394	77.140	-60.661
403.175	76.969	-60.428
409.039	76.856	-60.180
414.989	76.818	-60.218
421.025	76.804	-60.152
427.149	76.887	-60.289
433.362	76.977	-61.287
439.665	76.972	-62.170
446.060	77.021	-62.779
452.548	77.091	-63.687
459.131	77.171	-64.785
465.809	77.257	-66.091
472.584	77.318	-67.630
479.458	77.388	-69.173
486.432	77.456	-70.846
493.507	77.540	-72.718
500.686	77.565	-74.786
507.968	77.568	-76.716
515.357	77.591	-78.726
522.853	77.593	-80.765
530.458	77.617	-83.036
538.174	77.589	-85.454
546.002	77.557	-87.910
553.943	77.505	-90.554
562.001	77.407	-93.193
570.175	77.309	-95.782
578.469	77.182	-98.469
586.883	77.039	-101.093
595.419	76.884	-103.737
604.080	76.706	-106.390
612.866	76.511	-109.046
621.780	76.294	-111.733
630.824	76.046	-114.330
640.000	75.780	-116.888
649.309	75.485	-119.381
658.753	75.166	-121.754
668.335	74.825	-124.009
678.056	74.460	-126.090
687.919	74.075	-127.975
697.925	73.671	-129.612
708.077	73.255	-130.955
718.376	72.835	-131.965
728.825	72.421	-132.606
739.426	72.025	-132.858
750.181	71.666	-132.732
761.093	71.360	-132.259
772.163	71.124	-131.528
783.394	70.969	-130.662
794.789	70.903	-129.813
806.349	70.921	-129.145
818.078	71.015	-128.801
829.977	71.166	-128.893
842.050	71.354	-129.489
854.298	71.561	-130.612
866.724	71.766	-132.253
879.330	71.954	-134.382
892.120	72.110	-136.949
905.097	72.225	-139.895
918.262	72.286	-143.166
931.618	72.288	-146.692
945.169	72.222	-150.410
958.917	72.079	-154.252
972.864	71.853	-158.149
987.015	71.520	-161.952
1001.37	71.089	-165.491
1015.94	70.557	-168.612
1030.71	69.923	-171.084
1045.71	69.227	-172.721
1060.92	68.445	-173.254
1076.35	67.616	-172.064
1092.00	66.853	-168.873
1107.89	66.398	-164.131
1124.00	66.287	-157.898
1140.35	66.676	-151.543
1156.94	67.403	-147.407
1173.77	68.291	-145.542
1190.84	69.287	-145.817
1208.16	70.211	-148.013
1225.73	71.012	-151.612
1243.56	71.680	-156.222
1261.65	72.201	-161.568
1280.00	72.597	-167.975
1298.62	72.826	-174.768
1317.51	72.862	178.872
1336.67	72.745	172.038
1356.11	72.442	164.869
1375.84	71.952	158.147
1395.85	71.325	152.590
1416.15	70.538	148.007
1436.75	69.537	144.516
1457.65	68.359	143.165
1478.85	67.240	144.919
1500.36	66.503	149.490
1522.19	66.317	155.782
1544.33	66.746	160.936
1566.79	67.554	163.072
1589.58	68.483	161.957
1612.70	69.291	158.196
1636.16	69.895	152.699
1659.95	70.278	146.140
1684.10	70.438	138.522
1708.60	70.365	130.723
1733.45	70.096	123.587
1758.66	69.617	116.404
1784.24	68.912	109.579
1810.19	68.044	104.020
1836.52	67.078	100.124
1863.24	66.112	98.189
1890.34	65.299	98.109
1917.83	64.737	99.154
1945.73	64.505	100.147
1974.03	64.511	100.039
2002.74	64.611	98.319
2031.87	64.676	95.217
2061.43	64.631	91.246
2091.41	64.425	86.621
2121.83	64.059	82.136
2152.69	63.553	78.288
2184.01	62.961	75.454
2215.77	62.352	73.887
2248.00	61.783	73.492
2280.70	61.351	74.063
2313.87	61.139	74.988
2347.53	61.121	75.586
2381.68	61.214	75.502
2416.32	61.354	74.772
2451.46	61.503	73.486
2487.12	61.661	71.721
2523.30	61.821	69.564
2560.00	61.970	66.985
2597.24	62.081	63.995
2635.01	62.122	60.705
2673.34	62.065	57.036
2712.23	61.922	53.606
2751.68	61.732	50.667
2791.70	61.546	48.200
2832.31	61.408	46.028
2873.50	61.324	43.715
2915.30	61.279	40.903
2957.70	61.227	37.582
3000.72	61.112	33.861
3044.37	60.897	29.839
3088.65	60.571	26.033
3133.58	60.131	22.692
3179.16	59.623	20.225
3225.40	59.164	18.999
3272.31	58.811	18.557
3319.91	58.611	18.298
3368.20	58.549	17.650
3417.19	58.536	16.443
3466.89	58.520	14.960
3517.32	58.510	13.412
3568.48	58.574	12.129
3620.39	58.781	10.793
3673.05	59.121	8.859
3726.47	59.542	5.774
3780.67	59.953	1.557
3835.67	60.277	-3.591
3891.46	60.472	-9.441
3948.06	60.525	-15.521
4005.49	60.494	-21.177
4063.75	60.456	-26.225
4122.86	60.496	-31.082
4182.82	60.590	-36.570
4243.66	60.622	-42.923
4305.39	60.478	-49.359
4368.01	60.217	-55.192
4431.55	59.904	-60.084
4496.01	59.692	-64.557
4561.40	59.570	-69.546
4627.75	59.426	-75.217
4695.06	59.219	-80.743
4763.35	59.027	-85.698
4832.64	58.907	-90.546
4902.93	58.826	-95.713
4974.24	58.722	-101.073
5046.60	58.614	-106.329
5120.00	58.555	-111.556
5194.47	58.507	-117.117
5270.03	58.399	-122.901
5346.68	58.252	-128.365
5424.45	58.194	-133.173
5503.35	58.243	-138.264
5583.40	58.299	-143.944
5664.61	58.348	-149.805
5747.01	58.440	-156.496
5830.60	58.464	-165.022
5915.41	58.196	-175.118
6001.45	57.553	174.815
6088.74	56.671	166.358
6177.30	55.825	160.286
6267.15	55.264	155.701
6358.31	55.040	150.255
6450.80	54.829	142.960
6544.62	54.388	135.547
6639.82	53.974	129.580
6736.40	53.778	123.665
6834.38	53.628	117.479
6933.79	53.638	111.845
7034.64	53.809	104.403
7136.96	53.686	95.008
7240.77	53.276	85.721
7346.09	52.781	75.025
7452.94	51.794	62.398
7561.35	50.272	52.589
7671.33	48.906	47.238
7782.91	47.735	44.145
7896.12	46.850	44.472
8010.97	46.698	45.193
8127.49	47.362	43.810
8245.71	48.861	36.114
8365.65	50.129	20.991
8487.33	50.630	4.453
8610.78	50.501	-10.083
8736.03	49.835	-21.948
8863.09	48.705	-31.173
8992.01	47.161	-35.410
9122.80	46.167	-33.447
9255.50	45.902	-30.707
9390.12	46.586	-28.906
9526.70	47.621	-37.382
9665.27	47.864	-50.843
9805.86	48.012	-65.980
9948.49	47.782	-83.601
10093.2	47.025	-99.868
10240.0	46.357	-112.609
10388.9	46.537	-124.502
10540.1	46.762	-136.640
10693.4	46.913	-145.690
10848.9	47.068	-155.813
11006.7	47.247	-166.855
11166.8	47.582	-177.225
11329.2	47.979	169.866
11494.0	47.925	153.804
11661.2	47.582	137.879
11830.8	46.421	121.760
12002.9	44.249	107.450
12177.5	43.322	99.435
12354.6	44.153	90.945
12534.3	45.163	78.948
12716.6	45.453	59.958
12901.6	45.116	35.310
13089.2	43.837	14.966
13279.6	42.791	-3.220
13472.8	40.820	-22.996
13668.8	39.772	-27.304
13867.6	40.416	-39.386
14069.3	39.707	-59.953
14273.9	37.992	-81.757
14481.5	36.853	-106.600
14692.2	33.662	-130.192
14905.9	26.699	-124.249
15122.7	24.067	-89.219
15342.7	24.135	-104.393
15565.8	24.551	-109.589
15792.2	24.320	-113.730
16021.9	27.962	-107.241
16255.0	30.769	-130.755
16491.4	31.022	-135.668
16731.3	32.460	-156.231
16974.7	33.290	-171.997
17221.6	34.734	165.548
17472.1	35.212	147.538
17726.2	34.574	123.358
17984.0	34.480	101.485
18245.6	35.575	91.678
18511.0	36.765	65.744
18780.2	37.681	29.659
19053.4	36.668	5.816
19330.5	36.402	-11.819
19611.7	36.220	-33.691
19897.0	36.674	-57.905
20186.4	35.904	-85.386
20480.0	34.499	-118.520
20777.9	32.818	-146.953
21080.1	31.179	-176.845
21386.7	27.936	165.179
21697.8	27.449	153.407
22013.4	26.472	134.019
22333.6	27.002	118.170
22658.4	26.926	102.589
22988.0	29.924	81.684
23322.4	33.459	50.802
23661.6	30.735	24.703
