5.00000	-1.405	-171.207
5.07273	-0.808	-170.957
5.14651	-0.210	-170.703
5.22137	0.388	-170.446
5.29732	0.986	-170.185
5.37437	1.584	-169.921
5.45254	2.181	-169.652
5.53185	2.779	-169.380
5.61231	3.377	-169.103
5.69394	3.975	-168.823
5.77676	4.572	-168.539
5.86079	5.170	-168.250
5.94604	5.768	-167.957
6.03252	6.366	-167.660
6.12027	6.963	-167.359
6.20929	7.561	-167.053
6.29961	8.159	-166.743
6.39124	8.757	-166.428
6.48420	9.354	-166.109
6.57851	9.952	-165.785
6.67420	10.550	-165.456
6.77128	11.148	-165.123
6.86977	11.746	-164.784
6.96969	12.343	-164.441
7.07107	12.941	-164.093
7.17392	13.539	-163.740
7.27827	14.137	-163.381
7.38413	14.734	-163.018
7.49154	15.332	-162.649
7.60050	15.930	-162.274
7.71105	16.528	-161.895
7.82321	17.125	-161.509
7.93701	17.723	-161.119
8.05245	18.321	-160.722
8.16958	18.919	-160.320
8.28841	19.516	-159.912
8.40896	20.114	-159.497
8.53128	20.712	-159.077
8.65537	21.310	-158.651
8.78126	21.907	-158.219
8.90899	22.505	-157.780
9.03857	23.103	-157.335
9.17004	23.700	-156.883
9.30342	24.298	-156.425
9.43874	24.896	-155.960
9.57603	25.494	-155.489
9.71532	26.091	-155.010
9.85663	26.689	-154.525
10.0000	27.287	-154.032
10.1455	27.885	-153.533
10.2930	28.482	-153.026
10.4427	29.080	-152.512
10.5946	29.678	-151.990
10.7487	30.275	-151.461
10.9051	30.873	-150.924
11.0637	31.471	-150.379
11.2246	32.068	-149.826
11.3879	32.666	-149.265
11.5535	33.264	-148.696
11.7216	33.862	-148.119
11.8921	34.459	-147.533
12.0650	35.057	-146.939
12.2405	35.655	-146.337
12.4186	36.252	-145.725
12.5992	36.850	-145.105
12.7825	37.448	-144.475
12.9684	38.045	-143.836
13.1570	38.643	-143.189
13.3484	39.241	-142.531
13.5426	39.838	-141.864
13.7395	40.436	-141.188
13.9394	41.034	-140.501
14.1421	41.631	-139.805
14.3478	42.229	-139.098
14.5565	42.826	-138.382
14.7683	43.424	-137.654
14.9831	44.022	-136.917
15.2010	44.619	-136.168
15.4221	45.217	-135.409
15.6464	45.815	-134.638
15.8740	46.412	-133.857
16.1049	47.010	-133.063
16.3392	47.607	-132.259
16.5768	48.205	-131.443
16.8179	48.802	-130.614
17.0626	49.400	-129.774
17.3107	49.998	-128.922
17.5625	50.802	-126.011
17.8180	51.705	-123.741
18.0771	52.631	-122.091
18.3401	53.436	-122.031
18.6068	54.190	-122.336
18.8775	54.836	-122.949
19.1521	55.382	-123.507
19.4306	55.810	-123.688
19.7133	56.199	-123.283
20.0000	56.553	-122.090
20.2909	56.962	-120.137
20.5860	57.459	-117.829
20.8855	58.115	-115.096
21.1893	58.882	-112.791
21.4975	59.749	-111.032
21.8102	60.636	-110.200
22.1274	61.547	-109.822
22.4492	62.416	-110.152
22.7758	63.255	-110.675
23.1071	64.022	-111.440
23.4432	64.773	-112.272
23.7841	65.492	-112.970
24.1301	66.225	-113.622
24.4811	66.979	-114.254
24.8372	67.741	-115.049
25.1984	68.523	-115.902
25.5649	69.297	-116.983
25.9368	70.088	-118.323
26.3141	70.894	-119.795
26.6968	71.680	-121.562
27.0851	72.459	-123.533
27.4791	73.229	-125.706
27.8788	74.012	-128.129
28.2843	74.757	-130.798
28.6957	75.499	-133.660
29.1131	76.217	-136.816
29.5365	76.915	-140.179
29.9661	77.574	-143.847
30.4020	78.187	-147.683
30.8442	78.776	-151.753
31.2929	79.321	-156.017
31.7480	79.793	-160.247
32.2098	80.254	-164.880
32.6783	80.681	-169.456
33.1536	81.063	-173.769
33.6359	81.427	-177.908
34.1251	81.747	178.341
34.6215	82.044	174.744
35.1250	82.332	171.143
35.6359	82.602	167.258
36.1543	82.853	163.308
36.6802	83.068	159.350
37.2137	83.246	155.329
37.7550	83.368	151.499
38.3041	83.450	147.786
38.8613	83.502	144.244
39.4265	83.521	140.926
40.0000	83.526	137.835
40.5818	83.520	135.001
41.1721	83.517	132.345
41.7710	83.519	129.847
42.3785	83.525	127.493
42.9949	83.537	125.225
43.6203	83.554	123.045
44.2548	83.573	120.951
44.8985	83.592	118.920
45.5515	83.625	116.941
46.2141	83.656	115.021
46.8863	83.689	113.085
47.5683	83.721	111.165
48.2602	83.744	109.269
48.9621	83.764	107.406
49.6743	83.777	105.615
50.3968	83.787	103.913
51.1299	83.799	102.272
51.8736	83.808	100.690
52.6281	83.831	99.141
53.3936	83.850	97.618
54.1702	83.865	96.137
54.9581	83.884	94.673
55.7575	83.901	93.265
56.5685	83.917	91.903
57.3914	83.941	90.585
58.2261	83.964	89.306
59.0730	83.989	88.027
59.9323	84.018	86.777
60.8040	84.046	85.507
61.6884	84.078	84.228
62.5857	84.106	82.988
63.4960	84.131	81.788
64.4196	84.162	80.629
65.3566	84.194	79.428
66.3073	84.234	78.240
67.2717	84.263	76.993
68.2502	84.292	75.761
69.2429	84.316	74.554
70.2501	84.333	73.362
71.2719	84.349	72.149
72.3086	84.349	70.965
73.3603	84.347	69.837
74.4274	84.337	68.789
75.5099	84.321	67.861
76.6083	84.318	67.023
77.7226	84.325	66.235
78.8531	84.347	65.453
80.0000	84.372	64.611
81.1636	84.402	63.733
82.3442	84.419	62.842
83.5419	84.441	62.009
84.7570	84.467	61.193
85.9899	84.493	60.399
87.2406	84.523	59.617
88.5096	84.565	58.805
89.7970	84.602	57.961
91.1031	84.641	57.087
92.4282	84.689	56.129
93.7726	84.725	55.132
95.1366	84.754	54.113
96.5204	84.767	53.043
97.9243	84.760	52.006
99.3486	84.742	51.090
100.794	84.722	50.275
102.260	84.709	49.552
103.747	84.710	48.874
105.256	84.728	48.131
106.787	84.739	47.242
108.340	84.729	46.320
109.916	84.695	45.454
111.515	84.653	44.718
113.137	84.599	44.178
114.783	84.552	43.848
116.452	84.529	43.624
118.146	84.540	43.456
119.865	84.578	43.248
121.608	84.635	42.927
123.377	84.700	42.413
125.171	84.757	41.751
126.992	84.800	41.015
128.839	84.818	40.309
130.713	84.848	39.636
132.615	84.874	38.937
134.543	84.892	38.141
136.500	84.891	37.344
138.486	84.867	36.682
140.500	84.852	36.181
142.544	84.858	35.790
144.617	84.882	35.405
146.721	84.932	34.874
148.855	84.986	34.140
151.020	85.027	33.126
153.217	85.016	31.908
155.445	84.929	30.805
157.706	84.802	30.140
160.000	84.694	30.051
162.327	84.666	30.340
164.688	84.711	30.394
167.084	84.770	29.956
169.514	84.801	29.156
171.980	84.769	28.262
174.481	84.678	27.652
177.019	84.576	27.522
179.594	84.524	27.692
182.206	84.547	27.907
184.856	84.598	27.883
187.545	84.640	27.600
190.273	84.664	27.143
193.041	84.661	26.685
195.849	84.632	26.436
198.697	84.619	26.351
201.587	84.639	26.305
204.520	84.696	26.099
207.494	84.731	25.722
210.512	84.747	25.403
213.574	84.776	25.049
216.681	84.795	24.621
219.833	84.802	24.278
223.030	84.824	23.950
226.274	84.851	23.546
229.565	84.863	23.070
232.905	84.874	22.591
236.292	84.867	21.883
239.729	84.795	21.176
243.216	84.684	21.135
246.754	84.626	21.446
250.343	84.621	21.740
253.984	84.655	22.055
257.678	84.710	22.149
261.426	84.766	22.331
265.229	84.865	22.469
269.087	85.003	22.186
273.001	85.102	21.507
276.972	85.149	20.750
281.000	85.194	20.013
285.088	85.218	19.024
289.234	85.214	18.129
293.441	85.154	17.179
297.709	85.030	16.573
302.040	84.913	16.573
306.433	84.850	16.792
310.890	84.847	17.165
315.412	84.888	17.108
320.000	84.906	16.857
324.655	84.910	16.679
329.377	84.902	16.485
334.168	84.886	16.461
339.028	84.902	16.524
343.959	84.937	16.451
348.962	84.966	16.399
354.038	85.038	16.161
359.188	85.083	15.834
364.412	85.141	15.386
369.713	85.207	14.586
375.090	85.191	13.355
380.546	85.036	12.219
386.081	84.844	12.188
391.697	84.748	12.606
397.394	84.675	12.791
403.175	84.624	13.423
409.039	84.613	14.057
414.989	84.662	14.400
421.025	84.717	14.858
427.149	84.852	15.136
433.362	84.978	14.590
439.665	84.993	14.210
446.060	85.049	14.161
452.548	85.111	13.882
459.131	85.175	13.491
465.809	85.235	12.978
472.584	85.261	12.330
479.458	85.293	11.774
486.432	85.317	11.192
493.507	85.359	10.521
500.686	85.341	9.762
507.968	85.303	9.265
515.357	85.290	8.811
522.853	85.266	8.454
530.458	85.271	7.985
538.174	85.235	7.487
546.002	85.207	7.065
553.943	85.174	6.564
562.001	85.111	6.169
570.175	85.066	5.920
578.469	85.011	5.655
586.883	84.962	5.529
595.419	84.924	5.443
604.080	84.888	5.393
612.866	84.861	5.371
621.780	84.840	5.327
630.824	84.818	5.357
640.000	84.806	5.388
649.309	84.797	5.415
658.753	84.795	5.463
668.335	84.800	5.491
678.056	84.811	5.514
687.919	84.826	5.515
697.925	84.843	5.498
708.077	84.865	5.461
718.376	84.888	5.403
728.825	84.913	5.321
739.426	84.939	5.214
750.181	84.965	5.083
761.093	84.990	4.926
772.163	85.016	4.747
783.394	85.041	4.544
794.789	85.064	4.319
806.349	85.086	4.072
818.078	85.106	3.803
829.977	85.125	3.513
842.050	85.140	3.200
854.298	85.153	2.865
866.724	85.163	2.506
879.330	85.169	2.125
892.120	85.169	1.720
905.097	85.163	1.293
918.262	85.150	0.848
931.618	85.129	0.390
945.169	85.098	-0.075
958.917	85.056	-0.543
972.864	85.001	-1.015
987.015	84.915	-1.424
1001.37	84.818	-1.700
1015.94	84.710	-1.826
1030.71	84.597	-1.750
1045.71	84.516	-1.552
1060.92	84.433	-1.296
1076.35	84.349	-0.912
1092.00	84.276	-0.370
1107.89	84.249	0.282
1124.00	84.236	0.941
1140.35	84.243	1.616
1156.94	84.277	2.240
1173.77	84.317	2.836
1190.84	84.384	3.412
1208.16	84.474	3.894
1225.73	84.583	4.247
1243.56	84.711	4.430
1261.65	84.842	4.416
1280.00	84.977	4.143
1298.62	85.099	3.658
1317.51	85.171	3.153
1336.67	85.235	2.574
1356.11	85.287	1.899
1375.84	85.321	1.226
1395.85	85.333	0.681
1416.15	85.335	0.209
1436.75	85.329	-0.263
1457.65	85.320	-0.716
1478.85	85.315	-1.091
1500.36	85.314	-1.342
1522.19	85.319	-1.618
1544.33	85.332	-1.871
1566.79	85.357	-2.142
1589.58	85.387	-2.537
1612.70	85.418	-3.005
1636.16	85.446	-3.550
1659.95	85.464	-4.164
1684.10	85.464	-4.911
1708.60	85.442	-5.646
1733.45	85.409	-6.219
1758.66	85.363	-6.788
1784.24	85.303	-7.319
1810.19	85.245	-7.717
1836.52	85.195	-8.016
1863.24	85.148	-8.231
1890.34	85.122	-8.408
1917.83	85.105	-8.685
1945.73	85.091	-9.054
1974.03	85.060	-9.463
2002.74	85.013	-9.885
2031.87	84.954	-10.195
2061.43	84.897	-10.336
2091.41	84.854	-10.363
2121.83	84.837	-10.313
2152.69	84.849	-10.282
2184.01	84.885	-10.378
2215.77	84.927	-10.654
2248.00	84.953	-11.116
2280.70	84.949	-11.674
2313.87	84.918	-12.167
2347.53	84.873	-12.482
2381.68	84.830	-12.587
2416.32	84.811	-12.522
2451.46	84.828	-12.405
2487.12	84.884	-12.439
2523.30	84.951	-12.746
2560.00	85.001	-13.308
2597.24	85.012	-13.993
2635.01	84.979	-14.624
2673.34	84.913	-15.083
2712.23	84.842	-15.216
2751.68	84.797	-15.062
2791.70	84.797	-14.801
2832.31	84.840	-14.655
2873.50	84.904	-14.816
2915.30	84.951	-15.319
2957.70	84.947	-15.950
3000.72	84.888	-16.437
3044.37	84.801	-16.606
3088.65	84.728	-16.393
3133.58	84.699	-16.027
3179.16	84.712	-15.791
3225.40	84.725	-15.728
3272.31	84.709	-15.758
3319.91	84.666	-15.609
3368.20	84.644	-15.135
3417.19	84.681	-14.568
3466.89	84.768	-14.289
3517.32	84.855	-14.577
3568.48	84.874	-15.174
3620.39	84.811	-15.622
3673.05	84.708	-15.595
3726.47	84.638	-15.073
3780.67	84.644	-14.446
3835.67	84.694	-14.109
3891.46	84.727	-14.073
3948.06	84.725	-14.009
4005.49	84.736	-13.698
4063.75	84.806	-13.396
4122.86	84.911	-13.582
4182.82	84.964	-14.379
4243.66	84.900	-15.278
4305.39	84.752	-15.560
4368.01	84.624	-15.085
4431.55	84.581	-14.343
4496.01	84.598	-13.836
4561.40	84.616	-13.586
4627.75	84.625	-13.305
4695.06	84.660	-12.919
4763.35	84.730	-12.688
4832.64	84.799	-12.781
4902.93	84.846	-13.026
4974.24	84.885	-13.308
5046.60	84.927	-13.787
5120.00	84.932	-14.519
5194.47	84.858	-15.237
5270.03	84.714	-15.538
5346.68	84.572	-15.211
5424.45	84.518	-14.419
5503.35	84.561	-13.788
5583.40	84.644	-13.706
5664.61	84.697	-14.104
5747.01	84.673	-14.708
5830.60	84.566	-15.035
5915.41	84.439	-14.700
6001.45	84.385	-13.804
6088.74	84.450	-12.871
6177.30	84.612	-12.471
6267.15	84.787	-13.007
6358.31	84.856	-14.313
6450.80	84.788	-15.471
6544.62	84.676	-16.014
6639.82	84.602	-16.335
6736.40	84.514	-16.857
6834.38	84.355	-17.246
6933.79	84.165	-17.077
7034.64	83.975	-16.308
7136.96	83.858	-14.732
7240.77	83.941	-12.968
7346.09	84.148	-12.310
7452.94	84.284	-12.396
7561.35	84.422	-12.417
7671.33	84.596	-13.271
7782.91	84.606	-14.846
7896.12	84.475	-15.791
8010.97	84.302	-16.212
8127.49	84.083	-15.455
8245.71	84.133	-13.535
8365.65	84.412	-13.446
8487.33	84.498	-14.706
8610.78	84.467	-15.458
8736.03	84.392	-15.951
8863.09	84.324	-15.672
8992.01	84.400	-15.463
9122.80	84.471	-15.972
9255.50	84.519	-16.694
9390.12	84.535	-18.010
9526.70	84.369	-19.483
9665.27	84.096	-19.600
9805.86	83.970	-18.881
9948.49	83.942	-18.477
10093.2	83.923	-18.787
10240.0	83.726	-18.488
10388.9	83.862	-17.009
10540.1	84.027	-18.885
10693.4	83.743	-20.431
10848.9	83.322	-20.220
11006.7	83.132	-17.139
11166.8	83.309	-16.400
11329.2	83.193	-15.270
11494.0	83.357	-13.750
11661.2	83.558	-13.017
11830.8	83.716	-13.761
12002.9	83.690	-13.261
12177.5	83.870	-13.192
12354.6	83.932	-13.407
12534.3	84.016	-13.526
12716.6	84.106	-13.845
12901.6	84.059	-14.201
13089.2	84.138	-12.712
13279.6	84.526	-13.205
13472.8	84.571	-14.987
13668.8	84.493	-15.165
13867.6	84.705	-14.625
14069.3	84.825	-16.069
14273.9	84.931	-16.475
14481.5	85.065	-17.225
14692.2	85.180	-19.264
14905.9	85.146	-20.186
15122.7	85.082	-20.701
15342.7	85.325	-21.772
15565.8	85.301	-23.601
15792.2	85.173	-24.188
16021.9	85.400	-25.482
16255.0	85.327	-27.600
16491.4	85.199	-28.279
16731.3	85.292	-29.841
16974.7	85.243	-32.196
17221.6	85.017	-33.622
17472.1	84.900	-34.920
17726.2	84.738	-36.724
17984.0	84.407	-38.059
18245.6	84.125	-38.523
18511.0	83.909	-39.040
18780.2	83.559	-39.356
19053.4	83.339	-38.351
19330.5	83.115	-38.874
19611.7	82.562	-37.736
19897.0	82.493	-34.525
20186.4	82.433	-32.688
20480.0	82.508	-29.133
20777.9	82.962	-27.445
21080.1	83.150	-26.993
21386.7	83.389	-26.085
21697.8	83.675	-24.669
22013.4	84.158	-23.462
22333.6	84.724	-23.858
22658.4	85.236	-24.541
22988.0	85.737	-26.293
23322.4	86.192	-26.882
23661.6	86.860	-30.112
