5.00000	-1.480	-171.297
5.07273	-0.882	-171.048
5.14651	-0.284	-170.796
5.22137	0.313	-170.541
5.29732	0.911	-170.281
5.37437	1.509	-170.018
5.45254	2.107	-169.751
5.53185	2.704	-169.480
5.61231	3.302	-169.205
5.69394	3.900	-168.926
5.77676	4.498	-168.643
5.86079	5.096	-168.356
5.94604	5.693	-168.065
6.03252	6.291	-167.769
6.12027	6.889	-167.469
6.20929	7.487	-167.165
6.29961	8.084	-166.857
6.39124	8.682	-166.543
6.48420	9.280	-166.226
6.57851	9.878	-165.904
6.67420	10.475	-165.577
6.77128	11.073	-165.245
6.86977	11.671	-164.908
6.96969	12.269	-164.567
7.07107	12.866	-164.221
7.17392	13.464	-163.869
7.27827	14.062	-163.513
7.38413	14.660	-163.151
7.49154	15.257	-162.784
7.60050	15.855	-162.412
7.71105	16.453	-162.034
7.82321	17.051	-161.651
7.93701	17.648	-161.262
8.05245	18.246	-160.868
8.16958	18.844	-160.467
8.28841	19.442	-160.061
8.40896	20.039	-159.649
8.53128	20.637	-159.231
8.65537	21.235	-158.808
8.78126	21.833	-158.377
8.90899	22.430	-157.941
9.03857	23.028	-157.498
9.17004	23.626	-157.049
9.30342	24.224	-156.593
9.43874	24.821	-156.131
9.57603	25.419	-155.662
9.71532	26.017	-155.186
9.85663	26.615	-154.703
10.0000	27.212	-154.213
10.1455	27.810	-153.716
10.2930	28.408	-153.212
10.4427	29.005	-152.700
10.5946	29.603	-152.181
10.7487	30.201	-151.655
10.9051	30.799	-151.121
11.0637	31.396	-150.579
11.2246	31.994	-150.029
11.3879	32.592	-149.471
11.5535	33.189	-148.905
11.7216	33.787	-148.331
11.8921	34.385	-147.748
12.0650	34.982	-147.157
12.2405	35.580	-146.558
12.4186	36.178	-145.949
12.5992	36.775	-145.332
12.7825	37.373	-144.706
12.9684	37.971	-144.071
13.1570	38.568	-143.426
13.3484	39.166	-142.772
13.5426	39.764	-142.109
13.7395	40.361	-141.436
13.9394	40.959	-140.753
14.1421	41.557	-140.061
14.3478	42.154	-139.358
14.5565	42.752	-138.645
14.7683	43.349	-137.921
14.9831	43.947	-137.187
15.2010	44.545	-136.443
15.4221	45.142	-135.687
15.6464	45.740	-134.921
15.8740	46.338	-134.143
16.1049	46.935	-133.355
16.3392	47.533	-132.554
16.5768	48.130	-131.742
16.8179	48.728	-130.918
17.0626	49.325	-130.083
17.3107	49.923	-129.235
17.5625	50.728	-126.328
17.8180	51.630	-124.063
18.0771	52.556	-122.418
18.3401	53.362	-122.362
18.6068	54.116	-122.672
18.8775	54.761	-123.290
19.1521	55.308	-123.853
19.4306	55.736	-124.039
19.7133	56.124	-123.639
20.0000	56.478	-122.451
20.2909	56.888	-120.504
20.5860	57.384	-118.201
20.8855	58.041	-115.473
21.1893	58.807	-113.174
21.4975	59.674	-111.420
21.8102	60.562	-110.594
22.1274	61.472	-110.222
22.4492	62.341	-110.558
22.7758	63.180	-111.087
23.1071	63.947	-111.857
23.4432	64.699	-112.696
23.7841	65.417	-113.400
24.1301	66.151	-114.058
24.4811	66.904	-114.697
24.8372	67.666	-115.498
25.1984	68.448	-116.357
25.5649	69.222	-117.445
25.9368	70.014	-118.792
26.3141	70.819	-120.270
26.6968	71.606	-122.045
27.0851	72.385	-124.023
27.4791	73.154	-126.203
27.8788	73.937	-128.633
28.2843	74.683	-131.309
28.6957	75.425	-134.178
29.1131	76.142	-137.342
29.5365	76.840	-140.712
29.9661	77.499	-144.389
30.4020	78.112	-148.232
30.8442	78.702	-152.310
31.2929	79.247	-156.582
31.7480	79.719	-160.821
32.2098	80.180	-165.462
32.6783	80.607	-170.046
33.1536	80.989	-174.368
33.6359	81.353	-178.516
34.1251	81.673	177.724
34.6215	81.970	174.118
35.1250	82.258	170.508
35.6359	82.528	166.614
36.1543	82.779	162.655
36.6802	82.994	158.688
37.2137	83.171	154.659
37.7550	83.291	150.823
38.3041	83.372	147.103
38.8613	83.422	143.556
39.4265	83.439	140.231
40.0000	83.442	137.135
40.5818	83.433	134.296
41.1721	83.427	131.636
41.7710	83.425	129.133
42.3785	83.427	126.773
42.9949	83.435	124.500
43.6203	83.447	122.314
44.2548	83.460	120.216
44.8985	83.474	118.178
45.5515	83.501	116.190
46.2141	83.525	114.263
46.8863	83.552	112.317
47.5683	83.577	110.388
48.2602	83.593	108.481
48.9621	83.604	106.605
49.6743	83.609	104.801
50.3968	83.610	103.085
51.1299	83.613	101.427
51.8736	83.614	99.828
52.6281	83.625	98.261
53.3936	83.634	96.717
54.1702	83.639	95.213
54.9581	83.647	93.725
55.7575	83.653	92.291
56.5685	83.658	90.900
57.3914	83.670	89.552
58.2261	83.681	88.240
59.0730	83.693	86.925
59.9323	83.708	85.638
60.8040	83.723	84.327
61.6884	83.742	83.005
62.5857	83.756	81.720
63.4960	83.766	80.471
64.4196	83.782	79.261
65.3566	83.800	78.005
66.3073	83.824	76.760
67.2717	83.838	75.452
68.2502	83.851	74.155
69.2429	83.859	72.881
70.2501	83.859	71.619
71.2719	83.858	70.330
72.3086	83.842	69.067
73.3603	83.822	67.857
74.4274	83.794	66.723
75.5099	83.760	65.704
76.6083	83.739	64.772
77.7226	83.728	63.885
78.8531	83.731	62.999
80.0000	83.738	62.049
81.1636	83.748	61.057
82.3442	83.746	60.049
83.5419	83.748	59.094
84.7570	83.754	58.150
85.9899	83.760	57.223
87.2406	83.769	56.303
88.5096	83.791	55.347
89.7970	83.807	54.353
91.1031	83.826	53.323
92.4282	83.853	52.204
93.7726	83.867	51.039
95.1366	83.874	49.848
96.5204	83.865	48.598
97.9243	83.837	47.373
99.3486	83.796	46.264
100.794	83.754	45.248
102.260	83.718	44.318
103.747	83.697	43.425
105.256	83.692	42.459
106.787	83.680	41.340
108.340	83.646	40.180
109.916	83.590	39.067
111.515	83.524	38.077
113.137	83.447	37.273
114.783	83.376	36.671
116.452	83.329	36.166
118.146	83.317	35.708
119.865	83.331	35.200
121.608	83.363	34.570
123.377	83.404	33.736
125.171	83.437	32.745
126.992	83.455	31.669
128.839	83.448	30.612
130.713	83.453	29.577
132.615	83.455	28.504
134.543	83.448	27.323
136.500	83.421	26.129
138.486	83.373	25.057
140.500	83.332	24.135
142.544	83.313	23.309
144.617	83.311	22.474
146.721	83.334	21.483
148.855	83.363	20.273
151.020	83.377	18.768
153.217	83.342	17.045
155.445	83.227	15.422
157.706	83.074	14.222
160.000	82.940	13.579
162.327	82.884	13.300
164.688	82.902	12.769
167.084	82.934	11.731
169.514	82.938	10.310
171.980	82.878	8.778
174.481	82.758	7.511
177.019	82.627	6.705
179.594	82.546	6.180
182.206	82.538	5.680
184.856	82.559	4.919
187.545	82.571	3.880
190.273	82.563	2.646
193.041	82.528	1.388
195.849	82.466	0.314
198.697	82.419	-0.617
201.587	82.404	-1.530
204.520	82.425	-2.630
207.494	82.423	-3.924
210.512	82.400	-5.186
213.574	82.389	-6.505
216.681	82.367	-7.925
219.833	82.331	-9.284
223.030	82.308	-10.656
226.274	82.287	-12.129
229.565	82.250	-13.701
232.905	82.207	-15.299
236.292	82.147	-17.155
239.729	82.017	-19.033
243.216	81.846	-20.272
246.754	81.723	-21.182
250.343	81.650	-22.133
253.984	81.612	-23.087
257.678	81.590	-24.282
261.426	81.565	-25.411
265.229	81.578	-26.602
269.087	81.625	-28.230
273.001	81.627	-30.270
276.972	81.570	-32.397
281.000	81.506	-34.516
285.088	81.415	-36.889
289.234	81.289	-39.172
293.441	81.099	-41.506
297.709	80.838	-43.490
302.040	80.579	-44.855
306.433	80.365	-45.984
310.890	80.203	-46.939
315.412	80.080	-48.294
320.000	79.927	-49.810
324.655	79.754	-51.214
329.377	79.563	-52.589
334.168	79.361	-53.746
339.028	79.185	-54.758
343.959	79.028	-55.849
348.962	78.861	-56.858
354.038	78.740	-57.989
359.188	78.591	-59.149
364.412	78.459	-60.377
369.713	78.339	-61.904
375.090	78.142	-63.811
380.546	77.816	-65.575
386.081	77.463	-66.189
391.697	77.219	-66.318
397.394	77.011	-66.651
403.175	76.839	-66.514
409.039	76.725	-66.365
414.989	76.686	-66.508
421.025	76.670	-66.553
427.149	76.750	-66.802
433.362	76.837	-67.917
439.665	76.828	-68.921
446.060	76.872	-69.654
452.548	76.936	-70.689
459.131	77.011	-71.917
465.809	77.091	-73.354
472.584	77.144	-75.025
479.458	77.205	-76.703
486.432	77.264	-78.511
493.507	77.338	-80.519
500.686	77.352	-82.725
507.968	77.343	-84.792
515.357	77.353	-86.940
522.853	77.342	-89.118
530.458	77.352	-91.528
538.174	77.308	-94.086
546.002	77.260	-96.682
553.943	77.191	-99.465
562.001	77.075	-102.244
570.175	76.957	-104.972
578.469	76.810	-107.797
586.883	76.645	-110.559
595.419	76.467	-113.338
604.080	76.264	-116.125
612.866	76.042	-118.912
621.780	75.797	-121.724
630.824	75.520	-124.442
640.000	75.220	-127.112
649.309	74.891	-129.707
658.753	74.537	-132.169
668.335	74.157	-134.495
678.056	73.752	-136.625
687.919	73.325	-138.533
697.925	72.877	-140.158
708.077	72.419	-141.449
718.376	71.958	-142.359
728.825	71.507	-142.851
739.426	71.082	-142.905
750.181	70.704	-142.541
761.093	70.393	-141.813
772.163	70.166	-140.838
783.394	70.035	-139.777
794.789	70.002	-138.815
806.349	70.060	-138.135
818.078	70.193	-137.891
829.977	70.377	-138.183
842.050	70.591	-139.059
854.298	70.813	-140.524
866.724	71.022	-142.545
879.330	71.205	-145.077
892.120	71.347	-148.060
905.097	71.439	-151.426
918.262	71.469	-155.114
931.618	71.433	-159.051
945.169	71.320	-163.174
958.917	71.125	-167.407
972.864	70.838	-171.680
987.015	70.434	-175.833
1001.37	69.923	-179.686
1015.94	69.297	176.942
1030.71	68.557	174.317
1045.71	67.740	172.685
1060.92	66.832	172.422
1076.35	65.888	174.312
1092.00	65.070	178.663
1107.89	64.671	-175.328
1124.00	64.747	-167.980
1140.35	65.396	-161.327
1156.94	66.316	-157.781
1173.77	67.316	-156.940
1190.84	68.359	-158.413
1208.16	69.278	-161.742
1225.73	70.043	-166.359
1243.56	70.654	-171.879
1261.65	71.104	-178.044
1280.00	71.411	174.766
1298.62	71.538	167.257
1317.51	71.467	160.264
1336.67	71.217	152.823
1356.11	70.748	145.098
1375.84	70.059	137.936
1395.85	69.209	132.119
1416.15	68.154	127.585
1436.75	66.821	124.772
1457.65	65.290	125.422
1478.85	64.010	130.893
1500.36	63.551	139.762
1522.19	64.035	148.990
1544.33	65.074	154.154
1566.79	66.208	154.464
1589.58	67.247	151.022
1612.70	68.017	145.197
1636.16	68.505	138.022
1659.95	68.720	130.130
1684.10	68.661	121.420
1708.60	68.328	112.815
1733.45	67.769	105.204
1758.66	66.931	97.890
1784.24	65.786	91.511
1810.19	64.426	87.345
1836.52	62.986	86.243
1863.24	61.736	88.673
1890.34	61.059	93.600
1917.83	61.078	98.630
1945.73	61.486	101.439
1974.03	61.880	101.368
2002.74	62.074	98.855
2031.87	61.982	95.047
2061.43	61.595	91.055
2091.41	60.894	87.628
2121.83	59.983	86.145
2152.69	59.062	87.504
2184.01	58.519	90.759
2215.77	58.688	92.406
2248.00	59.725	92.816
2280.70	61.530	97.732
2313.87	62.571	102.728
2347.53	62.930	102.317
2381.68	63.072	99.554
2416.32	63.120	96.328
2451.46	63.135	93.200
2487.12	63.173	90.293
2523.30	63.257	87.499
2560.00	63.368	84.521
2597.24	63.467	81.256
2635.01	63.519	77.834
2673.34	63.508	74.191
2712.23	63.454	70.902
2751.68	63.381	67.918
2791.70	63.321	64.861
2832.31	63.306	61.560
2873.50	63.302	57.811
2915.30	63.252	53.605
2957.70	63.121	49.273
3000.72	62.896	45.013
3044.37	62.572	40.814
3088.65	62.172	37.052
3133.58	61.704	33.739
3179.16	61.204	31.032
3225.40	60.744	29.172
3272.31	60.321	27.727
3319.91	59.924	26.578
3368.20	59.526	25.892
3417.19	59.109	25.974
3466.89	58.725	27.154
3517.32	58.480	29.452
3568.48	58.411	32.718
3620.39	58.507	34.030
3673.05	58.791	33.592
3726.47	59.104	31.452
3780.67	59.365	28.193
3835.67	59.566	24.358
3891.46	59.747	20.114
3948.06	59.949	15.533
4005.49	60.154	10.413
4063.75	60.332	4.757
4122.86	60.432	-1.126
4182.82	60.403	-7.097
4243.66	60.227	-12.789
4305.39	59.938	-17.645
4368.01	59.577	-21.646
4431.55	59.191	-24.673
4496.01	58.823	-27.364
4561.40	58.463	-30.399
4627.75	58.084	-33.909
4695.06	57.677	-37.181
4763.35	57.277	-39.694
4832.64	56.925	-41.812
4902.93	56.632	-44.172
4974.24	56.368	-46.855
5046.60	56.175	-49.507
5120.00	56.171	-52.353
5194.47	56.319	-56.339
5270.03	56.475	-61.483
5346.68	56.517	-67.108
5424.45	56.541	-72.207
5503.35	56.567	-77.182
5583.40	56.526	-82.025
5664.61	56.460	-86.310
5747.01	56.503	-91.183
5830.60	56.560	-98.280
5915.41	56.321	-107.349
6001.45	55.632	-116.325
6088.74	54.619	-123.166
6177.30	53.573	-126.623
6267.15	52.898	-127.274
6358.31	52.949	-128.703
6450.80	53.293	-133.752
6544.62	53.386	-140.995
6639.82	53.365	-148.329
6736.40	53.359	-156.295
6834.38	53.247	-164.401
6933.79	53.182	-171.073
7034.64	53.249	-178.299
7136.96	53.033	173.596
7240.77	52.538	166.685
7346.09	52.099	158.615
7452.94	51.285	147.784
7561.35	49.950	139.357
7671.33	48.849	135.963
7782.91	48.298	134.884
7896.12	48.415	133.734
8010.97	48.931	128.627
8127.49	49.437	122.221
8245.71	50.230	115.669
8365.65	50.892	105.445
8487.33	51.034	93.856
8610.78	50.826	82.885
8736.03	50.408	72.548
8863.09	49.803	62.409
8992.01	48.779	55.119
9122.80	48.048	53.456
9255.50	47.921	51.362
9390.12	48.235	51.141
9526.70	48.882	47.232
9665.27	49.171	37.972
9805.86	49.535	26.319
9948.49	49.789	9.943
10093.2	49.636	-8.181
10240.0	49.120	-23.441
10388.9	48.797	-34.409
10540.1	48.493	-45.011
10693.4	48.099	-51.527
10848.9	47.779	-56.225
11006.7	47.913	-63.217
11166.8	48.524	-74.150
11329.2	48.916	-86.028
11494.0	48.931	-101.234
11661.2	48.651	-117.050
11830.8	47.419	-131.720
12002.9	45.335	-145.285
12177.5	44.196	-150.452
12354.6	44.557	-151.262
12534.3	45.430	-158.811
12716.6	45.906	-177.598
12901.6	45.574	159.981
13089.2	44.389	140.801
13279.6	43.158	126.660
13472.8	41.172	111.423
13668.8	40.244	107.509
13867.6	40.604	101.036
14069.3	40.565	75.536
14273.9	39.398	51.084
14481.5	38.184	33.244
14692.2	35.575	10.106
14905.9	31.900	-12.360
15122.7	30.794	-33.522
15342.7	31.243	-27.296
15565.8	31.948	-53.638
15792.2	31.123	-81.734
16021.9	31.703	-136.286
16255.0	31.770	139.235
16491.4	31.884	129.075
16731.3	33.332	71.256
16974.7	34.454	104.201
17221.6	35.401	68.515
17472.1	35.515	50.101
17726.2	34.631	6.379
17984.0	34.624	-18.006
18245.6	35.834	-7.939
18511.0	36.503	-37.330
18780.2	37.075	-85.726
19053.4	36.169	-110.598
19330.5	36.436	-120.643
19611.7	36.471	-139.070
19897.0	36.910	-141.961
20186.4	36.229	-162.285
20480.0	35.010	138.821
20777.9	33.911	88.818
21080.1	33.062	-1.739
21386.7	32.268	-96.204
21697.8	33.152	-148.616
22013.4	32.501	-177.567
22333.6	32.307	156.490
22658.4	32.740	137.910
22988.0	34.497	102.443
23322.4	36.013	61.372
23661.6	36.133	51.498
