5.00000	-1.255	-171.026
5.07273	-0.657	-170.774
5.14651	-0.059	-170.518
5.22137	0.539	-170.258
5.29732	1.136	-169.994
5.37437	1.734	-169.727
5.45254	2.332	-169.456
5.53185	2.930	-169.180
5.61231	3.528	-168.901
5.69394	4.125	-168.618
5.77676	4.723	-168.330
5.86079	5.321	-168.039
5.94604	5.919	-167.743
6.03252	6.516	-167.443
6.12027	7.114	-167.138
6.20929	7.712	-166.829
6.29961	8.310	-166.516
6.39124	8.907	-166.198
6.48420	9.505	-165.875
6.57851	10.103	-165.548
6.67420	10.701	-165.215
6.77128	11.299	-164.878
6.86977	11.896	-164.537
6.96969	12.494	-164.190
7.07107	13.092	-163.838
7.17392	13.690	-163.481
7.27827	14.287	-163.119
7.38413	14.885	-162.751
7.49154	15.483	-162.379
7.60050	16.081	-162.000
7.71105	16.678	-161.617
7.82321	17.276	-161.227
7.93701	17.874	-160.832
8.05245	18.472	-160.432
8.16958	19.069	-160.025
8.28841	19.667	-159.613
8.40896	20.265	-159.194
8.53128	20.863	-158.770
8.65537	21.460	-158.339
8.78126	22.058	-157.902
8.90899	22.656	-157.459
9.03857	23.253	-157.009
9.17004	23.851	-156.553
9.30342	24.449	-156.090
9.43874	25.047	-155.620
9.57603	25.644	-155.143
9.71532	26.242	-154.660
9.85663	26.840	-154.169
10.0000	27.438	-153.672
10.1455	28.035	-153.167
10.2930	28.633	-152.655
10.4427	29.231	-152.135
10.5946	29.828	-151.608
10.7487	30.426	-151.073
10.9051	31.024	-150.530
11.0637	31.622	-149.980
11.2246	32.219	-149.421
11.3879	32.817	-148.855
11.5535	33.415	-148.280
11.7216	34.012	-147.696
11.8921	34.610	-147.105
12.0650	35.208	-146.504
12.2405	35.805	-145.895
12.4186	36.403	-145.277
12.5992	37.001	-144.650
12.7825	37.598	-144.014
12.9684	38.196	-143.369
13.1570	38.794	-142.714
13.3484	39.391	-142.050
13.5426	39.989	-141.376
13.7395	40.587	-140.692
13.9394	41.184	-139.999
14.1421	41.782	-139.295
14.3478	42.380	-138.581
14.5565	42.977	-137.857
14.7683	43.575	-137.122
14.9831	44.172	-136.376
15.2010	44.770	-135.620
15.4221	45.368	-134.853
15.6464	45.965	-134.074
15.8740	46.563	-133.284
16.1049	47.160	-132.483
16.3392	47.758	-131.670
16.5768	48.356	-130.845
16.8179	48.953	-130.008
17.0626	49.551	-129.159
17.3107	50.148	-128.298
17.5625	50.953	-125.378
17.8180	51.856	-123.099
18.0771	52.782	-121.440
18.3401	53.587	-121.370
18.6068	54.341	-121.665
18.8775	54.987	-122.268
19.1521	55.533	-122.816
19.4306	55.961	-122.987
19.7133	56.350	-122.572
20.0000	56.703	-121.369
20.2909	57.113	-119.405
20.5860	57.610	-117.086
20.8855	58.266	-114.343
21.1893	59.033	-112.027
21.4975	59.899	-110.257
21.8102	60.787	-109.414
22.1274	61.698	-109.024
22.4492	62.566	-109.343
22.7758	63.406	-109.854
23.1071	64.172	-110.606
23.4432	64.924	-111.427
23.7841	65.643	-112.112
24.1301	66.376	-112.752
24.4811	67.129	-113.372
24.8372	67.892	-114.154
25.1984	68.673	-114.993
25.5649	69.448	-116.061
25.9368	70.239	-117.388
26.3141	71.044	-118.846
26.6968	71.831	-120.600
27.0851	72.610	-122.557
27.4791	73.379	-124.715
27.8788	74.163	-127.124
28.2843	74.908	-129.778
28.6957	75.650	-132.625
29.1131	76.367	-135.766
29.5365	77.066	-139.114
29.9661	77.725	-142.767
30.4020	78.338	-146.587
30.8442	78.927	-150.641
31.2929	79.472	-154.888
31.7480	79.944	-159.102
32.2098	80.405	-163.718
32.6783	80.832	-168.277
33.1536	81.214	-172.574
33.6359	81.578	-176.696
34.1251	81.898	179.572
34.6215	82.195	175.992
35.1250	82.483	172.409
35.6359	82.753	168.543
36.1543	83.004	164.612
36.6802	83.219	160.674
37.2137	83.396	156.673
37.7550	83.517	152.867
38.3041	83.597	149.177
38.8613	83.647	145.659
39.4265	83.664	142.365
40.0000	83.667	139.301
40.5818	83.659	136.493
41.1721	83.652	133.864
41.7710	83.650	131.395
42.3785	83.653	129.068
42.9949	83.660	126.828
43.6203	83.673	124.676
44.2548	83.686	122.611
44.8985	83.700	120.608
45.5515	83.727	118.657
46.2141	83.751	116.765
46.8863	83.778	114.856
47.5683	83.803	112.965
48.2602	83.819	111.095
48.9621	83.830	109.257
49.6743	83.835	107.492
50.3968	83.836	105.815
51.1299	83.839	104.197
51.8736	83.840	102.638
52.6281	83.852	101.112
53.3936	83.861	99.611
54.1702	83.865	98.149
54.9581	83.874	96.703
55.7575	83.880	95.313
56.5685	83.885	93.966
57.3914	83.898	92.663
58.2261	83.908	91.396
59.0730	83.921	90.128
59.9323	83.936	88.888
60.8040	83.951	87.625
61.6884	83.970	86.351
62.5857	83.984	85.115
63.4960	83.994	83.915
64.4196	84.011	82.756
65.3566	84.029	81.551
66.3073	84.053	80.358
67.2717	84.067	79.104
68.2502	84.080	77.861
69.2429	84.088	76.641
70.2501	84.088	75.434
71.2719	84.088	74.201
72.3086	84.072	72.995
73.3603	84.052	71.844
74.4274	84.023	70.767
75.5099	83.991	69.809
76.6083	83.969	68.937
77.7226	83.958	68.111
78.8531	83.962	67.288
80.0000	83.969	66.401
81.1636	83.979	65.474
82.3442	83.976	64.530
83.5419	83.979	63.641
84.7570	83.985	62.765
85.9899	83.991	61.906
87.2406	84.001	61.055
88.5096	84.023	60.169
89.7970	84.039	59.246
91.1031	84.058	58.289
92.4282	84.085	57.244
93.7726	84.099	56.154
95.1366	84.107	55.038
96.5204	84.097	53.865
97.9243	84.070	52.718
99.3486	84.028	51.688
100.794	83.986	50.753
102.260	83.951	49.904
103.747	83.930	49.095
105.256	83.925	48.213
106.787	83.913	47.180
108.340	83.880	46.107
109.916	83.823	45.082
111.515	83.758	44.182
113.137	83.680	43.469
114.783	83.610	42.960
116.452	83.563	42.549
118.146	83.550	42.186
119.865	83.564	41.775
121.608	83.597	41.243
123.377	83.638	40.510
125.171	83.670	39.620
126.992	83.688	38.647
128.839	83.682	37.694
130.713	83.687	36.766
132.615	83.688	35.801
134.543	83.681	34.729
136.500	83.655	33.647
138.486	83.606	32.689
140.500	83.565	31.881
142.544	83.546	31.172
144.617	83.544	30.456
146.721	83.567	29.585
148.855	83.595	28.498
151.020	83.610	27.118
153.217	83.573	25.521
155.445	83.459	24.027
157.706	83.305	22.957
160.000	83.171	22.448
162.327	83.114	22.303
164.688	83.132	21.910
167.084	83.164	21.011
169.514	83.167	19.732
171.980	83.106	18.343
174.481	82.985	17.222
177.019	82.854	16.565
179.594	82.773	16.191
182.206	82.764	15.845
184.856	82.785	15.240
187.545	82.796	14.361
190.273	82.787	13.288
193.041	82.751	12.194
195.849	82.688	11.287
198.697	82.640	10.526
201.587	82.624	9.785
204.520	82.644	8.861
207.494	82.641	7.746
210.512	82.617	6.666
213.574	82.605	5.531
216.681	82.582	4.299
219.833	82.543	3.131
223.030	82.520	1.953
226.274	82.497	0.678
229.565	82.458	-0.693
232.905	82.415	-2.087
236.292	82.352	-3.734
239.729	82.220	-5.401
243.216	82.047	-6.424
246.754	81.922	-7.116
250.343	81.847	-7.843
253.984	81.808	-8.570
257.678	81.784	-9.535
261.426	81.756	-10.429
265.229	81.766	-11.380
269.087	81.812	-12.766
273.001	81.812	-14.558
276.972	81.752	-16.433
281.000	81.686	-18.296
285.088	81.592	-20.408
289.234	81.464	-22.427
293.441	81.272	-24.493
297.709	81.009	-26.202
302.040	80.747	-27.289
306.433	80.531	-28.136
310.890	80.367	-28.804
315.412	80.242	-29.867
320.000	80.087	-31.087
324.655	79.912	-32.192
329.377	79.720	-33.263
334.168	79.516	-34.113
339.028	79.339	-34.814
343.959	79.181	-35.592
348.962	79.013	-36.285
354.038	78.891	-37.097
359.188	78.742	-37.936
364.412	78.610	-38.843
369.713	78.490	-40.047
375.090	78.293	-41.631
380.546	77.967	-43.070
386.081	77.614	-43.361
391.697	77.370	-43.166
397.394	77.161	-43.175
403.175	76.988	-42.715
409.039	76.872	-42.243
414.989	76.831	-42.063
421.025	76.811	-41.784
427.149	76.887	-41.708
433.362	76.969	-42.494
439.665	76.954	-43.169
446.060	76.990	-43.569
452.548	77.044	-44.267
459.131	77.109	-45.152
465.809	77.177	-46.240
472.584	77.218	-47.558
479.458	77.265	-48.874
486.432	77.308	-50.314
493.507	77.366	-51.946
500.686	77.362	-53.767
507.968	77.333	-55.441
515.357	77.323	-57.187
522.853	77.290	-58.955
530.458	77.275	-60.945
538.174	77.206	-63.073
546.002	77.131	-65.230
553.943	77.033	-67.562
562.001	76.886	-69.881
570.175	76.736	-72.136
578.469	76.555	-74.476
586.883	76.352	-76.738
595.419	76.134	-79.004
604.080	75.889	-81.260
612.866	75.622	-83.498
621.780	75.329	-85.740
630.824	74.999	-87.862
640.000	74.644	-89.908
649.309	74.256	-91.844
658.753	73.839	-93.605
668.335	73.393	-95.180
678.056	72.918	-96.498
687.919	72.418	-97.519
697.925	71.899	-98.170
708.077	71.371	-98.385
718.376	70.848	-98.107
728.825	70.347	-97.292
739.426	69.894	-95.936
750.181	69.513	-94.093
761.093	69.230	-91.875
772.163	69.060	-89.481
783.394	69.009	-87.147
794.789	69.067	-85.112
806.349	69.216	-83.577
818.078	69.426	-82.672
829.977	69.671	-82.451
842.050	69.924	-82.911
854.298	70.163	-84.007
866.724	70.370	-85.673
879.330	70.534	-87.840
892.120	70.640	-90.431
905.097	70.682	-93.369
918.262	70.651	-96.585
931.618	70.540	-100.003
945.169	70.341	-103.552
958.917	70.047	-107.150
972.864	69.647	-110.714
987.015	69.115	-114.062
1001.37	68.458	-116.975
1015.94	67.670	-119.215
1030.71	66.751	-120.409
1045.71	65.755	-120.152
1060.92	64.703	-117.828
1076.35	63.743	-112.356
1092.00	63.123	-103.775
1107.89	63.109	-94.336
1124.00	63.668	-85.211
1140.35	64.712	-78.897
1156.94	65.812	-76.497
1173.77	66.851	-76.780
1190.84	67.847	-79.180
1208.16	68.668	-83.026
1225.73	69.309	-87.828
1243.56	69.782	-93.282
1261.65	70.087	-99.190
1280.00	70.227	-106.007
1298.62	70.175	-113.006
1317.51	69.927	-119.343
1336.67	69.466	-126.010
1356.11	68.740	-132.771
1375.84	67.759	-138.659
1395.85	66.614	-142.771
1416.15	65.273	-144.758
1436.75	63.786	-143.262
1457.65	62.564	-134.955
1478.85	62.094	-119.621
1500.36	62.443	-105.922
1522.19	63.495	-98.670
1544.33	64.759	-97.739
1566.79	65.879	-100.806
1589.58	66.783	-106.513
1612.70	67.372	-113.577
1636.16	67.664	-121.331
1659.95	67.684	-129.372
1684.10	67.424	-137.934
1708.60	66.898	-146.125
1733.45	66.176	-153.091
1758.66	65.201	-159.402
1784.24	64.014	-164.154
1810.19	62.853	-165.689
1836.52	61.921	-162.453
1863.24	61.163	-154.178
1890.34	60.587	-146.132
1917.83	60.527	-142.931
1945.73	60.906	-144.248
1974.03	61.363	-148.663
2002.74	61.707	-155.257
2031.87	61.842	-162.974
2061.43	61.762	-171.015
2091.41	61.433	-178.989
2121.83	60.780	173.809
2152.69	59.717	165.917
2184.01	58.856	155.437
2215.77	58.518	146.974
2248.00	58.312	141.454
2280.70	58.388	136.859
2313.87	58.791	131.518
2347.53	59.392	124.718
2381.68	60.026	116.668
2416.32	60.595	107.892
2451.46	61.058	98.843
2487.12	61.403	90.025
2523.30	61.654	82.119
2560.00	61.874	75.353
2597.24	62.129	69.592
2635.01	62.458	64.446
2673.34	62.863	59.097
2712.23	63.291	53.453
2751.68	63.674	47.419
2791.70	63.967	41.177
2832.31	64.148	34.941
2873.50	64.214	28.681
2915.30	64.165	22.563
2957.70	64.025	16.906
3000.72	63.810	11.782
3044.37	63.526	7.047
3088.65	63.210	2.905
3133.58	62.867	-0.865
3179.16	62.509	-4.385
3225.40	62.157	-7.481
3272.31	61.758	-10.348
3319.91	61.320	-12.710
3368.20	60.917	-14.167
3417.19	60.632	-14.851
3466.89	60.511	-15.355
3517.32	60.500	-16.599
3568.48	60.506	-19.014
3620.39	60.422	-22.444
3673.05	60.191	-26.188
3726.47	59.832	-29.146
3780.67	59.466	-30.422
3835.67	59.233	-30.266
3891.46	59.205	-30.089
3948.06	59.329	-31.372
4005.49	59.472	-34.403
4063.75	59.533	-38.453
4122.86	59.488	-42.840
4182.82	59.360	-47.188
4243.66	59.176	-51.268
4305.39	58.948	-54.976
4368.01	58.802	-58.490
4431.55	58.648	-62.768
4496.01	58.462	-68.135
4561.40	58.167	-74.100
4627.75	57.752	-79.660
4695.06	57.337	-84.065
4763.35	57.013	-87.619
4832.64	56.762	-91.635
4902.93	56.560	-96.450
4974.24	56.385	-101.984
5046.60	56.222	-108.423
5120.00	55.949	-115.846
5194.47	55.483	-123.975
5270.03	54.847	-131.584
5346.68	54.162	-138.339
5424.45	53.563	-144.449
5503.35	53.012	-150.291
5583.40	52.582	-155.198
5664.61	52.416	-158.970
5747.01	52.372	-162.709
5830.60	52.217	-166.805
5915.41	51.984	-171.221
6001.45	51.868	-176.628
6088.74	51.892	177.334
6177.30	51.864	171.995
6267.15	51.528	166.470
6358.31	50.843	161.782
6450.80	50.298	169.448
6544.62	50.323	-171.151
6639.82	50.665	-170.497
6736.40	50.772	-179.684
6834.38	50.431	171.802
6933.79	49.851	166.169
7034.64	49.296	162.410
7136.96	49.149	157.419
7240.77	49.395	148.791
7346.09	49.643	138.743
7452.94	49.811	130.294
7561.35	50.101	125.100
7671.33	50.842	120.693
7782.91	51.744	112.524
7896.12	52.361	103.667
8010.97	52.804	97.396
8127.49	53.132	90.725
8245.71	53.484	82.078
8365.65	53.822	70.067
8487.33	53.648	57.104
8610.78	53.125	47.281
8736.03	52.689	38.755
8863.09	52.446	32.164
8992.01	52.576	25.935
9122.80	52.809	17.621
9255.50	52.998	6.815
9390.12	53.009	-5.985
9526.70	52.910	-17.891
9665.27	52.855	-28.839
9805.86	53.162	-40.145
9948.49	53.619	-54.917
10093.2	53.722	-69.431
10240.0	53.601	-82.009
10388.9	53.696	-92.295
10540.1	54.251	-105.317
10693.4	54.384	-121.890
10848.9	53.937	-137.922
11006.7	53.396	-150.053
11166.8	53.279	-164.236
11329.2	53.112	-179.638
11494.0	53.144	163.881
11661.2	52.724	146.934
11830.8	51.757	132.564
12002.9	50.301	118.660
12177.5	49.498	108.404
12354.6	49.702	94.973
12534.3	49.848	78.383
12716.6	49.760	58.081
12901.6	48.865	37.910
13089.2	47.578	25.100
13279.6	46.648	12.861
13472.8	46.143	2.866
13668.8	46.455	-11.052
13867.6	46.904	-29.191
14069.3	46.628	-51.135
14273.9	45.513	-72.422
14481.5	44.416	-92.989
14692.2	43.034	-112.668
14905.9	41.658	-128.895
15122.7	40.708	-143.317
15342.7	39.542	-161.061
15565.8	39.454	-179.968
15792.2	39.561	156.714
16021.9	39.481	137.042
16255.0	39.639	117.430
16491.4	38.562	99.153
16731.3	37.509	82.791
16974.7	38.409	61.244
17221.6	38.828	44.275
17472.1	38.630	24.688
17726.2	38.895	-6.145
17984.0	39.411	-31.675
18245.6	40.867	-53.846
18511.0	41.927	-82.060
18780.2	42.196	-111.713
19053.4	41.395	-141.803
19330.5	41.012	-167.830
19611.7	40.996	165.493
19897.0	41.033	141.364
20186.4	41.561	111.140
20480.0	41.069	79.003
20777.9	40.881	48.160
21080.1	40.206	13.440
21386.7	39.694	-11.200
21697.8	38.774	-41.228
22013.4	36.399	-83.407
22333.6	33.295	-121.291
22658.4	36.299	-140.448
22988.0	39.140	-131.447
23322.4	40.533	-136.535
23661.6	41.422	-138.113
