5.00000	-1.118	-170.865
5.07273	-0.520	-170.610
5.14651	0.078	-170.352
5.22137	0.676	-170.090
5.29732	1.274	-169.824
5.37437	1.871	-169.554
5.45254	2.469	-169.280
5.53185	3.067	-169.002
5.61231	3.665	-168.720
5.69394	4.262	-168.434
5.77676	4.860	-168.144
5.86079	5.458	-167.850
5.94604	6.056	-167.551
6.03252	6.653	-167.248
6.12027	7.251	-166.941
6.20929	7.849	-166.629
6.29961	8.447	-166.312
6.39124	9.045	-165.991
6.48420	9.642	-165.666
6.57851	10.240	-165.335
6.67420	10.838	-165.000
6.77128	11.436	-164.660
6.86977	12.033	-164.315
6.96969	12.631	-163.965
7.07107	13.229	-163.610
7.17392	13.827	-163.250
7.27827	14.424	-162.884
7.38413	15.022	-162.513
7.49154	15.620	-162.137
7.60050	16.218	-161.755
7.71105	16.815	-161.368
7.82321	17.413	-160.975
7.93701	18.011	-160.576
8.05245	18.609	-160.172
8.16958	19.206	-159.762
8.28841	19.804	-159.345
8.40896	20.402	-158.923
8.53128	21.000	-158.495
8.65537	21.597	-158.060
8.78126	22.195	-157.619
8.90899	22.793	-157.171
9.03857	23.391	-156.718
9.17004	23.988	-156.257
9.30342	24.586	-155.790
9.43874	25.184	-155.316
9.57603	25.781	-154.835
9.71532	26.379	-154.347
9.85663	26.977	-153.852
10.0000	27.575	-153.349
10.1455	28.172	-152.840
10.2930	28.770	-152.323
10.4427	29.368	-151.798
10.5946	29.965	-151.266
10.7487	30.563	-150.727
10.9051	31.161	-150.179
11.0637	31.759	-149.623
11.2246	32.356	-149.059
11.3879	32.954	-148.487
11.5535	33.552	-147.907
11.7216	34.149	-147.319
11.8921	34.747	-146.721
12.0650	35.345	-146.115
12.2405	35.942	-145.501
12.4186	36.540	-144.877
12.5992	37.138	-144.244
12.7825	37.735	-143.602
12.9684	38.333	-142.951
13.1570	38.931	-142.290
13.3484	39.528	-141.620
13.5426	40.126	-140.939
13.7395	40.724	-140.249
13.9394	41.321	-139.549
14.1421	41.919	-138.839
14.3478	42.517	-138.119
14.5565	43.114	-137.387
14.7683	43.712	-136.646
14.9831	44.309	-135.893
15.2010	44.907	-135.130
15.4221	45.505	-134.355
15.6464	46.102	-133.570
15.8740	46.700	-132.772
16.1049	47.297	-131.964
16.3392	47.895	-131.143
16.5768	48.493	-130.310
16.8179	49.090	-129.466
17.0626	49.688	-128.609
17.3107	50.285	-127.740
17.5625	51.090	-124.811
17.8180	51.993	-122.524
18.0771	52.919	-120.857
18.3401	53.724	-120.778
18.6068	54.478	-121.065
18.8775	55.124	-121.659
19.1521	55.670	-122.199
19.4306	56.098	-122.361
19.7133	56.487	-121.937
20.0000	56.840	-120.724
20.2909	57.250	-118.751
20.5860	57.747	-116.423
20.8855	58.403	-113.670
21.1893	59.170	-111.344
21.4975	60.036	-109.564
21.8102	60.924	-108.711
22.1274	61.835	-108.311
22.4492	62.703	-108.619
22.7758	63.543	-109.120
23.1071	64.309	-109.862
23.4432	65.061	-110.671
23.7841	65.780	-111.345
24.1301	66.513	-111.974
24.4811	67.266	-112.582
24.8372	68.029	-113.353
25.1984	68.810	-114.181
25.5649	69.585	-115.237
25.9368	70.376	-116.551
26.3141	71.181	-117.998
26.6968	71.968	-119.739
27.0851	72.747	-121.683
27.4791	73.516	-123.829
27.8788	74.300	-126.225
28.2843	75.045	-128.866
28.6957	75.787	-131.700
29.1131	76.504	-134.827
29.5365	77.203	-138.161
29.9661	77.862	-141.801
30.4020	78.475	-145.607
30.8442	79.064	-149.646
31.2929	79.609	-153.880
31.7480	80.081	-158.079
32.2098	80.542	-162.680
32.6783	80.969	-167.224
33.1536	81.351	-171.505
33.6359	81.715	-175.611
34.1251	82.035	-179.328
34.6215	82.332	177.109
35.1250	82.620	173.542
35.6359	82.890	169.692
36.1543	83.141	165.777
36.6802	83.356	161.854
37.2137	83.534	157.870
37.7550	83.655	154.076
38.3041	83.737	150.399
38.8613	83.788	146.893
39.4265	83.807	143.611
40.0000	83.812	140.557
40.5818	83.806	137.761
41.1721	83.802	135.142
41.7710	83.804	132.683
42.3785	83.809	130.367
42.9949	83.821	128.137
43.6203	83.837	125.996
44.2548	83.856	123.943
44.8985	83.873	121.951
45.5515	83.905	120.011
46.2141	83.935	118.133
46.8863	83.967	116.237
47.5683	83.999	114.360
48.2602	84.021	112.505
48.9621	84.039	110.685
49.6743	84.051	108.938
50.3968	84.060	107.279
51.1299	84.070	105.682
51.8736	84.079	104.145
52.6281	84.100	102.642
53.3936	84.117	101.166
54.1702	84.131	99.732
54.9581	84.149	98.315
55.7575	84.165	96.956
56.5685	84.180	95.642
57.3914	84.202	94.374
58.2261	84.224	93.145
59.0730	84.247	91.916
59.9323	84.273	90.719
60.8040	84.301	89.501
61.6884	84.331	88.275
62.5857	84.357	87.089
63.4960	84.380	85.943
64.4196	84.410	84.840
65.3566	84.440	83.695
66.3073	84.477	82.565
67.2717	84.505	81.377
68.2502	84.532	80.203
69.2429	84.554	79.055
70.2501	84.570	77.925
71.2719	84.583	76.773
72.3086	84.582	75.652
73.3603	84.577	74.588
74.4274	84.565	73.604
75.5099	84.547	72.741
76.6083	84.542	71.970
77.7226	84.547	71.249
78.8531	84.566	70.535
80.0000	84.591	69.763
81.1636	84.617	68.954
82.3442	84.632	68.135
83.5419	84.651	67.374
84.7570	84.675	66.632
85.9899	84.699	65.913
87.2406	84.726	65.206
88.5096	84.766	64.471
89.7970	84.800	63.704
91.1031	84.838	62.909
92.4282	84.883	62.031
93.7726	84.917	61.115
95.1366	84.943	60.180
96.5204	84.953	59.194
97.9243	84.944	58.240
99.3486	84.922	57.411
100.794	84.900	56.683
102.260	84.885	56.048
103.747	84.882	55.460
105.256	84.898	54.808
106.787	84.906	54.011
108.340	84.893	53.183
109.916	84.856	52.411
111.515	84.812	51.771
113.137	84.755	51.329
114.783	84.705	51.097
116.452	84.680	50.973
118.146	84.688	50.907
119.865	84.723	50.801
121.608	84.776	50.586
123.377	84.838	50.177
125.171	84.892	49.622
126.992	84.931	48.996
128.839	84.947	48.399
130.713	84.973	47.838
132.615	84.996	47.251
134.543	85.011	46.569
136.500	85.006	45.889
138.486	84.978	45.344
140.500	84.960	44.962
142.544	84.963	44.692
144.617	84.982	44.428
146.721	85.028	44.021
148.855	85.079	43.412
151.020	85.116	42.525
153.217	85.102	41.436
155.445	85.010	40.464
157.706	84.879	39.930
160.000	84.768	39.974
162.327	84.735	40.399
164.688	84.775	40.590
167.084	84.831	40.291
169.514	84.858	39.631
171.980	84.821	38.880
174.481	84.725	38.414
177.019	84.619	38.430
179.594	84.562	38.748
182.206	84.579	39.112
184.856	84.625	39.239
187.545	84.662	39.110
190.273	84.680	38.810
193.041	84.672	38.509
195.849	84.637	38.419
198.697	84.617	38.496
201.587	84.631	38.615
204.520	84.682	38.574
207.494	84.710	38.366
210.512	84.719	38.217
213.574	84.741	38.037
216.681	84.753	37.785
219.833	84.752	37.620
223.030	84.766	37.474
226.274	84.784	37.254
229.565	84.788	36.966
232.905	84.789	36.678
236.292	84.773	36.163
239.729	84.690	35.654
243.216	84.571	35.813
246.754	84.501	36.330
250.343	84.486	36.835
253.984	84.509	37.364
257.678	84.551	37.677
261.426	84.595	38.083
265.229	84.681	38.451
269.087	84.807	38.404
273.001	84.891	37.967
276.972	84.923	37.458
281.000	84.955	36.977
285.088	84.964	36.251
289.234	84.945	35.627
293.441	84.870	34.956
297.709	84.730	34.638
302.040	84.598	34.935
306.433	84.519	35.458
310.890	84.499	36.147
315.412	84.525	36.415
320.000	84.528	36.499
324.655	84.517	36.666
329.377	84.494	36.825
334.168	84.465	37.165
339.028	84.466	37.601
343.959	84.489	37.910
348.962	84.504	38.250
354.038	84.566	38.411
359.188	84.599	38.492
364.412	84.649	38.459
369.713	84.706	38.079
375.090	84.682	37.274
380.546	84.520	36.570
386.081	84.323	36.975
391.697	84.223	37.832
397.394	84.147	38.459
403.175	84.093	39.535
409.039	84.082	40.615
414.989	84.130	41.405
421.025	84.187	42.308
427.149	84.324	43.031
433.362	84.451	42.929
439.665	84.469	42.990
446.060	84.529	43.379
452.548	84.596	43.535
459.131	84.664	43.576
465.809	84.728	43.490
472.584	84.759	43.263
479.458	84.793	43.124
486.432	84.821	42.954
493.507	84.865	42.691
500.686	84.848	42.333
507.968	84.810	42.233
515.357	84.795	42.171
522.853	84.766	42.202
530.458	84.765	42.117
538.174	84.719	42.004
546.002	84.679	41.965
553.943	84.629	41.850
562.001	84.547	41.845
570.175	84.478	41.997
578.469	84.395	42.144
586.883	84.313	42.445
595.419	84.238	42.808
604.080	84.160	43.232
612.866	84.086	43.716
621.780	84.016	44.215
630.824	83.940	44.830
640.000	83.872	45.493
649.309	83.805	46.203
658.753	83.743	46.989
668.335	83.689	47.813
678.056	83.641	48.688
687.919	83.601	49.599
697.925	83.567	50.546
708.077	83.542	51.524
718.376	83.526	52.523
728.825	83.518	53.535
739.426	83.519	54.549
750.181	83.528	55.555
761.093	83.546	56.543
772.163	83.571	57.504
783.394	83.601	58.429
794.789	83.638	59.310
806.349	83.677	60.140
818.078	83.719	60.915
829.977	83.761	61.632
842.050	83.801	62.289
854.298	83.837	62.887
866.724	83.867	63.431
879.330	83.890	63.926
892.120	83.903	64.378
905.097	83.905	64.800
918.262	83.893	65.202
931.618	83.869	65.598
945.169	83.828	66.001
958.917	83.773	66.424
972.864	83.702	66.868
987.015	83.596	67.405
1001.37	83.479	68.103
1015.94	83.349	68.976
1030.71	83.214	70.072
1045.71	83.112	71.305
1060.92	83.006	72.603
1076.35	82.901	74.028
1092.00	82.803	75.604
1107.89	82.750	77.283
1124.00	82.702	78.967
1140.35	82.664	80.672
1156.94	82.649	82.351
1173.77	82.629	84.041
1190.84	82.626	85.774
1208.16	82.640	87.489
1225.73	82.670	89.161
1243.56	82.719	90.744
1261.65	82.774	92.201
1280.00	82.835	93.492
1298.62	82.889	94.613
1317.51	82.903	95.702
1336.67	82.910	96.759
1356.11	82.907	97.743
1375.84	82.886	98.712
1395.85	82.841	99.769
1416.15	82.781	100.899
1436.75	82.705	102.070
1457.65	82.617	103.322
1478.85	82.528	104.707
1500.36	82.440	106.248
1522.19	82.356	107.857
1544.33	82.285	109.534
1566.79	82.228	111.210
1589.58	82.183	112.771
1612.70	82.138	114.201
1636.16	82.079	115.480
1659.95	81.993	116.623
1684.10	81.860	117.584
1708.60	81.669	118.571
1733.45	81.423	119.827
1758.66	81.118	121.275
1784.24	80.752	123.077
1810.19	80.358	125.468
1836.52	79.962	128.485
1863.24	79.588	132.113
1890.34	79.274	136.218
1917.83	79.022	140.562
1945.73	78.820	144.980
1974.03	78.634	149.471
2002.74	78.453	154.147
2031.87	78.284	159.254
2061.43	78.171	164.971
2091.41	78.171	171.255
2121.83	78.344	177.759
2152.69	78.708	-176.100
2184.01	79.218	-170.855
2215.77	79.796	-166.778
2248.00	80.373	-163.883
2280.70	80.882	-161.976
2313.87	81.294	-160.653
2347.53	81.610	-159.583
2381.68	81.848	-158.528
2416.32	82.038	-157.348
2451.46	82.208	-156.069
2487.12	82.387	-154.831
2523.30	82.572	-153.830
2560.00	82.740	-153.167
2597.24	82.865	-152.793
2635.01	82.929	-152.549
2673.34	82.934	-152.282
2712.23	82.915	-151.805
2751.68	82.909	-151.145
2791.70	82.941	-150.514
2832.31	83.009	-150.178
2873.50	83.088	-150.332
2915.30	83.139	-151.021
2957.70	83.131	-152.042
3000.72	83.062	-153.157
3044.37	82.955	-154.247
3088.65	82.840	-155.259
3133.58	82.734	-156.373
3179.16	82.633	-157.752
3225.40	82.512	-159.333
3272.31	82.351	-161.061
3319.91	82.160	-162.708
3368.20	81.983	-164.129
3417.19	81.859	-165.505
3466.89	81.791	-167.168
3517.32	81.735	-169.425
3568.48	81.636	-172.134
3620.39	81.463	-174.923
3673.05	81.233	-177.432
3726.47	81.004	-179.460
3780.67	80.835	178.810
3835.67	80.728	177.044
3891.46	80.647	175.111
3948.06	80.572	173.148
4005.49	80.526	171.275
4063.75	80.531	169.349
4122.86	80.570	167.106
4182.82	80.595	164.513
4243.66	80.577	161.855
4305.39	80.544	159.440
4368.01	80.546	157.179
4431.55	80.589	154.696
4496.01	80.622	151.800
4561.40	80.592	148.721
4627.75	80.505	145.867
4695.06	80.416	143.390
4763.35	80.359	141.051
4832.64	80.315	138.639
4902.93	80.272	136.214
4974.24	80.244	133.803
5046.60	80.231	131.200
5120.00	80.189	128.308
5194.47	80.067	125.441
5270.03	79.884	123.134
5346.68	79.741	121.608
5424.45	79.743	120.362
5503.35	79.872	118.576
5583.40	80.030	115.913
5664.61	80.138	112.599
5747.01	80.160	109.077
5830.60	80.119	105.816
5915.41	80.085	102.952
6001.45	80.112	100.163
6088.74	80.186	97.049
6177.30	80.265	93.433
6267.15	80.287	89.308
6358.31	80.191	85.124
6450.80	80.030	81.742
6544.62	79.961	79.173
6639.82	80.030	76.391
6736.40	80.119	72.927
6834.38	80.176	69.332
6933.79	80.267	65.713
7034.64	80.381	61.635
7136.96	80.472	57.285
7240.77	80.584	52.666
7346.09	80.654	47.314
7452.94	80.566	42.038
7561.35	80.493	37.704
7671.33	80.560	32.865
7782.91	80.521	26.926
7896.12	80.304	21.321
8010.97	79.993	16.506
8127.49	79.656	13.421
8245.71	79.698	11.620
8365.65	80.042	7.386
8487.33	80.157	1.298
8610.78	80.094	-4.278
8736.03	79.994	-9.206
8863.09	80.010	-13.400
8992.01	80.216	-18.625
9122.80	80.304	-25.310
9255.50	80.209	-31.828
9390.12	80.067	-37.758
9526.70	79.887	-43.198
9665.27	79.771	-47.424
9805.86	79.948	-51.753
9948.49	80.235	-57.818
10093.2	80.408	-65.876
10240.0	80.165	-73.706
10388.9	80.079	-79.153
10540.1	80.092	-86.581
10693.4	79.834	-93.226
10848.9	79.619	-98.758
11006.7	79.707	-102.927
11166.8	80.034	-110.608
11329.2	79.977	-118.134
11494.0	80.084	-125.703
11661.2	80.098	-133.901
11830.8	79.990	-143.116
12002.9	79.659	-150.239
12177.5	79.634	-157.098
12354.6	79.603	-164.555
12534.3	79.649	-172.804
12716.6	79.590	177.817
12901.6	79.269	168.661
13089.2	78.998	161.715
13279.6	79.027	153.842
13472.8	78.856	145.232
13668.8	78.744	137.532
13867.6	78.857	128.755
14069.3	78.624	118.013
14273.9	78.308	109.810
14481.5	78.175	102.259
14692.2	78.219	92.878
14905.9	78.135	83.451
15122.7	77.883	74.065
15342.7	77.925	64.609
15565.8	77.753	54.337
15792.2	77.456	44.910
16021.9	77.489	35.142
16255.0	77.303	24.894
16491.4	77.126	15.582
16731.3	77.129	4.966
16974.7	76.997	-5.805
17221.6	76.806	-15.789
17472.1	76.805	-25.300
17726.2	76.975	-35.826
17984.0	77.081	-47.701
18245.6	77.142	-60.384
18511.0	77.223	-72.932
18780.2	77.336	-86.014
19053.4	77.314	-99.835
19330.5	77.354	-114.694
19611.7	77.141	-129.834
19897.0	77.192	-144.270
20186.4	77.071	-161.169
20480.0	76.761	-177.962
20777.9	76.165	163.759
21080.1	75.045	148.531
21386.7	74.128	137.921
21697.8	74.429	129.141
22013.4	74.508	110.703
22333.6	73.827	93.179
22658.4	73.031	83.454
22988.0	73.472	72.727
23322.4	73.857	58.771
23661.6	74.079	42.585
