5.00000	-1.405	-171.207
5.07273	-0.808	-170.957
5.14651	-0.210	-170.703
5.22137	0.388	-170.446
5.29732	0.986	-170.185
5.37437	1.584	-169.921
5.45254	2.181	-169.652
5.53185	2.779	-169.380
5.61231	3.377	-169.103
5.69394	3.975	-168.823
5.77676	4.572	-168.539
5.86079	5.170	-168.250
5.94604	5.768	-167.957
6.03252	6.366	-167.660
6.12027	6.963	-167.359
6.20929	7.561	-167.053
6.29961	8.159	-166.743
6.39124	8.757	-166.428
6.48420	9.354	-166.109
6.57851	9.952	-165.785
6.67420	10.550	-165.456
6.77128	11.148	-165.123
6.86977	11.746	-164.784
6.96969	12.343	-164.441
7.07107	12.941	-164.093
7.17392	13.539	-163.740
7.27827	14.137	-163.381
7.38413	14.734	-163.018
7.49154	15.332	-162.649
7.60050	15.930	-162.274
7.71105	16.528	-161.895
7.82321	17.125	-161.509
7.93701	17.723	-161.119
8.05245	18.321	-160.722
8.16958	18.919	-160.320
8.28841	19.516	-159.912
8.40896	20.114	-159.497
8.53128	20.712	-159.077
8.65537	21.310	-158.651
8.78126	21.907	-158.219
8.90899	22.505	-157.780
9.03857	23.103	-157.335
9.17004	23.700	-156.883
9.30342	24.298	-156.425
9.43874	24.896	-155.960
9.57603	25.494	-155.489
9.71532	26.091	-155.010
9.85663	26.689	-154.525
10.0000	27.287	-154.032
10.1455	27.885	-153.533
10.2930	28.482	-153.026
10.4427	29.080	-152.512
10.5946	29.678	-151.990
10.7487	30.275	-151.461
10.9051	30.873	-150.924
11.0637	31.471	-150.379
11.2246	32.068	-149.826
11.3879	32.666	-149.265
11.5535	33.264	-148.696
11.7216	33.862	-148.119
11.8921	34.459	-147.533
12.0650	35.057	-146.939
12.2405	35.655	-146.337
12.4186	36.252	-145.725
12.5992	36.850	-145.105
12.7825	37.448	-144.475
12.9684	38.045	-143.836
13.1570	38.643	-143.189
13.3484	39.241	-142.531
13.5426	39.838	-141.864
13.7395	40.436	-141.188
13.9394	41.034	-140.501
14.1421	41.631	-139.805
14.3478	42.229	-139.098
14.5565	42.826	-138.382
14.7683	43.424	-137.654
14.9831	44.022	-136.917
15.2010	44.619	-136.168
15.4221	45.217	-135.409
15.6464	45.815	-134.638
15.8740	46.412	-133.857
16.1049	47.010	-133.063
16.3392	47.607	-132.259
16.5768	48.205	-131.443
16.8179	48.802	-130.614
17.0626	49.400	-129.774
17.3107	49.998	-128.922
17.5625	50.802	-126.011
17.8180	51.705	-123.741
18.0771	52.631	-122.091
18.3401	53.436	-122.031
18.6068	54.190	-122.336
18.8775	54.836	-122.949
19.1521	55.382	-123.507
19.4306	55.810	-123.688
19.7133	56.199	-123.283
20.0000	56.553	-122.090
20.2909	56.962	-120.137
20.5860	57.459	-117.829
20.8855	58.115	-115.096
21.1893	58.882	-112.791
21.4975	59.749	-111.032
21.8102	60.636	-110.200
22.1274	61.547	-109.822
22.4492	62.416	-110.152
22.7758	63.255	-110.675
23.1071	64.022	-111.440
23.4432	64.773	-112.272
23.7841	65.492	-112.970
24.1301	66.225	-113.622
24.4811	66.979	-114.254
24.8372	67.741	-115.049
25.1984	68.523	-115.902
25.5649	69.297	-116.983
25.9368	70.088	-118.323
26.3141	70.894	-119.795
26.6968	71.680	-121.562
27.0851	72.459	-123.533
27.4791	73.229	-125.706
27.8788	74.012	-128.129
28.2843	74.757	-130.798
28.6957	75.499	-133.660
29.1131	76.217	-136.816
29.5365	76.915	-140.179
29.9661	77.574	-143.847
30.4020	78.187	-147.683
30.8442	78.776	-151.753
31.2929	79.321	-156.017
31.7480	79.793	-160.247
32.2098	80.254	-164.880
32.6783	80.681	-169.456
33.1536	81.063	-173.769
33.6359	81.427	-177.908
34.1251	81.747	178.341
34.6215	82.044	174.744
35.1250	82.332	171.143
35.6359	82.602	167.258
36.1543	82.853	163.308
36.6802	83.068	159.349
37.2137	83.246	155.327
37.7550	83.367	151.496
38.3041	83.449	147.781
38.8613	83.501	144.237
39.4265	83.520	140.915
40.0000	83.525	137.821
40.5818	83.519	134.983
41.1721	83.515	132.323
41.7710	83.516	129.822
42.3785	83.522	127.462
42.9949	83.534	125.189
43.6203	83.551	123.004
44.2548	83.568	120.905
44.8985	83.587	118.868
45.5515	83.619	116.882
46.2141	83.649	114.956
46.8863	83.682	113.013
47.5683	83.714	111.087
48.2602	83.736	109.183
48.9621	83.754	107.312
49.6743	83.766	105.515
50.3968	83.776	103.805
51.1299	83.786	102.156
51.8736	83.796	100.567
52.6281	83.817	99.010
53.3936	83.834	97.479
54.1702	83.848	95.990
54.9581	83.867	94.518
55.7575	83.883	93.103
56.5685	83.899	91.732
57.3914	83.921	90.405
58.2261	83.943	89.118
59.0730	83.968	87.831
59.9323	83.994	86.573
60.8040	84.022	85.294
61.6884	84.052	84.007
62.5857	84.079	82.759
63.4960	84.103	81.550
64.4196	84.133	80.383
65.3566	84.164	79.172
66.3073	84.202	77.977
67.2717	84.230	76.722
68.2502	84.258	75.481
69.2429	84.281	74.266
70.2501	84.296	73.065
71.2719	84.311	71.845
72.3086	84.310	70.652
73.3603	84.306	69.516
74.4274	84.294	68.460
75.5099	84.277	67.524
76.6083	84.273	66.679
77.7226	84.278	65.881
78.8531	84.300	65.092
80.0000	84.324	64.242
81.1636	84.351	63.356
82.3442	84.367	62.457
83.5419	84.387	61.617
84.7570	84.412	60.794
85.9899	84.436	59.992
87.2406	84.464	59.202
88.5096	84.505	58.382
89.7970	84.541	57.530
91.1031	84.579	56.648
92.4282	84.625	55.682
93.7726	84.658	54.678
95.1366	84.686	53.653
96.5204	84.697	52.575
97.9243	84.689	51.530
99.3486	84.668	50.607
100.794	84.646	49.785
102.260	84.632	49.054
103.747	84.632	48.369
105.256	84.648	47.618
106.787	84.656	46.722
108.340	84.644	45.793
109.916	84.609	44.919
111.515	84.566	44.176
113.137	84.510	43.628
114.783	84.461	43.291
116.452	84.436	43.059
118.146	84.446	42.884
119.865	84.481	42.667
121.608	84.536	42.339
123.377	84.600	41.818
125.171	84.654	41.148
126.992	84.695	40.405
128.839	84.711	39.690
130.713	84.738	39.009
132.615	84.762	38.302
134.543	84.779	37.497
136.500	84.776	36.691
138.486	84.748	36.020
140.500	84.732	35.511
142.544	84.736	35.111
144.617	84.757	34.717
146.721	84.803	34.176
148.855	84.855	33.433
151.020	84.894	32.409
153.217	84.882	31.181
155.445	84.792	30.069
157.706	84.662	29.393
160.000	84.552	29.292
162.327	84.519	29.571
164.688	84.562	29.613
167.084	84.620	29.164
169.514	84.648	28.353
171.980	84.614	27.447
174.481	84.518	26.824
177.019	84.414	26.681
179.594	84.359	26.837
182.206	84.378	27.039
184.856	84.426	27.000
187.545	84.466	26.704
190.273	84.485	26.233
193.041	84.478	25.760
195.849	84.446	25.495
198.697	84.429	25.394
201.587	84.446	25.332
204.520	84.499	25.109
207.494	84.530	24.714
210.512	84.541	24.377
213.574	84.566	24.005
216.681	84.580	23.559
219.833	84.581	23.198
223.030	84.599	22.851
226.274	84.621	22.428
229.565	84.628	21.933
232.905	84.631	21.435
236.292	84.619	20.708
239.729	84.541	19.980
243.216	84.424	19.920
246.754	84.359	20.212
250.343	84.348	20.489
253.984	84.374	20.785
257.678	84.422	20.861
261.426	84.471	21.027
265.229	84.562	21.149
269.087	84.692	20.851
273.001	84.782	20.158
276.972	84.820	19.390
281.000	84.856	18.642
285.088	84.870	17.645
289.234	84.859	16.743
293.441	84.788	15.788
297.709	84.654	15.182
302.040	84.528	15.184
306.433	84.455	15.405
310.890	84.442	15.785
315.412	84.474	15.738
320.000	84.482	15.500
324.655	84.477	15.338
329.377	84.459	15.162
334.168	84.435	15.159
339.028	84.442	15.246
343.959	84.469	15.199
348.962	84.489	15.175
354.038	84.555	14.968
359.188	84.592	14.672
364.412	84.646	14.258
369.713	84.706	13.491
375.090	84.685	12.291
380.546	84.525	11.188
386.081	84.330	11.190
391.697	84.231	11.637
397.394	84.156	11.850
403.175	84.102	12.508
409.039	84.090	13.165
414.989	84.139	13.528
421.025	84.194	14.000
427.149	84.329	14.289
433.362	84.456	13.749
439.665	84.473	13.369
446.060	84.530	13.315
452.548	84.596	13.024
459.131	84.660	12.615
465.809	84.722	12.078
472.584	84.751	11.396
479.458	84.782	10.803
486.432	84.808	10.173
493.507	84.850	9.449
500.686	84.830	8.629
507.968	84.791	8.064
515.357	84.776	7.536
522.853	84.747	7.099
530.458	84.745	6.543
538.174	84.702	5.956
546.002	84.663	5.441
553.943	84.617	4.846
562.001	84.541	4.356
570.175	84.478	4.018
578.469	84.403	3.667
586.883	84.330	3.463
595.419	84.267	3.310
604.080	84.203	3.208
612.866	84.145	3.150
621.780	84.092	3.092
630.824	84.036	3.130
640.000	83.990	3.196
649.309	83.945	3.285
658.753	83.907	3.423
668.335	83.878	3.571
678.056	83.855	3.741
687.919	83.840	3.916
697.925	83.830	4.097
708.077	83.827	4.278
718.376	83.831	4.452
728.825	83.841	4.613
739.426	83.858	4.752
750.181	83.878	4.866
761.093	83.904	4.946
772.163	83.933	4.989
783.394	83.965	4.990
794.789	84.000	4.945
806.349	84.035	4.851
818.078	84.069	4.707
829.977	84.103	4.512
842.050	84.133	4.265
854.298	84.158	3.968
866.724	84.179	3.625
879.330	84.192	3.238
892.120	84.197	2.815
905.097	84.192	2.362
918.262	84.177	1.886
931.618	84.150	1.400
945.169	84.110	0.913
958.917	84.057	0.435
972.864	83.989	-0.036
987.015	83.890	-0.430
1001.37	83.778	-0.678
1015.94	83.656	-0.768
1030.71	83.530	-0.650
1045.71	83.436	-0.409
1060.92	83.339	-0.113
1076.35	83.243	0.303
1092.00	83.156	0.867
1107.89	83.114	1.530
1124.00	83.081	2.196
1140.35	83.062	2.880
1156.94	83.069	3.527
1173.77	83.076	4.171
1190.84	83.104	4.835
1208.16	83.155	5.451
1225.73	83.225	5.988
1243.56	83.318	6.398
1261.65	83.418	6.647
1280.00	83.527	6.686
1298.62	83.629	6.525
1317.51	83.690	6.320
1336.67	83.746	6.056
1356.11	83.796	5.698
1375.84	83.831	5.318
1395.85	83.847	5.026
1416.15	83.854	4.791
1436.75	83.852	4.566
1457.65	83.850	4.374
1478.85	83.854	4.264
1500.36	83.867	4.260
1522.19	83.891	4.239
1544.33	83.929	4.218
1566.79	83.986	4.138
1589.58	84.055	3.883
1612.70	84.125	3.480
1636.16	84.188	2.927
1659.95	84.236	2.239
1684.10	84.255	1.371
1708.60	84.240	0.501
1733.45	84.200	-0.180
1758.66	84.138	-0.807
1784.24	84.054	-1.309
1810.19	83.970	-1.566
1836.52	83.903	-1.620
1863.24	83.855	-1.518
1890.34	83.846	-1.360
1917.83	83.866	-1.329
1945.73	83.903	-1.477
1974.03	83.929	-1.781
2002.74	83.939	-2.207
2031.87	83.930	-2.604
2061.43	83.911	-2.862
2091.41	83.899	-2.989
2121.83	83.911	-2.984
2152.69	83.963	-2.950
2184.01	84.056	-3.055
2215.77	84.173	-3.437
2248.00	84.289	-4.194
2280.70	84.373	-5.313
2313.87	84.405	-6.602
2347.53	84.379	-7.863
2381.68	84.305	-8.905
2416.32	84.205	-9.584
2451.46	84.110	-9.904
2487.12	84.054	-9.981
2523.30	84.042	-10.031
2560.00	84.061	-10.232
2597.24	84.081	-10.629
2635.01	84.077	-11.132
2673.34	84.041	-11.637
2712.23	83.989	-11.929
2751.68	83.948	-11.965
2791.70	83.942	-11.876
2832.31	83.974	-11.872
2873.50	84.021	-12.147
2915.30	84.045	-12.729
2957.70	84.016	-13.379
3000.72	83.937	-13.816
3044.37	83.839	-13.894
3088.65	83.768	-13.598
3133.58	83.748	-13.212
3179.16	83.770	-13.037
3225.40	83.787	-13.087
3272.31	83.769	-13.280
3319.91	83.717	-13.353
3368.20	83.671	-13.147
3417.19	83.664	-12.861
3466.89	83.690	-12.808
3517.32	83.695	-13.234
3568.48	83.627	-13.842
3620.39	83.477	-14.182
3673.05	83.289	-13.937
3726.47	83.144	-13.103
3780.67	83.090	-12.127
3835.67	83.095	-11.480
3891.46	83.087	-11.227
3948.06	83.033	-11.049
4005.49	82.962	-10.648
4063.75	82.926	-10.120
4122.86	82.922	-9.844
4182.82	82.887	-9.984
4243.66	82.769	-10.185
4305.39	82.592	-9.900
4368.01	82.440	-9.032
4431.55	82.356	-8.002
4496.01	82.315	-7.209
4561.40	82.261	-6.610
4627.75	82.190	-5.916
4695.06	82.143	-5.082
4763.35	82.127	-4.397
4832.64	82.089	-3.998
4902.93	82.000	-3.577
4974.24	81.892	-2.829
5046.60	81.817	-1.889
5120.00	81.763	-1.054
5194.47	81.680	-0.276
5270.03	81.554	0.813
5346.68	81.449	2.473
5424.45	81.450	4.514
5503.35	81.574	6.303
5583.40	81.759	7.341
5664.61	81.910	7.654
5747.01	81.970	7.651
5830.60	81.947	7.882
5915.41	81.910	8.628
6001.45	81.936	9.668
6088.74	82.037	10.529
6177.30	82.169	10.863
6267.15	82.246	10.579
6358.31	82.190	10.180
6450.80	82.054	10.616
6544.62	82.002	11.888
6639.82	82.081	12.947
6736.40	82.162	13.356
6834.38	82.186	13.772
6933.79	82.231	14.435
7034.64	82.298	14.953
7136.96	82.363	15.465
7240.77	82.477	15.870
7346.09	82.581	15.647
7452.94	82.584	15.491
7561.35	82.646	15.933
7671.33	82.822	15.452
7782.91	82.839	13.831
7896.12	82.653	12.636
8010.97	82.355	12.213
8127.49	81.991	13.496
8245.71	81.941	16.339
8365.65	82.172	17.316
8487.33	82.204	16.816
8610.78	82.092	16.981
8736.03	81.958	17.834
8863.09	81.929	19.519
8992.01	82.083	20.547
9122.80	82.175	20.615
9255.50	82.208	20.721
9390.12	82.220	20.576
9526.70	82.094	20.446
9665.27	81.924	21.781
9805.86	82.010	23.725
9948.49	82.251	24.529
10093.2	82.441	23.727
10240.0	82.324	23.315
10388.9	82.465	24.424
10540.1	82.625	22.485
10693.4	82.340	21.088
10848.9	81.954	21.634
11006.7	81.855	24.676
11166.8	82.054	24.985
11329.2	81.927	26.019
11494.0	82.093	27.466
11661.2	82.299	27.943
11830.8	82.424	26.695
12002.9	82.305	26.780
12177.5	82.345	26.824
12354.6	82.288	26.976
12534.3	82.299	27.277
12716.6	82.338	27.246
12901.6	82.239	27.003
13089.2	82.230	28.242
13279.6	82.431	27.699
13472.8	82.276	26.622
13668.8	82.097	27.424
13867.6	82.247	28.371
14069.3	82.201	27.205
14273.9	82.092	27.678
14481.5	82.073	28.532
14692.2	82.174	27.922
14905.9	82.124	27.741
15122.7	81.961	27.904
15342.7	82.069	27.912
15565.8	81.958	27.767
15792.2	81.833	28.835
16021.9	82.103	28.749
16255.0	82.043	27.616
16491.4	81.892	28.206
16731.3	81.995	28.354
16974.7	82.072	27.875
17221.6	82.078	27.680
17472.1	82.146	27.256
17726.2	82.221	26.496
17984.0	82.233	25.862
18245.6	82.321	25.098
18511.0	82.455	23.761
18780.2	82.478	21.782
19053.4	82.431	21.007
19330.5	82.580	19.073
19611.7	82.498	16.964
19897.0	82.753	14.911
20186.4	82.780	10.038
20480.0	82.578	5.956
20777.9	82.205	0.688
21080.1	81.328	-2.637
21386.7	80.581	-2.348
21697.8	80.280	-0.885
22013.4	80.239	-1.034
22333.6	80.233	-3.156
22658.4	79.816	-4.116
22988.0	79.726	-4.144
23322.4	79.784	-3.027
23661.6	80.047	-4.500
