5.00000	-1.118	-170.865
5.07273	-0.520	-170.610
5.14651	0.078	-170.352
5.22137	0.676	-170.090
5.29732	1.274	-169.824
5.37437	1.871	-169.554
5.45254	2.469	-169.280
5.53185	3.067	-169.002
5.61231	3.665	-168.720
5.69394	4.262	-168.434
5.77676	4.860	-168.144
5.86079	5.458	-167.850
5.94604	6.056	-167.551
6.03252	6.653	-167.248
6.12027	7.251	-166.941
6.20929	7.849	-166.629
6.29961	8.447	-166.312
6.39124	9.045	-165.991
6.48420	9.642	-165.666
6.57851	10.240	-165.335
6.67420	10.838	-165.000
6.77128	11.436	-164.660
6.86977	12.033	-164.315
6.96969	12.631	-163.965
7.07107	13.229	-163.610
7.17392	13.827	-163.250
7.27827	14.424	-162.884
7.38413	15.022	-162.513
7.49154	15.620	-162.137
7.60050	16.218	-161.755
7.71105	16.815	-161.368
7.82321	17.413	-160.975
7.93701	18.011	-160.576
8.05245	18.609	-160.172
8.16958	19.206	-159.762
8.28841	19.804	-159.345
8.40896	20.402	-158.923
8.53128	21.000	-158.495
8.65537	21.597	-158.060
8.78126	22.195	-157.619
8.90899	22.793	-157.171
9.03857	23.391	-156.718
9.17004	23.988	-156.257
9.30342	24.586	-155.790
9.43874	25.184	-155.316
9.57603	25.781	-154.835
9.71532	26.379	-154.347
9.85663	26.977	-153.852
10.0000	27.575	-153.349
10.1455	28.172	-152.840
10.2930	28.770	-152.323
10.4427	29.368	-151.798
10.5946	29.965	-151.266
10.7487	30.563	-150.727
10.9051	31.161	-150.179
11.0637	31.759	-149.623
11.2246	32.356	-149.059
11.3879	32.954	-148.487
11.5535	33.552	-147.907
11.7216	34.149	-147.319
11.8921	34.747	-146.721
12.0650	35.345	-146.115
12.2405	35.942	-145.501
12.4186	36.540	-144.877
12.5992	37.138	-144.244
12.7825	37.735	-143.602
12.9684	38.333	-142.951
13.1570	38.931	-142.290
13.3484	39.528	-141.620
13.5426	40.126	-140.939
13.7395	40.724	-140.249
13.9394	41.321	-139.549
14.1421	41.919	-138.839
14.3478	42.517	-138.119
14.5565	43.114	-137.387
14.7683	43.712	-136.646
14.9831	44.309	-135.893
15.2010	44.907	-135.130
15.4221	45.505	-134.355
15.6464	46.102	-133.570
15.8740	46.700	-132.772
16.1049	47.297	-131.964
16.3392	47.895	-131.143
16.5768	48.493	-130.310
16.8179	49.090	-129.466
17.0626	49.688	-128.609
17.3107	50.285	-127.740
17.5625	51.090	-124.811
17.8180	51.993	-122.524
18.0771	52.919	-120.857
18.3401	53.724	-120.778
18.6068	54.478	-121.065
18.8775	55.124	-121.659
19.1521	55.670	-122.199
19.4306	56.098	-122.361
19.7133	56.487	-121.937
20.0000	56.840	-120.724
20.2909	57.250	-118.751
20.5860	57.747	-116.423
20.8855	58.403	-113.670
21.1893	59.170	-111.344
21.4975	60.036	-109.564
21.8102	60.924	-108.711
22.1274	61.835	-108.311
22.4492	62.703	-108.619
22.7758	63.543	-109.120
23.1071	64.309	-109.862
23.4432	65.061	-110.671
23.7841	65.780	-111.345
24.1301	66.513	-111.974
24.4811	67.266	-112.582
24.8372	68.029	-113.353
25.1984	68.810	-114.181
25.5649	69.585	-115.237
25.9368	70.376	-116.551
26.3141	71.181	-117.998
26.6968	71.968	-119.739
27.0851	72.747	-121.683
27.4791	73.516	-123.829
27.8788	74.300	-126.225
28.2843	75.045	-128.866
28.6957	75.787	-131.700
29.1131	76.504	-134.827
29.5365	77.203	-138.161
29.9661	77.862	-141.801
30.4020	78.475	-145.607
30.8442	79.064	-149.646
31.2929	79.609	-153.880
31.7480	80.081	-158.079
32.2098	80.542	-162.680
32.6783	80.969	-167.224
33.1536	81.351	-171.505
33.6359	81.715	-175.611
34.1251	82.035	-179.328
34.6215	82.332	177.109
35.1250	82.620	173.542
35.6359	82.890	169.692
36.1543	83.141	165.777
36.6802	83.356	161.855
37.2137	83.533	157.872
37.7550	83.654	154.081
38.3041	83.735	150.406
38.8613	83.784	146.904
39.4265	83.801	143.625
40.0000	83.805	140.576
40.5818	83.796	137.783
41.1721	83.789	135.170
41.7710	83.788	132.715
42.3785	83.790	130.403
42.9949	83.799	128.178
43.6203	83.811	126.041
44.2548	83.825	123.992
44.8985	83.838	122.004
45.5515	83.866	120.067
46.2141	83.891	118.192
46.8863	83.918	116.299
47.5683	83.943	114.423
48.2602	83.959	112.569
48.9621	83.971	110.750
49.6743	83.977	109.001
50.3968	83.979	107.341
51.1299	83.982	105.742
51.8736	83.984	104.201
52.6281	83.996	102.693
53.3936	84.006	101.211
54.1702	84.012	99.769
54.9581	84.021	98.344
55.7575	84.028	96.975
56.5685	84.034	95.650
57.3914	84.047	94.368
58.2261	84.059	93.124
59.0730	84.072	91.879
59.9323	84.089	90.663
60.8040	84.105	89.425
61.6884	84.125	88.177
62.5857	84.140	86.967
63.4960	84.152	85.795
64.4196	84.170	84.664
65.3566	84.189	83.488
66.3073	84.214	82.325
67.2717	84.230	81.101
68.2502	84.244	79.889
69.2429	84.254	78.702
70.2501	84.256	77.528
71.2719	84.257	76.330
72.3086	84.242	75.160
73.3603	84.223	74.045
74.4274	84.197	73.006
75.5099	84.166	72.087
76.6083	84.146	71.254
77.7226	84.136	70.470
78.8531	84.142	69.689
80.0000	84.150	68.846
81.1636	84.162	67.964
82.3442	84.161	67.067
83.5419	84.165	66.226
84.7570	84.173	65.399
85.9899	84.181	64.590
87.2406	84.193	63.790
88.5096	84.216	62.959
89.7970	84.233	62.091
91.1031	84.254	61.191
92.4282	84.282	60.203
93.7726	84.298	59.172
95.1366	84.308	58.118
96.5204	84.300	57.008
97.9243	84.274	55.926
99.3486	84.234	54.964
100.794	84.194	54.098
102.260	84.161	53.319
103.747	84.140	52.582
105.256	84.137	51.775
106.787	84.126	50.818
108.340	84.094	49.824
109.916	84.038	48.879
111.515	83.974	48.062
113.137	83.898	47.435
114.783	83.828	47.013
116.452	83.783	46.692
118.146	83.771	46.422
119.865	83.786	46.106
121.608	83.819	45.672
123.377	83.861	45.039
125.171	83.894	44.251
126.992	83.912	43.385
128.839	83.906	42.541
130.713	83.912	41.724
132.615	83.912	40.874
134.543	83.906	39.921
136.500	83.880	38.959
138.486	83.830	38.125
140.500	83.789	37.445
142.544	83.768	36.868
144.617	83.766	36.287
146.721	83.788	35.554
148.855	83.815	34.609
151.020	83.829	33.375
153.217	83.791	31.928
155.445	83.675	30.588
157.706	83.519	29.677
160.000	83.383	29.331
162.327	83.324	29.354
164.688	83.339	29.132
167.084	83.369	28.410
169.514	83.369	27.313
171.980	83.305	26.111
174.481	83.180	25.183
177.019	83.045	24.722
179.594	82.960	24.552
182.206	82.947	24.413
184.856	82.963	24.023
187.545	82.969	23.363
190.273	82.955	22.517
193.041	82.913	21.655
195.849	82.845	20.990
198.697	82.790	20.474
201.587	82.768	19.986
204.520	82.781	19.324
207.494	82.770	18.476
210.512	82.738	17.671
213.574	82.719	16.820
216.681	82.687	15.880
219.833	82.641	15.010
223.030	82.607	14.142
226.274	82.576	13.184
229.565	82.528	12.140
232.905	82.474	11.082
236.292	82.401	9.781
239.729	82.259	8.470
243.216	82.076	7.812
246.754	81.940	7.497
250.343	81.854	7.155
253.984	81.803	6.826
257.678	81.768	6.270
261.426	81.729	5.796
265.229	81.729	5.276
269.087	81.763	4.333
273.001	81.751	2.995
276.972	81.682	1.586
281.000	81.606	0.199
285.088	81.502	-1.423
289.234	81.365	-2.942
293.441	81.164	-4.497
297.709	80.895	-5.687
302.040	80.627	-6.244
306.433	80.406	-6.554
310.890	80.239	-6.677
315.412	80.113	-7.190
320.000	79.958	-7.857
324.655	79.785	-8.405
329.377	79.598	-8.920
334.168	79.400	-9.219
339.028	79.231	-9.372
343.959	79.082	-9.611
348.962	78.927	-9.778
354.038	78.818	-10.077
359.188	78.683	-10.422
364.412	78.566	-10.851
369.713	78.460	-11.599
375.090	78.278	-12.747
380.546	77.963	-13.776
386.081	77.620	-13.680
391.697	77.380	-13.121
397.394	77.172	-12.787
403.175	76.994	-12.003
409.039	76.865	-11.220
414.989	76.803	-10.740
421.025	76.756	-10.164
427.149	76.794	-9.790
433.362	76.829	-10.271
439.665	76.756	-10.623
446.060	76.727	-10.678
452.548	76.705	-11.004
459.131	76.682	-11.480
465.809	76.655	-12.117
472.584	76.589	-12.933
479.458	76.520	-13.689
486.432	76.436	-14.507
493.507	76.358	-15.440
500.686	76.209	-16.485
507.968	76.025	-17.288
515.357	75.849	-18.068
522.853	75.638	-18.751
530.458	75.437	-19.534
538.174	75.169	-20.310
546.002	74.886	-20.950
553.943	74.568	-21.582
562.001	74.193	-21.981
570.175	73.806	-22.062
578.469	73.382	-21.939
586.883	72.938	-21.399
595.419	72.483	-20.468
604.080	72.017	-19.079
612.866	71.557	-17.163
621.780	71.119	-14.707
630.824	70.714	-11.582
640.000	70.381	-7.879
649.309	70.135	-3.696
658.753	70.005	0.818
668.335	70.003	5.379
678.056	70.131	9.730
687.919	70.371	13.628
697.925	70.702	16.908
708.077	71.096	19.494
718.376	71.521	21.382
728.825	71.956	22.606
739.426	72.378	23.234
750.181	72.774	23.349
761.093	73.135	23.019
772.163	73.452	22.325
783.394	73.722	21.332
794.789	73.940	20.104
806.349	74.106	18.697
818.078	74.217	17.163
829.977	74.272	15.556
842.050	74.271	13.926
854.298	74.215	12.328
866.724	74.103	10.815
879.330	73.936	9.450
892.120	73.716	8.299
905.097	73.449	7.431
918.262	73.140	6.929
931.618	72.800	6.866
945.169	72.441	7.325
958.917	72.087	8.346
972.864	71.759	9.934
987.015	71.471	12.100
1001.37	71.271	14.762
1015.94	71.179	17.707
1030.71	71.207	20.708
1045.71	71.381	23.404
1060.92	71.638	25.513
1076.35	71.955	26.926
1092.00	72.294	27.699
1107.89	72.616	27.960
1124.00	72.930	27.452
1140.35	73.208	26.198
1156.94	73.399	24.798
1173.77	73.499	23.197
1190.84	73.529	21.266
1208.16	73.480	19.401
1225.73	73.357	17.722
1243.56	73.178	16.321
1261.65	72.949	15.281
1280.00	72.664	14.527
1298.62	72.368	14.317
1317.51	72.089	14.812
1336.67	71.853	15.783
1356.11	71.704	17.033
1375.84	71.672	18.258
1395.85	71.724	19.214
1416.15	71.835	19.653
1436.75	71.980	19.307
1457.65	72.117	18.005
1478.85	72.192	16.010
1500.36	72.167	13.787
1522.19	72.027	10.939
1544.33	71.759	7.972
1566.79	71.353	5.095
1589.58	70.777	2.223
1612.70	70.056	-0.013
1636.16	69.214	-1.315
1659.95	68.290	-1.419
1684.10	67.301	-0.144
1708.60	66.382	2.634
1733.45	65.655	6.468
1758.66	65.104	10.740
1784.24	64.721	14.648
1810.19	64.432	17.605
1836.52	64.123	19.607
1863.24	63.699	21.045
1890.34	63.129	22.443
1917.83	62.372	24.164
1945.73	61.452	26.981
1974.03	60.402	31.606
2002.74	59.285	38.721
2031.87	58.320	48.971
2061.43	57.794	62.058
2091.41	57.955	76.326
2121.83	58.808	88.783
2152.69	60.068	97.743
2184.01	61.431	103.315
2215.77	62.718	106.321
2248.00	63.852	107.567
2280.70	64.785	107.663
2313.87	65.511	107.160
2347.53	66.064	106.377
2381.68	66.492	105.501
2416.32	66.845	104.645
2451.46	67.166	103.734
2487.12	67.499	102.604
2523.30	67.841	101.070
2560.00	68.175	98.948
2597.24	68.467	96.192
2635.01	68.683	92.836
2673.34	68.803	88.693
2712.23	68.802	84.204
2751.68	68.672	79.546
2791.70	68.415	74.887
2832.31	68.039	70.375
2873.50	67.527	66.006
2915.30	66.882	62.046
2957.70	66.148	58.907
3000.72	65.380	56.855
3044.37	64.639	55.929
3088.65	64.040	55.907
3133.58	63.606	56.141
3179.16	63.307	55.923
3225.40	63.064	54.995
3272.31	62.792	53.586
3319.91	62.480	52.162
3368.20	62.179	51.027
3417.19	61.946	49.986
3466.89	61.780	48.602
3517.32	61.598	46.343
3568.48	61.373	43.331
3620.39	61.089	40.448
3673.05	60.769	38.375
3726.47	60.519	37.366
3780.67	60.455	36.876
3835.67	60.586	35.941
3891.46	60.838	33.834
3948.06	61.123	30.224
4005.49	61.352	25.178
4063.75	61.441	19.109
4122.86	61.339	12.563
4182.82	61.032	6.045
4243.66	60.562	0.265
4305.39	60.007	-4.254
4368.01	59.467	-7.544
4431.55	58.980	-9.841
4496.01	58.513	-11.439
4561.40	57.980	-12.371
4627.75	57.324	-12.077
4695.06	56.624	-9.599
4763.35	56.089	-5.000
4832.64	55.974	-0.891
4902.93	56.332	-0.514
4974.24	56.851	-4.260
5046.60	57.183	-10.403
5120.00	57.216	-17.016
5194.47	57.022	-22.787
5270.03	56.731	-26.790
5346.68	56.498	-28.393
5424.45	56.496	-28.377
5503.35	56.763	-29.076
5583.40	57.201	-32.473
5664.61	57.603	-38.731
5747.01	57.757	-46.535
5830.60	57.583	-53.774
5915.41	57.249	-58.914
6001.45	57.024	-62.495
6088.74	56.952	-65.877
6177.30	56.937	-68.921
6267.15	57.001	-71.456
6358.31	57.232	-74.480
6450.80	57.637	-78.587
6544.62	58.192	-84.088
6639.82	58.760	-91.381
6736.40	59.183	-100.091
6834.38	59.441	-109.575
6933.79	59.519	-119.507
7034.64	59.360	-129.110
7136.96	59.072	-137.122
7240.77	58.815	-144.343
7346.09	58.499	-151.741
7452.94	58.001	-157.792
7561.35	57.636	-161.042
7671.33	57.815	-164.498
7782.91	58.179	-171.515
7896.12	58.351	179.761
8010.97	58.458	170.658
8127.49	58.480	160.897
8245.71	58.451	151.633
8365.65	58.398	141.442
8487.33	57.935	130.456
8610.78	57.185	121.747
8736.03	56.547	115.101
8863.09	56.178	110.360
8992.01	56.209	104.626
9122.80	56.319	95.704
9255.50	56.256	84.817
9390.12	56.058	74.085
9526.70	55.884	64.992
9665.27	55.659	58.024
9805.86	55.625	52.410
9948.49	55.822	44.270
10093.2	55.872	32.440
10240.0	55.457	19.196
10388.9	54.946	8.285
10540.1	54.541	-3.781
10693.4	54.029	-14.703
10848.9	53.523	-24.861
11006.7	52.859	-32.638
11166.8	52.403	-39.625
11329.2	52.007	-49.945
11494.0	51.934	-62.905
11661.2	51.491	-79.212
11830.8	50.318	-93.350
12002.9	48.310	-99.091
12177.5	47.256	-97.502
12354.6	47.544	-96.924
12534.3	48.240	-107.157
12716.6	48.279	-123.334
12901.6	47.368	-135.119
13089.2	46.417	-137.882
13279.6	46.215	-140.732
13472.8	46.721	-148.838
13668.8	47.254	-161.761
13867.6	47.649	-177.966
14069.3	47.462	165.873
14273.9	46.485	150.475
14481.5	45.431	140.831
14692.2	45.380	136.089
14905.9	45.973	128.441
15122.7	45.921	111.017
15342.7	45.342	96.665
15565.8	45.259	80.337
15792.2	45.275	67.525
16021.9	45.863	58.073
16255.0	46.080	45.058
16491.4	45.704	27.623
16731.3	45.589	12.105
16974.7	45.509	-3.293
17221.6	45.639	-18.724
17472.1	45.703	-34.045
17726.2	45.243	-51.521
17984.0	44.635	-69.519
18245.6	45.142	-79.129
18511.0	45.770	-102.508
18780.2	45.918	-129.272
19053.4	45.329	-143.866
19330.5	45.109	-154.820
19611.7	45.196	-179.127
19897.0	45.661	161.870
20186.4	45.519	143.373
20480.0	44.391	125.360
20777.9	42.764	107.278
21080.1	41.870	126.676
21386.7	42.356	119.456
21697.8	43.462	91.785
22013.4	42.734	77.050
22333.6	42.822	61.861
22658.4	44.613	29.139
22988.0	45.933	-7.437
23322.4	46.299	-46.233
23661.6	46.914	-49.414
