5.00000	-1.725	-171.600
5.07273	-1.127	-171.355
5.14651	-0.530	-171.108
5.22137	0.068	-170.857
5.29732	0.666	-170.602
5.37437	1.264	-170.343
5.45254	1.861	-170.081
5.53185	2.459	-169.815
5.61231	3.057	-169.545
5.69394	3.655	-169.271
5.77676	4.253	-168.993
5.86079	4.850	-168.711
5.94604	5.448	-168.424
6.03252	6.046	-168.134
6.12027	6.644	-167.840
6.20929	7.241	-167.541
6.29961	7.839	-167.238
6.39124	8.437	-166.930
6.48420	9.035	-166.618
6.57851	9.632	-166.302
6.67420	10.230	-165.981
6.77128	10.828	-165.655
6.86977	11.426	-165.324
6.96969	12.023	-164.989
7.07107	12.621	-164.649
7.17392	13.219	-164.303
7.27827	13.817	-163.953
7.38413	14.415	-163.598
7.49154	15.012	-163.237
7.60050	15.610	-162.872
7.71105	16.208	-162.501
7.82321	16.806	-162.124
7.93701	17.403	-161.742
8.05245	18.001	-161.355
8.16958	18.599	-160.962
8.28841	19.197	-160.563
8.40896	19.794	-160.158
8.53128	20.392	-159.748
8.65537	20.990	-159.331
8.78126	21.587	-158.909
8.90899	22.185	-158.480
9.03857	22.783	-158.045
9.17004	23.381	-157.604
9.30342	23.978	-157.156
9.43874	24.576	-156.702
9.57603	25.174	-156.241
9.71532	25.772	-155.774
9.85663	26.369	-155.300
10.0000	26.967	-154.818
10.1455	27.565	-154.330
10.2930	28.162	-153.835
10.4427	28.760	-153.332
10.5946	29.358	-152.823
10.7487	29.956	-152.305
10.9051	30.553	-151.781
11.0637	31.151	-151.248
11.2246	31.749	-150.708
11.3879	32.346	-150.160
11.5535	32.944	-149.604
11.7216	33.542	-149.040
11.8921	34.139	-148.468
12.0650	34.737	-147.888
12.2405	35.335	-147.299
12.4186	35.933	-146.701
12.5992	36.530	-146.095
12.7825	37.128	-145.480
12.9684	37.726	-144.856
13.1570	38.323	-144.223
13.3484	38.921	-143.580
13.5426	39.518	-142.929
13.7395	40.116	-142.268
13.9394	40.714	-141.597
14.1421	41.311	-140.916
14.3478	41.909	-140.226
14.5565	42.507	-139.526
14.7683	43.104	-138.815
14.9831	43.702	-138.094
15.2010	44.300	-137.363
15.4221	44.897	-136.621
15.6464	45.495	-135.868
15.8740	46.092	-135.104
16.1049	46.690	-134.329
16.3392	47.287	-133.543
16.5768	47.885	-132.745
16.8179	48.483	-131.936
17.0626	49.080	-131.115
17.3107	49.678	-130.282
17.5625	50.482	-127.391
17.8180	51.385	-125.142
18.0771	52.311	-123.512
18.3401	53.117	-123.472
18.6068	53.870	-123.798
18.8775	54.516	-124.432
19.1521	55.063	-125.012
19.4306	55.491	-125.215
19.7133	55.879	-124.832
20.0000	56.233	-123.662
20.2909	56.642	-121.732
20.5860	57.139	-119.447
20.8855	57.796	-116.737
21.1893	58.562	-114.456
21.4975	59.429	-112.721
21.8102	60.316	-111.914
22.1274	61.227	-111.561
22.4492	62.096	-111.916
22.7758	62.935	-112.465
23.1071	63.702	-113.256
23.4432	64.453	-114.115
23.7841	65.172	-114.839
24.1301	65.905	-115.518
24.4811	66.659	-116.179
24.8372	67.421	-117.001
25.1984	68.203	-117.882
25.5649	68.977	-118.992
25.9368	69.769	-120.361
26.3141	70.574	-121.863
26.6968	71.360	-123.661
27.0851	72.140	-125.662
27.4791	72.909	-127.866
27.8788	73.692	-130.320
28.2843	74.437	-133.021
28.6957	75.180	-135.915
29.1131	75.897	-139.104
29.5365	76.595	-142.500
29.9661	77.254	-146.203
30.4020	77.867	-150.072
30.8442	78.456	-154.177
31.2929	79.001	-158.476
31.7480	79.474	-162.742
32.2098	79.935	-167.411
32.6783	80.362	-172.024
33.1536	80.744	-176.375
33.6359	81.108	179.448
34.1251	81.428	175.659
34.6215	81.725	172.023
35.1250	82.013	168.382
35.6359	82.283	164.458
36.1543	82.533	160.467
36.6802	82.748	156.467
37.2137	82.926	152.403
37.7550	83.047	148.531
38.3041	83.129	144.774
38.8613	83.181	141.187
39.4265	83.199	137.822
40.0000	83.204	134.685
40.5818	83.198	131.804
41.1721	83.193	129.099
41.7710	83.194	126.552
42.3785	83.199	124.148
42.9949	83.211	121.829
43.6203	83.226	119.597
44.2548	83.245	117.450
44.8985	83.262	115.366
45.5515	83.293	113.331
46.2141	83.322	111.356
46.8863	83.355	109.363
47.5683	83.385	107.386
48.2602	83.407	105.431
48.9621	83.424	103.508
49.6743	83.435	101.656
50.3968	83.443	99.893
51.1299	83.453	98.188
51.8736	83.461	96.543
52.6281	83.481	94.930
53.3936	83.497	93.341
54.1702	83.511	91.793
54.9581	83.527	90.260
55.7575	83.542	88.784
56.5685	83.557	87.352
57.3914	83.578	85.962
58.2261	83.598	84.610
59.0730	83.620	83.256
59.9323	83.645	81.932
60.8040	83.671	80.586
61.6884	83.701	79.229
62.5857	83.726	77.910
63.4960	83.747	76.629
64.4196	83.776	75.390
65.3566	83.805	74.105
66.3073	83.841	72.834
67.2717	83.867	71.501
68.2502	83.893	70.182
69.2429	83.914	68.887
70.2501	83.927	67.606
71.2719	83.940	66.301
72.3086	83.937	65.024
73.3603	83.931	63.802
74.4274	83.917	62.658
75.5099	83.898	61.634
76.6083	83.891	60.697
77.7226	83.894	59.808
78.8531	83.912	58.924
80.0000	83.935	57.979
81.1636	83.960	56.994
82.3442	83.973	55.997
83.5419	83.991	55.055
84.7570	84.012	54.129
85.9899	84.035	53.222
87.2406	84.060	52.325
88.5096	84.098	51.397
89.7970	84.131	50.435
91.1031	84.166	49.440
92.4282	84.210	48.361
93.7726	84.241	47.240
95.1366	84.266	46.096
96.5204	84.274	44.898
97.9243	84.263	43.730
99.3486	84.240	42.682
100.794	84.215	41.732
102.260	84.198	40.873
103.747	84.194	40.056
105.256	84.207	39.172
106.787	84.213	38.139
108.340	84.197	37.072
109.916	84.160	36.057
111.515	84.112	35.170
113.137	84.053	34.478
114.783	84.001	33.991
116.452	83.973	33.609
118.146	83.979	33.280
119.865	84.012	32.909
121.608	84.063	32.422
123.377	84.122	31.739
125.171	84.174	30.905
126.992	84.211	29.995
128.839	84.224	29.111
130.713	84.247	28.258
132.615	84.268	27.375
134.543	84.280	26.392
136.500	84.273	25.406
138.486	84.243	24.551
140.500	84.222	23.854
142.544	84.222	23.264
144.617	84.238	22.676
146.721	84.281	21.939
148.855	84.329	20.995
151.020	84.364	19.769
153.217	84.347	18.334
155.445	84.252	17.012
157.706	84.118	16.122
160.000	84.003	15.806
162.327	83.966	15.863
164.688	84.005	15.682
167.084	84.056	15.006
169.514	84.080	13.963
171.980	84.040	12.822
174.481	83.940	11.960
177.019	83.830	11.575
179.594	83.770	11.486
182.206	83.783	11.437
184.856	83.825	11.144
187.545	83.858	10.590
190.273	83.872	9.857
193.041	83.860	9.117
195.849	83.820	8.582
198.697	83.796	8.207
201.587	83.806	7.867
204.520	83.851	7.362
207.494	83.874	6.681
210.512	83.878	6.053
213.574	83.894	5.387
216.681	83.900	4.642
219.833	83.894	3.978
223.030	83.902	3.324
226.274	83.914	2.590
229.565	83.911	1.780
232.905	83.905	0.962
236.292	83.882	-0.088
239.729	83.792	-1.140
243.216	83.665	-1.530
246.754	83.587	-1.571
250.343	83.562	-1.631
253.984	83.577	-1.674
257.678	83.610	-1.939
261.426	83.645	-2.118
265.229	83.721	-2.342
269.087	83.836	-2.988
273.001	83.910	-4.030
276.972	83.932	-5.149
281.000	83.951	-6.248
285.088	83.948	-7.597
289.234	83.918	-8.851
293.441	83.830	-10.156
297.709	83.677	-11.115
302.040	83.533	-11.462
306.433	83.440	-11.588
310.890	83.408	-11.555
315.412	83.420	-11.947
320.000	83.410	-12.527
324.655	83.385	-13.030
329.377	83.350	-13.545
334.168	83.307	-13.884
339.028	83.297	-14.131
343.959	83.307	-14.512
348.962	83.312	-14.868
354.038	83.362	-15.408
359.188	83.386	-16.037
364.412	83.426	-16.787
369.713	83.474	-17.892
375.090	83.443	-19.429
380.546	83.274	-20.877
386.081	83.071	-21.225
391.697	82.965	-21.133
397.394	82.886	-21.282
403.175	82.830	-20.994
409.039	82.816	-20.717
414.989	82.864	-20.744
421.025	82.921	-20.673
427.149	83.059	-20.799
433.362	83.191	-21.767
439.665	83.212	-22.590
446.060	83.276	-23.105
452.548	83.347	-23.872
459.131	83.422	-24.775
465.809	83.493	-25.826
472.584	83.531	-27.042
479.458	83.573	-28.192
486.432	83.609	-29.400
493.507	83.660	-30.727
500.686	83.651	-32.174
507.968	83.621	-33.390
515.357	83.615	-34.598
522.853	83.593	-35.741
530.458	83.598	-37.030
538.174	83.557	-38.379
546.002	83.520	-39.684
553.943	83.472	-41.097
562.001	83.389	-42.430
570.175	83.317	-43.638
578.469	83.228	-44.881
586.883	83.136	-45.997
595.419	83.047	-47.079
604.080	82.951	-48.124
612.866	82.855	-49.131
621.780	82.757	-50.139
630.824	82.647	-51.043
640.000	82.540	-51.905
649.309	82.428	-52.722
658.753	82.316	-53.456
668.335	82.207	-54.138
678.056	82.099	-54.748
687.919	81.995	-55.296
697.925	81.895	-55.774
708.077	81.803	-56.185
718.376	81.720	-56.532
728.825	81.648	-56.829
739.426	81.589	-57.086
750.181	81.544	-57.320
761.093	81.516	-57.549
772.163	81.503	-57.796
783.394	81.507	-58.083
794.789	81.527	-58.431
806.349	81.559	-58.862
818.078	81.603	-59.396
829.977	81.655	-60.046
842.050	81.712	-60.823
854.298	81.769	-61.732
866.724	81.824	-62.774
879.330	81.872	-63.942
892.120	81.910	-65.228
905.097	81.934	-66.617
918.262	81.943	-68.090
931.618	81.933	-69.628
945.169	81.903	-71.208
958.917	81.853	-72.810
972.864	81.781	-74.424
987.015	81.672	-75.968
1001.37	81.545	-77.371
1015.94	81.404	-78.611
1030.71	81.256	-79.640
1045.71	81.140	-80.545
1060.92	81.023	-81.401
1076.35	80.907	-82.151
1092.00	80.802	-82.784
1107.89	80.744	-83.368
1124.00	80.692	-83.998
1140.35	80.652	-84.673
1156.94	80.632	-85.445
1173.77	80.604	-86.274
1190.84	80.586	-87.124
1208.16	80.579	-88.042
1225.73	80.580	-89.038
1243.56	80.594	-90.144
1261.65	80.609	-91.387
1280.00	80.625	-92.799
1298.62	80.633	-94.384
1317.51	80.607	-96.020
1336.67	80.574	-97.702
1356.11	80.533	-99.479
1375.84	80.478	-101.319
1395.85	80.408	-103.147
1416.15	80.326	-104.970
1436.75	80.229	-106.804
1457.65	80.118	-108.603
1478.85	80.009	-110.320
1500.36	79.912	-111.945
1522.19	79.826	-113.518
1544.33	79.767	-115.074
1566.79	79.746	-116.701
1589.58	79.763	-118.518
1612.70	79.809	-120.625
1636.16	79.875	-123.091
1659.95	79.944	-125.947
1684.10	80.000	-129.256
1708.60	80.028	-132.875
1733.45	80.024	-136.593
1758.66	79.992	-140.518
1784.24	79.924	-144.550
1810.19	79.839	-148.485
1836.52	79.753	-152.272
1863.24	79.678	-155.870
1890.34	79.646	-159.324
1917.83	79.658	-162.796
1945.73	79.716	-166.351
1974.03	79.798	-170.015
2002.74	79.893	-173.817
2031.87	79.990	-177.623
2061.43	80.082	178.693
2091.41	80.169	175.179
2121.83	80.260	171.990
2152.69	80.372	169.178
2184.01	80.520	166.681
2215.77	80.706	164.388
2248.00	80.916	162.141
2280.70	81.129	159.847
2313.87	81.322	157.555
2347.53	81.472	155.385
2381.68	81.569	153.522
2416.32	81.624	152.155
2451.46	81.660	151.348
2487.12	81.717	151.046
2523.30	81.812	151.031
2560.00	81.934	151.047
2597.24	82.045	150.966
2635.01	82.104	150.859
2673.34	82.082	150.886
2712.23	81.990	151.455
2751.68	81.875	152.770
2791.70	81.793	154.747
2832.31	81.778	157.072
2873.50	81.817	159.375
2915.30	81.871	161.452
2957.70	81.899	163.398
3000.72	81.886	165.416
3044.37	81.849	167.591
3088.65	81.801	169.917
3133.58	81.737	172.239
3179.16	81.633	174.539
3225.40	81.472	177.098
3272.31	81.259	-179.934
3319.91	81.030	-176.391
3368.20	80.840	-172.311
3417.19	80.708	-167.987
3466.89	80.622	-163.676
3517.32	80.539	-159.523
3568.48	80.441	-155.375
3620.39	80.323	-151.035
3673.05	80.205	-146.393
3726.47	80.119	-141.485
3780.67	80.083	-136.557
3835.67	80.066	-131.798
3891.46	80.025	-127.093
3948.06	79.965	-122.119
4005.49	79.943	-116.772
4063.75	80.003	-111.402
4122.86	80.114	-106.420
4182.82	80.219	-101.881
4243.66	80.284	-97.541
4305.39	80.319	-93.190
4368.01	80.342	-88.835
4431.55	80.336	-84.628
4496.01	80.309	-80.380
4561.40	80.222	-76.046
4627.75	80.106	-71.334
4695.06	80.007	-66.227
4763.35	79.943	-60.982
4832.64	79.885	-55.773
4902.93	79.820	-50.478
4974.24	79.773	-45.041
5046.60	79.748	-39.727
5120.00	79.692	-34.645
5194.47	79.553	-29.386
5270.03	79.366	-23.398
5346.68	79.238	-16.582
5424.45	79.249	-9.505
5503.35	79.371	-2.880
5583.40	79.515	3.024
5664.61	79.601	8.414
5747.01	79.589	13.715
5830.60	79.494	19.471
5915.41	79.406	25.935
6001.45	79.395	32.764
6088.74	79.462	39.415
6177.30	79.551	45.587
6267.15	79.573	51.257
6358.31	79.449	57.039
6450.80	79.251	63.980
6544.62	79.179	72.053
6639.82	79.289	79.903
6736.40	79.419	86.955
6834.38	79.505	93.943
6933.79	79.631	101.006
7034.64	79.773	107.595
7136.96	79.848	113.994
7240.77	79.900	120.488
7346.09	79.905	126.642
7452.94	79.764	133.086
7561.35	79.633	140.702
7671.33	79.643	148.216
7782.91	79.581	155.101
7896.12	79.412	162.626
8010.97	79.218	170.777
8127.49	79.000	-179.746
8245.71	79.107	-169.147
8365.65	79.465	-160.766
8487.33	79.583	-153.942
8610.78	79.521	-146.475
8736.03	79.389	-138.263
8863.09	79.324	-128.952
8992.01	79.432	-120.123
9122.80	79.426	-112.193
9255.50	79.288	-103.548
9390.12	79.181	-94.232
9526.70	79.060	-84.572
9665.27	79.015	-73.636
9805.86	79.275	-62.999
9948.49	79.565	-54.318
10093.2	79.628	-47.093
10240.0	79.250	-38.529
10388.9	79.167	-26.647
10540.1	79.343	-17.102
10693.4	79.264	-7.555
10848.9	79.154	2.607
11006.7	79.234	14.041
11166.8	79.443	22.410
11329.2	79.161	31.463
11494.0	78.985	41.829
11661.2	78.817	52.747
11830.8	78.634	63.032
12002.9	78.345	75.613
12177.5	78.434	87.635
12354.6	78.398	98.523
12534.3	78.283	108.987
12716.6	77.999	119.737
12901.6	77.564	131.794
13089.2	77.314	146.334
13279.6	77.427	159.187
13472.8	77.247	170.843
13668.8	77.001	-176.334
13867.6	76.899	-163.246
14069.3	76.559	-151.136
14273.9	76.233	-136.666
14481.5	76.027	-121.980
14692.2	75.872	-108.477
14905.9	75.604	-93.751
15122.7	75.329	-78.678
15342.7	75.312	-64.405
15565.8	74.910	-50.139
15792.2	74.425	-33.241
16021.9	74.486	-16.349
16255.0	74.351	-0.656
16491.4	74.150	15.391
16731.3	73.861	30.352
16974.7	73.408	48.145
17221.6	73.266	67.908
17472.1	73.462	86.250
17726.2	73.528	102.015
17984.0	73.220	119.160
18245.6	73.133	139.219
18511.0	73.585	158.805
18780.2	73.937	174.016
19053.4	73.607	-170.567
19330.5	73.432	-151.799
19611.7	73.391	-132.792
19897.0	73.716	-114.688
20186.4	73.636	-100.784
20480.0	73.048	-84.583
20777.9	72.338	-66.706
21080.1	71.293	-44.979
21386.7	70.751	-15.385
21697.8	72.148	10.187
22013.4	72.206	23.961
22333.6	71.727	45.138
22658.4	71.547	70.887
22988.0	72.110	92.279
23322.4	72.292	113.795
23661.6	72.888	139.444
