5.00000	-1.405	-171.207
5.07273	-0.808	-170.957
5.14651	-0.210	-170.703
5.22137	0.388	-170.446
5.29732	0.986	-170.185
5.37437	1.584	-169.921
5.45254	2.181	-169.652
5.53185	2.779	-169.380
5.61231	3.377	-169.103
5.69394	3.975	-168.823
5.77676	4.572	-168.539
5.86079	5.170	-168.250
5.94604	5.768	-167.957
6.03252	6.366	-167.660
6.12027	6.963	-167.359
6.20929	7.561	-167.053
6.29961	8.159	-166.743
6.39124	8.757	-166.428
6.48420	9.354	-166.109
6.57851	9.952	-165.785
6.67420	10.550	-165.456
6.77128	11.148	-165.123
6.86977	11.746	-164.784
6.96969	12.343	-164.441
7.07107	12.941	-164.093
7.17392	13.539	-163.740
7.27827	14.137	-163.381
7.38413	14.734	-163.018
7.49154	15.332	-162.649
7.60050	15.930	-162.274
7.71105	16.528	-161.895
7.82321	17.125	-161.509
7.93701	17.723	-161.119
8.05245	18.321	-160.722
8.16958	18.919	-160.320
8.28841	19.516	-159.912
8.40896	20.114	-159.497
8.53128	20.712	-159.077
8.65537	21.310	-158.651
8.78126	21.907	-158.219
8.90899	22.505	-157.780
9.03857	23.103	-157.335
9.17004	23.700	-156.883
9.30342	24.298	-156.425
9.43874	24.896	-155.960
9.57603	25.494	-155.489
9.71532	26.091	-155.010
9.85663	26.689	-154.525
10.0000	27.287	-154.032
10.1455	27.885	-153.533
10.2930	28.482	-153.026
10.4427	29.080	-152.512
10.5946	29.678	-151.990
10.7487	30.275	-151.461
10.9051	30.873	-150.924
11.0637	31.471	-150.379
11.2246	32.068	-149.826
11.3879	32.666	-149.265
11.5535	33.264	-148.696
11.7216	33.862	-148.119
11.8921	34.459	-147.533
12.0650	35.057	-146.939
12.2405	35.655	-146.337
12.4186	36.252	-145.725
12.5992	36.850	-145.105
12.7825	37.448	-144.475
12.9684	38.045	-143.836
13.1570	38.643	-143.189
13.3484	39.241	-142.531
13.5426	39.838	-141.864
13.7395	40.436	-141.188
13.9394	41.034	-140.501
14.1421	41.631	-139.805
14.3478	42.229	-139.098
14.5565	42.826	-138.382
14.7683	43.424	-137.654
14.9831	44.022	-136.917
15.2010	44.619	-136.168
15.4221	45.217	-135.409
15.6464	45.815	-134.638
15.8740	46.412	-133.857
16.1049	47.010	-133.063
16.3392	47.607	-132.259
16.5768	48.205	-131.443
16.8179	48.802	-130.614
17.0626	49.400	-129.774
17.3107	49.998	-128.922
17.5625	50.802	-126.011
17.8180	51.705	-123.741
18.0771	52.631	-122.091
18.3401	53.436	-122.031
18.6068	54.190	-122.336
18.8775	54.836	-122.949
19.1521	55.382	-123.507
19.4306	55.810	-123.688
19.7133	56.199	-123.283
20.0000	56.553	-122.090
20.2909	56.962	-120.137
20.5860	57.459	-117.829
20.8855	58.115	-115.096
21.1893	58.882	-112.791
21.4975	59.749	-111.032
21.8102	60.636	-110.200
22.1274	61.547	-109.822
22.4492	62.416	-110.152
22.7758	63.255	-110.675
23.1071	64.022	-111.440
23.4432	64.773	-112.272
23.7841	65.492	-112.970
24.1301	66.225	-113.622
24.4811	66.979	-114.254
24.8372	67.741	-115.049
25.1984	68.523	-115.902
25.5649	69.297	-116.983
25.9368	70.088	-118.323
26.3141	70.894	-119.795
26.6968	71.680	-121.562
27.0851	72.459	-123.533
27.4791	73.229	-125.706
27.8788	74.012	-128.129
28.2843	74.757	-130.798
28.6957	75.499	-133.660
29.1131	76.217	-136.816
29.5365	76.915	-140.179
29.9661	77.574	-143.847
30.4020	78.187	-147.683
30.8442	78.776	-151.753
31.2929	79.321	-156.017
31.7480	79.793	-160.247
32.2098	80.254	-164.880
32.6783	80.681	-169.456
33.1536	81.063	-173.769
33.6359	81.427	-177.908
34.1251	81.747	178.341
34.6215	82.044	174.744
35.1250	82.332	171.143
35.6359	82.602	167.258
36.1543	82.853	163.308
36.6802	83.068	159.349
37.2137	83.246	155.328
37.7550	83.367	151.497
38.3041	83.449	147.783
38.8613	83.501	144.240
39.4265	83.520	140.919
40.0000	83.524	137.826
40.5818	83.518	134.990
41.1721	83.515	132.331
41.7710	83.515	129.831
42.3785	83.521	127.473
42.9949	83.532	125.202
43.6203	83.549	123.018
44.2548	83.567	120.922
44.8985	83.585	118.886
45.5515	83.617	116.902
46.2141	83.646	114.978
46.8863	83.679	113.037
47.5683	83.710	111.113
48.2602	83.732	109.211
48.9621	83.750	107.343
49.6743	83.762	105.547
50.3968	83.771	103.839
51.1299	83.781	102.193
51.8736	83.790	100.605
52.6281	83.811	99.050
53.3936	83.828	97.521
54.1702	83.841	96.035
54.9581	83.860	94.564
55.7575	83.875	93.151
56.5685	83.891	91.782
57.3914	83.912	90.456
58.2261	83.933	89.171
59.0730	83.957	87.885
59.9323	83.983	86.629
60.8040	84.010	85.351
61.6884	84.040	84.065
62.5857	84.066	82.817
63.4960	84.089	81.609
64.4196	84.119	80.443
65.3566	84.149	79.233
66.3073	84.186	78.038
67.2717	84.213	76.784
68.2502	84.240	75.543
69.2429	84.262	74.327
70.2501	84.277	73.127
71.2719	84.291	71.906
72.3086	84.290	70.713
73.3603	84.285	69.577
74.4274	84.272	68.519
75.5099	84.254	67.583
76.6083	84.249	66.736
77.7226	84.253	65.938
78.8531	84.273	65.146
80.0000	84.297	64.295
81.1636	84.323	63.407
82.3442	84.338	62.506
83.5419	84.357	61.663
84.7570	84.381	60.838
85.9899	84.404	60.034
87.2406	84.431	59.240
88.5096	84.470	58.418
89.7970	84.505	57.562
91.1031	84.542	56.677
92.4282	84.587	55.707
93.7726	84.620	54.698
95.1366	84.646	53.670
96.5204	84.657	52.587
97.9243	84.647	51.537
99.3486	84.625	50.609
100.794	84.602	49.781
102.260	84.587	49.045
103.747	84.585	48.354
105.256	84.600	47.597
106.787	84.607	46.695
108.340	84.594	45.759
109.916	84.557	44.878
111.515	84.513	44.128
113.137	84.456	43.573
114.783	84.405	43.227
116.452	84.380	42.988
118.146	84.388	42.805
119.865	84.422	42.579
121.608	84.475	42.242
123.377	84.537	41.711
125.171	84.591	41.032
126.992	84.629	40.279
128.839	84.644	39.554
130.713	84.670	38.863
132.615	84.693	38.144
134.543	84.708	37.328
136.500	84.703	36.511
138.486	84.674	35.828
140.500	84.656	35.306
142.544	84.658	34.894
144.617	84.678	34.487
146.721	84.723	33.933
148.855	84.773	33.176
151.020	84.810	32.138
153.217	84.796	30.896
155.445	84.704	29.769
157.706	84.572	29.078
160.000	84.461	28.961
162.327	84.427	29.224
164.688	84.467	29.251
167.084	84.523	28.785
169.514	84.548	27.956
171.980	84.512	27.033
174.481	84.414	26.392
177.019	84.309	26.231
179.594	84.251	26.369
182.206	84.268	26.551
184.856	84.313	26.494
187.545	84.350	26.177
190.273	84.367	25.686
193.041	84.358	25.192
195.849	84.323	24.906
198.697	84.303	24.784
201.587	84.316	24.701
204.520	84.367	24.456
207.494	84.394	24.039
210.512	84.402	23.680
213.574	84.423	23.287
216.681	84.434	22.817
219.833	84.432	22.432
223.030	84.446	22.063
226.274	84.463	21.617
229.565	84.466	21.099
232.905	84.466	20.578
236.292	84.449	19.827
239.729	84.365	19.078
243.216	84.245	18.994
246.754	84.174	19.266
250.343	84.158	19.520
253.984	84.179	19.795
257.678	84.220	19.852
261.426	84.263	19.998
265.229	84.348	20.102
269.087	84.473	19.788
273.001	84.555	19.080
276.972	84.586	18.298
281.000	84.616	17.537
285.088	84.623	16.530
289.234	84.603	15.620
293.441	84.526	14.660
297.709	84.384	14.050
302.040	84.251	14.051
306.433	84.171	14.274
310.890	84.149	14.659
315.412	84.174	14.620
320.000	84.175	14.392
324.655	84.161	14.244
329.377	84.137	14.084
334.168	84.106	14.100
339.028	84.106	14.209
343.959	84.127	14.187
348.962	84.141	14.190
354.038	84.202	14.011
359.188	84.234	13.747
364.412	84.282	13.365
369.713	84.339	12.630
375.090	84.313	11.465
380.546	84.151	10.395
386.081	83.954	10.430
391.697	83.853	10.911
397.394	83.776	11.156
403.175	83.722	11.846
409.039	83.711	12.532
414.989	83.759	12.922
421.025	83.816	13.419
427.149	83.953	13.729
433.362	84.081	13.208
439.665	84.100	12.842
446.060	84.159	12.798
452.548	84.228	12.513
459.131	84.296	12.105
465.809	84.361	11.564
472.584	84.393	10.873
479.458	84.428	10.263
486.432	84.457	9.613
493.507	84.501	8.861
500.686	84.484	8.007
507.968	84.447	7.402
515.357	84.433	6.826
522.853	84.404	6.335
530.458	84.403	5.718
538.174	84.357	5.064
546.002	84.317	4.476
553.943	84.266	3.803
562.001	84.183	3.230
570.175	84.113	2.806
578.469	84.027	2.366
586.883	83.942	2.074
595.419	83.865	1.835
604.080	83.783	1.649
612.866	83.706	1.516
621.780	83.630	1.391
630.824	83.550	1.375
640.000	83.476	1.402
649.309	83.402	1.471
658.753	83.333	1.611
668.335	83.272	1.786
678.056	83.217	2.008
687.919	83.170	2.263
697.925	83.129	2.551
708.077	83.096	2.867
718.376	83.074	3.201
728.825	83.060	3.542
739.426	83.057	3.881
750.181	83.062	4.206
761.093	83.076	4.504
772.163	83.099	4.766
783.394	83.129	4.981
794.789	83.167	5.139
806.349	83.208	5.232
818.078	83.252	5.255
829.977	83.297	5.203
842.050	83.340	5.075
854.298	83.379	4.872
866.724	83.413	4.597
879.330	83.439	4.255
892.120	83.456	3.856
905.097	83.461	3.412
918.262	83.452	2.932
931.618	83.429	2.434
945.169	83.391	1.931
958.917	83.337	1.437
972.864	83.266	0.954
987.015	83.162	0.555
1001.37	83.044	0.309
1015.94	82.916	0.230
1030.71	82.782	0.366
1045.71	82.682	0.630
1060.92	82.580	0.951
1076.35	82.478	1.389
1092.00	82.386	1.967
1107.89	82.340	2.633
1124.00	82.299	3.292
1140.35	82.270	3.959
1156.94	82.265	4.583
1173.77	82.256	5.206
1190.84	82.265	5.860
1208.16	82.292	6.484
1225.73	82.336	7.056
1243.56	82.401	7.533
1261.65	82.474	7.877
1280.00	82.556	8.049
1298.62	82.634	8.045
1317.51	82.676	7.999
1336.67	82.715	7.913
1356.11	82.749	7.749
1375.84	82.770	7.560
1395.85	82.774	7.442
1416.15	82.769	7.384
1436.75	82.757	7.356
1457.65	82.742	7.392
1478.85	82.738	7.531
1500.36	82.744	7.784
1522.19	82.768	8.059
1544.33	82.815	8.339
1566.79	82.889	8.546
1589.58	82.985	8.562
1612.70	83.091	8.370
1636.16	83.194	7.955
1659.95	83.281	7.334
1684.10	83.339	6.457
1708.60	83.358	5.515
1733.45	83.342	4.720
1758.66	83.296	3.947
1784.24	83.217	3.285
1810.19	83.130	2.890
1836.52	83.052	2.741
1863.24	82.989	2.801
1890.34	82.966	2.971
1917.83	82.978	3.055
1945.73	83.012	2.971
1974.03	83.041	2.720
2002.74	83.056	2.324
2031.87	83.050	1.929
2061.43	83.032	1.660
2091.41	83.015	1.532
2121.83	83.021	1.579
2152.69	83.070	1.708
2184.01	83.169	1.735
2215.77	83.305	1.483
2248.00	83.453	0.807
2280.70	83.578	-0.330
2313.87	83.652	-1.762
2347.53	83.659	-3.280
2381.68	83.601	-4.649
2416.32	83.498	-5.669
2451.46	83.382	-6.289
2487.12	83.292	-6.571
2523.30	83.248	-6.721
2560.00	83.241	-6.960
2597.24	83.241	-7.392
2635.01	83.215	-7.953
2673.34	83.146	-8.523
2712.23	83.048	-8.805
2751.68	82.955	-8.680
2791.70	82.905	-8.252
2832.31	82.918	-7.781
2873.50	82.979	-7.558
2915.30	83.046	-7.732
2957.70	83.079	-8.163
3000.72	83.063	-8.602
3044.37	83.012	-8.882
3088.65	82.960	-8.912
3133.58	82.923	-8.870
3179.16	82.899	-8.940
3225.40	82.859	-9.068
3272.31	82.779	-9.185
3319.91	82.670	-9.053
3368.20	82.580	-8.546
3417.19	82.544	-7.900
3466.89	82.558	-7.478
3517.32	82.566	-7.573
3568.48	82.512	-7.966
3620.39	82.372	-8.240
3673.05	82.173	-8.049
3726.47	81.982	-7.271
3780.67	81.855	-6.185
3835.67	81.783	-5.170
3891.46	81.717	-4.328
3948.06	81.636	-3.457
4005.49	81.571	-2.388
4063.75	81.559	-1.309
4122.86	81.583	-0.586
4182.82	81.575	-0.305
4243.66	81.487	-0.071
4305.39	81.356	0.633
4368.01	81.265	1.807
4431.55	81.249	2.931
4496.01	81.255	3.583
4561.40	81.206	3.921
4627.75	81.094	4.440
4695.06	80.977	5.392
4763.35	80.902	6.529
4832.64	80.850	7.579
4902.93	80.801	8.584
4974.24	80.765	9.594
5046.60	80.741	10.413
5120.00	80.682	10.988
5194.47	80.543	11.714
5270.03	80.361	13.111
5346.68	80.244	15.252
5424.45	80.273	17.552
5503.35	80.412	19.274
5583.40	80.566	20.187
5664.61	80.661	20.588
5747.01	80.677	20.908
5830.60	80.636	21.534
5915.41	80.600	22.574
6001.45	80.618	23.765
6088.74	80.684	24.750
6177.30	80.761	25.337
6267.15	80.793	25.469
6358.31	80.711	25.543
6450.80	80.556	26.419
6544.62	80.481	28.178
6639.82	80.542	29.851
6736.40	80.624	30.929
6834.38	80.673	31.919
6933.79	80.747	32.987
7034.64	80.848	33.767
7136.96	80.945	34.384
7240.77	81.075	34.725
7346.09	81.157	34.348
7452.94	81.081	34.152
7561.35	81.029	34.956
7671.33	81.116	35.235
7782.91	81.088	34.400
7896.12	80.863	33.922
8010.97	80.523	34.361
8127.49	80.155	36.769
8245.71	80.185	40.622
8365.65	80.524	42.090
8487.33	80.629	41.790
8610.78	80.559	42.136
8736.03	80.460	43.256
8863.09	80.488	45.199
8992.01	80.716	46.140
9122.80	80.826	45.649
9255.50	80.755	45.340
9390.12	80.626	45.639
9526.70	80.444	46.489
9665.27	80.309	48.662
9805.86	80.453	50.962
9948.49	80.724	51.839
10093.2	80.923	50.840
10240.0	80.717	49.932
10388.9	80.637	51.324
10540.1	80.629	50.896
10693.4	80.345	51.442
10848.9	80.093	53.342
11006.7	80.166	56.998
11166.8	80.515	57.266
11329.2	80.494	57.696
11494.0	80.650	58.074
11661.2	80.715	57.818
11830.8	80.648	56.519
12002.9	80.326	57.315
12177.5	80.285	58.596
12354.6	80.250	59.661
12534.3	80.324	60.180
12716.6	80.317	59.531
12901.6	80.040	58.998
13089.2	79.791	60.661
13279.6	79.800	61.600
13472.8	79.615	62.196
13668.8	79.520	63.983
13867.6	79.686	64.712
14069.3	79.489	63.363
14273.9	79.178	64.661
14481.5	79.047	66.943
14692.2	79.120	67.614
14905.9	79.078	68.297
15122.7	78.843	68.991
15342.7	78.881	69.981
15565.8	78.760	70.516
15792.2	78.540	71.737
16021.9	78.594	72.477
16255.0	78.405	73.005
16491.4	78.228	74.842
16731.3	78.270	75.762
16974.7	78.210	76.410
17221.6	78.039	77.613
17472.1	77.990	79.472
17726.2	78.125	81.027
17984.0	78.286	81.682
18245.6	78.426	81.308
18511.0	78.502	80.671
18780.2	78.553	80.056
19053.4	78.571	79.584
19330.5	78.711	77.879
19611.7	78.535	75.504
19897.0	78.557	73.857
20186.4	78.392	70.320
20480.0	78.109	67.413
20777.9	77.530	62.788
21080.1	76.399	61.453
21386.7	75.517	64.805
21697.8	75.622	69.141
22013.4	75.696	66.325
22333.6	75.125	63.785
22658.4	74.204	67.603
22988.0	74.471	71.485
23322.4	74.747	72.927
23661.6	74.943	72.513
