5.00000	-1.405	-171.207
5.07273	-0.808	-170.957
5.14651	-0.210	-170.703
5.22137	0.388	-170.446
5.29732	0.986	-170.185
5.37437	1.584	-169.921
5.45254	2.181	-169.652
5.53185	2.779	-169.380
5.61231	3.377	-169.103
5.69394	3.975	-168.823
5.77676	4.572	-168.539
5.86079	5.170	-168.250
5.94604	5.768	-167.957
6.03252	6.366	-167.660
6.12027	6.963	-167.359
6.20929	7.561	-167.053
6.29961	8.159	-166.743
6.39124	8.757	-166.428
6.48420	9.354	-166.109
6.57851	9.952	-165.785
6.67420	10.550	-165.456
6.77128	11.148	-165.123
6.86977	11.746	-164.784
6.96969	12.343	-164.441
7.07107	12.941	-164.093
7.17392	13.539	-163.740
7.27827	14.137	-163.381
7.38413	14.734	-163.018
7.49154	15.332	-162.649
7.60050	15.930	-162.274
7.71105	16.528	-161.895
7.82321	17.125	-161.509
7.93701	17.723	-161.119
8.05245	18.321	-160.722
8.16958	18.919	-160.320
8.28841	19.516	-159.912
8.40896	20.114	-159.497
8.53128	20.712	-159.077
8.65537	21.310	-158.651
8.78126	21.907	-158.219
8.90899	22.505	-157.780
9.03857	23.103	-157.335
9.17004	23.700	-156.883
9.30342	24.298	-156.425
9.43874	24.896	-155.960
9.57603	25.494	-155.489
9.71532	26.091	-155.010
9.85663	26.689	-154.525
10.0000	27.287	-154.032
10.1455	27.885	-153.533
10.2930	28.482	-153.026
10.4427	29.080	-152.512
10.5946	29.678	-151.990
10.7487	30.275	-151.461
10.9051	30.873	-150.924
11.0637	31.471	-150.379
11.2246	32.068	-149.826
11.3879	32.666	-149.265
11.5535	33.264	-148.696
11.7216	33.862	-148.119
11.8921	34.459	-147.533
12.0650	35.057	-146.939
12.2405	35.655	-146.337
12.4186	36.252	-145.725
12.5992	36.850	-145.105
12.7825	37.448	-144.475
12.9684	38.045	-143.836
13.1570	38.643	-143.189
13.3484	39.241	-142.531
13.5426	39.838	-141.864
13.7395	40.436	-141.188
13.9394	41.034	-140.501
14.1421	41.631	-139.805
14.3478	42.229	-139.098
14.5565	42.826	-138.382
14.7683	43.424	-137.654
14.9831	44.022	-136.917
15.2010	44.619	-136.168
15.4221	45.217	-135.409
15.6464	45.815	-134.638
15.8740	46.412	-133.857
16.1049	47.010	-133.063
16.3392	47.607	-132.259
16.5768	48.205	-131.443
16.8179	48.802	-130.614
17.0626	49.400	-129.774
17.3107	49.998	-128.922
17.5625	50.802	-126.011
17.8180	51.705	-123.741
18.0771	52.631	-122.091
18.3401	53.436	-122.031
18.6068	54.190	-122.336
18.8775	54.836	-122.949
19.1521	55.382	-123.507
19.4306	55.810	-123.688
19.7133	56.199	-123.283
20.0000	56.553	-122.090
20.2909	56.962	-120.137
20.5860	57.459	-117.829
20.8855	58.115	-115.096
21.1893	58.882	-112.791
21.4975	59.749	-111.032
21.8102	60.636	-110.200
22.1274	61.547	-109.822
22.4492	62.416	-110.152
22.7758	63.255	-110.675
23.1071	64.022	-111.440
23.4432	64.773	-112.272
23.7841	65.492	-112.970
24.1301	66.225	-113.622
24.4811	66.979	-114.254
24.8372	67.741	-115.049
25.1984	68.523	-115.902
25.5649	69.297	-116.983
25.9368	70.088	-118.323
26.3141	70.894	-119.795
26.6968	71.680	-121.562
27.0851	72.459	-123.533
27.4791	73.229	-125.706
27.8788	74.012	-128.129
28.2843	74.757	-130.798
28.6957	75.499	-133.660
29.1131	76.217	-136.816
29.5365	76.915	-140.179
29.9661	77.574	-143.847
30.4020	78.187	-147.683
30.8442	78.776	-151.753
31.2929	79.321	-156.017
31.7480	79.793	-160.247
32.2098	80.254	-164.880
32.6783	80.681	-169.456
33.1536	81.063	-173.769
33.6359	81.427	-177.908
34.1251	81.747	178.341
34.6215	82.044	174.744
35.1250	82.332	171.143
35.6359	82.602	167.258
36.1543	82.853	163.308
36.6802	83.068	159.350
37.2137	83.245	155.330
37.7550	83.366	151.502
38.3041	83.447	147.789
38.8613	83.497	144.249
39.4265	83.514	140.932
40.0000	83.517	137.843
40.5818	83.508	135.010
41.1721	83.502	132.356
41.7710	83.500	129.860
42.3785	83.503	127.506
42.9949	83.511	125.239
43.6203	83.523	123.059
44.2548	83.537	120.966
44.8985	83.551	118.934
45.5515	83.578	116.952
46.2141	83.603	115.031
46.8863	83.631	113.092
47.5683	83.656	111.169
48.2602	83.672	109.267
48.9621	83.684	107.399
49.6743	83.690	105.602
50.3968	83.692	103.892
51.1299	83.695	102.242
51.8736	83.697	100.651
52.6281	83.710	99.090
53.3936	83.719	97.555
54.1702	83.725	96.061
54.9581	83.735	94.581
55.7575	83.742	93.158
56.5685	83.749	91.777
57.3914	83.761	90.438
58.2261	83.773	89.137
59.0730	83.787	87.835
59.9323	83.803	86.560
60.8040	83.820	85.262
61.6884	83.840	83.954
62.5857	83.855	82.682
63.4960	83.867	81.449
64.4196	83.886	80.254
65.3566	83.904	79.014
66.3073	83.930	77.786
67.2717	83.945	76.497
68.2502	83.960	75.219
69.2429	83.970	73.964
70.2501	83.972	72.721
71.2719	83.974	71.455
72.3086	83.959	70.214
73.3603	83.941	69.028
74.4274	83.914	67.917
75.5099	83.883	66.925
76.6083	83.864	66.018
77.7226	83.854	65.158
78.8531	83.860	64.301
80.0000	83.868	63.381
81.1636	83.880	62.421
82.3442	83.880	61.444
83.5419	83.884	60.522
84.7570	83.892	59.614
85.9899	83.900	58.723
87.2406	83.912	57.839
88.5096	83.935	56.923
89.7970	83.953	55.969
91.1031	83.974	54.981
92.4282	84.003	53.904
93.7726	84.018	52.784
95.1366	84.028	51.640
96.5204	84.021	50.437
97.9243	83.995	49.262
99.3486	83.955	48.205
100.794	83.915	47.243
102.260	83.882	46.367
103.747	83.862	45.531
105.256	83.859	44.624
106.787	83.848	43.566
108.340	83.815	42.470
109.916	83.760	41.421
111.515	83.697	40.499
113.137	83.621	39.765
114.783	83.551	39.235
116.452	83.506	38.804
118.146	83.494	38.423
119.865	83.509	37.994
121.608	83.543	37.446
123.377	83.585	36.697
125.171	83.618	35.793
126.992	83.636	34.808
128.839	83.629	33.844
130.713	83.635	32.905
132.615	83.636	31.931
134.543	83.630	30.853
136.500	83.604	29.763
138.486	83.553	28.801
140.500	83.513	27.991
142.544	83.492	27.282
144.617	83.490	26.569
146.721	83.512	25.699
148.855	83.539	24.617
151.020	83.553	23.244
153.217	83.515	21.656
155.445	83.399	20.174
157.706	83.243	19.118
160.000	83.106	18.626
162.327	83.047	18.501
164.688	83.062	18.129
167.084	83.092	17.254
169.514	83.091	16.004
171.980	83.027	14.646
174.481	82.902	13.560
177.019	82.767	12.939
179.594	82.681	12.607
182.206	82.669	12.304
184.856	82.684	11.748
187.545	82.690	10.920
190.273	82.674	9.904
193.041	82.632	8.870
195.849	82.564	8.030
198.697	82.508	7.338
201.587	82.486	6.671
204.520	82.499	5.827
207.494	82.487	4.796
210.512	82.455	3.806
213.574	82.435	2.768
216.681	82.402	1.637
219.833	82.355	0.575
223.030	82.322	-0.488
226.274	82.290	-1.641
229.565	82.240	-2.884
232.905	82.186	-4.144
236.292	82.112	-5.650
239.729	81.969	-7.166
243.216	81.785	-8.033
246.754	81.648	-8.559
250.343	81.562	-9.114
253.984	81.510	-9.659
257.678	81.475	-10.434
261.426	81.435	-11.129
265.229	81.435	-11.873
269.087	81.468	-13.042
273.001	81.455	-14.609
276.972	81.386	-16.250
281.000	81.310	-17.872
285.088	81.205	-19.732
289.234	81.069	-21.492
293.441	80.868	-23.292
297.709	80.599	-24.729
302.040	80.332	-25.539
306.433	80.112	-26.103
310.890	79.945	-26.485
315.412	79.821	-27.261
320.000	79.667	-28.197
324.655	79.495	-29.018
329.377	79.309	-29.812
334.168	79.114	-30.394
339.028	78.948	-30.838
343.959	78.801	-31.373
348.962	78.648	-31.842
354.038	78.543	-32.451
359.188	78.410	-33.112
364.412	78.296	-33.864
369.713	78.193	-34.942
375.090	78.013	-36.428
380.546	77.700	-37.802
386.081	77.359	-38.057
391.697	77.120	-37.855
397.394	76.912	-37.885
403.175	76.734	-37.471
409.039	76.604	-37.063
414.989	76.540	-36.963
421.025	76.490	-36.771
427.149	76.525	-36.783
433.362	76.555	-37.654
439.665	76.478	-38.398
446.060	76.442	-38.844
452.548	76.413	-39.562
459.131	76.382	-40.428
465.809	76.346	-41.454
472.584	76.271	-42.656
479.458	76.191	-43.793
486.432	76.097	-44.988
493.507	76.008	-46.291
500.686	75.847	-47.697
507.968	75.651	-48.851
515.357	75.462	-49.968
522.853	75.239	-50.973
530.458	75.025	-52.060
538.174	74.746	-53.118
546.002	74.451	-54.016
553.943	74.124	-54.878
562.001	73.743	-55.472
570.175	73.355	-55.713
578.469	72.934	-55.713
586.883	72.501	-55.258
595.419	72.070	-54.383
604.080	71.642	-53.035
612.866	71.241	-51.174
621.780	70.884	-48.834
630.824	70.587	-45.946
640.000	70.386	-42.676
649.309	70.292	-39.181
658.753	70.320	-35.639
668.335	70.468	-32.307
678.056	70.721	-29.373
687.919	71.054	-26.982
697.925	71.440	-25.211
708.077	71.857	-24.075
718.376	72.280	-23.545
728.825	72.695	-23.575
739.426	73.085	-24.103
750.181	73.444	-25.057
761.093	73.764	-26.381
772.163	74.041	-28.010
783.394	74.271	-29.887
794.789	74.452	-31.958
806.349	74.583	-34.177
818.078	74.662	-36.496
829.977	74.688	-38.865
842.050	74.662	-41.240
854.298	74.585	-43.568
866.724	74.455	-45.799
879.330	74.276	-47.874
892.120	74.051	-49.731
905.097	73.785	-51.307
918.262	73.485	-52.529
931.618	73.162	-53.338
945.169	72.832	-53.670
958.917	72.515	-53.508
972.864	72.231	-52.875
987.015	71.992	-51.781
1001.37	71.835	-50.312
1015.94	71.776	-48.667
1030.71	71.820	-47.033
1045.71	71.989	-45.718
1060.92	72.224	-44.958
1076.35	72.505	-44.831
1092.00	72.800	-45.271
1107.89	73.081	-46.134
1124.00	73.351	-47.705
1140.35	73.586	-49.960
1156.94	73.744	-52.317
1173.77	73.818	-54.840
1190.84	73.829	-57.648
1208.16	73.771	-60.371
1225.73	73.652	-62.898
1243.56	73.490	-65.154
1261.65	73.293	-67.079
1280.00	73.060	-68.765
1298.62	72.832	-70.014
1317.51	72.630	-70.703
1336.67	72.476	-71.091
1356.11	72.402	-71.395
1375.84	72.422	-71.852
1395.85	72.502	-72.583
1416.15	72.619	-73.791
1436.75	72.748	-75.712
1457.65	72.853	-78.450
1478.85	72.897	-81.717
1500.36	72.855	-85.069
1522.19	72.704	-88.878
1544.33	72.444	-92.656
1566.79	72.074	-96.194
1589.58	71.567	-99.524
1612.70	70.968	-102.091
1636.16	70.318	-103.678
1659.95	69.672	-104.177
1684.10	69.061	-103.632
1708.60	68.593	-102.276
1733.45	68.322	-100.670
1758.66	68.193	-99.298
1784.24	68.161	-98.592
1810.19	68.167	-98.681
1836.52	68.152	-99.407
1863.24	68.075	-100.460
1890.34	67.950	-101.554
1917.83	67.771	-102.615
1945.73	67.572	-103.441
1974.03	67.366	-103.970
2002.74	67.161	-104.272
2031.87	66.983	-104.318
2061.43	66.842	-104.112
2091.41	66.741	-103.673
2121.83	66.714	-103.028
2152.69	66.792	-102.325
2184.01	66.980	-101.882
2215.77	67.263	-102.039
2248.00	67.598	-103.070
2280.70	67.922	-105.113
2313.87	68.170	-107.928
2347.53	68.305	-111.163
2381.68	68.322	-114.387
2416.32	68.246	-117.204
2451.46	68.127	-119.445
2487.12	68.045	-121.067
2523.30	68.065	-122.354
2560.00	68.208	-123.847
2597.24	68.428	-126.002
2635.01	68.654	-129.015
2673.34	68.829	-133.105
2712.23	68.892	-137.754
2751.68	68.822	-142.623
2791.70	68.623	-147.407
2832.31	68.311	-151.900
2873.50	67.880	-156.138
2915.30	67.334	-159.931
2957.70	66.707	-162.925
3000.72	66.032	-164.892
3044.37	65.344	-165.791
3088.65	64.749	-165.678
3133.58	64.280	-165.092
3179.16	63.925	-164.694
3225.40	63.627	-164.749
3272.31	63.271	-165.132
3319.91	62.830	-165.278
3368.20	62.365	-164.607
3417.19	61.979	-163.097
3466.89	61.735	-161.248
3517.32	61.590	-159.691
3568.48	61.479	-158.623
3620.39	61.338	-157.738
3673.05	61.161	-156.564
3726.47	61.011	-154.794
3780.67	60.979	-152.615
3835.67	61.114	-150.580
3891.46	61.406	-149.363
3948.06	61.787	-149.615
4005.49	62.137	-151.602
4063.75	62.327	-154.961
4122.86	62.295	-158.993
4182.82	62.035	-163.098
4243.66	61.592	-166.733
4305.39	61.052	-169.637
4368.01	60.458	-172.064
4431.55	59.777	-174.350
4496.01	58.957	-176.421
4561.40	57.955	-177.826
4627.75	56.766	-177.849
4695.06	55.461	-175.484
4763.35	54.222	-169.451
4832.64	53.523	-159.234
4902.93	53.879	-148.634
4974.24	54.966	-143.240
5046.60	55.989	-143.687
5120.00	56.539	-147.205
5194.47	56.612	-151.204
5270.03	56.349	-154.254
5346.68	55.915	-155.567
5424.45	55.531	-154.712
5503.35	55.422	-152.285
5583.40	55.708	-150.147
5664.61	56.214	-150.337
5747.01	56.561	-153.057
5830.60	56.505	-156.287
5915.41	56.189	-157.538
6001.45	56.000	-156.674
6088.74	55.995	-155.718
6177.30	55.938	-154.732
6267.15	55.893	-152.287
6358.31	56.148	-148.995
6450.80	56.722	-146.922
6544.62	57.447	-146.967
6639.82	58.161	-149.015
6736.40	58.775	-152.377
6834.38	59.302	-156.736
6933.79	59.645	-162.460
7034.64	59.595	-168.931
7136.96	59.211	-173.952
7240.77	58.806	-177.222
7346.09	58.395	-179.921
7452.94	57.827	179.070
7561.35	57.452	-178.589
7671.33	57.750	-176.172
7782.91	58.301	-177.878
7896.12	58.582	177.897
8010.97	58.713	173.267
8127.49	58.772	168.299
8245.71	58.755	163.765
8365.65	58.685	158.579
8487.33	58.184	152.818
8610.78	57.387	149.630
8736.03	56.738	148.347
8863.09	56.311	148.799
8992.01	56.404	149.672
9122.80	56.664	147.834
9255.50	56.750	143.990
9390.12	56.672	139.303
9526.70	56.481	134.785
9665.27	56.099	131.881
9805.86	55.861	131.112
9948.49	55.825	128.447
10093.2	55.700	123.264
10240.0	55.283	117.275
10388.9	54.867	114.113
10540.1	54.650	109.741
10693.4	54.099	104.369
10848.9	53.438	99.278
11006.7	52.603	96.568
11166.8	51.977	96.244
11329.2	51.687	94.814
11494.0	51.663	89.632
11661.2	51.384	81.908
11830.8	50.191	74.603
12002.9	48.030	76.235
12177.5	46.927	85.777
12354.6	46.968	92.547
12534.3	47.706	90.849
12716.6	47.880	84.047
12901.6	46.923	80.952
13089.2	45.722	86.442
13279.6	45.501	93.505
13472.8	46.095	94.556
13668.8	46.778	92.917
13867.6	47.326	86.810
14069.3	47.102	79.880
14273.9	46.215	73.672
14481.5	45.095	71.093
14692.2	45.021	75.863
14905.9	45.531	78.468
15122.7	45.659	73.627
15342.7	45.301	71.154
15565.8	45.650	68.579
15792.2	45.634	64.646
16021.9	46.024	63.430
16255.0	46.032	59.186
16491.4	45.655	52.939
16731.3	45.861	52.881
16974.7	45.782	48.631
17221.6	45.690	41.468
17472.1	45.704	37.306
17726.2	45.194	31.223
17984.0	44.823	29.224
18245.6	45.081	28.314
18511.0	46.016	23.080
18780.2	46.146	11.056
19053.4	45.184	3.669
19330.5	44.778	0.972
19611.7	44.980	-5.034
19897.0	45.220	-12.301
20186.4	44.822	-24.652
20480.0	43.422	-36.637
20777.9	41.715	-42.894
21080.1	40.265	-36.174
21386.7	40.661	-27.029
21697.8	41.930	-34.377
22013.4	40.940	-39.559
22333.6	41.178	-33.053
22658.4	43.533	-34.332
22988.0	45.104	-48.145
23322.4	45.624	-62.656
23661.6	45.719	-70.058
